<!doctype html public "-//w3c//dtd html 4.0 transitional//en">
<html><head>
<title>Static Call Graph - [.\Objects\A777_DEBUG.axf]</title></head>
<body><HR>
<H1>Static Call Graph for image .\Objects\A777_DEBUG.axf</H1><HR>
<BR><P>#&#060CALLGRAPH&#062# ARM Linker, 5060422: Last Updated: Fri Mar 13 15:07:57 2020
<BR><P>
<H3>Maximum Stack Usage =        240 bytes + Unknown(Cycles, Untraceable Function Pointers)</H3><H3>
Call chain for Maximum Stack Depth:</H3>
prvTimerTask &rArr; prvProcessReceivedCommands &rArr; prvSampleTimeNow &rArr; prvSwitchTimerLists &rArr; xTimerGenericCommand &rArr; xQueueGenericSend &rArr; vTaskPlaceOnEventList &rArr; prvAddCurrentTaskToDelayedList &rArr; vListInsert
<P>
<H3>
Mutually Recursive functions
</H3> <LI><a href="#[8]">NMI_Handler</a>&nbsp;&nbsp;&nbsp;&rArr;&nbsp;&nbsp;&nbsp;<a href="#[8]">NMI_Handler</a><BR>
 <LI><a href="#[9]">HardFault_Handler</a>&nbsp;&nbsp;&nbsp;&rArr;&nbsp;&nbsp;&nbsp;<a href="#[9]">HardFault_Handler</a><BR>
 <LI><a href="#[a]">MemManage_Handler</a>&nbsp;&nbsp;&nbsp;&rArr;&nbsp;&nbsp;&nbsp;<a href="#[a]">MemManage_Handler</a><BR>
 <LI><a href="#[b]">BusFault_Handler</a>&nbsp;&nbsp;&nbsp;&rArr;&nbsp;&nbsp;&nbsp;<a href="#[b]">BusFault_Handler</a><BR>
 <LI><a href="#[c]">UsageFault_Handler</a>&nbsp;&nbsp;&nbsp;&rArr;&nbsp;&nbsp;&nbsp;<a href="#[c]">UsageFault_Handler</a><BR>
 <LI><a href="#[e]">DebugMon_Handler</a>&nbsp;&nbsp;&nbsp;&rArr;&nbsp;&nbsp;&nbsp;<a href="#[e]">DebugMon_Handler</a><BR>
 <LI><a href="#[23]">ADC1_IRQHandler</a>&nbsp;&nbsp;&nbsp;&rArr;&nbsp;&nbsp;&nbsp;<a href="#[23]">ADC1_IRQHandler</a><BR>
</UL>
<P>
<H3>
Function Pointers
</H3><UL>
 <LI><a href="#[23]">ADC1_IRQHandler</a> from startup_stm32l431xx.o(.text) referenced from startup_stm32l431xx.o(RESET)
 <LI><a href="#[b]">BusFault_Handler</a> from startup_stm32l431xx.o(.text) referenced from startup_stm32l431xx.o(RESET)
 <LI><a href="#[25]">CAN1_RX0_IRQHandler</a> from startup_stm32l431xx.o(.text) referenced from startup_stm32l431xx.o(RESET)
 <LI><a href="#[26]">CAN1_RX1_IRQHandler</a> from startup_stm32l431xx.o(.text) referenced from startup_stm32l431xx.o(RESET)
 <LI><a href="#[27]">CAN1_SCE_IRQHandler</a> from startup_stm32l431xx.o(.text) referenced from startup_stm32l431xx.o(RESET)
 <LI><a href="#[24]">CAN1_TX_IRQHandler</a> from startup_stm32l431xx.o(.text) referenced from startup_stm32l431xx.o(RESET)
 <LI><a href="#[42]">COMP_IRQHandler</a> from startup_stm32l431xx.o(.text) referenced from startup_stm32l431xx.o(RESET)
 <LI><a href="#[50]">CRS_IRQHandler</a> from startup_stm32l431xx.o(.text) referenced from startup_stm32l431xx.o(RESET)
 <LI><a href="#[1c]">DMA1_Channel1_IRQHandler</a> from startup_stm32l431xx.o(.text) referenced from startup_stm32l431xx.o(RESET)
 <LI><a href="#[1d]">DMA1_Channel2_IRQHandler</a> from startup_stm32l431xx.o(.text) referenced from startup_stm32l431xx.o(RESET)
 <LI><a href="#[1e]">DMA1_Channel3_IRQHandler</a> from startup_stm32l431xx.o(.text) referenced from startup_stm32l431xx.o(RESET)
 <LI><a href="#[1f]">DMA1_Channel4_IRQHandler</a> from startup_stm32l431xx.o(.text) referenced from startup_stm32l431xx.o(RESET)
 <LI><a href="#[20]">DMA1_Channel5_IRQHandler</a> from startup_stm32l431xx.o(.text) referenced from startup_stm32l431xx.o(RESET)
 <LI><a href="#[21]">DMA1_Channel6_IRQHandler</a> from startup_stm32l431xx.o(.text) referenced from startup_stm32l431xx.o(RESET)
 <LI><a href="#[22]">DMA1_Channel7_IRQHandler</a> from startup_stm32l431xx.o(.text) referenced from startup_stm32l431xx.o(RESET)
 <LI><a href="#[3d]">DMA2_Channel1_IRQHandler</a> from startup_stm32l431xx.o(.text) referenced from startup_stm32l431xx.o(RESET)
 <LI><a href="#[3e]">DMA2_Channel2_IRQHandler</a> from startup_stm32l431xx.o(.text) referenced from startup_stm32l431xx.o(RESET)
 <LI><a href="#[3f]">DMA2_Channel3_IRQHandler</a> from startup_stm32l431xx.o(.text) referenced from startup_stm32l431xx.o(RESET)
 <LI><a href="#[40]">DMA2_Channel4_IRQHandler</a> from startup_stm32l431xx.o(.text) referenced from startup_stm32l431xx.o(RESET)
 <LI><a href="#[41]">DMA2_Channel5_IRQHandler</a> from startup_stm32l431xx.o(.text) referenced from startup_stm32l431xx.o(RESET)
 <LI><a href="#[45]">DMA2_Channel6_IRQHandler</a> from startup_stm32l431xx.o(.text) referenced from startup_stm32l431xx.o(RESET)
 <LI><a href="#[46]">DMA2_Channel7_IRQHandler</a> from startup_stm32l431xx.o(.text) referenced from startup_stm32l431xx.o(RESET)
 <LI><a href="#[e]">DebugMon_Handler</a> from startup_stm32l431xx.o(.text) referenced from startup_stm32l431xx.o(RESET)
 <LI><a href="#[17]">EXTI0_IRQHandler</a> from startup_stm32l431xx.o(.text) referenced from startup_stm32l431xx.o(RESET)
 <LI><a href="#[37]">EXTI15_10_IRQHandler</a> from startup_stm32l431xx.o(.text) referenced from startup_stm32l431xx.o(RESET)
 <LI><a href="#[18]">EXTI1_IRQHandler</a> from startup_stm32l431xx.o(.text) referenced from startup_stm32l431xx.o(RESET)
 <LI><a href="#[19]">EXTI2_IRQHandler</a> from startup_stm32l431xx.o(.text) referenced from startup_stm32l431xx.o(RESET)
 <LI><a href="#[1a]">EXTI3_IRQHandler</a> from startup_stm32l431xx.o(.text) referenced from startup_stm32l431xx.o(RESET)
 <LI><a href="#[1b]">EXTI4_IRQHandler</a> from startup_stm32l431xx.o(.text) referenced from startup_stm32l431xx.o(RESET)
 <LI><a href="#[28]">EXTI9_5_IRQHandler</a> from sensline.o(i.EXTI9_5_IRQHandler) referenced from startup_stm32l431xx.o(RESET)
 <LI><a href="#[15]">FLASH_IRQHandler</a> from flash_driver.o(i.FLASH_IRQHandler) referenced from startup_stm32l431xx.o(RESET)
 <LI><a href="#[4f]">FPU_IRQHandler</a> from startup_stm32l431xx.o(.text) referenced from startup_stm32l431xx.o(RESET)
 <LI><a href="#[9]">HardFault_Handler</a> from startup_stm32l431xx.o(.text) referenced from startup_stm32l431xx.o(RESET)
 <LI><a href="#[2f]">I2C1_ER_IRQHandler</a> from i2c_driver.o(i.I2C1_ER_IRQHandler) referenced from startup_stm32l431xx.o(RESET)
 <LI><a href="#[2e]">I2C1_EV_IRQHandler</a> from i2c_driver.o(i.I2C1_EV_IRQHandler) referenced from startup_stm32l431xx.o(RESET)
 <LI><a href="#[31]">I2C2_ER_IRQHandler</a> from i2c_driver.o(i.I2C2_ER_IRQHandler) referenced from startup_stm32l431xx.o(RESET)
 <LI><a href="#[30]">I2C2_EV_IRQHandler</a> from i2c_driver.o(i.I2C2_EV_IRQHandler) referenced from startup_stm32l431xx.o(RESET)
 <LI><a href="#[4a]">I2C3_ER_IRQHandler</a> from startup_stm32l431xx.o(.text) referenced from startup_stm32l431xx.o(RESET)
 <LI><a href="#[49]">I2C3_EV_IRQHandler</a> from startup_stm32l431xx.o(.text) referenced from startup_stm32l431xx.o(RESET)
 <LI><a href="#[43]">LPTIM1_IRQHandler</a> from startup_stm32l431xx.o(.text) referenced from startup_stm32l431xx.o(RESET)
 <LI><a href="#[44]">LPTIM2_IRQHandler</a> from startup_stm32l431xx.o(.text) referenced from startup_stm32l431xx.o(RESET)
 <LI><a href="#[47]">LPUART1_IRQHandler</a> from startup_stm32l431xx.o(.text) referenced from startup_stm32l431xx.o(RESET)
 <LI><a href="#[a]">MemManage_Handler</a> from startup_stm32l431xx.o(.text) referenced from startup_stm32l431xx.o(RESET)
 <LI><a href="#[8]">NMI_Handler</a> from startup_stm32l431xx.o(.text) referenced from startup_stm32l431xx.o(RESET)
 <LI><a href="#[12]">PVD_PVM_IRQHandler</a> from startup_stm32l431xx.o(.text) referenced from startup_stm32l431xx.o(RESET)
 <LI><a href="#[f]">PendSV_Handler</a> from port.o(.emb_text) referenced from startup_stm32l431xx.o(RESET)
 <LI><a href="#[48]">QUADSPI_IRQHandler</a> from startup_stm32l431xx.o(.text) referenced from startup_stm32l431xx.o(RESET)
 <LI><a href="#[16]">RCC_IRQHandler</a> from startup_stm32l431xx.o(.text) referenced from startup_stm32l431xx.o(RESET)
 <LI><a href="#[4e]">RNG_IRQHandler</a> from startup_stm32l431xx.o(.text) referenced from startup_stm32l431xx.o(RESET)
 <LI><a href="#[38]">RTC_Alarm_IRQHandler</a> from startup_stm32l431xx.o(.text) referenced from startup_stm32l431xx.o(RESET)
 <LI><a href="#[14]">RTC_WKUP_IRQHandler</a> from startup_stm32l431xx.o(.text) referenced from startup_stm32l431xx.o(RESET)
 <LI><a href="#[7]">Reset_Handler</a> from startup_stm32l431xx.o(.text) referenced from startup_stm32l431xx.o(RESET)
 <LI><a href="#[4b]">SAI1_IRQHandler</a> from startup_stm32l431xx.o(.text) referenced from startup_stm32l431xx.o(RESET)
 <LI><a href="#[39]">SDMMC1_IRQHandler</a> from startup_stm32l431xx.o(.text) referenced from startup_stm32l431xx.o(RESET)
 <LI><a href="#[32]">SPI1_IRQHandler</a> from startup_stm32l431xx.o(.text) referenced from startup_stm32l431xx.o(RESET)
 <LI><a href="#[33]">SPI2_IRQHandler</a> from startup_stm32l431xx.o(.text) referenced from startup_stm32l431xx.o(RESET)
 <LI><a href="#[3a]">SPI3_IRQHandler</a> from startup_stm32l431xx.o(.text) referenced from startup_stm32l431xx.o(RESET)
 <LI><a href="#[d]">SVC_Handler</a> from port.o(.emb_text) referenced from startup_stm32l431xx.o(RESET)
 <LI><a href="#[4c]">SWPMI1_IRQHandler</a> from startup_stm32l431xx.o(.text) referenced from startup_stm32l431xx.o(RESET)
 <LI><a href="#[10]">SysTick_Handler</a> from port.o(i.SysTick_Handler) referenced from startup_stm32l431xx.o(RESET)
 <LI><a href="#[52]">SystemInit</a> from system_stm32l4xx.o(i.SystemInit) referenced from startup_stm32l431xx.o(.text)
 <LI><a href="#[13]">TAMP_STAMP_IRQHandler</a> from startup_stm32l431xx.o(.text) referenced from startup_stm32l431xx.o(RESET)
 <LI><a href="#[29]">TIM1_BRK_TIM15_IRQHandler</a> from startup_stm32l431xx.o(.text) referenced from startup_stm32l431xx.o(RESET)
 <LI><a href="#[2c]">TIM1_CC_IRQHandler</a> from startup_stm32l431xx.o(.text) referenced from startup_stm32l431xx.o(RESET)
 <LI><a href="#[2b]">TIM1_TRG_COM_IRQHandler</a> from startup_stm32l431xx.o(.text) referenced from startup_stm32l431xx.o(RESET)
 <LI><a href="#[2a]">TIM1_UP_TIM16_IRQHandler</a> from startup_stm32l431xx.o(.text) referenced from startup_stm32l431xx.o(RESET)
 <LI><a href="#[2d]">TIM2_IRQHandler</a> from startup_stm32l431xx.o(.text) referenced from startup_stm32l431xx.o(RESET)
 <LI><a href="#[3b]">TIM6_DAC_IRQHandler</a> from flash_driver.o(i.TIM6_DAC_IRQHandler) referenced from startup_stm32l431xx.o(RESET)
 <LI><a href="#[3c]">TIM7_IRQHandler</a> from startup_stm32l431xx.o(.text) referenced from startup_stm32l431xx.o(RESET)
 <LI><a href="#[4d]">TSC_IRQHandler</a> from startup_stm32l431xx.o(.text) referenced from startup_stm32l431xx.o(RESET)
 <LI><a href="#[34]">USART1_IRQHandler</a> from startup_stm32l431xx.o(.text) referenced from startup_stm32l431xx.o(RESET)
 <LI><a href="#[35]">USART2_IRQHandler</a> from startup_stm32l431xx.o(.text) referenced from startup_stm32l431xx.o(RESET)
 <LI><a href="#[36]">USART3_IRQHandler</a> from startup_stm32l431xx.o(.text) referenced from startup_stm32l431xx.o(RESET)
 <LI><a href="#[c]">UsageFault_Handler</a> from startup_stm32l431xx.o(.text) referenced from startup_stm32l431xx.o(RESET)
 <LI><a href="#[11]">WWDG_IRQHandler</a> from startup_stm32l431xx.o(.text) referenced from startup_stm32l431xx.o(RESET)
 <LI><a href="#[54]">lev_gauge_to_pc(void*)</a> from lev_gauge_to_pc.o(i._Z15lev_gauge_to_pcPv) referenced from main.o(i._ZN29_INTERNAL_8_main_cpp_6396510212create_tasksEv)
 <LI><a href="#[58]">TExtMaster::~TExtMaster()</a> from ext_master.o(i._ZN10TExtMasterD1Ev) referenced from lev_gauge_to_pc.o(i.__sti___19_lev_gauge_to_pc_cpp_aeccef48)
 <LI><a href="#[1]">[local to hard_config_cpp]::LL_AHB2_GRP1_EnableClock(unsigned)</a> from hard_config.o(i._ZN37_INTERNAL_15_hard_config_cpp_1a7f66ee24LL_AHB2_GRP1_EnableClockEj) referenced 36 times from hard_config.o(.data)
 <LI><a href="#[2]">[local to hard_config_cpp]::LL_APB1_GRP1_EnableClock(unsigned)</a> from hard_config.o(i._ZN37_INTERNAL_15_hard_config_cpp_1a7f66ee24LL_APB1_GRP1_EnableClockEj) referenced 2 times from hard_config.o(.data)
 <LI><a href="#[0]">[local to hard_config_cpp]::LL_APB2_GRP1_EnableClock(unsigned)</a> from hard_config.o(i._ZN37_INTERNAL_15_hard_config_cpp_1a7f66ee24LL_APB2_GRP1_EnableClockEj) referenced 4 times from hard_config.o(.data)
 <LI><a href="#[4]">_ZN41_INTERNAL_19_lev_gauge_to_pc_cpp_aeccef4810duty_cycleERU8__packedf</a> from lev_gauge_to_pc.o(i._ZN41_INTERNAL_19_lev_gauge_to_pc_cpp_aeccef4810duty_cycleERU8__packedf) referenced 2 times from lev_gauge_to_pc.o(.data)
 <LI><a href="#[5]">_ZN41_INTERNAL_19_lev_gauge_to_pc_cpp_aeccef4813set_pos_pot_1ERU8__packedf</a> from lev_gauge_to_pc.o(i._ZN41_INTERNAL_19_lev_gauge_to_pc_cpp_aeccef4813set_pos_pot_1ERU8__packedf) referenced 2 times from lev_gauge_to_pc.o(.data)
 <LI><a href="#[6]">_ZN41_INTERNAL_19_lev_gauge_to_pc_cpp_aeccef4813set_pos_pot_2ERU8__packedf</a> from lev_gauge_to_pc.o(i._ZN41_INTERNAL_19_lev_gauge_to_pc_cpp_aeccef4813set_pos_pot_2ERU8__packedf) referenced 2 times from lev_gauge_to_pc.o(.data)
 <LI><a href="#[3]">_ZN41_INTERNAL_19_lev_gauge_to_pc_cpp_aeccef488set_fregERU8__packedf</a> from lev_gauge_to_pc.o(i._ZN41_INTERNAL_19_lev_gauge_to_pc_cpp_aeccef488set_fregERU8__packedf) referenced 2 times from lev_gauge_to_pc.o(.data)
 <LI><a href="#[68]">[local to Line_wrapper_SPL_to_LL_cpp]::LL_TIM_EnableIT_CC1(TIM_TypeDef*)</a> from line_wrapper_spl_to_ll.o(i._ZN48_INTERNAL_26_Line_wrapper_SPL_to_LL_cpp_34a2820719LL_TIM_EnableIT_CC1EP11TIM_TypeDef) referenced from line_wrapper_spl_to_ll.o(.constdata)
 <LI><a href="#[6a]">[local to Line_wrapper_SPL_to_LL_cpp]::LL_TIM_EnableIT_CC2(TIM_TypeDef*)</a> from line_wrapper_spl_to_ll.o(i._ZN48_INTERNAL_26_Line_wrapper_SPL_to_LL_cpp_34a2820719LL_TIM_EnableIT_CC2EP11TIM_TypeDef) referenced from line_wrapper_spl_to_ll.o(.constdata)
 <LI><a href="#[6c]">[local to Line_wrapper_SPL_to_LL_cpp]::LL_TIM_EnableIT_CC3(TIM_TypeDef*)</a> from line_wrapper_spl_to_ll.o(i._ZN48_INTERNAL_26_Line_wrapper_SPL_to_LL_cpp_34a2820719LL_TIM_EnableIT_CC3EP11TIM_TypeDef) referenced from line_wrapper_spl_to_ll.o(.constdata)
 <LI><a href="#[64]">[local to Line_wrapper_SPL_to_LL_cpp]::LL_TIM_ClearFlag_CC1(TIM_TypeDef*)</a> from line_wrapper_spl_to_ll.o(i._ZN48_INTERNAL_26_Line_wrapper_SPL_to_LL_cpp_34a2820720LL_TIM_ClearFlag_CC1EP11TIM_TypeDef) referenced from line_wrapper_spl_to_ll.o(.constdata)
 <LI><a href="#[65]">[local to Line_wrapper_SPL_to_LL_cpp]::LL_TIM_ClearFlag_CC2(TIM_TypeDef*)</a> from line_wrapper_spl_to_ll.o(i._ZN48_INTERNAL_26_Line_wrapper_SPL_to_LL_cpp_34a2820720LL_TIM_ClearFlag_CC2EP11TIM_TypeDef) referenced from line_wrapper_spl_to_ll.o(.constdata)
 <LI><a href="#[66]">[local to Line_wrapper_SPL_to_LL_cpp]::LL_TIM_ClearFlag_CC3(TIM_TypeDef*)</a> from line_wrapper_spl_to_ll.o(i._ZN48_INTERNAL_26_Line_wrapper_SPL_to_LL_cpp_34a2820720LL_TIM_ClearFlag_CC3EP11TIM_TypeDef) referenced from line_wrapper_spl_to_ll.o(.constdata)
 <LI><a href="#[67]">[local to Line_wrapper_SPL_to_LL_cpp]::LL_TIM_DisableIT_CC1(TIM_TypeDef*)</a> from line_wrapper_spl_to_ll.o(i._ZN48_INTERNAL_26_Line_wrapper_SPL_to_LL_cpp_34a2820720LL_TIM_DisableIT_CC1EP11TIM_TypeDef) referenced from line_wrapper_spl_to_ll.o(.constdata)
 <LI><a href="#[69]">[local to Line_wrapper_SPL_to_LL_cpp]::LL_TIM_DisableIT_CC2(TIM_TypeDef*)</a> from line_wrapper_spl_to_ll.o(i._ZN48_INTERNAL_26_Line_wrapper_SPL_to_LL_cpp_34a2820720LL_TIM_DisableIT_CC2EP11TIM_TypeDef) referenced from line_wrapper_spl_to_ll.o(.constdata)
 <LI><a href="#[6b]">[local to Line_wrapper_SPL_to_LL_cpp]::LL_TIM_DisableIT_CC3(TIM_TypeDef*)</a> from line_wrapper_spl_to_ll.o(i._ZN48_INTERNAL_26_Line_wrapper_SPL_to_LL_cpp_34a2820720LL_TIM_DisableIT_CC3EP11TIM_TypeDef) referenced from line_wrapper_spl_to_ll.o(.constdata)
 <LI><a href="#[59]">TLed::~TLed()</a> from led.o(i._ZN4TLedD1Ev) referenced from led.o(i.__sti___7_Led_cpp_Led)
 <LI><a href="#[57]">TFlash::~TFlash()</a> from flash_driver.o(i._ZN6TFlashD1Ev) referenced from flash_driver.o(i.__sti___16_Flash_driver_cpp_d50a58b4)
 <LI><a href="#[5e]">TModel::get_psw_admin()</a> from model.o(i._ZN6TModel13get_psw_adminEv) referenced from model.o(.constdata)
 <LI><a href="#[5f]">TModel::get_psw_super()</a> from model.o(i._ZN6TModel13get_psw_superEv) referenced from model.o(.constdata)
 <LI><a href="#[61]">TModel::handler_calib(short, bool*)</a> from model.o(i._ZN6TModel13handler_calibEsPb) referenced from model.o(.constdata)
 <LI><a href="#[63]">TModel::handler_access(short, bool*)</a> from model.o(i._ZN6TModel14handler_accessEsPb) referenced from model.o(.constdata)
 <LI><a href="#[5a]">TModel::~TModel()</a> from model.o(i._ZN6TModelD1Ev) referenced from model.o(i.__sti___9_model_cpp_Model)
 <LI><a href="#[55]">TButton::~TButton()</a> from button.o(i._ZN7TButtonD1Ev) referenced from button.o(i.__sti___10_Button_cpp_Btn)
 <LI><a href="#[56]">TSettings::~TSettings()</a> from settings.o(i._ZN9TSettingsD1Ev) referenced from settings.o(i.__sti___12_settings_cpp_Settings)
 <LI><a href="#[62]">TSettings::chk_access(short) const</a> from settings.o(i._ZNK9TSettings10chk_accessEs) referenced from model.o(.constdata)
 <LI><a href="#[60]">TSettings::chk_calib(short) const</a> from settings.o(i._ZNK9TSettings9chk_calibEs) referenced from model.o(.constdata)
 <LI><a href="#[53]">__main</a> from entry.o(.ARM.Collect$$$$00000000) referenced from startup_stm32l431xx.o(.text)
 <LI><a href="#[6d]">__sti___10_Button_cpp_Btn</a> from button.o(i.__sti___10_Button_cpp_Btn) referenced from button.o(.init_array)
 <LI><a href="#[72]">__sti___12_settings_cpp_Settings</a> from settings.o(i.__sti___12_settings_cpp_Settings) referenced from settings.o(.init_array)
 <LI><a href="#[71]">__sti___16_Flash_driver_cpp_d50a58b4</a> from flash_driver.o(i.__sti___16_Flash_driver_cpp_d50a58b4) referenced from flash_driver.o(.init_array)
 <LI><a href="#[73]">__sti___19_lev_gauge_to_pc_cpp_aeccef48</a> from lev_gauge_to_pc.o(i.__sti___19_lev_gauge_to_pc_cpp_aeccef48) referenced from lev_gauge_to_pc.o(.init_array)
 <LI><a href="#[6e]">__sti___7_Led_cpp_Led</a> from led.o(i.__sti___7_Led_cpp_Led) referenced from led.o(.init_array)
 <LI><a href="#[6f]">__sti___8_main_cpp_63965102</a> from main.o(i.__sti___8_main_cpp_63965102) referenced from main.o(.init_array)
 <LI><a href="#[70]">__sti___9_model_cpp_Model</a> from model.o(i.__sti___9_model_cpp_Model) referenced from model.o(.init_array)
 <LI><a href="#[51]">main</a> from main.o(i.main) referenced from entry9a.o(.ARM.Collect$$$$0000000B)
 <LI><a href="#[5c]">prvIdleTask</a> from tasks.o(i.prvIdleTask) referenced from tasks.o(i.vTaskStartScheduler)
 <LI><a href="#[5b]">prvTaskExitError</a> from port.o(i.prvTaskExitError) referenced from port.o(i.pxPortInitialiseStack)
 <LI><a href="#[5d]">prvTimerTask</a> from timers.o(i.prvTimerTask) referenced from timers.o(i.xTimerCreateTimerTask)
</UL>
<P>
<H3>
Global Symbols
</H3>
<P><STRONG><a name="[53]"></a>__main</STRONG> (Thumb, 0 bytes, Stack size unknown bytes, entry.o(.ARM.Collect$$$$00000000))
<BR>[Address Reference Count : 1]<UL><LI> startup_stm32l431xx.o(.text)
</UL>
<P><STRONG><a name="[135]"></a>_main_stk</STRONG> (Thumb, 0 bytes, Stack size unknown bytes, entry2.o(.ARM.Collect$$$$00000001))

<P><STRONG><a name="[75]"></a>_main_scatterload</STRONG> (Thumb, 0 bytes, Stack size unknown bytes, entry5.o(.ARM.Collect$$$$00000004))
<BR><BR>[Calls]<UL><LI><a href="#[76]">&gt;&gt;</a>&nbsp;&nbsp;&nbsp;__scatterload
</UL>

<P><STRONG><a name="[82]"></a>__main_after_scatterload</STRONG> (Thumb, 0 bytes, Stack size unknown bytes, entry5.o(.ARM.Collect$$$$00000004))
<BR><BR>[Called By]<UL><LI><a href="#[76]">&gt;&gt;</a>&nbsp;&nbsp;&nbsp;__scatterload
</UL>

<P><STRONG><a name="[136]"></a>_main_clock</STRONG> (Thumb, 0 bytes, Stack size unknown bytes, entry7b.o(.ARM.Collect$$$$00000008))

<P><STRONG><a name="[77]"></a>_main_cpp_init$empty</STRONG> (Thumb, 0 bytes, Stack size unknown bytes, entry8a.o(.ARM.Collect$$$$00000009))
<BR><BR>[Stack]<UL><LI>Max Depth = 16 + Unknown Stack Size
<LI>Call Chain = _main_cpp_init$empty &rArr; __cpp_initialize__aeabi_
</UL>
<BR>[Calls]<UL><LI><a href="#[74]">&gt;&gt;</a>&nbsp;&nbsp;&nbsp;__cpp_initialize__aeabi_
</UL>

<P><STRONG><a name="[137]"></a>_main_cpp_init</STRONG> (Thumb, 0 bytes, Stack size unknown bytes, entry8b.o(.ARM.Collect$$$$0000000A))

<P><STRONG><a name="[138]"></a>_main_init</STRONG> (Thumb, 0 bytes, Stack size unknown bytes, entry9a.o(.ARM.Collect$$$$0000000B))

<P><STRONG><a name="[139]"></a>__rt_final_cpp</STRONG> (Thumb, 0 bytes, Stack size unknown bytes, entry10a.o(.ARM.Collect$$$$0000000D))

<P><STRONG><a name="[78]"></a>__rt_final_cpp$nonempty</STRONG> (Thumb, 0 bytes, Stack size unknown bytes, entry10b.o(.ARM.Collect$$$$0000000E))
<BR><BR>[Stack]<UL><LI>Max Depth = 32 + Unknown Stack Size
<LI>Call Chain = __rt_final_cpp$nonempty &rArr; __cxa_finalize &rArr; free
</UL>
<BR>[Calls]<UL><LI><a href="#[79]">&gt;&gt;</a>&nbsp;&nbsp;&nbsp;__cxa_finalize
</UL>

<P><STRONG><a name="[13a]"></a>__rt_final_exit</STRONG> (Thumb, 0 bytes, Stack size unknown bytes, entry11a.o(.ARM.Collect$$$$0000000F))

<P><STRONG><a name="[d]"></a>SVC_Handler</STRONG> (Thumb, 28 bytes, Stack size 0 bytes, port.o(.emb_text))
<BR>[Address Reference Count : 1]<UL><LI> startup_stm32l431xx.o(RESET)
</UL>
<P><STRONG><a name="[12e]"></a>__asm___6_port_c_39a90d8d__prvStartFirstTask</STRONG> (Thumb, 36 bytes, Stack size 0 bytes, port.o(.emb_text))
<BR><BR>[Called By]<UL><LI><a href="#[12a]">&gt;&gt;</a>&nbsp;&nbsp;&nbsp;xPortStartScheduler
</UL>

<P><STRONG><a name="[12d]"></a>__asm___6_port_c_39a90d8d__prvEnableVFP</STRONG> (Thumb, 16 bytes, Stack size 0 bytes, port.o(.emb_text))
<BR><BR>[Called By]<UL><LI><a href="#[12a]">&gt;&gt;</a>&nbsp;&nbsp;&nbsp;xPortStartScheduler
</UL>

<P><STRONG><a name="[f]"></a>PendSV_Handler</STRONG> (Thumb, 88 bytes, Stack size 0 bytes, port.o(.emb_text))
<BR><BR>[Stack]<UL><LI>Max Depth = 8<LI>Call Chain = PendSV_Handler &rArr; vTaskSwitchContext
</UL>
<BR>[Calls]<UL><LI><a href="#[7a]">&gt;&gt;</a>&nbsp;&nbsp;&nbsp;vTaskSwitchContext
</UL>
<BR>[Address Reference Count : 1]<UL><LI> startup_stm32l431xx.o(RESET)
</UL>
<P><STRONG><a name="[125]"></a>vPortGetIPSR</STRONG> (Thumb, 6 bytes, Stack size 0 bytes, port.o(.emb_text))
<BR><BR>[Called By]<UL><LI><a href="#[124]">&gt;&gt;</a>&nbsp;&nbsp;&nbsp;vPortValidateInterruptPriority
</UL>

<P><STRONG><a name="[7]"></a>Reset_Handler</STRONG> (Thumb, 8 bytes, Stack size 0 bytes, startup_stm32l431xx.o(.text))
<BR>[Address Reference Count : 1]<UL><LI> startup_stm32l431xx.o(RESET)
</UL>
<P><STRONG><a name="[8]"></a>NMI_Handler</STRONG> (Thumb, 2 bytes, Stack size 0 bytes, startup_stm32l431xx.o(.text))
<BR><BR>[Calls]<UL><LI><a href="#[8]">&gt;&gt;</a>&nbsp;&nbsp;&nbsp;NMI_Handler
</UL>
<BR>[Called By]<UL><LI><a href="#[8]">&gt;&gt;</a>&nbsp;&nbsp;&nbsp;NMI_Handler
</UL>
<BR>[Address Reference Count : 1]<UL><LI> startup_stm32l431xx.o(RESET)
</UL>
<P><STRONG><a name="[9]"></a>HardFault_Handler</STRONG> (Thumb, 2 bytes, Stack size 0 bytes, startup_stm32l431xx.o(.text))
<BR><BR>[Calls]<UL><LI><a href="#[9]">&gt;&gt;</a>&nbsp;&nbsp;&nbsp;HardFault_Handler
</UL>
<BR>[Called By]<UL><LI><a href="#[9]">&gt;&gt;</a>&nbsp;&nbsp;&nbsp;HardFault_Handler
</UL>
<BR>[Address Reference Count : 1]<UL><LI> startup_stm32l431xx.o(RESET)
</UL>
<P><STRONG><a name="[a]"></a>MemManage_Handler</STRONG> (Thumb, 2 bytes, Stack size 0 bytes, startup_stm32l431xx.o(.text))
<BR><BR>[Calls]<UL><LI><a href="#[a]">&gt;&gt;</a>&nbsp;&nbsp;&nbsp;MemManage_Handler
</UL>
<BR>[Called By]<UL><LI><a href="#[a]">&gt;&gt;</a>&nbsp;&nbsp;&nbsp;MemManage_Handler
</UL>
<BR>[Address Reference Count : 1]<UL><LI> startup_stm32l431xx.o(RESET)
</UL>
<P><STRONG><a name="[b]"></a>BusFault_Handler</STRONG> (Thumb, 2 bytes, Stack size 0 bytes, startup_stm32l431xx.o(.text))
<BR><BR>[Calls]<UL><LI><a href="#[b]">&gt;&gt;</a>&nbsp;&nbsp;&nbsp;BusFault_Handler
</UL>
<BR>[Called By]<UL><LI><a href="#[b]">&gt;&gt;</a>&nbsp;&nbsp;&nbsp;BusFault_Handler
</UL>
<BR>[Address Reference Count : 1]<UL><LI> startup_stm32l431xx.o(RESET)
</UL>
<P><STRONG><a name="[c]"></a>UsageFault_Handler</STRONG> (Thumb, 2 bytes, Stack size 0 bytes, startup_stm32l431xx.o(.text))
<BR><BR>[Calls]<UL><LI><a href="#[c]">&gt;&gt;</a>&nbsp;&nbsp;&nbsp;UsageFault_Handler
</UL>
<BR>[Called By]<UL><LI><a href="#[c]">&gt;&gt;</a>&nbsp;&nbsp;&nbsp;UsageFault_Handler
</UL>
<BR>[Address Reference Count : 1]<UL><LI> startup_stm32l431xx.o(RESET)
</UL>
<P><STRONG><a name="[e]"></a>DebugMon_Handler</STRONG> (Thumb, 2 bytes, Stack size 0 bytes, startup_stm32l431xx.o(.text))
<BR><BR>[Calls]<UL><LI><a href="#[e]">&gt;&gt;</a>&nbsp;&nbsp;&nbsp;DebugMon_Handler
</UL>
<BR>[Called By]<UL><LI><a href="#[e]">&gt;&gt;</a>&nbsp;&nbsp;&nbsp;DebugMon_Handler
</UL>
<BR>[Address Reference Count : 1]<UL><LI> startup_stm32l431xx.o(RESET)
</UL>
<P><STRONG><a name="[23]"></a>ADC1_IRQHandler</STRONG> (Thumb, 0 bytes, Stack size 0 bytes, startup_stm32l431xx.o(.text))
<BR><BR>[Calls]<UL><LI><a href="#[23]">&gt;&gt;</a>&nbsp;&nbsp;&nbsp;ADC1_IRQHandler
</UL>
<BR>[Called By]<UL><LI><a href="#[23]">&gt;&gt;</a>&nbsp;&nbsp;&nbsp;ADC1_IRQHandler
</UL>
<BR>[Address Reference Count : 1]<UL><LI> startup_stm32l431xx.o(RESET)
</UL>
<P><STRONG><a name="[25]"></a>CAN1_RX0_IRQHandler</STRONG> (Thumb, 0 bytes, Stack size 0 bytes, startup_stm32l431xx.o(.text))
<BR>[Address Reference Count : 1]<UL><LI> startup_stm32l431xx.o(RESET)
</UL>
<P><STRONG><a name="[26]"></a>CAN1_RX1_IRQHandler</STRONG> (Thumb, 0 bytes, Stack size 0 bytes, startup_stm32l431xx.o(.text))
<BR>[Address Reference Count : 1]<UL><LI> startup_stm32l431xx.o(RESET)
</UL>
<P><STRONG><a name="[27]"></a>CAN1_SCE_IRQHandler</STRONG> (Thumb, 0 bytes, Stack size 0 bytes, startup_stm32l431xx.o(.text))
<BR>[Address Reference Count : 1]<UL><LI> startup_stm32l431xx.o(RESET)
</UL>
<P><STRONG><a name="[24]"></a>CAN1_TX_IRQHandler</STRONG> (Thumb, 0 bytes, Stack size 0 bytes, startup_stm32l431xx.o(.text))
<BR>[Address Reference Count : 1]<UL><LI> startup_stm32l431xx.o(RESET)
</UL>
<P><STRONG><a name="[42]"></a>COMP_IRQHandler</STRONG> (Thumb, 0 bytes, Stack size 0 bytes, startup_stm32l431xx.o(.text))
<BR>[Address Reference Count : 1]<UL><LI> startup_stm32l431xx.o(RESET)
</UL>
<P><STRONG><a name="[50]"></a>CRS_IRQHandler</STRONG> (Thumb, 0 bytes, Stack size 0 bytes, startup_stm32l431xx.o(.text))
<BR>[Address Reference Count : 1]<UL><LI> startup_stm32l431xx.o(RESET)
</UL>
<P><STRONG><a name="[1c]"></a>DMA1_Channel1_IRQHandler</STRONG> (Thumb, 0 bytes, Stack size 0 bytes, startup_stm32l431xx.o(.text))
<BR>[Address Reference Count : 1]<UL><LI> startup_stm32l431xx.o(RESET)
</UL>
<P><STRONG><a name="[1d]"></a>DMA1_Channel2_IRQHandler</STRONG> (Thumb, 0 bytes, Stack size 0 bytes, startup_stm32l431xx.o(.text))
<BR>[Address Reference Count : 1]<UL><LI> startup_stm32l431xx.o(RESET)
</UL>
<P><STRONG><a name="[1e]"></a>DMA1_Channel3_IRQHandler</STRONG> (Thumb, 0 bytes, Stack size 0 bytes, startup_stm32l431xx.o(.text))
<BR>[Address Reference Count : 1]<UL><LI> startup_stm32l431xx.o(RESET)
</UL>
<P><STRONG><a name="[1f]"></a>DMA1_Channel4_IRQHandler</STRONG> (Thumb, 0 bytes, Stack size 0 bytes, startup_stm32l431xx.o(.text))
<BR>[Address Reference Count : 1]<UL><LI> startup_stm32l431xx.o(RESET)
</UL>
<P><STRONG><a name="[20]"></a>DMA1_Channel5_IRQHandler</STRONG> (Thumb, 0 bytes, Stack size 0 bytes, startup_stm32l431xx.o(.text))
<BR>[Address Reference Count : 1]<UL><LI> startup_stm32l431xx.o(RESET)
</UL>
<P><STRONG><a name="[21]"></a>DMA1_Channel6_IRQHandler</STRONG> (Thumb, 0 bytes, Stack size 0 bytes, startup_stm32l431xx.o(.text))
<BR>[Address Reference Count : 1]<UL><LI> startup_stm32l431xx.o(RESET)
</UL>
<P><STRONG><a name="[22]"></a>DMA1_Channel7_IRQHandler</STRONG> (Thumb, 0 bytes, Stack size 0 bytes, startup_stm32l431xx.o(.text))
<BR>[Address Reference Count : 1]<UL><LI> startup_stm32l431xx.o(RESET)
</UL>
<P><STRONG><a name="[3d]"></a>DMA2_Channel1_IRQHandler</STRONG> (Thumb, 0 bytes, Stack size 0 bytes, startup_stm32l431xx.o(.text))
<BR>[Address Reference Count : 1]<UL><LI> startup_stm32l431xx.o(RESET)
</UL>
<P><STRONG><a name="[3e]"></a>DMA2_Channel2_IRQHandler</STRONG> (Thumb, 0 bytes, Stack size 0 bytes, startup_stm32l431xx.o(.text))
<BR>[Address Reference Count : 1]<UL><LI> startup_stm32l431xx.o(RESET)
</UL>
<P><STRONG><a name="[3f]"></a>DMA2_Channel3_IRQHandler</STRONG> (Thumb, 0 bytes, Stack size 0 bytes, startup_stm32l431xx.o(.text))
<BR>[Address Reference Count : 1]<UL><LI> startup_stm32l431xx.o(RESET)
</UL>
<P><STRONG><a name="[40]"></a>DMA2_Channel4_IRQHandler</STRONG> (Thumb, 0 bytes, Stack size 0 bytes, startup_stm32l431xx.o(.text))
<BR>[Address Reference Count : 1]<UL><LI> startup_stm32l431xx.o(RESET)
</UL>
<P><STRONG><a name="[41]"></a>DMA2_Channel5_IRQHandler</STRONG> (Thumb, 0 bytes, Stack size 0 bytes, startup_stm32l431xx.o(.text))
<BR>[Address Reference Count : 1]<UL><LI> startup_stm32l431xx.o(RESET)
</UL>
<P><STRONG><a name="[45]"></a>DMA2_Channel6_IRQHandler</STRONG> (Thumb, 0 bytes, Stack size 0 bytes, startup_stm32l431xx.o(.text))
<BR>[Address Reference Count : 1]<UL><LI> startup_stm32l431xx.o(RESET)
</UL>
<P><STRONG><a name="[46]"></a>DMA2_Channel7_IRQHandler</STRONG> (Thumb, 0 bytes, Stack size 0 bytes, startup_stm32l431xx.o(.text))
<BR>[Address Reference Count : 1]<UL><LI> startup_stm32l431xx.o(RESET)
</UL>
<P><STRONG><a name="[17]"></a>EXTI0_IRQHandler</STRONG> (Thumb, 0 bytes, Stack size 0 bytes, startup_stm32l431xx.o(.text))
<BR>[Address Reference Count : 1]<UL><LI> startup_stm32l431xx.o(RESET)
</UL>
<P><STRONG><a name="[37]"></a>EXTI15_10_IRQHandler</STRONG> (Thumb, 0 bytes, Stack size 0 bytes, startup_stm32l431xx.o(.text))
<BR>[Address Reference Count : 1]<UL><LI> startup_stm32l431xx.o(RESET)
</UL>
<P><STRONG><a name="[18]"></a>EXTI1_IRQHandler</STRONG> (Thumb, 0 bytes, Stack size 0 bytes, startup_stm32l431xx.o(.text))
<BR>[Address Reference Count : 1]<UL><LI> startup_stm32l431xx.o(RESET)
</UL>
<P><STRONG><a name="[19]"></a>EXTI2_IRQHandler</STRONG> (Thumb, 0 bytes, Stack size 0 bytes, startup_stm32l431xx.o(.text))
<BR>[Address Reference Count : 1]<UL><LI> startup_stm32l431xx.o(RESET)
</UL>
<P><STRONG><a name="[1a]"></a>EXTI3_IRQHandler</STRONG> (Thumb, 0 bytes, Stack size 0 bytes, startup_stm32l431xx.o(.text))
<BR>[Address Reference Count : 1]<UL><LI> startup_stm32l431xx.o(RESET)
</UL>
<P><STRONG><a name="[1b]"></a>EXTI4_IRQHandler</STRONG> (Thumb, 0 bytes, Stack size 0 bytes, startup_stm32l431xx.o(.text))
<BR>[Address Reference Count : 1]<UL><LI> startup_stm32l431xx.o(RESET)
</UL>
<P><STRONG><a name="[4f]"></a>FPU_IRQHandler</STRONG> (Thumb, 0 bytes, Stack size 0 bytes, startup_stm32l431xx.o(.text))
<BR>[Address Reference Count : 1]<UL><LI> startup_stm32l431xx.o(RESET)
</UL>
<P><STRONG><a name="[4a]"></a>I2C3_ER_IRQHandler</STRONG> (Thumb, 0 bytes, Stack size 0 bytes, startup_stm32l431xx.o(.text))
<BR>[Address Reference Count : 1]<UL><LI> startup_stm32l431xx.o(RESET)
</UL>
<P><STRONG><a name="[49]"></a>I2C3_EV_IRQHandler</STRONG> (Thumb, 0 bytes, Stack size 0 bytes, startup_stm32l431xx.o(.text))
<BR>[Address Reference Count : 1]<UL><LI> startup_stm32l431xx.o(RESET)
</UL>
<P><STRONG><a name="[43]"></a>LPTIM1_IRQHandler</STRONG> (Thumb, 0 bytes, Stack size 0 bytes, startup_stm32l431xx.o(.text))
<BR>[Address Reference Count : 1]<UL><LI> startup_stm32l431xx.o(RESET)
</UL>
<P><STRONG><a name="[44]"></a>LPTIM2_IRQHandler</STRONG> (Thumb, 0 bytes, Stack size 0 bytes, startup_stm32l431xx.o(.text))
<BR>[Address Reference Count : 1]<UL><LI> startup_stm32l431xx.o(RESET)
</UL>
<P><STRONG><a name="[47]"></a>LPUART1_IRQHandler</STRONG> (Thumb, 0 bytes, Stack size 0 bytes, startup_stm32l431xx.o(.text))
<BR>[Address Reference Count : 1]<UL><LI> startup_stm32l431xx.o(RESET)
</UL>
<P><STRONG><a name="[12]"></a>PVD_PVM_IRQHandler</STRONG> (Thumb, 0 bytes, Stack size 0 bytes, startup_stm32l431xx.o(.text))
<BR>[Address Reference Count : 1]<UL><LI> startup_stm32l431xx.o(RESET)
</UL>
<P><STRONG><a name="[48]"></a>QUADSPI_IRQHandler</STRONG> (Thumb, 0 bytes, Stack size 0 bytes, startup_stm32l431xx.o(.text))
<BR>[Address Reference Count : 1]<UL><LI> startup_stm32l431xx.o(RESET)
</UL>
<P><STRONG><a name="[16]"></a>RCC_IRQHandler</STRONG> (Thumb, 0 bytes, Stack size 0 bytes, startup_stm32l431xx.o(.text))
<BR>[Address Reference Count : 1]<UL><LI> startup_stm32l431xx.o(RESET)
</UL>
<P><STRONG><a name="[4e]"></a>RNG_IRQHandler</STRONG> (Thumb, 0 bytes, Stack size 0 bytes, startup_stm32l431xx.o(.text))
<BR>[Address Reference Count : 1]<UL><LI> startup_stm32l431xx.o(RESET)
</UL>
<P><STRONG><a name="[38]"></a>RTC_Alarm_IRQHandler</STRONG> (Thumb, 0 bytes, Stack size 0 bytes, startup_stm32l431xx.o(.text))
<BR>[Address Reference Count : 1]<UL><LI> startup_stm32l431xx.o(RESET)
</UL>
<P><STRONG><a name="[14]"></a>RTC_WKUP_IRQHandler</STRONG> (Thumb, 0 bytes, Stack size 0 bytes, startup_stm32l431xx.o(.text))
<BR>[Address Reference Count : 1]<UL><LI> startup_stm32l431xx.o(RESET)
</UL>
<P><STRONG><a name="[4b]"></a>SAI1_IRQHandler</STRONG> (Thumb, 0 bytes, Stack size 0 bytes, startup_stm32l431xx.o(.text))
<BR>[Address Reference Count : 1]<UL><LI> startup_stm32l431xx.o(RESET)
</UL>
<P><STRONG><a name="[39]"></a>SDMMC1_IRQHandler</STRONG> (Thumb, 0 bytes, Stack size 0 bytes, startup_stm32l431xx.o(.text))
<BR>[Address Reference Count : 1]<UL><LI> startup_stm32l431xx.o(RESET)
</UL>
<P><STRONG><a name="[32]"></a>SPI1_IRQHandler</STRONG> (Thumb, 0 bytes, Stack size 0 bytes, startup_stm32l431xx.o(.text))
<BR>[Address Reference Count : 1]<UL><LI> startup_stm32l431xx.o(RESET)
</UL>
<P><STRONG><a name="[33]"></a>SPI2_IRQHandler</STRONG> (Thumb, 0 bytes, Stack size 0 bytes, startup_stm32l431xx.o(.text))
<BR>[Address Reference Count : 1]<UL><LI> startup_stm32l431xx.o(RESET)
</UL>
<P><STRONG><a name="[3a]"></a>SPI3_IRQHandler</STRONG> (Thumb, 0 bytes, Stack size 0 bytes, startup_stm32l431xx.o(.text))
<BR>[Address Reference Count : 1]<UL><LI> startup_stm32l431xx.o(RESET)
</UL>
<P><STRONG><a name="[4c]"></a>SWPMI1_IRQHandler</STRONG> (Thumb, 0 bytes, Stack size 0 bytes, startup_stm32l431xx.o(.text))
<BR>[Address Reference Count : 1]<UL><LI> startup_stm32l431xx.o(RESET)
</UL>
<P><STRONG><a name="[13]"></a>TAMP_STAMP_IRQHandler</STRONG> (Thumb, 0 bytes, Stack size 0 bytes, startup_stm32l431xx.o(.text))
<BR>[Address Reference Count : 1]<UL><LI> startup_stm32l431xx.o(RESET)
</UL>
<P><STRONG><a name="[29]"></a>TIM1_BRK_TIM15_IRQHandler</STRONG> (Thumb, 0 bytes, Stack size 0 bytes, startup_stm32l431xx.o(.text))
<BR>[Address Reference Count : 1]<UL><LI> startup_stm32l431xx.o(RESET)
</UL>
<P><STRONG><a name="[2c]"></a>TIM1_CC_IRQHandler</STRONG> (Thumb, 0 bytes, Stack size 0 bytes, startup_stm32l431xx.o(.text))
<BR>[Address Reference Count : 1]<UL><LI> startup_stm32l431xx.o(RESET)
</UL>
<P><STRONG><a name="[2b]"></a>TIM1_TRG_COM_IRQHandler</STRONG> (Thumb, 0 bytes, Stack size 0 bytes, startup_stm32l431xx.o(.text))
<BR>[Address Reference Count : 1]<UL><LI> startup_stm32l431xx.o(RESET)
</UL>
<P><STRONG><a name="[2a]"></a>TIM1_UP_TIM16_IRQHandler</STRONG> (Thumb, 0 bytes, Stack size 0 bytes, startup_stm32l431xx.o(.text))
<BR>[Address Reference Count : 1]<UL><LI> startup_stm32l431xx.o(RESET)
</UL>
<P><STRONG><a name="[2d]"></a>TIM2_IRQHandler</STRONG> (Thumb, 0 bytes, Stack size 0 bytes, startup_stm32l431xx.o(.text))
<BR>[Address Reference Count : 1]<UL><LI> startup_stm32l431xx.o(RESET)
</UL>
<P><STRONG><a name="[3c]"></a>TIM7_IRQHandler</STRONG> (Thumb, 0 bytes, Stack size 0 bytes, startup_stm32l431xx.o(.text))
<BR>[Address Reference Count : 1]<UL><LI> startup_stm32l431xx.o(RESET)
</UL>
<P><STRONG><a name="[4d]"></a>TSC_IRQHandler</STRONG> (Thumb, 0 bytes, Stack size 0 bytes, startup_stm32l431xx.o(.text))
<BR>[Address Reference Count : 1]<UL><LI> startup_stm32l431xx.o(RESET)
</UL>
<P><STRONG><a name="[34]"></a>USART1_IRQHandler</STRONG> (Thumb, 0 bytes, Stack size 0 bytes, startup_stm32l431xx.o(.text))
<BR>[Address Reference Count : 1]<UL><LI> startup_stm32l431xx.o(RESET)
</UL>
<P><STRONG><a name="[35]"></a>USART2_IRQHandler</STRONG> (Thumb, 0 bytes, Stack size 0 bytes, startup_stm32l431xx.o(.text))
<BR>[Address Reference Count : 1]<UL><LI> startup_stm32l431xx.o(RESET)
</UL>
<P><STRONG><a name="[36]"></a>USART3_IRQHandler</STRONG> (Thumb, 0 bytes, Stack size 0 bytes, startup_stm32l431xx.o(.text))
<BR>[Address Reference Count : 1]<UL><LI> startup_stm32l431xx.o(RESET)
</UL>
<P><STRONG><a name="[11]"></a>WWDG_IRQHandler</STRONG> (Thumb, 0 bytes, Stack size 0 bytes, startup_stm32l431xx.o(.text))
<BR>[Address Reference Count : 1]<UL><LI> startup_stm32l431xx.o(RESET)
</UL>
<P><STRONG><a name="[e3]"></a>__aeabi_memcpy</STRONG> (Thumb, 36 bytes, Stack size 0 bytes, memcpya.o(.text))
<BR><BR>[Called By]<UL><LI><a href="#[109]">&gt;&gt;</a>&nbsp;&nbsp;&nbsp;prvCopyDataToQueue
<LI><a href="#[108]">&gt;&gt;</a>&nbsp;&nbsp;&nbsp;prvCopyDataFromQueue
<LI><a href="#[e0]">&gt;&gt;</a>&nbsp;&nbsp;&nbsp;TModel::TModel(void*&)
</UL>

<P><STRONG><a name="[a6]"></a>__aeabi_memcpy4</STRONG> (Thumb, 0 bytes, Stack size 0 bytes, memcpya.o(.text))
<BR><BR>[Called By]<UL><LI><a href="#[a7]">&gt;&gt;</a>&nbsp;&nbsp;&nbsp;cfg_sys_clk()
<LI><a href="#[b0]">&gt;&gt;</a>&nbsp;&nbsp;&nbsp;TUsart::hw_init(unsigned char)
<LI><a href="#[e0]">&gt;&gt;</a>&nbsp;&nbsp;&nbsp;TModel::TModel(void*&)
<LI><a href="#[85]">&gt;&gt;</a>&nbsp;&nbsp;&nbsp;TIM_ITConfig
<LI><a href="#[84]">&gt;&gt;</a>&nbsp;&nbsp;&nbsp;TIM_ClearFlag
</UL>

<P><STRONG><a name="[13b]"></a>__aeabi_memcpy8</STRONG> (Thumb, 0 bytes, Stack size 0 bytes, memcpya.o(.text), UNUSED)

<P><STRONG><a name="[7c]"></a>__aeabi_memset</STRONG> (Thumb, 14 bytes, Stack size 0 bytes, memseta.o(.text))
<BR><BR>[Called By]<UL><LI><a href="#[110]">&gt;&gt;</a>&nbsp;&nbsp;&nbsp;prvInitialiseNewTask
<LI><a href="#[7d]">&gt;&gt;</a>&nbsp;&nbsp;&nbsp;_memset$wrapper
<LI><a href="#[7b]">&gt;&gt;</a>&nbsp;&nbsp;&nbsp;__aeabi_memclr
</UL>

<P><STRONG><a name="[13c]"></a>__aeabi_memset4</STRONG> (Thumb, 0 bytes, Stack size 0 bytes, memseta.o(.text), UNUSED)

<P><STRONG><a name="[13d]"></a>__aeabi_memset8</STRONG> (Thumb, 0 bytes, Stack size 0 bytes, memseta.o(.text), UNUSED)

<P><STRONG><a name="[7b]"></a>__aeabi_memclr</STRONG> (Thumb, 4 bytes, Stack size 0 bytes, memseta.o(.text), UNUSED)
<BR><BR>[Calls]<UL><LI><a href="#[7c]">&gt;&gt;</a>&nbsp;&nbsp;&nbsp;__aeabi_memset
</UL>

<P><STRONG><a name="[13e]"></a>__aeabi_memclr4</STRONG> (Thumb, 0 bytes, Stack size 0 bytes, memseta.o(.text), UNUSED)

<P><STRONG><a name="[13f]"></a>__aeabi_memclr8</STRONG> (Thumb, 0 bytes, Stack size 0 bytes, memseta.o(.text), UNUSED)

<P><STRONG><a name="[7d]"></a>_memset$wrapper</STRONG> (Thumb, 18 bytes, Stack size 8 bytes, memseta.o(.text), UNUSED)
<BR><BR>[Calls]<UL><LI><a href="#[7c]">&gt;&gt;</a>&nbsp;&nbsp;&nbsp;__aeabi_memset
</UL>

<P><STRONG><a name="[74]"></a>__cpp_initialize__aeabi_</STRONG> (Thumb, 22 bytes, Stack size 16 bytes, cpp_init.o(.text))
<BR><BR>[Stack]<UL><LI>Max Depth = 16<LI>Call Chain = __cpp_initialize__aeabi_
</UL>
<BR>[Called By]<UL><LI><a href="#[77]">&gt;&gt;</a>&nbsp;&nbsp;&nbsp;_main_cpp_init$empty
</UL>

<P><STRONG><a name="[7e]"></a>__aeabi_atexit</STRONG> (Thumb, 46 bytes, Stack size 24 bytes, aeabi_atexit.o(.text))
<BR><BR>[Stack]<UL><LI>Max Depth = 44<LI>Call Chain = __aeabi_atexit &rArr; malloc
</UL>
<BR>[Calls]<UL><LI><a href="#[80]">&gt;&gt;</a>&nbsp;&nbsp;&nbsp;__rt_ddtor_pointer_addr
<LI><a href="#[7f]">&gt;&gt;</a>&nbsp;&nbsp;&nbsp;malloc
</UL>
<BR>[Called By]<UL><LI><a href="#[6e]">&gt;&gt;</a>&nbsp;&nbsp;&nbsp;__sti___7_Led_cpp_Led
<LI><a href="#[6d]">&gt;&gt;</a>&nbsp;&nbsp;&nbsp;__sti___10_Button_cpp_Btn
<LI><a href="#[70]">&gt;&gt;</a>&nbsp;&nbsp;&nbsp;__sti___9_model_cpp_Model
<LI><a href="#[71]">&gt;&gt;</a>&nbsp;&nbsp;&nbsp;__sti___16_Flash_driver_cpp_d50a58b4
<LI><a href="#[73]">&gt;&gt;</a>&nbsp;&nbsp;&nbsp;__sti___19_lev_gauge_to_pc_cpp_aeccef48
<LI><a href="#[72]">&gt;&gt;</a>&nbsp;&nbsp;&nbsp;__sti___12_settings_cpp_Settings
</UL>

<P><STRONG><a name="[80]"></a>__rt_ddtor_pointer_addr</STRONG> (Thumb, 4 bytes, Stack size 0 bytes, cpp_dtor.o(.text))
<BR><BR>[Called By]<UL><LI><a href="#[79]">&gt;&gt;</a>&nbsp;&nbsp;&nbsp;__cxa_finalize
<LI><a href="#[7e]">&gt;&gt;</a>&nbsp;&nbsp;&nbsp;__aeabi_atexit
</UL>

<P><STRONG><a name="[79]"></a>__cxa_finalize</STRONG> (Thumb, 66 bytes, Stack size 24 bytes, cxa_finalize.o(.text))
<BR><BR>[Stack]<UL><LI>Max Depth = 32<LI>Call Chain = __cxa_finalize &rArr; free
</UL>
<BR>[Calls]<UL><LI><a href="#[80]">&gt;&gt;</a>&nbsp;&nbsp;&nbsp;__rt_ddtor_pointer_addr
<LI><a href="#[81]">&gt;&gt;</a>&nbsp;&nbsp;&nbsp;free
</UL>
<BR>[Called By]<UL><LI><a href="#[78]">&gt;&gt;</a>&nbsp;&nbsp;&nbsp;__rt_final_cpp$nonempty
</UL>

<P><STRONG><a name="[76]"></a>__scatterload</STRONG> (Thumb, 28 bytes, Stack size 0 bytes, init.o(.text))
<BR><BR>[Calls]<UL><LI><a href="#[82]">&gt;&gt;</a>&nbsp;&nbsp;&nbsp;__main_after_scatterload
</UL>
<BR>[Called By]<UL><LI><a href="#[75]">&gt;&gt;</a>&nbsp;&nbsp;&nbsp;_main_scatterload
</UL>

<P><STRONG><a name="[140]"></a>__scatterload_rt2</STRONG> (Thumb, 0 bytes, Stack size 0 bytes, init.o(.text), UNUSED)

<P><STRONG><a name="[141]"></a>__rt_lib_shutdown_cpp_2</STRONG> (Thumb, 2 bytes, Stack size 0 bytes, cpp_final.o(.text), UNUSED)

<P><STRONG><a name="[142]"></a>__decompress</STRONG> (Thumb, 0 bytes, Stack size unknown bytes, __dczerorl2.o(.text), UNUSED)

<P><STRONG><a name="[143]"></a>__decompress1</STRONG> (Thumb, 86 bytes, Stack size unknown bytes, __dczerorl2.o(.text), UNUSED)

<P><STRONG><a name="[83]"></a>AddTime</STRONG> (Thumb, 38 bytes, Stack size 8 bytes, sensline.o(i.AddTime))
<BR><BR>[Stack]<UL><LI>Max Depth = 96<LI>Call Chain = AddTime &rArr; TIM_ITConfig
</UL>
<BR>[Calls]<UL><LI><a href="#[85]">&gt;&gt;</a>&nbsp;&nbsp;&nbsp;TIM_ITConfig
<LI><a href="#[84]">&gt;&gt;</a>&nbsp;&nbsp;&nbsp;TIM_ClearFlag
</UL>
<BR>[Called By]<UL><LI><a href="#[a4]">&gt;&gt;</a>&nbsp;&nbsp;&nbsp;SetWritePkg
<LI><a href="#[8a]">&gt;&gt;</a>&nbsp;&nbsp;&nbsp;SelectND
</UL>

<P><STRONG><a name="[86]"></a>DisableINT</STRONG> (Thumb, 10 bytes, Stack size 8 bytes, sensline.o(i.DisableINT))
<BR><BR>[Stack]<UL><LI>Max Depth = 8<LI>Call Chain = DisableINT
</UL>
<BR>[Calls]<UL><LI><a href="#[87]">&gt;&gt;</a>&nbsp;&nbsp;&nbsp;NVIC_DisableIRQ
</UL>
<BR>[Called By]<UL><LI><a href="#[28]">&gt;&gt;</a>&nbsp;&nbsp;&nbsp;EXTI9_5_IRQHandler
</UL>

<P><STRONG><a name="[28]"></a>EXTI9_5_IRQHandler</STRONG> (Thumb, 180 bytes, Stack size 8 bytes, sensline.o(i.EXTI9_5_IRQHandler))
<BR><BR>[Stack]<UL><LI>Max Depth = 128<LI>Call Chain = EXTI9_5_IRQHandler &rArr; SelectND &rArr; SetWritePkg &rArr; AddTime &rArr; TIM_ITConfig
</UL>
<BR>[Calls]<UL><LI><a href="#[8a]">&gt;&gt;</a>&nbsp;&nbsp;&nbsp;SelectND
<LI><a href="#[8b]">&gt;&gt;</a>&nbsp;&nbsp;&nbsp;NewTime
<LI><a href="#[86]">&gt;&gt;</a>&nbsp;&nbsp;&nbsp;DisableINT
<LI><a href="#[85]">&gt;&gt;</a>&nbsp;&nbsp;&nbsp;TIM_ITConfig
<LI><a href="#[84]">&gt;&gt;</a>&nbsp;&nbsp;&nbsp;TIM_ClearFlag
<LI><a href="#[88]">&gt;&gt;</a>&nbsp;&nbsp;&nbsp;EXTI_GetFlagStatus
<LI><a href="#[89]">&gt;&gt;</a>&nbsp;&nbsp;&nbsp;EXTI_ClearFlag
</UL>
<BR>[Address Reference Count : 1]<UL><LI> startup_stm32l431xx.o(RESET)
</UL>
<P><STRONG><a name="[89]"></a>EXTI_ClearFlag</STRONG> (Thumb, 14 bytes, Stack size 0 bytes, line_wrapper_spl_to_ll.o(i.EXTI_ClearFlag))
<BR><BR>[Called By]<UL><LI><a href="#[8c]">&gt;&gt;</a>&nbsp;&nbsp;&nbsp;EnableINT
<LI><a href="#[28]">&gt;&gt;</a>&nbsp;&nbsp;&nbsp;EXTI9_5_IRQHandler
</UL>

<P><STRONG><a name="[88]"></a>EXTI_GetFlagStatus</STRONG> (Thumb, 18 bytes, Stack size 0 bytes, line_wrapper_spl_to_ll.o(i.EXTI_GetFlagStatus))
<BR><BR>[Called By]<UL><LI><a href="#[28]">&gt;&gt;</a>&nbsp;&nbsp;&nbsp;EXTI9_5_IRQHandler
</UL>

<P><STRONG><a name="[8c]"></a>EnableINT</STRONG> (Thumb, 16 bytes, Stack size 8 bytes, sensline.o(i.EnableINT))
<BR><BR>[Stack]<UL><LI>Max Depth = 8<LI>Call Chain = EnableINT
</UL>
<BR>[Calls]<UL><LI><a href="#[8d]">&gt;&gt;</a>&nbsp;&nbsp;&nbsp;NVIC_EnableIRQ
<LI><a href="#[89]">&gt;&gt;</a>&nbsp;&nbsp;&nbsp;EXTI_ClearFlag
</UL>
<BR>[Called By]<UL><LI><a href="#[8a]">&gt;&gt;</a>&nbsp;&nbsp;&nbsp;SelectND
</UL>

<P><STRONG><a name="[15]"></a>FLASH_IRQHandler</STRONG> (Thumb, 12 bytes, Stack size 0 bytes, flash_driver.o(i.FLASH_IRQHandler))
<BR>[Address Reference Count : 1]<UL><LI> startup_stm32l431xx.o(RESET)
</UL>
<P><STRONG><a name="[2f]"></a>I2C1_ER_IRQHandler</STRONG> (Thumb, 2 bytes, Stack size 0 bytes, i2c_driver.o(i.I2C1_ER_IRQHandler))
<BR>[Address Reference Count : 1]<UL><LI> startup_stm32l431xx.o(RESET)
</UL>
<P><STRONG><a name="[2e]"></a>I2C1_EV_IRQHandler</STRONG> (Thumb, 80 bytes, Stack size 8 bytes, i2c_driver.o(i.I2C1_EV_IRQHandler))
<BR><BR>[Stack]<UL><LI>Max Depth = 64<LI>Call Chain = I2C1_EV_IRQHandler &rArr; [local to I2C_driver_cpp]::dks_stop_active() &rArr; xQueueGiveFromISR &rArr; xTaskRemoveFromEventList
</UL>
<BR>[Calls]<UL><LI><a href="#[8e]">&gt;&gt;</a>&nbsp;&nbsp;&nbsp;[local to I2C_driver_cpp]::dks_txis_active()
<LI><a href="#[90]">&gt;&gt;</a>&nbsp;&nbsp;&nbsp;[local to I2C_driver_cpp]::dks_stop_active()
<LI><a href="#[8f]">&gt;&gt;</a>&nbsp;&nbsp;&nbsp;[local to I2C_driver_cpp]::dks_rxne_active()
<LI><a href="#[91]">&gt;&gt;</a>&nbsp;&nbsp;&nbsp;[local to I2C_driver_cpp]::dks_tc_active()
</UL>
<BR>[Address Reference Count : 1]<UL><LI> startup_stm32l431xx.o(RESET)
</UL>
<P><STRONG><a name="[31]"></a>I2C2_ER_IRQHandler</STRONG> (Thumb, 2 bytes, Stack size 0 bytes, i2c_driver.o(i.I2C2_ER_IRQHandler))
<BR>[Address Reference Count : 1]<UL><LI> startup_stm32l431xx.o(RESET)
</UL>
<P><STRONG><a name="[30]"></a>I2C2_EV_IRQHandler</STRONG> (Thumb, 2 bytes, Stack size 0 bytes, i2c_driver.o(i.I2C2_EV_IRQHandler))
<BR>[Address Reference Count : 1]<UL><LI> startup_stm32l431xx.o(RESET)
</UL>
<P><STRONG><a name="[be]"></a>LL_GPIO_Init</STRONG> (Thumb, 324 bytes, Stack size 20 bytes, stm32l4xx_ll_gpio.o(i.LL_GPIO_Init))
<BR><BR>[Stack]<UL><LI>Max Depth = 20<LI>Call Chain = LL_GPIO_Init
</UL>
<BR>[Called By]<UL><LI><a href="#[bd]">&gt;&gt;</a>&nbsp;&nbsp;&nbsp;[local to main_cpp]::init_mx_gpio()
<LI><a href="#[af]">&gt;&gt;</a>&nbsp;&nbsp;&nbsp;TUsart::pin_clk_config()
</UL>

<P><STRONG><a name="[a9]"></a>LL_Init1msTick</STRONG> (Thumb, 28 bytes, Stack size 0 bytes, stm32l4xx_ll_utils.o(i.LL_Init1msTick))
<BR><BR>[Called By]<UL><LI><a href="#[a7]">&gt;&gt;</a>&nbsp;&nbsp;&nbsp;cfg_sys_clk()
</UL>

<P><STRONG><a name="[92]"></a>LL_RCC_GetSystemClocksFreq</STRONG> (Thumb, 36 bytes, Stack size 8 bytes, stm32l4xx_ll_rcc.o(i.LL_RCC_GetSystemClocksFreq))
<BR><BR>[Stack]<UL><LI>Max Depth = 32<LI>Call Chain = LL_RCC_GetSystemClocksFreq &rArr; RCC_GetSystemClockFreq &rArr; RCC_PLL_GetFreqDomain_SYS
</UL>
<BR>[Calls]<UL><LI><a href="#[93]">&gt;&gt;</a>&nbsp;&nbsp;&nbsp;RCC_GetSystemClockFreq
<LI><a href="#[96]">&gt;&gt;</a>&nbsp;&nbsp;&nbsp;RCC_GetPCLK2ClockFreq
<LI><a href="#[95]">&gt;&gt;</a>&nbsp;&nbsp;&nbsp;RCC_GetPCLK1ClockFreq
<LI><a href="#[94]">&gt;&gt;</a>&nbsp;&nbsp;&nbsp;RCC_GetHCLKClockFreq
</UL>
<BR>[Called By]<UL><LI><a href="#[d4]">&gt;&gt;</a>&nbsp;&nbsp;&nbsp;TFlash::init_tmr()
</UL>

<P><STRONG><a name="[97]"></a>LL_RCC_GetUSARTClockFreq</STRONG> (Thumb, 278 bytes, Stack size 24 bytes, stm32l4xx_ll_rcc.o(i.LL_RCC_GetUSARTClockFreq))
<BR><BR>[Stack]<UL><LI>Max Depth = 48<LI>Call Chain = LL_RCC_GetUSARTClockFreq &rArr; RCC_GetSystemClockFreq &rArr; RCC_PLL_GetFreqDomain_SYS
</UL>
<BR>[Calls]<UL><LI><a href="#[93]">&gt;&gt;</a>&nbsp;&nbsp;&nbsp;RCC_GetSystemClockFreq
<LI><a href="#[96]">&gt;&gt;</a>&nbsp;&nbsp;&nbsp;RCC_GetPCLK2ClockFreq
<LI><a href="#[95]">&gt;&gt;</a>&nbsp;&nbsp;&nbsp;RCC_GetPCLK1ClockFreq
<LI><a href="#[94]">&gt;&gt;</a>&nbsp;&nbsp;&nbsp;RCC_GetHCLKClockFreq
<LI><a href="#[9a]">&gt;&gt;</a>&nbsp;&nbsp;&nbsp;LL_RCC_LSE_IsReady
<LI><a href="#[99]">&gt;&gt;</a>&nbsp;&nbsp;&nbsp;LL_RCC_HSI_IsReady
<LI><a href="#[98]">&gt;&gt;</a>&nbsp;&nbsp;&nbsp;LL_RCC_GetUSARTClockSource
</UL>
<BR>[Called By]<UL><LI><a href="#[9b]">&gt;&gt;</a>&nbsp;&nbsp;&nbsp;LL_USART_Init
<LI><a href="#[b0]">&gt;&gt;</a>&nbsp;&nbsp;&nbsp;TUsart::hw_init(unsigned char)
</UL>

<P><STRONG><a name="[aa]"></a>LL_SetSystemCoreClock</STRONG> (Thumb, 6 bytes, Stack size 0 bytes, stm32l4xx_ll_utils.o(i.LL_SetSystemCoreClock))
<BR><BR>[Called By]<UL><LI><a href="#[a7]">&gt;&gt;</a>&nbsp;&nbsp;&nbsp;cfg_sys_clk()
</UL>

<P><STRONG><a name="[d5]"></a>LL_TIM_Init</STRONG> (Thumb, 118 bytes, Stack size 8 bytes, stm32l4xx_ll_tim.o(i.LL_TIM_Init))
<BR><BR>[Stack]<UL><LI>Max Depth = 8<LI>Call Chain = LL_TIM_Init
</UL>
<BR>[Called By]<UL><LI><a href="#[d4]">&gt;&gt;</a>&nbsp;&nbsp;&nbsp;TFlash::init_tmr()
</UL>

<P><STRONG><a name="[9b]"></a>LL_USART_Init</STRONG> (Thumb, 208 bytes, Stack size 24 bytes, stm32l4xx_ll_usart.o(i.LL_USART_Init))
<BR><BR>[Stack]<UL><LI>Max Depth = 72<LI>Call Chain = LL_USART_Init &rArr; LL_RCC_GetUSARTClockFreq &rArr; RCC_GetSystemClockFreq &rArr; RCC_PLL_GetFreqDomain_SYS
</UL>
<BR>[Calls]<UL><LI><a href="#[97]">&gt;&gt;</a>&nbsp;&nbsp;&nbsp;LL_RCC_GetUSARTClockFreq
<LI><a href="#[9c]">&gt;&gt;</a>&nbsp;&nbsp;&nbsp;LL_USART_IsEnabled
</UL>
<BR>[Called By]<UL><LI><a href="#[b0]">&gt;&gt;</a>&nbsp;&nbsp;&nbsp;TUsart::hw_init(unsigned char)
</UL>

<P><STRONG><a name="[8b]"></a>NewTime</STRONG> (Thumb, 38 bytes, Stack size 8 bytes, sensline.o(i.NewTime))
<BR><BR>[Stack]<UL><LI>Max Depth = 96<LI>Call Chain = NewTime &rArr; TIM_ITConfig
</UL>
<BR>[Calls]<UL><LI><a href="#[85]">&gt;&gt;</a>&nbsp;&nbsp;&nbsp;TIM_ITConfig
<LI><a href="#[84]">&gt;&gt;</a>&nbsp;&nbsp;&nbsp;TIM_ClearFlag
</UL>
<BR>[Called By]<UL><LI><a href="#[28]">&gt;&gt;</a>&nbsp;&nbsp;&nbsp;EXTI9_5_IRQHandler
</UL>

<P><STRONG><a name="[94]"></a>RCC_GetHCLKClockFreq</STRONG> (Thumb, 24 bytes, Stack size 0 bytes, stm32l4xx_ll_rcc.o(i.RCC_GetHCLKClockFreq))
<BR><BR>[Called By]<UL><LI><a href="#[92]">&gt;&gt;</a>&nbsp;&nbsp;&nbsp;LL_RCC_GetSystemClocksFreq
<LI><a href="#[97]">&gt;&gt;</a>&nbsp;&nbsp;&nbsp;LL_RCC_GetUSARTClockFreq
</UL>

<P><STRONG><a name="[95]"></a>RCC_GetPCLK1ClockFreq</STRONG> (Thumb, 26 bytes, Stack size 0 bytes, stm32l4xx_ll_rcc.o(i.RCC_GetPCLK1ClockFreq))
<BR><BR>[Called By]<UL><LI><a href="#[92]">&gt;&gt;</a>&nbsp;&nbsp;&nbsp;LL_RCC_GetSystemClocksFreq
<LI><a href="#[97]">&gt;&gt;</a>&nbsp;&nbsp;&nbsp;LL_RCC_GetUSARTClockFreq
</UL>

<P><STRONG><a name="[96]"></a>RCC_GetPCLK2ClockFreq</STRONG> (Thumb, 26 bytes, Stack size 0 bytes, stm32l4xx_ll_rcc.o(i.RCC_GetPCLK2ClockFreq))
<BR><BR>[Called By]<UL><LI><a href="#[92]">&gt;&gt;</a>&nbsp;&nbsp;&nbsp;LL_RCC_GetSystemClocksFreq
<LI><a href="#[97]">&gt;&gt;</a>&nbsp;&nbsp;&nbsp;LL_RCC_GetUSARTClockFreq
</UL>

<P><STRONG><a name="[93]"></a>RCC_GetSystemClockFreq</STRONG> (Thumb, 172 bytes, Stack size 8 bytes, stm32l4xx_ll_rcc.o(i.RCC_GetSystemClockFreq))
<BR><BR>[Stack]<UL><LI>Max Depth = 24<LI>Call Chain = RCC_GetSystemClockFreq &rArr; RCC_PLL_GetFreqDomain_SYS
</UL>
<BR>[Calls]<UL><LI><a href="#[a0]">&gt;&gt;</a>&nbsp;&nbsp;&nbsp;RCC_PLL_GetFreqDomain_SYS
<LI><a href="#[9d]">&gt;&gt;</a>&nbsp;&nbsp;&nbsp;LL_RCC_MSI_IsEnabledRangeSelect
<LI><a href="#[9f]">&gt;&gt;</a>&nbsp;&nbsp;&nbsp;LL_RCC_MSI_GetRangeAfterStandby
<LI><a href="#[9e]">&gt;&gt;</a>&nbsp;&nbsp;&nbsp;LL_RCC_MSI_GetRange
</UL>
<BR>[Called By]<UL><LI><a href="#[92]">&gt;&gt;</a>&nbsp;&nbsp;&nbsp;LL_RCC_GetSystemClocksFreq
<LI><a href="#[97]">&gt;&gt;</a>&nbsp;&nbsp;&nbsp;LL_RCC_GetUSARTClockFreq
</UL>

<P><STRONG><a name="[a0]"></a>RCC_PLL_GetFreqDomain_SYS</STRONG> (Thumb, 198 bytes, Stack size 16 bytes, stm32l4xx_ll_rcc.o(i.RCC_PLL_GetFreqDomain_SYS))
<BR><BR>[Stack]<UL><LI>Max Depth = 16<LI>Call Chain = RCC_PLL_GetFreqDomain_SYS
</UL>
<BR>[Calls]<UL><LI><a href="#[a3]">&gt;&gt;</a>&nbsp;&nbsp;&nbsp;LL_RCC_PLL_GetN
<LI><a href="#[a1]">&gt;&gt;</a>&nbsp;&nbsp;&nbsp;LL_RCC_PLL_GetMainSource
<LI><a href="#[a2]">&gt;&gt;</a>&nbsp;&nbsp;&nbsp;LL_RCC_PLL_GetDivider
<LI><a href="#[9d]">&gt;&gt;</a>&nbsp;&nbsp;&nbsp;LL_RCC_MSI_IsEnabledRangeSelect
<LI><a href="#[9f]">&gt;&gt;</a>&nbsp;&nbsp;&nbsp;LL_RCC_MSI_GetRangeAfterStandby
<LI><a href="#[9e]">&gt;&gt;</a>&nbsp;&nbsp;&nbsp;LL_RCC_MSI_GetRange
</UL>
<BR>[Called By]<UL><LI><a href="#[93]">&gt;&gt;</a>&nbsp;&nbsp;&nbsp;RCC_GetSystemClockFreq
</UL>

<P><STRONG><a name="[8a]"></a>SelectND</STRONG> (Thumb, 200 bytes, Stack size 8 bytes, sensline.o(i.SelectND))
<BR><BR>[Stack]<UL><LI>Max Depth = 120<LI>Call Chain = SelectND &rArr; SetWritePkg &rArr; AddTime &rArr; TIM_ITConfig
</UL>
<BR>[Calls]<UL><LI><a href="#[a4]">&gt;&gt;</a>&nbsp;&nbsp;&nbsp;SetWritePkg
<LI><a href="#[8c]">&gt;&gt;</a>&nbsp;&nbsp;&nbsp;EnableINT
<LI><a href="#[83]">&gt;&gt;</a>&nbsp;&nbsp;&nbsp;AddTime
</UL>
<BR>[Called By]<UL><LI><a href="#[28]">&gt;&gt;</a>&nbsp;&nbsp;&nbsp;EXTI9_5_IRQHandler
</UL>

<P><STRONG><a name="[f6]"></a>SetProgNum</STRONG> (Thumb, 16 bytes, Stack size 0 bytes, sensdev.o(i.SetProgNum))
<BR><BR>[Called By]<UL><LI><a href="#[51]">&gt;&gt;</a>&nbsp;&nbsp;&nbsp;main
</UL>

<P><STRONG><a name="[a4]"></a>SetWritePkg</STRONG> (Thumb, 120 bytes, Stack size 16 bytes, sensline.o(i.SetWritePkg))
<BR><BR>[Stack]<UL><LI>Max Depth = 112<LI>Call Chain = SetWritePkg &rArr; AddTime &rArr; TIM_ITConfig
</UL>
<BR>[Calls]<UL><LI><a href="#[83]">&gt;&gt;</a>&nbsp;&nbsp;&nbsp;AddTime
</UL>
<BR>[Called By]<UL><LI><a href="#[8a]">&gt;&gt;</a>&nbsp;&nbsp;&nbsp;SelectND
</UL>

<P><STRONG><a name="[10]"></a>SysTick_Handler</STRONG> (Thumb, 46 bytes, Stack size 8 bytes, port.o(i.SysTick_Handler))
<BR><BR>[Stack]<UL><LI>Max Depth = 32<LI>Call Chain = SysTick_Handler &rArr; xTaskIncrementTick
</UL>
<BR>[Calls]<UL><LI><a href="#[a5]">&gt;&gt;</a>&nbsp;&nbsp;&nbsp;xTaskIncrementTick
</UL>
<BR>[Address Reference Count : 1]<UL><LI> startup_stm32l431xx.o(RESET)
</UL>
<P><STRONG><a name="[52]"></a>SystemInit</STRONG> (Thumb, 68 bytes, Stack size 0 bytes, system_stm32l4xx.o(i.SystemInit))
<BR>[Address Reference Count : 1]<UL><LI> startup_stm32l431xx.o(.text)
</UL>
<P><STRONG><a name="[3b]"></a>TIM6_DAC_IRQHandler</STRONG> (Thumb, 44 bytes, Stack size 0 bytes, flash_driver.o(i.TIM6_DAC_IRQHandler))
<BR>[Address Reference Count : 1]<UL><LI> startup_stm32l431xx.o(RESET)
</UL>
<P><STRONG><a name="[84]"></a>TIM_ClearFlag</STRONG> (Thumb, 66 bytes, Stack size 56 bytes, line_wrapper_spl_to_ll.o(i.TIM_ClearFlag))
<BR><BR>[Stack]<UL><LI>Max Depth = 56<LI>Call Chain = TIM_ClearFlag
</UL>
<BR>[Calls]<UL><LI><a href="#[a6]">&gt;&gt;</a>&nbsp;&nbsp;&nbsp;__aeabi_memcpy4
</UL>
<BR>[Called By]<UL><LI><a href="#[8b]">&gt;&gt;</a>&nbsp;&nbsp;&nbsp;NewTime
<LI><a href="#[28]">&gt;&gt;</a>&nbsp;&nbsp;&nbsp;EXTI9_5_IRQHandler
<LI><a href="#[83]">&gt;&gt;</a>&nbsp;&nbsp;&nbsp;AddTime
</UL>

<P><STRONG><a name="[85]"></a>TIM_ITConfig</STRONG> (Thumb, 74 bytes, Stack size 88 bytes, line_wrapper_spl_to_ll.o(i.TIM_ITConfig))
<BR><BR>[Stack]<UL><LI>Max Depth = 88<LI>Call Chain = TIM_ITConfig
</UL>
<BR>[Calls]<UL><LI><a href="#[a6]">&gt;&gt;</a>&nbsp;&nbsp;&nbsp;__aeabi_memcpy4
</UL>
<BR>[Called By]<UL><LI><a href="#[8b]">&gt;&gt;</a>&nbsp;&nbsp;&nbsp;NewTime
<LI><a href="#[28]">&gt;&gt;</a>&nbsp;&nbsp;&nbsp;EXTI9_5_IRQHandler
<LI><a href="#[83]">&gt;&gt;</a>&nbsp;&nbsp;&nbsp;AddTime
</UL>

<P><STRONG><a name="[ef]"></a>FLASH_Lock()</STRONG> (Thumb, 14 bytes, Stack size 0 bytes, old_flash_lib.o(i._Z10FLASH_Lockv))
<BR><BR>[Called By]<UL><LI><a href="#[d3]">&gt;&gt;</a>&nbsp;&nbsp;&nbsp;TFlash::write_page(const unsigned char*, unsigned short, unsigned) const
<LI><a href="#[d2]">&gt;&gt;</a>&nbsp;&nbsp;&nbsp;TFlash::erase_page(unsigned) const
</UL>

<P><STRONG><a name="[a7]"></a>cfg_sys_clk()</STRONG> (Thumb, 570 bytes, Stack size 128 bytes, main.o(i._Z11cfg_sys_clkv))
<BR><BR>[Stack]<UL><LI>Max Depth = 148<LI>Call Chain = cfg_sys_clk() &rArr; [local to main_cpp]::NVIC_EncodePriority(unsigned, unsigned, unsigned)
</UL>
<BR>[Calls]<UL><LI><a href="#[ab]">&gt;&gt;</a>&nbsp;&nbsp;&nbsp;[local to main_cpp]::NVIC_GetPriorityGrouping()
<LI><a href="#[ac]">&gt;&gt;</a>&nbsp;&nbsp;&nbsp;[local to main_cpp]::NVIC_EncodePriority(unsigned, unsigned, unsigned)
<LI><a href="#[a8]">&gt;&gt;</a>&nbsp;&nbsp;&nbsp;[local to main_cpp]::LL_RCC_MSI_IsReady()
<LI><a href="#[ad]">&gt;&gt;</a>&nbsp;&nbsp;&nbsp;[local to main_cpp]::NVIC_SetPriority(IRQn_Type, unsigned)
<LI><a href="#[aa]">&gt;&gt;</a>&nbsp;&nbsp;&nbsp;LL_SetSystemCoreClock
<LI><a href="#[a9]">&gt;&gt;</a>&nbsp;&nbsp;&nbsp;LL_Init1msTick
<LI><a href="#[a6]">&gt;&gt;</a>&nbsp;&nbsp;&nbsp;__aeabi_memcpy4
</UL>
<BR>[Called By]<UL><LI><a href="#[51]">&gt;&gt;</a>&nbsp;&nbsp;&nbsp;main
</UL>

<P><STRONG><a name="[ed]"></a>FLASH_Unlock()</STRONG> (Thumb, 22 bytes, Stack size 0 bytes, old_flash_lib.o(i._Z12FLASH_Unlockv))
<BR><BR>[Called By]<UL><LI><a href="#[d3]">&gt;&gt;</a>&nbsp;&nbsp;&nbsp;TFlash::write_page(const unsigned char*, unsigned short, unsigned) const
<LI><a href="#[d2]">&gt;&gt;</a>&nbsp;&nbsp;&nbsp;TFlash::erase_page(unsigned) const
</UL>

<P><STRONG><a name="[d1]"></a>FLASH_GetStatus()</STRONG> (Thumb, 52 bytes, Stack size 0 bytes, old_flash_lib.o(i._Z15FLASH_GetStatusv))
<BR><BR>[Called By]<UL><LI><a href="#[f0]">&gt;&gt;</a>&nbsp;&nbsp;&nbsp;TFlash::prog(const unsigned*, unsigned, unsigned) const
<LI><a href="#[d2]">&gt;&gt;</a>&nbsp;&nbsp;&nbsp;TFlash::erase_page(unsigned) const
<LI><a href="#[d0]">&gt;&gt;</a>&nbsp;&nbsp;&nbsp;TFlash::write_sets(const unsigned char*, unsigned short)
</UL>

<P><STRONG><a name="[54]"></a>lev_gauge_to_pc(void*)</STRONG> (Thumb, 128 bytes, Stack size 16 bytes, lev_gauge_to_pc.o(i._Z15lev_gauge_to_pcPv))
<BR><BR>[Stack]<UL><LI>Max Depth = 208<LI>Call Chain = lev_gauge_to_pc(void*) &rArr; TUsart::hw_init(unsigned char) &rArr; LL_USART_Init &rArr; LL_RCC_GetUSARTClockFreq &rArr; RCC_GetSystemClockFreq &rArr; RCC_PLL_GetFreqDomain_SYS
</UL>
<BR>[Calls]<UL><LI><a href="#[b0]">&gt;&gt;</a>&nbsp;&nbsp;&nbsp;TUsart::hw_init(unsigned char)
<LI><a href="#[af]">&gt;&gt;</a>&nbsp;&nbsp;&nbsp;TUsart::pin_clk_config()
<LI><a href="#[b1]">&gt;&gt;</a>&nbsp;&nbsp;&nbsp;TExtMaster::parse_pkt()
<LI><a href="#[b2]">&gt;&gt;</a>&nbsp;&nbsp;&nbsp;TExtMaster::get_data()
<LI><a href="#[b3]">&gt;&gt;</a>&nbsp;&nbsp;&nbsp;TExtMaster::tx_data(float, unsigned char)
<LI><a href="#[ae]">&gt;&gt;</a>&nbsp;&nbsp;&nbsp;vTaskDelay
</UL>
<BR>[Address Reference Count : 1]<UL><LI> main.o(i._ZN29_INTERNAL_8_main_cpp_6396510212create_tasksEv)
</UL>
<P><STRONG><a name="[b3]"></a>TExtMaster::tx_data(float, unsigned char)</STRONG> (Thumb, 122 bytes, Stack size 24 bytes, ext_master.o(i._ZN10TExtMaster7tx_dataEfh))
<BR><BR>[Stack]<UL><LI>Max Depth = 40<LI>Call Chain = TExtMaster::tx_data(float, unsigned char) &rArr; TUsart::write_burst(const unsigned char*, unsigned char)
</UL>
<BR>[Calls]<UL><LI><a href="#[b4]">&gt;&gt;</a>&nbsp;&nbsp;&nbsp;TUsart::write_burst(const unsigned char*, unsigned char)
</UL>
<BR>[Called By]<UL><LI><a href="#[54]">&gt;&gt;</a>&nbsp;&nbsp;&nbsp;lev_gauge_to_pc(void*)
</UL>

<P><STRONG><a name="[b2]"></a>TExtMaster::get_data()</STRONG> (Thumb, 16 bytes, Stack size 0 bytes, ext_master.o(i._ZN10TExtMaster8get_dataEv))
<BR><BR>[Called By]<UL><LI><a href="#[54]">&gt;&gt;</a>&nbsp;&nbsp;&nbsp;lev_gauge_to_pc(void*)
</UL>

<P><STRONG><a name="[b1]"></a>TExtMaster::parse_pkt()</STRONG> (Thumb, 44 bytes, Stack size 8 bytes, ext_master.o(i._ZN10TExtMaster9parse_pktEv))
<BR><BR>[Stack]<UL><LI>Max Depth = 20<LI>Call Chain = TExtMaster::parse_pkt() &rArr; TUsart::read_burst(unsigned char*, unsigned char)
</UL>
<BR>[Calls]<UL><LI><a href="#[b5]">&gt;&gt;</a>&nbsp;&nbsp;&nbsp;TUsart::read_burst(unsigned char*, unsigned char)
</UL>
<BR>[Called By]<UL><LI><a href="#[54]">&gt;&gt;</a>&nbsp;&nbsp;&nbsp;lev_gauge_to_pc(void*)
</UL>

<P><STRONG><a name="[b6]"></a>TExtMaster::TExtMaster(const TUsart_HW&)</STRONG> (Thumb, 40 bytes, Stack size 24 bytes, ext_master.o(i._ZN10TExtMasterC1ERK9TUsart_HW))
<BR><BR>[Stack]<UL><LI>Max Depth = 48<LI>Call Chain = TExtMaster::TExtMaster(const TUsart_HW&) &rArr; TUsart::TUsart(const TUsart_HW&, const TUsart::TSets&, TUsart::TMode)
</UL>
<BR>[Calls]<UL><LI><a href="#[b7]">&gt;&gt;</a>&nbsp;&nbsp;&nbsp;TUsart::TUsart(const TUsart_HW&, const TUsart::TSets&, TUsart::TMode)
</UL>
<BR>[Called By]<UL><LI><a href="#[73]">&gt;&gt;</a>&nbsp;&nbsp;&nbsp;__sti___19_lev_gauge_to_pc_cpp_aeccef48
</UL>

<P><STRONG><a name="[144]"></a>TExtMaster::TExtMaster__sub_object(const TUsart_HW&)</STRONG> (Thumb, 0 bytes, Stack size 24 bytes, ext_master.o(i._ZN10TExtMasterC1ERK9TUsart_HW), UNUSED)

<P><STRONG><a name="[58]"></a>TExtMaster::~TExtMaster()</STRONG> (Thumb, 16 bytes, Stack size 8 bytes, ext_master.o(i._ZN10TExtMasterD1Ev))
<BR><BR>[Stack]<UL><LI>Max Depth = 16<LI>Call Chain = TExtMaster::~TExtMaster() &rArr; TUsart::~TUsart()
</UL>
<BR>[Calls]<UL><LI><a href="#[b8]">&gt;&gt;</a>&nbsp;&nbsp;&nbsp;TUsart::~TUsart()
</UL>
<BR>[Address Reference Count : 1]<UL><LI> lev_gauge_to_pc.o(i.__sti___19_lev_gauge_to_pc_cpp_aeccef48)
</UL>
<P><STRONG><a name="[145]"></a>TExtMaster::~TExtMaster__sub_object()</STRONG> (Thumb, 0 bytes, Stack size 8 bytes, ext_master.o(i._ZN10TExtMasterD1Ev), UNUSED)

<P><STRONG><a name="[e9]"></a>T_RS_485_phy::get_config()</STRONG> (Thumb, 6 bytes, Stack size 0 bytes, rs-485_phy.o(i._ZN12T_RS_485_phy10get_configEv))
<BR><BR>[Called By]<UL><LI><a href="#[b0]">&gt;&gt;</a>&nbsp;&nbsp;&nbsp;TUsart::hw_init(unsigned char)
</UL>

<P><STRONG><a name="[eb]"></a>T_RS_485_phy::T_RS_485_phy()</STRONG> (Thumb, 8 bytes, Stack size 0 bytes, rs-485_phy.o(i._ZN12T_RS_485_phyC1Ev))
<BR><BR>[Called By]<UL><LI><a href="#[b7]">&gt;&gt;</a>&nbsp;&nbsp;&nbsp;TUsart::TUsart(const TUsart_HW&, const TUsart::TSets&, TUsart::TMode)
</UL>

<P><STRONG><a name="[146]"></a>T_RS_485_phy::T_RS_485_phy__sub_object()</STRONG> (Thumb, 0 bytes, Stack size 0 bytes, rs-485_phy.o(i._ZN12T_RS_485_phyC1Ev), UNUSED)

<P><STRONG><a name="[ec]"></a>T_RS_485_phy::~T_RS_485_phy()</STRONG> (Thumb, 2 bytes, Stack size 0 bytes, rs-485_phy.o(i._ZN12T_RS_485_phyD1Ev))
<BR><BR>[Called By]<UL><LI><a href="#[b8]">&gt;&gt;</a>&nbsp;&nbsp;&nbsp;TUsart::~TUsart()
</UL>

<P><STRONG><a name="[147]"></a>T_RS_485_phy::~T_RS_485_phy__sub_object()</STRONG> (Thumb, 0 bytes, Stack size 0 bytes, rs-485_phy.o(i._ZN12T_RS_485_phyD1Ev), UNUSED)

<P><STRONG><a name="[f5]"></a>TLed::TLed(const TPin&, void**)</STRONG> (Thumb, 14 bytes, Stack size 8 bytes, led.o(i._ZN4TLedC1ERK4TPinPPv))
<BR><BR>[Stack]<UL><LI>Max Depth = 8<LI>Call Chain = TLed::TLed(const TPin&, void**)
</UL>
<BR>[Called By]<UL><LI><a href="#[6e]">&gt;&gt;</a>&nbsp;&nbsp;&nbsp;__sti___7_Led_cpp_Led
</UL>

<P><STRONG><a name="[148]"></a>TLed::TLed__sub_object(const TPin&, void**)</STRONG> (Thumb, 0 bytes, Stack size 8 bytes, led.o(i._ZN4TLedC1ERK4TPinPPv), UNUSED)

<P><STRONG><a name="[59]"></a>TLed::~TLed()</STRONG> (Thumb, 2 bytes, Stack size 0 bytes, led.o(i._ZN4TLedD1Ev))
<BR>[Address Reference Count : 1]<UL><LI> led.o(i.__sti___7_Led_cpp_Led)
</UL>
<P><STRONG><a name="[149]"></a>TLed::~TLed__sub_object()</STRONG> (Thumb, 0 bytes, Stack size 0 bytes, led.o(i._ZN4TLedD1Ev), UNUSED)

<P><STRONG><a name="[d0]"></a>TFlash::write_sets(const unsigned char*, unsigned short)</STRONG> (Thumb, 54 bytes, Stack size 24 bytes, flash_driver.o(i._ZN6TFlash10write_setsEPKht))
<BR><BR>[Stack]<UL><LI>Max Depth = 80<LI>Call Chain = TFlash::write_sets(const unsigned char*, unsigned short) &rArr; TFlash::write_page(const unsigned char*, unsigned short, unsigned) const &rArr; TFlash::prog(const unsigned*, unsigned, unsigned) const
</UL>
<BR>[Calls]<UL><LI><a href="#[d1]">&gt;&gt;</a>&nbsp;&nbsp;&nbsp;FLASH_GetStatus()
<LI><a href="#[d3]">&gt;&gt;</a>&nbsp;&nbsp;&nbsp;TFlash::write_page(const unsigned char*, unsigned short, unsigned) const
<LI><a href="#[d2]">&gt;&gt;</a>&nbsp;&nbsp;&nbsp;TFlash::erase_page(unsigned) const
</UL>
<BR>[Called By]<UL><LI><a href="#[e0]">&gt;&gt;</a>&nbsp;&nbsp;&nbsp;TModel::TModel(void*&)
</UL>

<P><STRONG><a name="[e2]"></a>TFlash::get_sets(unsigned char*, unsigned short)</STRONG> (Thumb, 40 bytes, Stack size 20 bytes, flash_driver.o(i._ZN6TFlash8get_setsEPht))
<BR><BR>[Stack]<UL><LI>Max Depth = 20<LI>Call Chain = TFlash::get_sets(unsigned char*, unsigned short)
</UL>
<BR>[Called By]<UL><LI><a href="#[e0]">&gt;&gt;</a>&nbsp;&nbsp;&nbsp;TModel::TModel(void*&)
</UL>

<P><STRONG><a name="[d4]"></a>TFlash::init_tmr()</STRONG> (Thumb, 334 bytes, Stack size 88 bytes, flash_driver.o(i._ZN6TFlash8init_tmrEv))
<BR><BR>[Stack]<UL><LI>Max Depth = 120<LI>Call Chain = TFlash::init_tmr() &rArr; LL_RCC_GetSystemClocksFreq &rArr; RCC_GetSystemClockFreq &rArr; RCC_PLL_GetFreqDomain_SYS
</UL>
<BR>[Calls]<UL><LI><a href="#[d5]">&gt;&gt;</a>&nbsp;&nbsp;&nbsp;LL_TIM_Init
<LI><a href="#[92]">&gt;&gt;</a>&nbsp;&nbsp;&nbsp;LL_RCC_GetSystemClocksFreq
<LI><a href="#[d6]">&gt;&gt;</a>&nbsp;&nbsp;&nbsp;[local to Flash_driver_cpp]::LL_TIM_ClearFlag_UPDATE(TIM_TypeDef*)
</UL>
<BR>[Called By]<UL><LI><a href="#[d7]">&gt;&gt;</a>&nbsp;&nbsp;&nbsp;TFlash::TFlash()
</UL>

<P><STRONG><a name="[d7]"></a>TFlash::TFlash()</STRONG> (Thumb, 22 bytes, Stack size 8 bytes, flash_driver.o(i._ZN6TFlashC1Ev))
<BR><BR>[Stack]<UL><LI>Max Depth = 128<LI>Call Chain = TFlash::TFlash() &rArr; TFlash::init_tmr() &rArr; LL_RCC_GetSystemClocksFreq &rArr; RCC_GetSystemClockFreq &rArr; RCC_PLL_GetFreqDomain_SYS
</UL>
<BR>[Calls]<UL><LI><a href="#[d4]">&gt;&gt;</a>&nbsp;&nbsp;&nbsp;TFlash::init_tmr()
</UL>
<BR>[Called By]<UL><LI><a href="#[71]">&gt;&gt;</a>&nbsp;&nbsp;&nbsp;__sti___16_Flash_driver_cpp_d50a58b4
</UL>

<P><STRONG><a name="[14a]"></a>TFlash::TFlash__sub_object()</STRONG> (Thumb, 0 bytes, Stack size 8 bytes, flash_driver.o(i._ZN6TFlashC1Ev), UNUSED)

<P><STRONG><a name="[57]"></a>TFlash::~TFlash()</STRONG> (Thumb, 2 bytes, Stack size 0 bytes, flash_driver.o(i._ZN6TFlashD1Ev))
<BR>[Address Reference Count : 1]<UL><LI> flash_driver.o(i.__sti___16_Flash_driver_cpp_d50a58b4)
</UL>
<P><STRONG><a name="[14b]"></a>TFlash::~TFlash__sub_object()</STRONG> (Thumb, 0 bytes, Stack size 0 bytes, flash_driver.o(i._ZN6TFlashD1Ev), UNUSED)

<P><STRONG><a name="[d8]"></a>TModel::get_access()</STRONG> (Thumb, 52 bytes, Stack size 16 bytes, model.o(i._ZN6TModel10get_accessEv))
<BR><BR>[Stack]<UL><LI>Max Depth = 120<LI>Call Chain = TModel::get_access() &rArr; xQueueGenericSend &rArr; vTaskPlaceOnEventList &rArr; prvAddCurrentTaskToDelayedList &rArr; vListInsert
</UL>
<BR>[Calls]<UL><LI><a href="#[da]">&gt;&gt;</a>&nbsp;&nbsp;&nbsp;xQueueGenericSend
<LI><a href="#[d9]">&gt;&gt;</a>&nbsp;&nbsp;&nbsp;xQueueGenericReceive
</UL>
<BR>[Called By]<UL><LI><a href="#[61]">&gt;&gt;</a>&nbsp;&nbsp;&nbsp;TModel::handler_calib(short, bool*)
</UL>

<P><STRONG><a name="[db]"></a>TModel::set_access(TSettings::TAccess)</STRONG> (Thumb, 50 bytes, Stack size 24 bytes, model.o(i._ZN6TModel10set_accessEN9TSettings7TAccessE))
<BR><BR>[Stack]<UL><LI>Max Depth = 128<LI>Call Chain = TModel::set_access(TSettings::TAccess) &rArr; xQueueGenericSend &rArr; vTaskPlaceOnEventList &rArr; prvAddCurrentTaskToDelayedList &rArr; vListInsert
</UL>
<BR>[Calls]<UL><LI><a href="#[da]">&gt;&gt;</a>&nbsp;&nbsp;&nbsp;xQueueGenericSend
<LI><a href="#[d9]">&gt;&gt;</a>&nbsp;&nbsp;&nbsp;xQueueGenericReceive
</UL>
<BR>[Called By]<UL><LI><a href="#[63]">&gt;&gt;</a>&nbsp;&nbsp;&nbsp;TModel::handler_access(short, bool*)
</UL>

<P><STRONG><a name="[5e]"></a>TModel::get_psw_admin()</STRONG> (Thumb, 22 bytes, Stack size 16 bytes, model.o(i._ZN6TModel13get_psw_adminEv))
<BR><BR>[Stack]<UL><LI>Max Depth = 136<LI>Call Chain = TModel::get_psw_admin() &rArr; _ZN6TModel11access_protIfU8__packedfEEvRT_RKT0_ &rArr; xQueueGenericSend &rArr; vTaskPlaceOnEventList &rArr; prvAddCurrentTaskToDelayedList &rArr; vListInsert
</UL>
<BR>[Calls]<UL><LI><a href="#[dc]">&gt;&gt;</a>&nbsp;&nbsp;&nbsp;_ZN6TModel11access_protIfU8__packedfEEvRT_RKT0_
</UL>
<BR>[Address Reference Count : 1]<UL><LI> model.o(.constdata)
</UL>
<P><STRONG><a name="[5f]"></a>TModel::get_psw_super()</STRONG> (Thumb, 22 bytes, Stack size 16 bytes, model.o(i._ZN6TModel13get_psw_superEv))
<BR><BR>[Stack]<UL><LI>Max Depth = 136<LI>Call Chain = TModel::get_psw_super() &rArr; _ZN6TModel11access_protIfU8__packedfEEvRT_RKT0_ &rArr; xQueueGenericSend &rArr; vTaskPlaceOnEventList &rArr; prvAddCurrentTaskToDelayedList &rArr; vListInsert
</UL>
<BR>[Calls]<UL><LI><a href="#[dc]">&gt;&gt;</a>&nbsp;&nbsp;&nbsp;_ZN6TModel11access_protIfU8__packedfEEvRT_RKT0_
</UL>
<BR>[Address Reference Count : 1]<UL><LI> model.o(.constdata)
</UL>
<P><STRONG><a name="[61]"></a>TModel::handler_calib(short, bool*)</STRONG> (Thumb, 78 bytes, Stack size 16 bytes, model.o(i._ZN6TModel13handler_calibEsPb))
<BR><BR>[Stack]<UL><LI>Max Depth = 144<LI>Call Chain = TModel::handler_calib(short, bool*) &rArr; TModel::set_calib_process(TSettings::TCalibProcess) &rArr; xQueueGenericSend &rArr; vTaskPlaceOnEventList &rArr; prvAddCurrentTaskToDelayedList &rArr; vListInsert
</UL>
<BR>[Calls]<UL><LI><a href="#[da]">&gt;&gt;</a>&nbsp;&nbsp;&nbsp;xQueueGenericSend
<LI><a href="#[de]">&gt;&gt;</a>&nbsp;&nbsp;&nbsp;TModel::set_calib_process(TSettings::TCalibProcess)
<LI><a href="#[dd]">&gt;&gt;</a>&nbsp;&nbsp;&nbsp;TModel::get_calib_process()
<LI><a href="#[d8]">&gt;&gt;</a>&nbsp;&nbsp;&nbsp;TModel::get_access()
</UL>
<BR>[Address Reference Count : 1]<UL><LI> model.o(.constdata)
</UL>
<P><STRONG><a name="[63]"></a>TModel::handler_access(short, bool*)</STRONG> (Thumb, 174 bytes, Stack size 24 bytes, model.o(i._ZN6TModel14handler_accessEsPb))
<BR><BR>[Stack]<UL><LI>Max Depth = 152<LI>Call Chain = TModel::handler_access(short, bool*) &rArr; TModel::set_calib_process(TSettings::TCalibProcess) &rArr; xQueueGenericSend &rArr; vTaskPlaceOnEventList &rArr; prvAddCurrentTaskToDelayedList &rArr; vListInsert
</UL>
<BR>[Calls]<UL><LI><a href="#[df]">&gt;&gt;</a>&nbsp;&nbsp;&nbsp;TModel::set_authorize_item_ptr(const TModel::TAuthorize*)
<LI><a href="#[de]">&gt;&gt;</a>&nbsp;&nbsp;&nbsp;TModel::set_calib_process(TSettings::TCalibProcess)
<LI><a href="#[db]">&gt;&gt;</a>&nbsp;&nbsp;&nbsp;TModel::set_access(TSettings::TAccess)
</UL>
<BR>[Address Reference Count : 1]<UL><LI> model.o(.constdata)
</UL>
<P><STRONG><a name="[dd]"></a>TModel::get_calib_process()</STRONG> (Thumb, 52 bytes, Stack size 16 bytes, model.o(i._ZN6TModel17get_calib_processEv))
<BR><BR>[Stack]<UL><LI>Max Depth = 120<LI>Call Chain = TModel::get_calib_process() &rArr; xQueueGenericSend &rArr; vTaskPlaceOnEventList &rArr; prvAddCurrentTaskToDelayedList &rArr; vListInsert
</UL>
<BR>[Calls]<UL><LI><a href="#[da]">&gt;&gt;</a>&nbsp;&nbsp;&nbsp;xQueueGenericSend
<LI><a href="#[d9]">&gt;&gt;</a>&nbsp;&nbsp;&nbsp;xQueueGenericReceive
</UL>
<BR>[Called By]<UL><LI><a href="#[61]">&gt;&gt;</a>&nbsp;&nbsp;&nbsp;TModel::handler_calib(short, bool*)
</UL>

<P><STRONG><a name="[de]"></a>TModel::set_calib_process(TSettings::TCalibProcess)</STRONG> (Thumb, 50 bytes, Stack size 24 bytes, model.o(i._ZN6TModel17set_calib_processEN9TSettings13TCalibProcessE))
<BR><BR>[Stack]<UL><LI>Max Depth = 128<LI>Call Chain = TModel::set_calib_process(TSettings::TCalibProcess) &rArr; xQueueGenericSend &rArr; vTaskPlaceOnEventList &rArr; prvAddCurrentTaskToDelayedList &rArr; vListInsert
</UL>
<BR>[Calls]<UL><LI><a href="#[da]">&gt;&gt;</a>&nbsp;&nbsp;&nbsp;xQueueGenericSend
<LI><a href="#[d9]">&gt;&gt;</a>&nbsp;&nbsp;&nbsp;xQueueGenericReceive
</UL>
<BR>[Called By]<UL><LI><a href="#[63]">&gt;&gt;</a>&nbsp;&nbsp;&nbsp;TModel::handler_access(short, bool*)
<LI><a href="#[61]">&gt;&gt;</a>&nbsp;&nbsp;&nbsp;TModel::handler_calib(short, bool*)
</UL>

<P><STRONG><a name="[df]"></a>TModel::set_authorize_item_ptr(const TModel::TAuthorize*)</STRONG> (Thumb, 6 bytes, Stack size 0 bytes, model.o(i._ZN6TModel22set_authorize_item_ptrEPKNS_10TAuthorizeE))
<BR><BR>[Called By]<UL><LI><a href="#[63]">&gt;&gt;</a>&nbsp;&nbsp;&nbsp;TModel::handler_access(short, bool*)
</UL>

<P><STRONG><a name="[e0]"></a>TModel::TModel(void*&)</STRONG> (Thumb, 202 bytes, Stack size 96 bytes, model.o(i._ZN6TModelC1ERPv))
<BR><BR>[Stack]<UL><LI>Max Depth = 176<LI>Call Chain = TModel::TModel(void*&) &rArr; TFlash::write_sets(const unsigned char*, unsigned short) &rArr; TFlash::write_page(const unsigned char*, unsigned short, unsigned) const &rArr; TFlash::prog(const unsigned*, unsigned, unsigned) const
</UL>
<BR>[Calls]<UL><LI><a href="#[e1]">&gt;&gt;</a>&nbsp;&nbsp;&nbsp;TSettings::TSettings()
<LI><a href="#[e2]">&gt;&gt;</a>&nbsp;&nbsp;&nbsp;TFlash::get_sets(unsigned char*, unsigned short)
<LI><a href="#[d0]">&gt;&gt;</a>&nbsp;&nbsp;&nbsp;TFlash::write_sets(const unsigned char*, unsigned short)
<LI><a href="#[a6]">&gt;&gt;</a>&nbsp;&nbsp;&nbsp;__aeabi_memcpy4
<LI><a href="#[e3]">&gt;&gt;</a>&nbsp;&nbsp;&nbsp;__aeabi_memcpy
</UL>
<BR>[Called By]<UL><LI><a href="#[70]">&gt;&gt;</a>&nbsp;&nbsp;&nbsp;__sti___9_model_cpp_Model
</UL>

<P><STRONG><a name="[14c]"></a>TModel::TModel__sub_object(void*&)</STRONG> (Thumb, 0 bytes, Stack size 96 bytes, model.o(i._ZN6TModelC1ERPv), UNUSED)

<P><STRONG><a name="[5a]"></a>TModel::~TModel()</STRONG> (Thumb, 16 bytes, Stack size 8 bytes, model.o(i._ZN6TModelD1Ev))
<BR><BR>[Stack]<UL><LI>Max Depth = 8<LI>Call Chain = TModel::~TModel()
</UL>
<BR>[Calls]<UL><LI><a href="#[56]">&gt;&gt;</a>&nbsp;&nbsp;&nbsp;TSettings::~TSettings()
</UL>
<BR>[Address Reference Count : 1]<UL><LI> model.o(i.__sti___9_model_cpp_Model)
</UL>
<P><STRONG><a name="[14d]"></a>TModel::~TModel__sub_object()</STRONG> (Thumb, 0 bytes, Stack size 8 bytes, model.o(i._ZN6TModelD1Ev), UNUSED)

<P><STRONG><a name="[b5]"></a>TUsart::read_burst(unsigned char*, unsigned char)</STRONG> (Thumb, 48 bytes, Stack size 12 bytes, usart_driver_.o(i._ZN6TUsart10read_burstEPhh))
<BR><BR>[Stack]<UL><LI>Max Depth = 12<LI>Call Chain = TUsart::read_burst(unsigned char*, unsigned char)
</UL>
<BR>[Called By]<UL><LI><a href="#[b1]">&gt;&gt;</a>&nbsp;&nbsp;&nbsp;TExtMaster::parse_pkt()
</UL>

<P><STRONG><a name="[e4]"></a>TUsart::set_485_hd(unsigned, unsigned)</STRONG> (Thumb, 94 bytes, Stack size 16 bytes, usart_driver_.o(i._ZN6TUsart10set_485_hdEjj))
<BR><BR>[Stack]<UL><LI>Max Depth = 32<LI>Call Chain = TUsart::set_485_hd(unsigned, unsigned) &rArr; [local to usart_driver__cpp]::LL_USART_SetBaudRate(USART_TypeDef*, unsigned, unsigned, unsigned)
</UL>
<BR>[Calls]<UL><LI><a href="#[e5]">&gt;&gt;</a>&nbsp;&nbsp;&nbsp;[local to usart_driver__cpp]::LL_USART_SetBaudRate(USART_TypeDef*, unsigned, unsigned, unsigned)
</UL>
<BR>[Called By]<UL><LI><a href="#[b0]">&gt;&gt;</a>&nbsp;&nbsp;&nbsp;TUsart::hw_init(unsigned char)
</UL>

<P><STRONG><a name="[b4]"></a>TUsart::write_burst(const unsigned char*, unsigned char)</STRONG> (Thumb, 48 bytes, Stack size 16 bytes, usart_driver_.o(i._ZN6TUsart11write_burstEPKhh))
<BR><BR>[Stack]<UL><LI>Max Depth = 16<LI>Call Chain = TUsart::write_burst(const unsigned char*, unsigned char)
</UL>
<BR>[Called By]<UL><LI><a href="#[b3]">&gt;&gt;</a>&nbsp;&nbsp;&nbsp;TExtMaster::tx_data(float, unsigned char)
</UL>

<P><STRONG><a name="[e6]"></a>TUsart::en_eob_detect(unsigned char)</STRONG> (Thumb, 88 bytes, Stack size 16 bytes, usart_driver_.o(i._ZN6TUsart13en_eob_detectEh))
<BR><BR>[Stack]<UL><LI>Max Depth = 16<LI>Call Chain = TUsart::en_eob_detect(unsigned char)
</UL>
<BR>[Calls]<UL><LI><a href="#[e7]">&gt;&gt;</a>&nbsp;&nbsp;&nbsp;[local to usart_driver__cpp]::LL_USART_ClearFlag_RTO(USART_TypeDef*)
</UL>
<BR>[Called By]<UL><LI><a href="#[b0]">&gt;&gt;</a>&nbsp;&nbsp;&nbsp;TUsart::hw_init(unsigned char)
</UL>

<P><STRONG><a name="[e8]"></a>TUsart::set_interrupt()</STRONG> (Thumb, 176 bytes, Stack size 28 bytes, usart_driver_.o(i._ZN6TUsart13set_interruptEv))
<BR><BR>[Stack]<UL><LI>Max Depth = 28<LI>Call Chain = TUsart::set_interrupt()
</UL>
<BR>[Called By]<UL><LI><a href="#[b0]">&gt;&gt;</a>&nbsp;&nbsp;&nbsp;TUsart::hw_init(unsigned char)
</UL>

<P><STRONG><a name="[af]"></a>TUsart::pin_clk_config()</STRONG> (Thumb, 150 bytes, Stack size 32 bytes, usart_driver_.o(i._ZN6TUsart14pin_clk_configEv))
<BR><BR>[Stack]<UL><LI>Max Depth = 52<LI>Call Chain = TUsart::pin_clk_config() &rArr; LL_GPIO_Init
</UL>
<BR>[Calls]<UL><LI><a href="#[be]">&gt;&gt;</a>&nbsp;&nbsp;&nbsp;LL_GPIO_Init
</UL>
<BR>[Called By]<UL><LI><a href="#[54]">&gt;&gt;</a>&nbsp;&nbsp;&nbsp;lev_gauge_to_pc(void*)
</UL>

<P><STRONG><a name="[b0]"></a>TUsart::hw_init(unsigned char)</STRONG> (Thumb, 296 bytes, Stack size 120 bytes, usart_driver_.o(i._ZN6TUsart7hw_initEh))
<BR><BR>[Stack]<UL><LI>Max Depth = 192<LI>Call Chain = TUsart::hw_init(unsigned char) &rArr; LL_USART_Init &rArr; LL_RCC_GetUSARTClockFreq &rArr; RCC_GetSystemClockFreq &rArr; RCC_PLL_GetFreqDomain_SYS
</UL>
<BR>[Calls]<UL><LI><a href="#[e9]">&gt;&gt;</a>&nbsp;&nbsp;&nbsp;T_RS_485_phy::get_config()
<LI><a href="#[9b]">&gt;&gt;</a>&nbsp;&nbsp;&nbsp;LL_USART_Init
<LI><a href="#[97]">&gt;&gt;</a>&nbsp;&nbsp;&nbsp;LL_RCC_GetUSARTClockFreq
<LI><a href="#[ea]">&gt;&gt;</a>&nbsp;&nbsp;&nbsp;TUsart::set_232(unsigned, unsigned)
<LI><a href="#[e8]">&gt;&gt;</a>&nbsp;&nbsp;&nbsp;TUsart::set_interrupt()
<LI><a href="#[e6]">&gt;&gt;</a>&nbsp;&nbsp;&nbsp;TUsart::en_eob_detect(unsigned char)
<LI><a href="#[e4]">&gt;&gt;</a>&nbsp;&nbsp;&nbsp;TUsart::set_485_hd(unsigned, unsigned)
<LI><a href="#[a6]">&gt;&gt;</a>&nbsp;&nbsp;&nbsp;__aeabi_memcpy4
</UL>
<BR>[Called By]<UL><LI><a href="#[54]">&gt;&gt;</a>&nbsp;&nbsp;&nbsp;lev_gauge_to_pc(void*)
</UL>

<P><STRONG><a name="[ea]"></a>TUsart::set_232(unsigned, unsigned)</STRONG> (Thumb, 24 bytes, Stack size 16 bytes, usart_driver_.o(i._ZN6TUsart7set_232Ejj))
<BR><BR>[Stack]<UL><LI>Max Depth = 32<LI>Call Chain = TUsart::set_232(unsigned, unsigned) &rArr; [local to usart_driver__cpp]::LL_USART_SetBaudRate(USART_TypeDef*, unsigned, unsigned, unsigned)
</UL>
<BR>[Calls]<UL><LI><a href="#[e5]">&gt;&gt;</a>&nbsp;&nbsp;&nbsp;[local to usart_driver__cpp]::LL_USART_SetBaudRate(USART_TypeDef*, unsigned, unsigned, unsigned)
</UL>
<BR>[Called By]<UL><LI><a href="#[b0]">&gt;&gt;</a>&nbsp;&nbsp;&nbsp;TUsart::hw_init(unsigned char)
</UL>

<P><STRONG><a name="[b7]"></a>TUsart::TUsart(const TUsart_HW&, const TUsart::TSets&, TUsart::TMode)</STRONG> (Thumb, 40 bytes, Stack size 24 bytes, usart_driver_.o(i._ZN6TUsartC1ERK9TUsart_HWRKNS_5TSetsENS_5TModeE))
<BR><BR>[Stack]<UL><LI>Max Depth = 24<LI>Call Chain = TUsart::TUsart(const TUsart_HW&, const TUsart::TSets&, TUsart::TMode)
</UL>
<BR>[Calls]<UL><LI><a href="#[eb]">&gt;&gt;</a>&nbsp;&nbsp;&nbsp;T_RS_485_phy::T_RS_485_phy()
</UL>
<BR>[Called By]<UL><LI><a href="#[b6]">&gt;&gt;</a>&nbsp;&nbsp;&nbsp;TExtMaster::TExtMaster(const TUsart_HW&)
</UL>

<P><STRONG><a name="[14e]"></a>TUsart::TUsart__sub_object(const TUsart_HW&, const TUsart::TSets&, TUsart::TMode)</STRONG> (Thumb, 0 bytes, Stack size 24 bytes, usart_driver_.o(i._ZN6TUsartC1ERK9TUsart_HWRKNS_5TSetsENS_5TModeE), UNUSED)

<P><STRONG><a name="[b8]"></a>TUsart::~TUsart()</STRONG> (Thumb, 16 bytes, Stack size 8 bytes, usart_driver_.o(i._ZN6TUsartD1Ev))
<BR><BR>[Stack]<UL><LI>Max Depth = 8<LI>Call Chain = TUsart::~TUsart()
</UL>
<BR>[Calls]<UL><LI><a href="#[ec]">&gt;&gt;</a>&nbsp;&nbsp;&nbsp;T_RS_485_phy::~T_RS_485_phy()
</UL>
<BR>[Called By]<UL><LI><a href="#[58]">&gt;&gt;</a>&nbsp;&nbsp;&nbsp;TExtMaster::~TExtMaster()
</UL>

<P><STRONG><a name="[14f]"></a>TUsart::~TUsart__sub_object()</STRONG> (Thumb, 0 bytes, Stack size 8 bytes, usart_driver_.o(i._ZN6TUsartD1Ev), UNUSED)

<P><STRONG><a name="[f4]"></a>TButton::TButton(const TPin&)</STRONG> (Thumb, 4 bytes, Stack size 0 bytes, button.o(i._ZN7TButtonC1ERK4TPin))
<BR><BR>[Called By]<UL><LI><a href="#[6d]">&gt;&gt;</a>&nbsp;&nbsp;&nbsp;__sti___10_Button_cpp_Btn
</UL>

<P><STRONG><a name="[150]"></a>TButton::TButton__sub_object(const TPin&)</STRONG> (Thumb, 0 bytes, Stack size 0 bytes, button.o(i._ZN7TButtonC1ERK4TPin), UNUSED)

<P><STRONG><a name="[55]"></a>TButton::~TButton()</STRONG> (Thumb, 2 bytes, Stack size 0 bytes, button.o(i._ZN7TButtonD1Ev))
<BR>[Address Reference Count : 1]<UL><LI> button.o(i.__sti___10_Button_cpp_Btn)
</UL>
<P><STRONG><a name="[151]"></a>TButton::~TButton__sub_object()</STRONG> (Thumb, 0 bytes, Stack size 0 bytes, button.o(i._ZN7TButtonD1Ev), UNUSED)

<P><STRONG><a name="[e1]"></a>TSettings::TSettings()</STRONG> (Thumb, 88 bytes, Stack size 0 bytes, settings.o(i._ZN9TSettingsC1Ev))
<BR><BR>[Called By]<UL><LI><a href="#[e0]">&gt;&gt;</a>&nbsp;&nbsp;&nbsp;TModel::TModel(void*&)
<LI><a href="#[72]">&gt;&gt;</a>&nbsp;&nbsp;&nbsp;__sti___12_settings_cpp_Settings
</UL>

<P><STRONG><a name="[152]"></a>TSettings::TSettings__sub_object()</STRONG> (Thumb, 0 bytes, Stack size 0 bytes, settings.o(i._ZN9TSettingsC1Ev), UNUSED)

[...]
<BR><BR>[Stack]<UL><LI>Max Depth = 80<LI>Call Chain = prvCheckTasksWaitingTermination &rArr; prvDeleteTCB &rArr; vPortFree &rArr; xTaskResumeAll &rArr; xTaskIncrementTick
</UL>
<BR>[Calls]<UL><LI><a href="#[100]">&gt;&gt;</a>&nbsp;&nbsp;&nbsp;vPortExitCritical
<LI><a href="#[fe]">&gt;&gt;</a>&nbsp;&nbsp;&nbsp;vPortEnterCritical
<LI><a href="#[fa]">&gt;&gt;</a>&nbsp;&nbsp;&nbsp;uxListRemove
<LI><a href="#[106]">&gt;&gt;</a>&nbsp;&nbsp;&nbsp;xTaskResumeAll
<LI><a href="#[105]">&gt;&gt;</a>&nbsp;&nbsp;&nbsp;vTaskSuspendAll
<LI><a href="#[107]">&gt;&gt;</a>&nbsp;&nbsp;&nbsp;prvDeleteTCB
</UL>
<BR>[Called By]<UL><LI><a href="#[5c]">&gt;&gt;</a>&nbsp;&nbsp;&nbsp;prvIdleTask
</UL>

<P><STRONG><a name="[107]"></a>prvDeleteTCB</STRONG> (Thumb, 18 bytes, Stack size 8 bytes, tasks.o(i.prvDeleteTCB))
<BR><BR>[Stack]<UL><LI>Max Depth = 64<LI>Call Chain = prvDeleteTCB &rArr; vPortFree &rArr; xTaskResumeAll &rArr; xTaskIncrementTick
</UL>
<BR>[Calls]<UL><LI><a href="#[10b]">&gt;&gt;</a>&nbsp;&nbsp;&nbsp;vPortFree
</UL>
<BR>[Called By]<UL><LI><a href="#[104]">&gt;&gt;</a>&nbsp;&nbsp;&nbsp;prvCheckTasksWaitingTermination
</UL>

<P><STRONG><a name="[5c]"></a>prvIdleTask</STRONG> (Thumb, 12 bytes, Stack size 0 bytes, tasks.o(i.prvIdleTask))
<BR><BR>[Stack]<UL><LI>Max Depth = 80<LI>Call Chain = prvIdleTask &rArr; prvCheckTasksWaitingTermination &rArr; prvDeleteTCB &rArr; vPortFree &rArr; xTaskResumeAll &rArr; xTaskIncrementTick
</UL>
<BR>[Calls]<UL><LI><a href="#[10c]">&gt;&gt;</a>&nbsp;&nbsp;&nbsp;vApplicationIdleHook
<LI><a href="#[104]">&gt;&gt;</a>&nbsp;&nbsp;&nbsp;prvCheckTasksWaitingTermination
</UL>
<BR>[Address Reference Count : 1]<UL><LI> tasks.o(i.vTaskStartScheduler)
</UL>
<P><STRONG><a name="[110]"></a>prvInitialiseNewTask</STRONG> (Thumb, 180 bytes, Stack size 40 bytes, tasks.o(i.prvInitialiseNewTask))
<BR><BR>[Stack]<UL><LI>Max Depth = 40<LI>Call Chain = prvInitialiseNewTask
</UL>
<BR>[Calls]<UL><LI><a href="#[112]">&gt;&gt;</a>&nbsp;&nbsp;&nbsp;pxPortInitialiseStack
<LI><a href="#[111]">&gt;&gt;</a>&nbsp;&nbsp;&nbsp;vListInitialiseItem
<LI><a href="#[7c]">&gt;&gt;</a>&nbsp;&nbsp;&nbsp;__aeabi_memset
</UL>
<BR>[Called By]<UL><LI><a href="#[ba]">&gt;&gt;</a>&nbsp;&nbsp;&nbsp;xTaskCreate
</UL>

<P><STRONG><a name="[ff]"></a>prvInitialiseTaskLists</STRONG> (Thumb, 70 bytes, Stack size 8 bytes, tasks.o(i.prvInitialiseTaskLists))
<BR><BR>[Stack]<UL><LI>Max Depth = 8<LI>Call Chain = prvInitialiseTaskLists
</UL>
<BR>[Calls]<UL><LI><a href="#[102]">&gt;&gt;</a>&nbsp;&nbsp;&nbsp;vListInitialise
</UL>
<BR>[Called By]<UL><LI><a href="#[fd]">&gt;&gt;</a>&nbsp;&nbsp;&nbsp;prvAddNewTaskToReadyList
</UL>

<P><STRONG><a name="[134]"></a>prvResetNextTaskUnblockTime</STRONG> (Thumb, 42 bytes, Stack size 0 bytes, tasks.o(i.prvResetNextTaskUnblockTime))
<BR><BR>[Called By]<UL><LI><a href="#[a5]">&gt;&gt;</a>&nbsp;&nbsp;&nbsp;xTaskIncrementTick
<LI><a href="#[106]">&gt;&gt;</a>&nbsp;&nbsp;&nbsp;xTaskResumeAll
</UL>

<P><STRONG><a name="[101]"></a>prvCheckForValidListAndQueue</STRONG> (Thumb, 72 bytes, Stack size 8 bytes, timers.o(i.prvCheckForValidListAndQueue))
<BR><BR>[Stack]<UL><LI>Max Depth = 104<LI>Call Chain = prvCheckForValidListAndQueue &rArr; xQueueGenericCreate &rArr; pvPortMalloc &rArr; xTaskResumeAll &rArr; xTaskIncrementTick
</UL>
<BR>[Calls]<UL><LI><a href="#[100]">&gt;&gt;</a>&nbsp;&nbsp;&nbsp;vPortExitCritical
<LI><a href="#[fe]">&gt;&gt;</a>&nbsp;&nbsp;&nbsp;vPortEnterCritical
<LI><a href="#[c3]">&gt;&gt;</a>&nbsp;&nbsp;&nbsp;xQueueGenericCreate
<LI><a href="#[103]">&gt;&gt;</a>&nbsp;&nbsp;&nbsp;vQueueAddToRegistry
<LI><a href="#[102]">&gt;&gt;</a>&nbsp;&nbsp;&nbsp;vListInitialise
</UL>
<BR>[Called By]<UL><LI><a href="#[129]">&gt;&gt;</a>&nbsp;&nbsp;&nbsp;xTimerCreateTimerTask
</UL>

<P><STRONG><a name="[11e]"></a>prvGetNextExpireTime</STRONG> (Thumb, 36 bytes, Stack size 0 bytes, timers.o(i.prvGetNextExpireTime))
<BR><BR>[Called By]<UL><LI><a href="#[5d]">&gt;&gt;</a>&nbsp;&nbsp;&nbsp;prvTimerTask
</UL>

<P><STRONG><a name="[113]"></a>prvInsertTimerInActiveList</STRONG> (Thumb, 80 bytes, Stack size 24 bytes, timers.o(i.prvInsertTimerInActiveList))
<BR><BR>[Stack]<UL><LI>Max Depth = 32<LI>Call Chain = prvInsertTimerInActiveList &rArr; vListInsert
</UL>
<BR>[Calls]<UL><LI><a href="#[fc]">&gt;&gt;</a>&nbsp;&nbsp;&nbsp;vListInsert
</UL>
<BR>[Called By]<UL><LI><a href="#[118]">&gt;&gt;</a>&nbsp;&nbsp;&nbsp;prvProcessReceivedCommands
<LI><a href="#[116]">&gt;&gt;</a>&nbsp;&nbsp;&nbsp;prvProcessExpiredTimer
</UL>

<P><STRONG><a name="[116]"></a>prvProcessExpiredTimer</STRONG> (Thumb, 94 bytes, Stack size 24 bytes, timers.o(i.prvProcessExpiredTimer))
<BR><BR>[Stack]<UL><LI>Max Depth = 168<LI>Call Chain = prvProcessExpiredTimer &rArr; xTimerGenericCommand &rArr; xQueueGenericSend &rArr; vTaskPlaceOnEventList &rArr; prvAddCurrentTaskToDelayedList &rArr; vListInsert
</UL>
<BR>[Calls]<UL><LI><a href="#[fa]">&gt;&gt;</a>&nbsp;&nbsp;&nbsp;uxListRemove
<LI><a href="#[117]">&gt;&gt;</a>&nbsp;&nbsp;&nbsp;xTimerGenericCommand
<LI><a href="#[113]">&gt;&gt;</a>&nbsp;&nbsp;&nbsp;prvInsertTimerInActiveList
</UL>
<BR>[Called By]<UL><LI><a href="#[11a]">&gt;&gt;</a>&nbsp;&nbsp;&nbsp;prvProcessTimerOrBlockTask
</UL>

<P><STRONG><a name="[118]"></a>prvProcessReceivedCommands</STRONG> (Thumb, 242 bytes, Stack size 40 bytes, timers.o(i.prvProcessReceivedCommands))
<BR><BR>[Stack]<UL><LI>Max Depth = 232<LI>Call Chain = prvProcessReceivedCommands &rArr; prvSampleTimeNow &rArr; prvSwitchTimerLists &rArr; xTimerGenericCommand &rArr; xQueueGenericSend &rArr; vTaskPlaceOnEventList &rArr; prvAddCurrentTaskToDelayedList &rArr; vListInsert
</UL>
<BR>[Calls]<UL><LI><a href="#[fa]">&gt;&gt;</a>&nbsp;&nbsp;&nbsp;uxListRemove
<LI><a href="#[10b]">&gt;&gt;</a>&nbsp;&nbsp;&nbsp;vPortFree
<LI><a href="#[d9]">&gt;&gt;</a>&nbsp;&nbsp;&nbsp;xQueueGenericReceive
<LI><a href="#[117]">&gt;&gt;</a>&nbsp;&nbsp;&nbsp;xTimerGenericCommand
<LI><a href="#[119]">&gt;&gt;</a>&nbsp;&nbsp;&nbsp;prvSampleTimeNow
<LI><a href="#[113]">&gt;&gt;</a>&nbsp;&nbsp;&nbsp;prvInsertTimerInActiveList
</UL>
<BR>[Called By]<UL><LI><a href="#[5d]">&gt;&gt;</a>&nbsp;&nbsp;&nbsp;prvTimerTask
</UL>

<P><STRONG><a name="[11a]"></a>prvProcessTimerOrBlockTask</STRONG> (Thumb, 102 bytes, Stack size 24 bytes, timers.o(i.prvProcessTimerOrBlockTask))
<BR><BR>[Stack]<UL><LI>Max Depth = 216<LI>Call Chain = prvProcessTimerOrBlockTask &rArr; prvSampleTimeNow &rArr; prvSwitchTimerLists &rArr; xTimerGenericCommand &rArr; xQueueGenericSend &rArr; vTaskPlaceOnEventList &rArr; prvAddCurrentTaskToDelayedList &rArr; vListInsert
</UL>
<BR>[Calls]<UL><LI><a href="#[11b]">&gt;&gt;</a>&nbsp;&nbsp;&nbsp;vQueueWaitForMessageRestricted
<LI><a href="#[106]">&gt;&gt;</a>&nbsp;&nbsp;&nbsp;xTaskResumeAll
<LI><a href="#[105]">&gt;&gt;</a>&nbsp;&nbsp;&nbsp;vTaskSuspendAll
<LI><a href="#[119]">&gt;&gt;</a>&nbsp;&nbsp;&nbsp;prvSampleTimeNow
<LI><a href="#[116]">&gt;&gt;</a>&nbsp;&nbsp;&nbsp;prvProcessExpiredTimer
</UL>
<BR>[Called By]<UL><LI><a href="#[5d]">&gt;&gt;</a>&nbsp;&nbsp;&nbsp;prvTimerTask
</UL>

<P><STRONG><a name="[119]"></a>prvSampleTimeNow</STRONG> (Thumb, 40 bytes, Stack size 16 bytes, timers.o(i.prvSampleTimeNow))
<BR><BR>[Stack]<UL><LI>Max Depth = 192<LI>Call Chain = prvSampleTimeNow &rArr; prvSwitchTimerLists &rArr; xTimerGenericCommand &rArr; xQueueGenericSend &rArr; vTaskPlaceOnEventList &rArr; prvAddCurrentTaskToDelayedList &rArr; vListInsert
</UL>
<BR>[Calls]<UL><LI><a href="#[11d]">&gt;&gt;</a>&nbsp;&nbsp;&nbsp;prvSwitchTimerLists
<LI><a href="#[11c]">&gt;&gt;</a>&nbsp;&nbsp;&nbsp;xTaskGetTickCount
</UL>
<BR>[Called By]<UL><LI><a href="#[11a]">&gt;&gt;</a>&nbsp;&nbsp;&nbsp;prvProcessTimerOrBlockTask
<LI><a href="#[118]">&gt;&gt;</a>&nbsp;&nbsp;&nbsp;prvProcessReceivedCommands
</UL>

<P><STRONG><a name="[11d]"></a>prvSwitchTimerLists</STRONG> (Thumb, 150 bytes, Stack size 32 bytes, timers.o(i.prvSwitchTimerLists))
<BR><BR>[Stack]<UL><LI>Max Depth = 176<LI>Call Chain = prvSwitchTimerLists &rArr; xTimerGenericCommand &rArr; xQueueGenericSend &rArr; vTaskPlaceOnEventList &rArr; prvAddCurrentTaskToDelayedList &rArr; vListInsert
</UL>
<BR>[Calls]<UL><LI><a href="#[fc]">&gt;&gt;</a>&nbsp;&nbsp;&nbsp;vListInsert
<LI><a href="#[fa]">&gt;&gt;</a>&nbsp;&nbsp;&nbsp;uxListRemove
<LI><a href="#[117]">&gt;&gt;</a>&nbsp;&nbsp;&nbsp;xTimerGenericCommand
</UL>
<BR>[Called By]<UL><LI><a href="#[119]">&gt;&gt;</a>&nbsp;&nbsp;&nbsp;prvSampleTimeNow
</UL>

<P><STRONG><a name="[5d]"></a>prvTimerTask</STRONG> (Thumb, 26 bytes, Stack size 8 bytes, timers.o(i.prvTimerTask))
<BR><BR>[Stack]<UL><LI>Max Depth = 240<LI>Call Chain = prvTimerTask &rArr; prvProcessReceivedCommands &rArr; prvSampleTimeNow &rArr; prvSwitchTimerLists &rArr; xTimerGenericCommand &rArr; xQueueGenericSend &rArr; vTaskPlaceOnEventList &rArr; prvAddCurrentTaskToDelayedList &rArr; vListInsert
</UL>
<BR>[Calls]<UL><LI><a href="#[11a]">&gt;&gt;</a>&nbsp;&nbsp;&nbsp;prvProcessTimerOrBlockTask
<LI><a href="#[118]">&gt;&gt;</a>&nbsp;&nbsp;&nbsp;prvProcessReceivedCommands
<LI><a href="#[11e]">&gt;&gt;</a>&nbsp;&nbsp;&nbsp;prvGetNextExpireTime
</UL>
<BR>[Address Reference Count : 1]<UL><LI> timers.o(i.xTimerCreateTimerTask)
</UL>
<P><STRONG><a name="[72]"></a>__sti___12_settings_cpp_Settings</STRONG> (Thumb, 20 bytes, Stack size 8 bytes, settings.o(i.__sti___12_settings_cpp_Settings))
<BR><BR>[Stack]<UL><LI>Max Depth = 52<LI>Call Chain = __sti___12_settings_cpp_Settings &rArr; __aeabi_atexit &rArr; malloc
</UL>
<BR>[Calls]<UL><LI><a href="#[e1]">&gt;&gt;</a>&nbsp;&nbsp;&nbsp;TSettings::TSettings()
<LI><a href="#[7e]">&gt;&gt;</a>&nbsp;&nbsp;&nbsp;__aeabi_atexit
</UL>
<BR>[Address Reference Count : 1]<UL><LI> settings.o(.init_array)
</UL>
<P><STRONG><a name="[4]"></a>_ZN41_INTERNAL_19_lev_gauge_to_pc_cpp_aeccef4810duty_cycleERU8__packedf</STRONG> (Thumb, 28 bytes, Stack size 16 bytes, lev_gauge_to_pc.o(i._ZN41_INTERNAL_19_lev_gauge_to_pc_cpp_aeccef4810duty_cycleERU8__packedf))
<BR><BR>[Stack]<UL><LI>Max Depth = 16<LI>Call Chain = _ZN41_INTERNAL_19_lev_gauge_to_pc_cpp_aeccef4810duty_cycleERU8__packedf
</UL>
<BR>[Calls]<UL><LI><a href="#[cf]">&gt;&gt;</a>&nbsp;&nbsp;&nbsp;_ZN41_INTERNAL_19_lev_gauge_to_pc_cpp_aeccef489chk_rangeERU8__packedfRK6TRange
</UL>
<BR>[Address Reference Count : 1]<UL><LI> lev_gauge_to_pc.o(.data)
</UL>
<P><STRONG><a name="[5]"></a>_ZN41_INTERNAL_19_lev_gauge_to_pc_cpp_aeccef4813set_pos_pot_1ERU8__packedf</STRONG> (Thumb, 28 bytes, Stack size 16 bytes, lev_gauge_to_pc.o(i._ZN41_INTERNAL_19_lev_gauge_to_pc_cpp_aeccef4813set_pos_pot_1ERU8__packedf))
<BR><BR>[Stack]<UL><LI>Max Depth = 16<LI>Call Chain = _ZN41_INTERNAL_19_lev_gauge_to_pc_cpp_aeccef4813set_pos_pot_1ERU8__packedf
</UL>
<BR>[Calls]<UL><LI><a href="#[cf]">&gt;&gt;</a>&nbsp;&nbsp;&nbsp;_ZN41_INTERNAL_19_lev_gauge_to_pc_cpp_aeccef489chk_rangeERU8__packedfRK6TRange
</UL>
<BR>[Address Reference Count : 1]<UL><LI> lev_gauge_to_pc.o(.data)
</UL>
<P><STRONG><a name="[6]"></a>_ZN41_INTERNAL_19_lev_gauge_to_pc_cpp_aeccef4813set_pos_pot_2ERU8__packedf</STRONG> (Thumb, 28 bytes, Stack size 16 bytes, lev_gauge_to_pc.o(i._ZN41_INTERNAL_19_lev_gauge_to_pc_cpp_aeccef4813set_pos_pot_2ERU8__packedf))
<BR><BR>[Stack]<UL><LI>Max Depth = 16<LI>Call Chain = _ZN41_INTERNAL_19_lev_gauge_to_pc_cpp_aeccef4813set_pos_pot_2ERU8__packedf
</UL>
<BR>[Calls]<UL><LI><a href="#[cf]">&gt;&gt;</a>&nbsp;&nbsp;&nbsp;_ZN41_INTERNAL_19_lev_gauge_to_pc_cpp_aeccef489chk_rangeERU8__packedfRK6TRange
</UL>
<BR>[Address Reference Count : 1]<UL><LI> lev_gauge_to_pc.o(.data)
</UL>
<P><STRONG><a name="[3]"></a>_ZN41_INTERNAL_19_lev_gauge_to_pc_cpp_aeccef488set_fregERU8__packedf</STRONG> (Thumb, 28 bytes, Stack size 16 bytes, lev_gauge_to_pc.o(i._ZN41_INTERNAL_19_lev_gauge_to_pc_cpp_aeccef488set_fregERU8__packedf))
<BR><BR>[Stack]<UL><LI>Max Depth = 16<LI>Call Chain = _ZN41_INTERNAL_19_lev_gauge_to_pc_cpp_aeccef488set_fregERU8__packedf
</UL>
<BR>[Calls]<UL><LI><a href="#[cf]">&gt;&gt;</a>&nbsp;&nbsp;&nbsp;_ZN41_INTERNAL_19_lev_gauge_to_pc_cpp_aeccef489chk_rangeERU8__packedfRK6TRange
</UL>
<BR>[Address Reference Count : 1]<UL><LI> lev_gauge_to_pc.o(.data)
</UL>
<P><STRONG><a name="[cf]"></a>_ZN41_INTERNAL_19_lev_gauge_to_pc_cpp_aeccef489chk_rangeERU8__packedfRK6TRange</STRONG> (Thumb, 60 bytes, Stack size 0 bytes, lev_gauge_to_pc.o(i._ZN41_INTERNAL_19_lev_gauge_to_pc_cpp_aeccef489chk_rangeERU8__packedfRK6TRange))
<BR><BR>[Called By]<UL><LI><a href="#[3]">&gt;&gt;</a>&nbsp;&nbsp;&nbsp;_ZN41_INTERNAL_19_lev_gauge_to_pc_cpp_aeccef488set_fregERU8__packedf
<LI><a href="#[6]">&gt;&gt;</a>&nbsp;&nbsp;&nbsp;_ZN41_INTERNAL_19_lev_gauge_to_pc_cpp_aeccef4813set_pos_pot_2ERU8__packedf
<LI><a href="#[5]">&gt;&gt;</a>&nbsp;&nbsp;&nbsp;_ZN41_INTERNAL_19_lev_gauge_to_pc_cpp_aeccef4813set_pos_pot_1ERU8__packedf
<LI><a href="#[4]">&gt;&gt;</a>&nbsp;&nbsp;&nbsp;_ZN41_INTERNAL_19_lev_gauge_to_pc_cpp_aeccef4810duty_cycleERU8__packedf
</UL>

<P><STRONG><a name="[73]"></a>__sti___19_lev_gauge_to_pc_cpp_aeccef48</STRONG> (Thumb, 22 bytes, Stack size 8 bytes, lev_gauge_to_pc.o(i.__sti___19_lev_gauge_to_pc_cpp_aeccef48))
<BR><BR>[Stack]<UL><LI>Max Depth = 56<LI>Call Chain = __sti___19_lev_gauge_to_pc_cpp_aeccef48 &rArr; TExtMaster::TExtMaster(const TUsart_HW&) &rArr; TUsart::TUsart(const TUsart_HW&, const TUsart::TSets&, TUsart::TMode)
</UL>
<BR>[Calls]<UL><LI><a href="#[b6]">&gt;&gt;</a>&nbsp;&nbsp;&nbsp;TExtMaster::TExtMaster(const TUsart_HW&)
<LI><a href="#[7e]">&gt;&gt;</a>&nbsp;&nbsp;&nbsp;__aeabi_atexit
</UL>
<BR>[Address Reference Count : 1]<UL><LI> lev_gauge_to_pc.o(.init_array)
</UL>
<P><STRONG><a name="[68]"></a>[local to Line_wrapper_SPL_to_LL_cpp]::LL_TIM_EnableIT_CC1(TIM_TypeDef*)</STRONG> (Thumb, 10 bytes, Stack size 0 bytes, line_wrapper_spl_to_ll.o(i._ZN48_INTERNAL_26_Line_wrapper_SPL_to_LL_cpp_34a2820719LL_TIM_EnableIT_CC1EP11TIM_TypeDef))
<BR>[Address Reference Count : 1]<UL><LI> line_wrapper_spl_to_ll.o(.constdata)
</UL>
<P><STRONG><a name="[6a]"></a>[local to Line_wrapper_SPL_to_LL_cpp]::LL_TIM_EnableIT_CC2(TIM_TypeDef*)</STRONG> (Thumb, 10 bytes, Stack size 0 bytes, line_wrapper_spl_to_ll.o(i._ZN48_INTERNAL_26_Line_wrapper_SPL_to_LL_cpp_34a2820719LL_TIM_EnableIT_CC2EP11TIM_TypeDef))
<BR>[Address Reference Count : 1]<UL><LI> line_wrapper_spl_to_ll.o(.constdata)
</UL>
<P><STRONG><a name="[6c]"></a>[local to Line_wrapper_SPL_to_LL_cpp]::LL_TIM_EnableIT_CC3(TIM_TypeDef*)</STRONG> (Thumb, 10 bytes, Stack size 0 bytes, line_wrapper_spl_to_ll.o(i._ZN48_INTERNAL_26_Line_wrapper_SPL_to_LL_cpp_34a2820719LL_TIM_EnableIT_CC3EP11TIM_TypeDef))
<BR>[Address Reference Count : 1]<UL><LI> line_wrapper_spl_to_ll.o(.constdata)
</UL>
<P><STRONG><a name="[64]"></a>[local to Line_wrapper_SPL_to_LL_cpp]::LL_TIM_ClearFlag_CC1(TIM_TypeDef*)</STRONG> (Thumb, 8 bytes, Stack size 0 bytes, line_wrapper_spl_to_ll.o(i._ZN48_INTERNAL_26_Line_wrapper_SPL_to_LL_cpp_34a2820720LL_TIM_ClearFlag_CC1EP11TIM_TypeDef))
<BR>[Address Reference Count : 1]<UL><LI> line_wrapper_spl_to_ll.o(.constdata)
</UL>
<P><STRONG><a name="[65]"></a>[local to Line_wrapper_SPL_to_LL_cpp]::LL_TIM_ClearFlag_CC2(TIM_TypeDef*)</STRONG> (Thumb, 8 bytes, Stack size 0 bytes, line_wrapper_spl_to_ll.o(i._ZN48_INTERNAL_26_Line_wrapper_SPL_to_LL_cpp_34a2820720LL_TIM_ClearFlag_CC2EP11TIM_TypeDef))
<BR>[Address Reference Count : 1]<UL><LI> line_wrapper_spl_to_ll.o(.constdata)
</UL>
<P><STRONG><a name="[66]"></a>[local to Line_wrapper_SPL_to_LL_cpp]::LL_TIM_ClearFlag_CC3(TIM_TypeDef*)</STRONG> (Thumb, 8 bytes, Stack size 0 bytes, line_wrapper_spl_to_ll.o(i._ZN48_INTERNAL_26_Line_wrapper_SPL_to_LL_cpp_34a2820720LL_TIM_ClearFlag_CC3EP11TIM_TypeDef))
<BR>[Address Reference Count : 1]<UL><LI> line_wrapper_spl_to_ll.o(.constdata)
</UL>
<P><STRONG><a name="[67]"></a>[local to Line_wrapper_SPL_to_LL_cpp]::LL_TIM_DisableIT_CC1(TIM_TypeDef*)</STRONG> (Thumb, 10 bytes, Stack size 0 bytes, line_wrapper_spl_to_ll.o(i._ZN48_INTERNAL_26_Line_wrapper_SPL_to_LL_cpp_34a2820720LL_TIM_DisableIT_CC1EP11TIM_TypeDef))
<BR>[Address Reference Count : 1]<UL><LI> line_wrapper_spl_to_ll.o(.constdata)
</UL>
<P><STRONG><a name="[69]"></a>[local to Line_wrapper_SPL_to_LL_cpp]::LL_TIM_DisableIT_CC2(TIM_TypeDef*)</STRONG> (Thumb, 10 bytes, Stack size 0 bytes, line_wrapper_spl_to_ll.o(i._ZN48_INTERNAL_26_Line_wrapper_SPL_to_LL_cpp_34a2820720LL_TIM_DisableIT_CC2EP11TIM_TypeDef))
<BR>[Address Reference Count : 1]<UL><LI> line_wrapper_spl_to_ll.o(.constdata)
</UL>
<P><STRONG><a name="[6b]"></a>[local to Line_wrapper_SPL_to_LL_cpp]::LL_TIM_DisableIT_CC3(TIM_TypeDef*)</STRONG> (Thumb, 10 bytes, Stack size 0 bytes, line_wrapper_spl_to_ll.o(i._ZN48_INTERNAL_26_Line_wrapper_SPL_to_LL_cpp_34a2820720LL_TIM_DisableIT_CC3EP11TIM_TypeDef))
<BR>[Address Reference Count : 1]<UL><LI> line_wrapper_spl_to_ll.o(.constdata)
</UL>
<P><STRONG><a name="[87]"></a>NVIC_DisableIRQ</STRONG> (Thumb, 18 bytes, Stack size 0 bytes, sensline.o(i.NVIC_DisableIRQ))
<BR><BR>[Called By]<UL><LI><a href="#[86]">&gt;&gt;</a>&nbsp;&nbsp;&nbsp;DisableINT
</UL>

<P><STRONG><a name="[8d]"></a>NVIC_EnableIRQ</STRONG> (Thumb, 22 bytes, Stack size 0 bytes, sensline.o(i.NVIC_EnableIRQ))
<BR><BR>[Called By]<UL><LI><a href="#[8c]">&gt;&gt;</a>&nbsp;&nbsp;&nbsp;EnableINT
</UL>

<P><STRONG><a name="[98]"></a>LL_RCC_GetUSARTClockSource</STRONG> (Thumb, 14 bytes, Stack size 0 bytes, stm32l4xx_ll_rcc.o(i.LL_RCC_GetUSARTClockSource))
<BR><BR>[Called By]<UL><LI><a href="#[97]">&gt;&gt;</a>&nbsp;&nbsp;&nbsp;LL_RCC_GetUSARTClockFreq
</UL>

<P><STRONG><a name="[99]"></a>LL_RCC_HSI_IsReady</STRONG> (Thumb, 10 bytes, Stack size 0 bytes, stm32l4xx_ll_rcc.o(i.LL_RCC_HSI_IsReady))
<BR><BR>[Called By]<UL><LI><a href="#[97]">&gt;&gt;</a>&nbsp;&nbsp;&nbsp;LL_RCC_GetUSARTClockFreq
</UL>

<P><STRONG><a name="[9a]"></a>LL_RCC_LSE_IsReady</STRONG> (Thumb, 10 bytes, Stack size 0 bytes, stm32l4xx_ll_rcc.o(i.LL_RCC_LSE_IsReady))
<BR><BR>[Called By]<UL><LI><a href="#[97]">&gt;&gt;</a>&nbsp;&nbsp;&nbsp;LL_RCC_GetUSARTClockFreq
</UL>

<P><STRONG><a name="[9e]"></a>LL_RCC_MSI_GetRange</STRONG> (Thumb, 10 bytes, Stack size 0 bytes, stm32l4xx_ll_rcc.o(i.LL_RCC_MSI_GetRange))
<BR><BR>[Called By]<UL><LI><a href="#[a0]">&gt;&gt;</a>&nbsp;&nbsp;&nbsp;RCC_PLL_GetFreqDomain_SYS
<LI><a href="#[93]">&gt;&gt;</a>&nbsp;&nbsp;&nbsp;RCC_GetSystemClockFreq
</UL>

<P><STRONG><a name="[9f]"></a>LL_RCC_MSI_GetRangeAfterStandby</STRONG> (Thumb, 10 bytes, Stack size 0 bytes, stm32l4xx_ll_rcc.o(i.LL_RCC_MSI_GetRangeAfterStandby))
<BR><BR>[Called By]<UL><LI><a href="#[a0]">&gt;&gt;</a>&nbsp;&nbsp;&nbsp;RCC_PLL_GetFreqDomain_SYS
<LI><a href="#[93]">&gt;&gt;</a>&nbsp;&nbsp;&nbsp;RCC_GetSystemClockFreq
</UL>

<P><STRONG><a name="[9d]"></a>LL_RCC_MSI_IsEnabledRangeSelect</STRONG> (Thumb, 10 bytes, Stack size 0 bytes, stm32l4xx_ll_rcc.o(i.LL_RCC_MSI_IsEnabledRangeSelect))
<BR><BR>[Called By]<UL><LI><a href="#[a0]">&gt;&gt;</a>&nbsp;&nbsp;&nbsp;RCC_PLL_GetFreqDomain_SYS
<LI><a href="#[93]">&gt;&gt;</a>&nbsp;&nbsp;&nbsp;RCC_GetSystemClockFreq
</UL>

<P><STRONG><a name="[a2]"></a>LL_RCC_PLL_GetDivider</STRONG> (Thumb, 10 bytes, Stack size 0 bytes, stm32l4xx_ll_rcc.o(i.LL_RCC_PLL_GetDivider))
<BR><BR>[Called By]<UL><LI><a href="#[a0]">&gt;&gt;</a>&nbsp;&nbsp;&nbsp;RCC_PLL_GetFreqDomain_SYS
</UL>

<P><STRONG><a name="[a1]"></a>LL_RCC_PLL_GetMainSource</STRONG> (Thumb, 10 bytes, Stack size 0 bytes, stm32l4xx_ll_rcc.o(i.LL_RCC_PLL_GetMainSource))
<BR><BR>[Called By]<UL><LI><a href="#[a0]">&gt;&gt;</a>&nbsp;&nbsp;&nbsp;RCC_PLL_GetFreqDomain_SYS
</UL>

<P><STRONG><a name="[a3]"></a>LL_RCC_PLL_GetN</STRONG> (Thumb, 10 bytes, Stack size 0 bytes, stm32l4xx_ll_rcc.o(i.LL_RCC_PLL_GetN))
<BR><BR>[Called By]<UL><LI><a href="#[a0]">&gt;&gt;</a>&nbsp;&nbsp;&nbsp;RCC_PLL_GetFreqDomain_SYS
</UL>

<P><STRONG><a name="[9c]"></a>LL_USART_IsEnabled</STRONG> (Thumb, 10 bytes, Stack size 0 bytes, stm32l4xx_ll_usart.o(i.LL_USART_IsEnabled))
<BR><BR>[Called By]<UL><LI><a href="#[9b]">&gt;&gt;</a>&nbsp;&nbsp;&nbsp;LL_USART_Init
</UL>
<P>
<H3>
Undefined Global Symbols
</H3><HR></body></html>
