<!doctype html public "-//w3c//dtd html 4.0 transitional//en">
<html><head>
<title>Static Call Graph - [.\Objects\AA00_DEBUG.axf]</title></head>
<body><HR>
<H1>Static Call Graph for image .\Objects\AA00_DEBUG.axf</H1><HR>
<BR><P>#&#060CALLGRAPH&#062# ARM Linker, 5060528: Last Updated: Mon May 18 15:37:45 2020
<BR><P>
<H3>Maximum Stack Usage =        368 bytes + Unknown(Cycles, Untraceable Function Pointers)</H3><H3>
Call chain for Maximum Stack Depth:</H3>
lev_gauge_to_pc(void*) &rArr; TUsart::hw_init(unsigned char) &rArr; LL_USART_Init &rArr; LL_RCC_GetUSARTClockFreq &rArr; RCC_GetSystemClockFreq &rArr; RCC_PLL_GetFreqDomain_SYS
<P>
<H3>
Mutually Recursive functions
</H3> <LI><a href="#[5]">NMI_Handler</a>&nbsp;&nbsp;&nbsp;&rArr;&nbsp;&nbsp;&nbsp;<a href="#[5]">NMI_Handler</a><BR>
 <LI><a href="#[6]">HardFault_Handler</a>&nbsp;&nbsp;&nbsp;&rArr;&nbsp;&nbsp;&nbsp;<a href="#[6]">HardFault_Handler</a><BR>
 <LI><a href="#[7]">MemManage_Handler</a>&nbsp;&nbsp;&nbsp;&rArr;&nbsp;&nbsp;&nbsp;<a href="#[7]">MemManage_Handler</a><BR>
 <LI><a href="#[8]">BusFault_Handler</a>&nbsp;&nbsp;&nbsp;&rArr;&nbsp;&nbsp;&nbsp;<a href="#[8]">BusFault_Handler</a><BR>
 <LI><a href="#[9]">UsageFault_Handler</a>&nbsp;&nbsp;&nbsp;&rArr;&nbsp;&nbsp;&nbsp;<a href="#[9]">UsageFault_Handler</a><BR>
 <LI><a href="#[b]">DebugMon_Handler</a>&nbsp;&nbsp;&nbsp;&rArr;&nbsp;&nbsp;&nbsp;<a href="#[b]">DebugMon_Handler</a><BR>
 <LI><a href="#[20]">ADC1_IRQHandler</a>&nbsp;&nbsp;&nbsp;&rArr;&nbsp;&nbsp;&nbsp;<a href="#[20]">ADC1_IRQHandler</a><BR>
</UL>
<P>
<H3>
Function Pointers
</H3><UL>
 <LI><a href="#[20]">ADC1_IRQHandler</a> from startup_stm32l431xx.o(.text) referenced from startup_stm32l431xx.o(RESET)
 <LI><a href="#[8]">BusFault_Handler</a> from startup_stm32l431xx.o(.text) referenced from startup_stm32l431xx.o(RESET)
 <LI><a href="#[22]">CAN1_RX0_IRQHandler</a> from startup_stm32l431xx.o(.text) referenced from startup_stm32l431xx.o(RESET)
 <LI><a href="#[23]">CAN1_RX1_IRQHandler</a> from startup_stm32l431xx.o(.text) referenced from startup_stm32l431xx.o(RESET)
 <LI><a href="#[24]">CAN1_SCE_IRQHandler</a> from startup_stm32l431xx.o(.text) referenced from startup_stm32l431xx.o(RESET)
 <LI><a href="#[21]">CAN1_TX_IRQHandler</a> from startup_stm32l431xx.o(.text) referenced from startup_stm32l431xx.o(RESET)
 <LI><a href="#[3f]">COMP_IRQHandler</a> from startup_stm32l431xx.o(.text) referenced from startup_stm32l431xx.o(RESET)
 <LI><a href="#[4d]">CRS_IRQHandler</a> from startup_stm32l431xx.o(.text) referenced from startup_stm32l431xx.o(RESET)
 <LI><a href="#[19]">DMA1_Channel1_IRQHandler</a> from startup_stm32l431xx.o(.text) referenced from startup_stm32l431xx.o(RESET)
 <LI><a href="#[1a]">DMA1_Channel2_IRQHandler</a> from startup_stm32l431xx.o(.text) referenced from startup_stm32l431xx.o(RESET)
 <LI><a href="#[1b]">DMA1_Channel3_IRQHandler</a> from startup_stm32l431xx.o(.text) referenced from startup_stm32l431xx.o(RESET)
 <LI><a href="#[1c]">DMA1_Channel4_IRQHandler</a> from startup_stm32l431xx.o(.text) referenced from startup_stm32l431xx.o(RESET)
 <LI><a href="#[1d]">DMA1_Channel5_IRQHandler</a> from startup_stm32l431xx.o(.text) referenced from startup_stm32l431xx.o(RESET)
 <LI><a href="#[1e]">DMA1_Channel6_IRQHandler</a> from startup_stm32l431xx.o(.text) referenced from startup_stm32l431xx.o(RESET)
 <LI><a href="#[1f]">DMA1_Channel7_IRQHandler</a> from startup_stm32l431xx.o(.text) referenced from startup_stm32l431xx.o(RESET)
 <LI><a href="#[3a]">DMA2_Channel1_IRQHandler</a> from startup_stm32l431xx.o(.text) referenced from startup_stm32l431xx.o(RESET)
 <LI><a href="#[3b]">DMA2_Channel2_IRQHandler</a> from startup_stm32l431xx.o(.text) referenced from startup_stm32l431xx.o(RESET)
 <LI><a href="#[3c]">DMA2_Channel3_IRQHandler</a> from startup_stm32l431xx.o(.text) referenced from startup_stm32l431xx.o(RESET)
 <LI><a href="#[3d]">DMA2_Channel4_IRQHandler</a> from startup_stm32l431xx.o(.text) referenced from startup_stm32l431xx.o(RESET)
 <LI><a href="#[3e]">DMA2_Channel5_IRQHandler</a> from startup_stm32l431xx.o(.text) referenced from startup_stm32l431xx.o(RESET)
 <LI><a href="#[42]">DMA2_Channel6_IRQHandler</a> from startup_stm32l431xx.o(.text) referenced from startup_stm32l431xx.o(RESET)
 <LI><a href="#[43]">DMA2_Channel7_IRQHandler</a> from startup_stm32l431xx.o(.text) referenced from startup_stm32l431xx.o(RESET)
 <LI><a href="#[b]">DebugMon_Handler</a> from startup_stm32l431xx.o(.text) referenced from startup_stm32l431xx.o(RESET)
 <LI><a href="#[14]">EXTI0_IRQHandler</a> from startup_stm32l431xx.o(.text) referenced from startup_stm32l431xx.o(RESET)
 <LI><a href="#[34]">EXTI15_10_IRQHandler</a> from lev_gauge_to_pc.o(i.EXTI15_10_IRQHandler) referenced from startup_stm32l431xx.o(RESET)
 <LI><a href="#[15]">EXTI1_IRQHandler</a> from startup_stm32l431xx.o(.text) referenced from startup_stm32l431xx.o(RESET)
 <LI><a href="#[16]">EXTI2_IRQHandler</a> from startup_stm32l431xx.o(.text) referenced from startup_stm32l431xx.o(RESET)
 <LI><a href="#[17]">EXTI3_IRQHandler</a> from startup_stm32l431xx.o(.text) referenced from startup_stm32l431xx.o(RESET)
 <LI><a href="#[18]">EXTI4_IRQHandler</a> from startup_stm32l431xx.o(.text) referenced from startup_stm32l431xx.o(RESET)
 <LI><a href="#[25]">EXTI9_5_IRQHandler</a> from startup_stm32l431xx.o(.text) referenced from startup_stm32l431xx.o(RESET)
 <LI><a href="#[12]">FLASH_IRQHandler</a> from flash_driver.o(i.FLASH_IRQHandler) referenced from startup_stm32l431xx.o(RESET)
 <LI><a href="#[4c]">FPU_IRQHandler</a> from startup_stm32l431xx.o(.text) referenced from startup_stm32l431xx.o(RESET)
 <LI><a href="#[6]">HardFault_Handler</a> from startup_stm32l431xx.o(.text) referenced from startup_stm32l431xx.o(RESET)
 <LI><a href="#[2c]">I2C1_ER_IRQHandler</a> from i2c_driver.o(i.I2C1_ER_IRQHandler) referenced from startup_stm32l431xx.o(RESET)
 <LI><a href="#[2b]">I2C1_EV_IRQHandler</a> from i2c_driver.o(i.I2C1_EV_IRQHandler) referenced from startup_stm32l431xx.o(RESET)
 <LI><a href="#[2e]">I2C2_ER_IRQHandler</a> from i2c_driver.o(i.I2C2_ER_IRQHandler) referenced from startup_stm32l431xx.o(RESET)
 <LI><a href="#[2d]">I2C2_EV_IRQHandler</a> from i2c_driver.o(i.I2C2_EV_IRQHandler) referenced from startup_stm32l431xx.o(RESET)
 <LI><a href="#[47]">I2C3_ER_IRQHandler</a> from startup_stm32l431xx.o(.text) referenced from startup_stm32l431xx.o(RESET)
 <LI><a href="#[46]">I2C3_EV_IRQHandler</a> from startup_stm32l431xx.o(.text) referenced from startup_stm32l431xx.o(RESET)
 <LI><a href="#[40]">LPTIM1_IRQHandler</a> from startup_stm32l431xx.o(.text) referenced from startup_stm32l431xx.o(RESET)
 <LI><a href="#[41]">LPTIM2_IRQHandler</a> from startup_stm32l431xx.o(.text) referenced from startup_stm32l431xx.o(RESET)
 <LI><a href="#[44]">LPUART1_IRQHandler</a> from startup_stm32l431xx.o(.text) referenced from startup_stm32l431xx.o(RESET)
 <LI><a href="#[7]">MemManage_Handler</a> from startup_stm32l431xx.o(.text) referenced from startup_stm32l431xx.o(RESET)
 <LI><a href="#[5]">NMI_Handler</a> from startup_stm32l431xx.o(.text) referenced from startup_stm32l431xx.o(RESET)
 <LI><a href="#[f]">PVD_PVM_IRQHandler</a> from startup_stm32l431xx.o(.text) referenced from startup_stm32l431xx.o(RESET)
 <LI><a href="#[c]">PendSV_Handler</a> from port.o(.emb_text) referenced from startup_stm32l431xx.o(RESET)
 <LI><a href="#[45]">QUADSPI_IRQHandler</a> from startup_stm32l431xx.o(.text) referenced from startup_stm32l431xx.o(RESET)
 <LI><a href="#[13]">RCC_IRQHandler</a> from startup_stm32l431xx.o(.text) referenced from startup_stm32l431xx.o(RESET)
 <LI><a href="#[4b]">RNG_IRQHandler</a> from startup_stm32l431xx.o(.text) referenced from startup_stm32l431xx.o(RESET)
 <LI><a href="#[35]">RTC_Alarm_IRQHandler</a> from startup_stm32l431xx.o(.text) referenced from startup_stm32l431xx.o(RESET)
 <LI><a href="#[11]">RTC_WKUP_IRQHandler</a> from startup_stm32l431xx.o(.text) referenced from startup_stm32l431xx.o(RESET)
 <LI><a href="#[4]">Reset_Handler</a> from startup_stm32l431xx.o(.text) referenced from startup_stm32l431xx.o(RESET)
 <LI><a href="#[48]">SAI1_IRQHandler</a> from startup_stm32l431xx.o(.text) referenced from startup_stm32l431xx.o(RESET)
 <LI><a href="#[36]">SDMMC1_IRQHandler</a> from startup_stm32l431xx.o(.text) referenced from startup_stm32l431xx.o(RESET)
 <LI><a href="#[2f]">SPI1_IRQHandler</a> from startup_stm32l431xx.o(.text) referenced from startup_stm32l431xx.o(RESET)
 <LI><a href="#[30]">SPI2_IRQHandler</a> from startup_stm32l431xx.o(.text) referenced from startup_stm32l431xx.o(RESET)
 <LI><a href="#[37]">SPI3_IRQHandler</a> from startup_stm32l431xx.o(.text) referenced from startup_stm32l431xx.o(RESET)
 <LI><a href="#[a]">SVC_Handler</a> from port.o(.emb_text) referenced from startup_stm32l431xx.o(RESET)
 <LI><a href="#[49]">SWPMI1_IRQHandler</a> from startup_stm32l431xx.o(.text) referenced from startup_stm32l431xx.o(RESET)
 <LI><a href="#[d]">SysTick_Handler</a> from port.o(i.SysTick_Handler) referenced from startup_stm32l431xx.o(RESET)
 <LI><a href="#[4f]">SystemInit</a> from system_stm32l4xx.o(i.SystemInit) referenced from startup_stm32l431xx.o(.text)
 <LI><a href="#[10]">TAMP_STAMP_IRQHandler</a> from startup_stm32l431xx.o(.text) referenced from startup_stm32l431xx.o(RESET)
 <LI><a href="#[26]">TIM1_BRK_TIM15_IRQHandler</a> from lev_gauge_to_pc.o(i.TIM1_BRK_TIM15_IRQHandler) referenced from startup_stm32l431xx.o(RESET)
 <LI><a href="#[29]">TIM1_CC_IRQHandler</a> from startup_stm32l431xx.o(.text) referenced from startup_stm32l431xx.o(RESET)
 <LI><a href="#[28]">TIM1_TRG_COM_IRQHandler</a> from startup_stm32l431xx.o(.text) referenced from startup_stm32l431xx.o(RESET)
 <LI><a href="#[27]">TIM1_UP_TIM16_IRQHandler</a> from startup_stm32l431xx.o(.text) referenced from startup_stm32l431xx.o(RESET)
 <LI><a href="#[2a]">TIM2_IRQHandler</a> from startup_stm32l431xx.o(.text) referenced from startup_stm32l431xx.o(RESET)
 <LI><a href="#[38]">TIM6_DAC_IRQHandler</a> from flash_driver.o(i.TIM6_DAC_IRQHandler) referenced from startup_stm32l431xx.o(RESET)
 <LI><a href="#[39]">TIM7_IRQHandler</a> from startup_stm32l431xx.o(.text) referenced from startup_stm32l431xx.o(RESET)
 <LI><a href="#[4a]">TSC_IRQHandler</a> from startup_stm32l431xx.o(.text) referenced from startup_stm32l431xx.o(RESET)
 <LI><a href="#[31]">USART1_IRQHandler</a> from startup_stm32l431xx.o(.text) referenced from startup_stm32l431xx.o(RESET)
 <LI><a href="#[32]">USART2_IRQHandler</a> from startup_stm32l431xx.o(.text) referenced from startup_stm32l431xx.o(RESET)
 <LI><a href="#[33]">USART3_IRQHandler</a> from startup_stm32l431xx.o(.text) referenced from startup_stm32l431xx.o(RESET)
 <LI><a href="#[9]">UsageFault_Handler</a> from startup_stm32l431xx.o(.text) referenced from startup_stm32l431xx.o(RESET)
 <LI><a href="#[e]">WWDG_IRQHandler</a> from startup_stm32l431xx.o(.text) referenced from startup_stm32l431xx.o(RESET)
 <LI><a href="#[51]">lev_gauge_to_pc(void*)</a> from lev_gauge_to_pc.o(i._Z15lev_gauge_to_pcPv) referenced from main.o(i._ZN29_INTERNAL_8_main_cpp_6396510212create_tasksEv)
 <LI><a href="#[67]">TExtMaster::all_pkt_tx(const unsigned char*, unsigned short)</a> from ext_master.o(i._ZN10TExtMaster10all_pkt_txEPKht) referenced from ext_master.o(.constdata)
 <LI><a href="#[64]">TExtMaster::no_wrap_tx(const unsigned char*, unsigned short)</a> from ext_master.o(i._ZN10TExtMaster10no_wrap_txEPKht) referenced from ext_master.o(.constdata)
 <LI><a href="#[65]">TExtMaster::start_wrap_tx(const unsigned char*, unsigned short)</a> from ext_master.o(i._ZN10TExtMaster13start_wrap_txEPKht) referenced from ext_master.o(.constdata)
 <LI><a href="#[66]">TExtMaster::finish_wrap_tx(const unsigned char*, unsigned short)</a> from ext_master.o(i._ZN10TExtMaster14finish_wrap_txEPKht) referenced from ext_master.o(.constdata)
 <LI><a href="#[68]">TExchngToPC::rx_set_freg(TExchngToPC::TParamHandle*)</a> from lev_gauge_to_pc.o(i._ZN11TExchngToPC11rx_set_fregEPNS_12TParamHandleE) referenced from lev_gauge_to_pc.o(.constdata)
 <LI><a href="#[69]">TExchngToPC::tx_set_freg(TExchngToPC::TParamHandle*)</a> from lev_gauge_to_pc.o(i._ZN11TExchngToPC11tx_set_fregEPNS_12TParamHandleE) referenced from lev_gauge_to_pc.o(.constdata)
 <LI><a href="#[71]">TExchngToPC::rx_start_adc(TExchngToPC::TParamHandle*)</a> from lev_gauge_to_pc.o(i._ZN11TExchngToPC12rx_start_adcEPNS_12TParamHandleE) referenced from lev_gauge_to_pc.o(.constdata)
 <LI><a href="#[73]">TExchngToPC::rx_cmp_capture(TExchngToPC::TParamHandle*)</a> from lev_gauge_to_pc.o(i._ZN11TExchngToPC14rx_cmp_captureEPNS_12TParamHandleE) referenced from lev_gauge_to_pc.o(.constdata)
 <LI><a href="#[74]">TExchngToPC::tx_cmp_capture(TExchngToPC::TParamHandle*)</a> from lev_gauge_to_pc.o(i._ZN11TExchngToPC14tx_cmp_captureEPNS_12TParamHandleE) referenced from lev_gauge_to_pc.o(.constdata)
 <LI><a href="#[75]">TExchngToPC::rx_diff_capture(TExchngToPC::TParamHandle*)</a> from lev_gauge_to_pc.o(i._ZN11TExchngToPC15rx_diff_captureEPNS_12TParamHandleE) referenced from lev_gauge_to_pc.o(.constdata)
 <LI><a href="#[76]">TExchngToPC::tx_diff_capture(TExchngToPC::TParamHandle*)</a> from lev_gauge_to_pc.o(i._ZN11TExchngToPC15tx_diff_captureEPNS_12TParamHandleE) referenced from lev_gauge_to_pc.o(.constdata)
 <LI><a href="#[6c]">TExchngToPC::rx_set_pos_pot_1(TExchngToPC::TParamHandle*)</a> from lev_gauge_to_pc.o(i._ZN11TExchngToPC16rx_set_pos_pot_1EPNS_12TParamHandleE) referenced from lev_gauge_to_pc.o(.constdata)
 <LI><a href="#[6e]">TExchngToPC::rx_set_pos_pot_2(TExchngToPC::TParamHandle*)</a> from lev_gauge_to_pc.o(i._ZN11TExchngToPC16rx_set_pos_pot_2EPNS_12TParamHandleE) referenced from lev_gauge_to_pc.o(.constdata)
 <LI><a href="#[6d]">TExchngToPC::tx_set_pos_pot_1(TExchngToPC::TParamHandle*)</a> from lev_gauge_to_pc.o(i._ZN11TExchngToPC16tx_set_pos_pot_1EPNS_12TParamHandleE) referenced from lev_gauge_to_pc.o(.constdata)
 <LI><a href="#[6f]">TExchngToPC::tx_set_pos_pot_2(TExchngToPC::TParamHandle*)</a> from lev_gauge_to_pc.o(i._ZN11TExchngToPC16tx_set_pos_pot_2EPNS_12TParamHandleE) referenced from lev_gauge_to_pc.o(.constdata)
 <LI><a href="#[6a]">TExchngToPC::rx_set_duty_cycle(TExchngToPC::TParamHandle*)</a> from lev_gauge_to_pc.o(i._ZN11TExchngToPC17rx_set_duty_cycleEPNS_12TParamHandleE) referenced from lev_gauge_to_pc.o(.constdata)
 <LI><a href="#[6b]">TExchngToPC::tx_set_duty_cycle(TExchngToPC::TParamHandle*)</a> from lev_gauge_to_pc.o(i._ZN11TExchngToPC17tx_set_duty_cycleEPNS_12TParamHandleE) referenced from lev_gauge_to_pc.o(.constdata)
 <LI><a href="#[72]">TExchngToPC::tx_adc(TExchngToPC::TParamHandle*)</a> from lev_gauge_to_pc.o(i._ZN11TExchngToPC6tx_adcEPNS_12TParamHandleE) referenced from lev_gauge_to_pc.o(.constdata)
 <LI><a href="#[70]">TExchngToPC::tx_test(TExchngToPC::TParamHandle*)</a> from lev_gauge_to_pc.o(i._ZN11TExchngToPC7tx_testEPNS_12TParamHandleE) referenced from lev_gauge_to_pc.o(.constdata)
 <LI><a href="#[56]">TExchngToPC::~TExchngToPC()</a> from lev_gauge_to_pc.o(i._ZN11TExchngToPCD1Ev) referenced from lev_gauge_to_pc.o(i.__sti___19_lev_gauge_to_pc_cpp_UIF)
 <LI><a href="#[0]">[local to hard_config_cpp]::LL_AHB2_GRP1_EnableClock(unsigned)</a> from hard_config.o(i._ZN35_INTERNAL_15_hard_config_cpp_Pot_HW24LL_AHB2_GRP1_EnableClockEj) referenced 54 times from hard_config.o(.data)
 <LI><a href="#[2]">[local to hard_config_cpp]::LL_APB1_GRP1_EnableClock(unsigned)</a> from hard_config.o(i._ZN35_INTERNAL_15_hard_config_cpp_Pot_HW24LL_APB1_GRP1_EnableClockEj) referenced 2 times from hard_config.o(.data)
 <LI><a href="#[1]">[local to hard_config_cpp]::LL_APB2_GRP1_EnableClock(unsigned)</a> from hard_config.o(i._ZN35_INTERNAL_15_hard_config_cpp_Pot_HW24LL_APB2_GRP1_EnableClockEj) referenced 10 times from hard_config.o(.data)
 <LI><a href="#[3]">[local to hard_config_cpp]::LL_RCC_SetADCClockSource(unsigned)</a> from hard_config.o(i._ZN35_INTERNAL_15_hard_config_cpp_Pot_HW24LL_RCC_SetADCClockSourceEj) referenced 2 times from hard_config.o(.data)
 <LI><a href="#[57]">TLed::~TLed()</a> from led.o(i._ZN4TLedD1Ev) referenced from led.o(i.__sti___7_Led_cpp_Led)
 <LI><a href="#[55]">TFlash::~TFlash()</a> from flash_driver.o(i._ZN6TFlashD1Ev) referenced from flash_driver.o(i.__sti___16_Flash_driver_cpp_d50a58b4)
 <LI><a href="#[5e]">TModel::get_psw_admin()</a> from model.o(i._ZN6TModel13get_psw_adminEv) referenced from model.o(.constdata)
 <LI><a href="#[5f]">TModel::get_psw_super()</a> from model.o(i._ZN6TModel13get_psw_superEv) referenced from model.o(.constdata)
 <LI><a href="#[61]">TModel::handler_calib(short, bool*)</a> from model.o(i._ZN6TModel13handler_calibEsPb) referenced from model.o(.constdata)
 <LI><a href="#[63]">TModel::handler_access(short, bool*)</a> from model.o(i._ZN6TModel14handler_accessEsPb) referenced from model.o(.constdata)
 <LI><a href="#[58]">TModel::~TModel()</a> from model.o(i._ZN6TModelD1Ev) referenced from model.o(i.__sti___9_model_cpp_Model)
 <LI><a href="#[53]">TButton::~TButton()</a> from button.o(i._ZN7TButtonD1Ev) referenced from button.o(i.__sti___10_Button_cpp_Btn)
 <LI><a href="#[5d]">T_AD8402::sdi_clr()</a> from ad8402.o(i._ZN8T_AD84027sdi_clrEv) referenced from ad8402.o(.constdata)
 <LI><a href="#[5c]">T_AD8402::sdi_set()</a> from ad8402.o(i._ZN8T_AD84027sdi_setEv) referenced from ad8402.o(.constdata)
 <LI><a href="#[52]">T_AD8402::~T_AD8402()</a> from ad8402.o(i._ZN8T_AD8402D1Ev) referenced from ad8402.o(i.__sti___10_AD8402_cpp_AD8402)
 <LI><a href="#[54]">TSettings::~TSettings()</a> from settings.o(i._ZN9TSettingsD1Ev) referenced from settings.o(i.__sti___12_settings_cpp_Settings)
 <LI><a href="#[62]">TSettings::chk_access(short) const</a> from settings.o(i._ZNK9TSettings10chk_accessEs) referenced from model.o(.constdata)
 <LI><a href="#[60]">TSettings::chk_calib(short) const</a> from settings.o(i._ZNK9TSettings9chk_calibEs) referenced from model.o(.constdata)
 <LI><a href="#[50]">__main</a> from entry.o(.ARM.Collect$$$$00000000) referenced from startup_stm32l431xx.o(.text)
 <LI><a href="#[79]">__sti___10_AD8402_cpp_AD8402</a> from ad8402.o(i.__sti___10_AD8402_cpp_AD8402) referenced from ad8402.o(.init_array)
 <LI><a href="#[77]">__sti___10_Button_cpp_Btn</a> from button.o(i.__sti___10_Button_cpp_Btn) referenced from button.o(.init_array)
 <LI><a href="#[7d]">__sti___12_settings_cpp_Settings</a> from settings.o(i.__sti___12_settings_cpp_Settings) referenced from settings.o(.init_array)
 <LI><a href="#[7c]">__sti___16_Flash_driver_cpp_d50a58b4</a> from flash_driver.o(i.__sti___16_Flash_driver_cpp_d50a58b4) referenced from flash_driver.o(.init_array)
 <LI><a href="#[7e]">__sti___19_lev_gauge_to_pc_cpp_UIF</a> from lev_gauge_to_pc.o(i.__sti___19_lev_gauge_to_pc_cpp_UIF) referenced from lev_gauge_to_pc.o(.init_array)
 <LI><a href="#[78]">__sti___7_Led_cpp_Led</a> from led.o(i.__sti___7_Led_cpp_Led) referenced from led.o(.init_array)
 <LI><a href="#[7a]">__sti___8_main_cpp_63965102</a> from main.o(i.__sti___8_main_cpp_63965102) referenced from main.o(.init_array)
 <LI><a href="#[7b]">__sti___9_model_cpp_Model</a> from model.o(i.__sti___9_model_cpp_Model) referenced from model.o(.init_array)
 <LI><a href="#[4e]">main</a> from main.o(i.main) referenced from entry9a.o(.ARM.Collect$$$$0000000B)
 <LI><a href="#[5a]">prvIdleTask</a> from tasks.o(i.prvIdleTask) referenced from tasks.o(i.vTaskStartScheduler)
 <LI><a href="#[59]">prvTaskExitError</a> from port.o(i.prvTaskExitError) referenced from port.o(i.pxPortInitialiseStack)
 <LI><a href="#[5b]">prvTimerTask</a> from timers.o(i.prvTimerTask) referenced from timers.o(i.xTimerCreateTimerTask)
</UL>
<P>
<H3>
Global Symbols
</H3>
<P><STRONG><a name="[50]"></a>__main</STRONG> (Thumb, 0 bytes, Stack size unknown bytes, entry.o(.ARM.Collect$$$$00000000))
<BR>[Address Reference Count : 1]<UL><LI> startup_stm32l431xx.o(.text)
</UL>
<P><STRONG><a name="[18a]"></a>_main_stk</STRONG> (Thumb, 0 bytes, Stack size unknown bytes, entry2.o(.ARM.Collect$$$$00000001))

<P><STRONG><a name="[80]"></a>_main_scatterload</STRONG> (Thumb, 0 bytes, Stack size unknown bytes, entry5.o(.ARM.Collect$$$$00000004))
<BR><BR>[Calls]<UL><LI><a href="#[81]">&gt;&gt;</a>&nbsp;&nbsp;&nbsp;__scatterload
</UL>

<P><STRONG><a name="[8d]"></a>__main_after_scatterload</STRONG> (Thumb, 0 bytes, Stack size unknown bytes, entry5.o(.ARM.Collect$$$$00000004))
<BR><BR>[Called By]<UL><LI><a href="#[81]">&gt;&gt;</a>&nbsp;&nbsp;&nbsp;__scatterload
</UL>

<P><STRONG><a name="[18b]"></a>_main_clock</STRONG> (Thumb, 0 bytes, Stack size unknown bytes, entry7b.o(.ARM.Collect$$$$00000008))

<P><STRONG><a name="[82]"></a>_main_cpp_init$empty</STRONG> (Thumb, 0 bytes, Stack size unknown bytes, entry8a.o(.ARM.Collect$$$$00000009))
<BR><BR>[Stack]<UL><LI>Max Depth = 16 + Unknown Stack Size
<LI>Call Chain = _main_cpp_init$empty &rArr; __cpp_initialize__aeabi_
</UL>
<BR>[Calls]<UL><LI><a href="#[7f]">&gt;&gt;</a>&nbsp;&nbsp;&nbsp;__cpp_initialize__aeabi_
</UL>

<P><STRONG><a name="[18c]"></a>_main_cpp_init</STRONG> (Thumb, 0 bytes, Stack size unknown bytes, entry8b.o(.ARM.Collect$$$$0000000A))

<P><STRONG><a name="[18d]"></a>_main_init</STRONG> (Thumb, 0 bytes, Stack size unknown bytes, entry9a.o(.ARM.Collect$$$$0000000B))

<P><STRONG><a name="[18e]"></a>__rt_final_cpp</STRONG> (Thumb, 0 bytes, Stack size unknown bytes, entry10a.o(.ARM.Collect$$$$0000000D))

<P><STRONG><a name="[83]"></a>__rt_final_cpp$nonempty</STRONG> (Thumb, 0 bytes, Stack size unknown bytes, entry10b.o(.ARM.Collect$$$$0000000E))
<BR><BR>[Stack]<UL><LI>Max Depth = 32 + Unknown Stack Size
<LI>Call Chain = __rt_final_cpp$nonempty &rArr; __cxa_finalize &rArr; free
</UL>
<BR>[Calls]<UL><LI><a href="#[84]">&gt;&gt;</a>&nbsp;&nbsp;&nbsp;__cxa_finalize
</UL>

<P><STRONG><a name="[18f]"></a>__rt_final_exit</STRONG> (Thumb, 0 bytes, Stack size unknown bytes, entry11a.o(.ARM.Collect$$$$0000000F))

<P><STRONG><a name="[a]"></a>SVC_Handler</STRONG> (Thumb, 28 bytes, Stack size 0 bytes, port.o(.emb_text))
<BR>[Address Reference Count : 1]<UL><LI> startup_stm32l431xx.o(RESET)
</UL>
<P><STRONG><a name="[183]"></a>__asm___6_port_c_39a90d8d__prvStartFirstTask</STRONG> (Thumb, 36 bytes, Stack size 0 bytes, port.o(.emb_text))
<BR><BR>[Called By]<UL><LI><a href="#[17f]">&gt;&gt;</a>&nbsp;&nbsp;&nbsp;xPortStartScheduler
</UL>

<P><STRONG><a name="[182]"></a>__asm___6_port_c_39a90d8d__prvEnableVFP</STRONG> (Thumb, 16 bytes, Stack size 0 bytes, port.o(.emb_text))
<BR><BR>[Called By]<UL><LI><a href="#[17f]">&gt;&gt;</a>&nbsp;&nbsp;&nbsp;xPortStartScheduler
</UL>

<P><STRONG><a name="[c]"></a>PendSV_Handler</STRONG> (Thumb, 88 bytes, Stack size 0 bytes, port.o(.emb_text))
<BR><BR>[Stack]<UL><LI>Max Depth = 8<LI>Call Chain = PendSV_Handler &rArr; vTaskSwitchContext
</UL>
<BR>[Calls]<UL><LI><a href="#[85]">&gt;&gt;</a>&nbsp;&nbsp;&nbsp;vTaskSwitchContext
</UL>
<BR>[Address Reference Count : 1]<UL><LI> startup_stm32l431xx.o(RESET)
</UL>
<P><STRONG><a name="[17a]"></a>vPortGetIPSR</STRONG> (Thumb, 6 bytes, Stack size 0 bytes, port.o(.emb_text))
<BR><BR>[Called By]<UL><LI><a href="#[179]">&gt;&gt;</a>&nbsp;&nbsp;&nbsp;vPortValidateInterruptPriority
</UL>

<P><STRONG><a name="[4]"></a>Reset_Handler</STRONG> (Thumb, 8 bytes, Stack size 0 bytes, startup_stm32l431xx.o(.text))
<BR>[Address Reference Count : 1]<UL><LI> startup_stm32l431xx.o(RESET)
</UL>
<P><STRONG><a name="[5]"></a>NMI_Handler</STRONG> (Thumb, 2 bytes, Stack size 0 bytes, startup_stm32l431xx.o(.text))
<BR><BR>[Calls]<UL><LI><a href="#[5]">&gt;&gt;</a>&nbsp;&nbsp;&nbsp;NMI_Handler
</UL>
<BR>[Called By]<UL><LI><a href="#[5]">&gt;&gt;</a>&nbsp;&nbsp;&nbsp;NMI_Handler
</UL>
<BR>[Address Reference Count : 1]<UL><LI> startup_stm32l431xx.o(RESET)
</UL>
<P><STRONG><a name="[6]"></a>HardFault_Handler</STRONG> (Thumb, 2 bytes, Stack size 0 bytes, startup_stm32l431xx.o(.text))
<BR><BR>[Calls]<UL><LI><a href="#[6]">&gt;&gt;</a>&nbsp;&nbsp;&nbsp;HardFault_Handler
</UL>
<BR>[Called By]<UL><LI><a href="#[6]">&gt;&gt;</a>&nbsp;&nbsp;&nbsp;HardFault_Handler
</UL>
<BR>[Address Reference Count : 1]<UL><LI> startup_stm32l431xx.o(RESET)
</UL>
<P><STRONG><a name="[7]"></a>MemManage_Handler</STRONG> (Thumb, 2 bytes, Stack size 0 bytes, startup_stm32l431xx.o(.text))
<BR><BR>[Calls]<UL><LI><a href="#[7]">&gt;&gt;</a>&nbsp;&nbsp;&nbsp;MemManage_Handler
</UL>
<BR>[Called By]<UL><LI><a href="#[7]">&gt;&gt;</a>&nbsp;&nbsp;&nbsp;MemManage_Handler
</UL>
<BR>[Address Reference Count : 1]<UL><LI> startup_stm32l431xx.o(RESET)
</UL>
<P><STRONG><a name="[8]"></a>BusFault_Handler</STRONG> (Thumb, 2 bytes, Stack size 0 bytes, startup_stm32l431xx.o(.text))
<BR><BR>[Calls]<UL><LI><a href="#[8]">&gt;&gt;</a>&nbsp;&nbsp;&nbsp;BusFault_Handler
</UL>
<BR>[Called By]<UL><LI><a href="#[8]">&gt;&gt;</a>&nbsp;&nbsp;&nbsp;BusFault_Handler
</UL>
<BR>[Address Reference Count : 1]<UL><LI> startup_stm32l431xx.o(RESET)
</UL>
<P><STRONG><a name="[9]"></a>UsageFault_Handler</STRONG> (Thumb, 2 bytes, Stack size 0 bytes, startup_stm32l431xx.o(.text))
<BR><BR>[Calls]<UL><LI><a href="#[9]">&gt;&gt;</a>&nbsp;&nbsp;&nbsp;UsageFault_Handler
</UL>
<BR>[Called By]<UL><LI><a href="#[9]">&gt;&gt;</a>&nbsp;&nbsp;&nbsp;UsageFault_Handler
</UL>
<BR>[Address Reference Count : 1]<UL><LI> startup_stm32l431xx.o(RESET)
</UL>
<P><STRONG><a name="[b]"></a>DebugMon_Handler</STRONG> (Thumb, 2 bytes, Stack size 0 bytes, startup_stm32l431xx.o(.text))
<BR><BR>[Calls]<UL><LI><a href="#[b]">&gt;&gt;</a>&nbsp;&nbsp;&nbsp;DebugMon_Handler
</UL>
<BR>[Called By]<UL><LI><a href="#[b]">&gt;&gt;</a>&nbsp;&nbsp;&nbsp;DebugMon_Handler
</UL>
<BR>[Address Reference Count : 1]<UL><LI> startup_stm32l431xx.o(RESET)
</UL>
<P><STRONG><a name="[20]"></a>ADC1_IRQHandler</STRONG> (Thumb, 0 bytes, Stack size 0 bytes, startup_stm32l431xx.o(.text))
<BR><BR>[Calls]<UL><LI><a href="#[20]">&gt;&gt;</a>&nbsp;&nbsp;&nbsp;ADC1_IRQHandler
</UL>
<BR>[Called By]<UL><LI><a href="#[20]">&gt;&gt;</a>&nbsp;&nbsp;&nbsp;ADC1_IRQHandler
</UL>
<BR>[Address Reference Count : 1]<UL><LI> startup_stm32l431xx.o(RESET)
</UL>
<P><STRONG><a name="[22]"></a>CAN1_RX0_IRQHandler</STRONG> (Thumb, 0 bytes, Stack size 0 bytes, startup_stm32l431xx.o(.text))
<BR>[Address Reference Count : 1]<UL><LI> startup_stm32l431xx.o(RESET)
</UL>
<P><STRONG><a name="[23]"></a>CAN1_RX1_IRQHandler</STRONG> (Thumb, 0 bytes, Stack size 0 bytes, startup_stm32l431xx.o(.text))
<BR>[Address Reference Count : 1]<UL><LI> startup_stm32l431xx.o(RESET)
</UL>
<P><STRONG><a name="[24]"></a>CAN1_SCE_IRQHandler</STRONG> (Thumb, 0 bytes, Stack size 0 bytes, startup_stm32l431xx.o(.text))
<BR>[Address Reference Count : 1]<UL><LI> startup_stm32l431xx.o(RESET)
</UL>
<P><STRONG><a name="[21]"></a>CAN1_TX_IRQHandler</STRONG> (Thumb, 0 bytes, Stack size 0 bytes, startup_stm32l431xx.o(.text))
<BR>[Address Reference Count : 1]<UL><LI> startup_stm32l431xx.o(RESET)
</UL>
<P><STRONG><a name="[3f]"></a>COMP_IRQHandler</STRONG> (Thumb, 0 bytes, Stack size 0 bytes, startup_stm32l431xx.o(.text))
<BR>[Address Reference Count : 1]<UL><LI> startup_stm32l431xx.o(RESET)
</UL>
<P><STRONG><a name="[4d]"></a>CRS_IRQHandler</STRONG> (Thumb, 0 bytes, Stack size 0 bytes, startup_stm32l431xx.o(.text))
<BR>[Address Reference Count : 1]<UL><LI> startup_stm32l431xx.o(RESET)
</UL>
<P><STRONG><a name="[19]"></a>DMA1_Channel1_IRQHandler</STRONG> (Thumb, 0 bytes, Stack size 0 bytes, startup_stm32l431xx.o(.text))
<BR>[Address Reference Count : 1]<UL><LI> startup_stm32l431xx.o(RESET)
</UL>
<P><STRONG><a name="[1a]"></a>DMA1_Channel2_IRQHandler</STRONG> (Thumb, 0 bytes, Stack size 0 bytes, startup_stm32l431xx.o(.text))
<BR>[Address Reference Count : 1]<UL><LI> startup_stm32l431xx.o(RESET)
</UL>
<P><STRONG><a name="[1b]"></a>DMA1_Channel3_IRQHandler</STRONG> (Thumb, 0 bytes, Stack size 0 bytes, startup_stm32l431xx.o(.text))
<BR>[Address Reference Count : 1]<UL><LI> startup_stm32l431xx.o(RESET)
</UL>
<P><STRONG><a name="[1c]"></a>DMA1_Channel4_IRQHandler</STRONG> (Thumb, 0 bytes, Stack size 0 bytes, startup_stm32l431xx.o(.text))
<BR>[Address Reference Count : 1]<UL><LI> startup_stm32l431xx.o(RESET)
</UL>
<P><STRONG><a name="[1d]"></a>DMA1_Channel5_IRQHandler</STRONG> (Thumb, 0 bytes, Stack size 0 bytes, startup_stm32l431xx.o(.text))
<BR>[Address Reference Count : 1]<UL><LI> startup_stm32l431xx.o(RESET)
</UL>
<P><STRONG><a name="[1e]"></a>DMA1_Channel6_IRQHandler</STRONG> (Thumb, 0 bytes, Stack size 0 bytes, startup_stm32l431xx.o(.text))
<BR>[Address Reference Count : 1]<UL><LI> startup_stm32l431xx.o(RESET)
</UL>
<P><STRONG><a name="[1f]"></a>DMA1_Channel7_IRQHandler</STRONG> (Thumb, 0 bytes, Stack size 0 bytes, startup_stm32l431xx.o(.text))
<BR>[Address Reference Count : 1]<UL><LI> startup_stm32l431xx.o(RESET)
</UL>
<P><STRONG><a name="[3a]"></a>DMA2_Channel1_IRQHandler</STRONG> (Thumb, 0 bytes, Stack size 0 bytes, startup_stm32l431xx.o(.text))
<BR>[Address Reference Count : 1]<UL><LI> startup_stm32l431xx.o(RESET)
</UL>
<P><STRONG><a name="[3b]"></a>DMA2_Channel2_IRQHandler</STRONG> (Thumb, 0 bytes, Stack size 0 bytes, startup_stm32l431xx.o(.text))
<BR>[Address Reference Count : 1]<UL><LI> startup_stm32l431xx.o(RESET)
</UL>
<P><STRONG><a name="[3c]"></a>DMA2_Channel3_IRQHandler</STRONG> (Thumb, 0 bytes, Stack size 0 bytes, startup_stm32l431xx.o(.text))
<BR>[Address Reference Count : 1]<UL><LI> startup_stm32l431xx.o(RESET)
</UL>
<P><STRONG><a name="[3d]"></a>DMA2_Channel4_IRQHandler</STRONG> (Thumb, 0 bytes, Stack size 0 bytes, startup_stm32l431xx.o(.text))
<BR>[Address Reference Count : 1]<UL><LI> startup_stm32l431xx.o(RESET)
</UL>
<P><STRONG><a name="[3e]"></a>DMA2_Channel5_IRQHandler</STRONG> (Thumb, 0 bytes, Stack size 0 bytes, startup_stm32l431xx.o(.text))
<BR>[Address Reference Count : 1]<UL><LI> startup_stm32l431xx.o(RESET)
</UL>
<P><STRONG><a name="[42]"></a>DMA2_Channel6_IRQHandler</STRONG> (Thumb, 0 bytes, Stack size 0 bytes, startup_stm32l431xx.o(.text))
<BR>[Address Reference Count : 1]<UL><LI> startup_stm32l431xx.o(RESET)
</UL>
<P><STRONG><a name="[43]"></a>DMA2_Channel7_IRQHandler</STRONG> (Thumb, 0 bytes, Stack size 0 bytes, startup_stm32l431xx.o(.text))
<BR>[Address Reference Count : 1]<UL><LI> startup_stm32l431xx.o(RESET)
</UL>
<P><STRONG><a name="[14]"></a>EXTI0_IRQHandler</STRONG> (Thumb, 0 bytes, Stack size 0 bytes, startup_stm32l431xx.o(.text))
<BR>[Address Reference Count : 1]<UL><LI> startup_stm32l431xx.o(RESET)
</UL>
<P><STRONG><a name="[15]"></a>EXTI1_IRQHandler</STRONG> (Thumb, 0 bytes, Stack size 0 bytes, startup_stm32l431xx.o(.text))
<BR>[Address Reference Count : 1]<UL><LI> startup_stm32l431xx.o(RESET)
</UL>
<P><STRONG><a name="[16]"></a>EXTI2_IRQHandler</STRONG> (Thumb, 0 bytes, Stack size 0 bytes, startup_stm32l431xx.o(.text))
<BR>[Address Reference Count : 1]<UL><LI> startup_stm32l431xx.o(RESET)
</UL>
<P><STRONG><a name="[17]"></a>EXTI3_IRQHandler</STRONG> (Thumb, 0 bytes, Stack size 0 bytes, startup_stm32l431xx.o(.text))
<BR>[Address Reference Count : 1]<UL><LI> startup_stm32l431xx.o(RESET)
</UL>
<P><STRONG><a name="[18]"></a>EXTI4_IRQHandler</STRONG> (Thumb, 0 bytes, Stack size 0 bytes, startup_stm32l431xx.o(.text))
<BR>[Address Reference Count : 1]<UL><LI> startup_stm32l431xx.o(RESET)
</UL>
<P><STRONG><a name="[25]"></a>EXTI9_5_IRQHandler</STRONG> (Thumb, 0 bytes, Stack size 0 bytes, startup_stm32l431xx.o(.text))
<BR>[Address Reference Count : 1]<UL><LI> startup_stm32l431xx.o(RESET)
</UL>
<P><STRONG><a name="[4c]"></a>FPU_IRQHandler</STRONG> (Thumb, 0 bytes, Stack size 0 bytes, startup_stm32l431xx.o(.text))
<BR>[Address Reference Count : 1]<UL><LI> startup_stm32l431xx.o(RESET)
</UL>
<P><STRONG><a name="[47]"></a>I2C3_ER_IRQHandler</STRONG> (Thumb, 0 bytes, Stack size 0 bytes, startup_stm32l431xx.o(.text))
<BR>[Address Reference Count : 1]<UL><LI> startup_stm32l431xx.o(RESET)
</UL>
<P><STRONG><a name="[46]"></a>I2C3_EV_IRQHandler</STRONG> (Thumb, 0 bytes, Stack size 0 bytes, startup_stm32l431xx.o(.text))
<BR>[Address Reference Count : 1]<UL><LI> startup_stm32l431xx.o(RESET)
</UL>
<P><STRONG><a name="[40]"></a>LPTIM1_IRQHandler</STRONG> (Thumb, 0 bytes, Stack size 0 bytes, startup_stm32l431xx.o(.text))
<BR>[Address Reference Count : 1]<UL><LI> startup_stm32l431xx.o(RESET)
</UL>
<P><STRONG><a name="[41]"></a>LPTIM2_IRQHandler</STRONG> (Thumb, 0 bytes, Stack size 0 bytes, startup_stm32l431xx.o(.text))
<BR>[Address Reference Count : 1]<UL><LI> startup_stm32l431xx.o(RESET)
</UL>
<P><STRONG><a name="[44]"></a>LPUART1_IRQHandler</STRONG> (Thumb, 0 bytes, Stack size 0 bytes, startup_stm32l431xx.o(.text))
<BR>[Address Reference Count : 1]<UL><LI> startup_stm32l431xx.o(RESET)
</UL>
<P><STRONG><a name="[f]"></a>PVD_PVM_IRQHandler</STRONG> (Thumb, 0 bytes, Stack size 0 bytes, startup_stm32l431xx.o(.text))
<BR>[Address Reference Count : 1]<UL><LI> startup_stm32l431xx.o(RESET)
</UL>
<P><STRONG><a name="[45]"></a>QUADSPI_IRQHandler</STRONG> (Thumb, 0 bytes, Stack size 0 bytes, startup_stm32l431xx.o(.text))
<BR>[Address Reference Count : 1]<UL><LI> startup_stm32l431xx.o(RESET)
</UL>
<P><STRONG><a name="[13]"></a>RCC_IRQHandler</STRONG> (Thumb, 0 bytes, Stack size 0 bytes, startup_stm32l431xx.o(.text))
<BR>[Address Reference Count : 1]<UL><LI> startup_stm32l431xx.o(RESET)
</UL>
<P><STRONG><a name="[4b]"></a>RNG_IRQHandler</STRONG> (Thumb, 0 bytes, Stack size 0 bytes, startup_stm32l431xx.o(.text))
<BR>[Address Reference Count : 1]<UL><LI> startup_stm32l431xx.o(RESET)
</UL>
<P><STRONG><a name="[35]"></a>RTC_Alarm_IRQHandler</STRONG> (Thumb, 0 bytes, Stack size 0 bytes, startup_stm32l431xx.o(.text))
<BR>[Address Reference Count : 1]<UL><LI> startup_stm32l431xx.o(RESET)
</UL>
<P><STRONG><a name="[11]"></a>RTC_WKUP_IRQHandler</STRONG> (Thumb, 0 bytes, Stack size 0 bytes, startup_stm32l431xx.o(.text))
<BR>[Address Reference Count : 1]<UL><LI> startup_stm32l431xx.o(RESET)
</UL>
<P><STRONG><a name="[48]"></a>SAI1_IRQHandler</STRONG> (Thumb, 0 bytes, Stack size 0 bytes, startup_stm32l431xx.o(.text))
<BR>[Address Reference Count : 1]<UL><LI> startup_stm32l431xx.o(RESET)
</UL>
<P><STRONG><a name="[36]"></a>SDMMC1_IRQHandler</STRONG> (Thumb, 0 bytes, Stack size 0 bytes, startup_stm32l431xx.o(.text))
<BR>[Address Reference Count : 1]<UL><LI> startup_stm32l431xx.o(RESET)
</UL>
<P><STRONG><a name="[2f]"></a>SPI1_IRQHandler</STRONG> (Thumb, 0 bytes, Stack size 0 bytes, startup_stm32l431xx.o(.text))
<BR>[Address Reference Count : 1]<UL><LI> startup_stm32l431xx.o(RESET)
</UL>
<P><STRONG><a name="[30]"></a>SPI2_IRQHandler</STRONG> (Thumb, 0 bytes, Stack size 0 bytes, startup_stm32l431xx.o(.text))
<BR>[Address Reference Count : 1]<UL><LI> startup_stm32l431xx.o(RESET)
</UL>
<P><STRONG><a name="[37]"></a>SPI3_IRQHandler</STRONG> (Thumb, 0 bytes, Stack size 0 bytes, startup_stm32l431xx.o(.text))
<BR>[Address Reference Count : 1]<UL><LI> startup_stm32l431xx.o(RESET)
</UL>
<P><STRONG><a name="[49]"></a>SWPMI1_IRQHandler</STRONG> (Thumb, 0 bytes, Stack size 0 bytes, startup_stm32l431xx.o(.text))
<BR>[Address Reference Count : 1]<UL><LI> startup_stm32l431xx.o(RESET)
</UL>
<P><STRONG><a name="[10]"></a>TAMP_STAMP_IRQHandler</STRONG> (Thumb, 0 bytes, Stack size 0 bytes, startup_stm32l431xx.o(.text))
<BR>[Address Reference Count : 1]<UL><LI> startup_stm32l431xx.o(RESET)
</UL>
<P><STRONG><a name="[29]"></a>TIM1_CC_IRQHandler</STRONG> (Thumb, 0 bytes, Stack size 0 bytes, startup_stm32l431xx.o(.text))
<BR>[Address Reference Count : 1]<UL><LI> startup_stm32l431xx.o(RESET)
</UL>
<P><STRONG><a name="[28]"></a>TIM1_TRG_COM_IRQHandler</STRONG> (Thumb, 0 bytes, Stack size 0 bytes, startup_stm32l431xx.o(.text))
<BR>[Address Reference Count : 1]<UL><LI> startup_stm32l431xx.o(RESET)
</UL>
<P><STRONG><a name="[27]"></a>TIM1_UP_TIM16_IRQHandler</STRONG> (Thumb, 0 bytes, Stack size 0 bytes, startup_stm32l431xx.o(.text))
<BR>[Address Reference Count : 1]<UL><LI> startup_stm32l431xx.o(RESET)
</UL>
<P><STRONG><a name="[2a]"></a>TIM2_IRQHandler</STRONG> (Thumb, 0 bytes, Stack size 0 bytes, startup_stm32l431xx.o(.text))
<BR>[Address Reference Count : 1]<UL><LI> startup_stm32l431xx.o(RESET)
</UL>
<P><STRONG><a name="[39]"></a>TIM7_IRQHandler</STRONG> (Thumb, 0 bytes, Stack size 0 bytes, startup_stm32l431xx.o(.text))
<BR>[Address Reference Count : 1]<UL><LI> startup_stm32l431xx.o(RESET)
</UL>
<P><STRONG><a name="[4a]"></a>TSC_IRQHandler</STRONG> (Thumb, 0 bytes, Stack size 0 bytes, startup_stm32l431xx.o(.text))
<BR>[Address Reference Count : 1]<UL><LI> startup_stm32l431xx.o(RESET)
</UL>
<P><STRONG><a name="[31]"></a>USART1_IRQHandler</STRONG> (Thumb, 0 bytes, Stack size 0 bytes, startup_stm32l431xx.o(.text))
<BR>[Address Reference Count : 1]<UL><LI> startup_stm32l431xx.o(RESET)
</UL>
<P><STRONG><a name="[32]"></a>USART2_IRQHandler</STRONG> (Thumb, 0 bytes, Stack size 0 bytes, startup_stm32l431xx.o(.text))
<BR>[Address Reference Count : 1]<UL><LI> startup_stm32l431xx.o(RESET)
</UL>
<P><STRONG><a name="[33]"></a>USART3_IRQHandler</STRONG> (Thumb, 0 bytes, Stack size 0 bytes, startup_stm32l431xx.o(.text))
<BR>[Address Reference Count : 1]<UL><LI> startup_stm32l431xx.o(RESET)
</UL>
<P><STRONG><a name="[e]"></a>WWDG_IRQHandler</STRONG> (Thumb, 0 bytes, Stack size 0 bytes, startup_stm32l431xx.o(.text))
<BR>[Address Reference Count : 1]<UL><LI> startup_stm32l431xx.o(RESET)
</UL>
<P><STRONG><a name="[12d]"></a>__aeabi_memcpy</STRONG> (Thumb, 36 bytes, Stack size 0 bytes, memcpya.o(.text))
<BR><BR>[Called By]<UL><LI><a href="#[15e]">&gt;&gt;</a>&nbsp;&nbsp;&nbsp;prvCopyDataToQueue
<LI><a href="#[15d]">&gt;&gt;</a>&nbsp;&nbsp;&nbsp;prvCopyDataFromQueue
<LI><a href="#[12a]">&gt;&gt;</a>&nbsp;&nbsp;&nbsp;TModel::TModel(void*&)
</UL>

<P><STRONG><a name="[b6]"></a>__aeabi_memcpy4</STRONG> (Thumb, 0 bytes, Stack size 0 bytes, memcpya.o(.text))
<BR><BR>[Called By]<UL><LI><a href="#[142]">&gt;&gt;</a>&nbsp;&nbsp;&nbsp;T_AD8402::T_AD8402(const TPot_HW&)
<LI><a href="#[137]">&gt;&gt;</a>&nbsp;&nbsp;&nbsp;T_AD8402::data_bit_ctrl(unsigned char*)
<LI><a href="#[51]">&gt;&gt;</a>&nbsp;&nbsp;&nbsp;lev_gauge_to_pc(void*)
<LI><a href="#[b5]">&gt;&gt;</a>&nbsp;&nbsp;&nbsp;cfg_sys_clk()
<LI><a href="#[c2]">&gt;&gt;</a>&nbsp;&nbsp;&nbsp;TUsart::hw_init(unsigned char)
<LI><a href="#[12a]">&gt;&gt;</a>&nbsp;&nbsp;&nbsp;TModel::TModel(void*&)
<LI><a href="#[c9]">&gt;&gt;</a>&nbsp;&nbsp;&nbsp;TExtMaster::tx_data(const unsigned char*, unsigned short, TExtMaster::TWrapTxSign)
</UL>

<P><STRONG><a name="[190]"></a>__aeabi_memcpy8</STRONG> (Thumb, 0 bytes, Stack size 0 bytes, memcpya.o(.text), UNUSED)

<P><STRONG><a name="[87]"></a>__aeabi_memset</STRONG> (Thumb, 14 bytes, Stack size 0 bytes, memseta.o(.text))
<BR><BR>[Called By]<UL><LI><a href="#[88]">&gt;&gt;</a>&nbsp;&nbsp;&nbsp;_memset$wrapper
<LI><a href="#[86]">&gt;&gt;</a>&nbsp;&nbsp;&nbsp;__aeabi_memclr
<LI><a href="#[165]">&gt;&gt;</a>&nbsp;&nbsp;&nbsp;prvInitialiseNewTask
</UL>

<P><STRONG><a name="[191]"></a>__aeabi_memset4</STRONG> (Thumb, 0 bytes, Stack size 0 bytes, memseta.o(.text), UNUSED)

<P><STRONG><a name="[192]"></a>__aeabi_memset8</STRONG> (Thumb, 0 bytes, Stack size 0 bytes, memseta.o(.text), UNUSED)

<P><STRONG><a name="[86]"></a>__aeabi_memclr</STRONG> (Thumb, 4 bytes, Stack size 0 bytes, memseta.o(.text), UNUSED)
<BR><BR>[Calls]<UL><LI><a href="#[87]">&gt;&gt;</a>&nbsp;&nbsp;&nbsp;__aeabi_memset
</UL>

<P><STRONG><a name="[193]"></a>__aeabi_memclr4</STRONG> (Thumb, 0 bytes, Stack size 0 bytes, memseta.o(.text), UNUSED)

<P><STRONG><a name="[194]"></a>__aeabi_memclr8</STRONG> (Thumb, 0 bytes, Stack size 0 bytes, memseta.o(.text), UNUSED)

<P><STRONG><a name="[88]"></a>_memset$wrapper</STRONG> (Thumb, 18 bytes, Stack size 8 bytes, memseta.o(.text), UNUSED)
<BR><BR>[Calls]<UL><LI><a href="#[87]">&gt;&gt;</a>&nbsp;&nbsp;&nbsp;__aeabi_memset
</UL>

<P><STRONG><a name="[7f]"></a>__cpp_initialize__aeabi_</STRONG> (Thumb, 22 bytes, Stack size 16 bytes, cpp_init.o(.text))
<BR><BR>[Stack]<UL><LI>Max Depth = 16<LI>Call Chain = __cpp_initialize__aeabi_
</UL>
<BR>[Called By]<UL><LI><a href="#[82]">&gt;&gt;</a>&nbsp;&nbsp;&nbsp;_main_cpp_init$empty
</UL>

<P><STRONG><a name="[89]"></a>__aeabi_atexit</STRONG> (Thumb, 46 bytes, Stack size 24 bytes, aeabi_atexit.o(.text))
<BR><BR>[Stack]<UL><LI>Max Depth = 44<LI>Call Chain = __aeabi_atexit &rArr; malloc
</UL>
<BR>[Calls]<UL><LI><a href="#[8b]">&gt;&gt;</a>&nbsp;&nbsp;&nbsp;__rt_ddtor_pointer_addr
<LI><a href="#[8a]">&gt;&gt;</a>&nbsp;&nbsp;&nbsp;malloc
</UL>
<BR>[Called By]<UL><LI><a href="#[79]">&gt;&gt;</a>&nbsp;&nbsp;&nbsp;__sti___10_AD8402_cpp_AD8402
<LI><a href="#[78]">&gt;&gt;</a>&nbsp;&nbsp;&nbsp;__sti___7_Led_cpp_Led
<LI><a href="#[77]">&gt;&gt;</a>&nbsp;&nbsp;&nbsp;__sti___10_Button_cpp_Btn
<LI><a href="#[7b]">&gt;&gt;</a>&nbsp;&nbsp;&nbsp;__sti___9_model_cpp_Model
<LI><a href="#[7c]">&gt;&gt;</a>&nbsp;&nbsp;&nbsp;__sti___16_Flash_driver_cpp_d50a58b4
<LI><a href="#[7e]">&gt;&gt;</a>&nbsp;&nbsp;&nbsp;__sti___19_lev_gauge_to_pc_cpp_UIF
<LI><a href="#[7d]">&gt;&gt;</a>&nbsp;&nbsp;&nbsp;__sti___12_settings_cpp_Settings
</UL>

<P><STRONG><a name="[8b]"></a>__rt_ddtor_pointer_addr</STRONG> (Thumb, 4 bytes, Stack size 0 bytes, cpp_dtor.o(.text))
<BR><BR>[Called By]<UL><LI><a href="#[84]">&gt;&gt;</a>&nbsp;&nbsp;&nbsp;__cxa_finalize
<LI><a href="#[89]">&gt;&gt;</a>&nbsp;&nbsp;&nbsp;__aeabi_atexit
</UL>

<P><STRONG><a name="[84]"></a>__cxa_finalize</STRONG> (Thumb, 66 bytes, Stack size 24 bytes, cxa_finalize.o(.text))
<BR><BR>[Stack]<UL><LI>Max Depth = 32<LI>Call Chain = __cxa_finalize &rArr; free
</UL>
<BR>[Calls]<UL><LI><a href="#[8b]">&gt;&gt;</a>&nbsp;&nbsp;&nbsp;__rt_ddtor_pointer_addr
<LI><a href="#[8c]">&gt;&gt;</a>&nbsp;&nbsp;&nbsp;free
</UL>
<BR>[Called By]<UL><LI><a href="#[83]">&gt;&gt;</a>&nbsp;&nbsp;&nbsp;__rt_final_cpp$nonempty
</UL>

<P><STRONG><a name="[81]"></a>__scatterload</STRONG> (Thumb, 28 bytes, Stack size 0 bytes, init.o(.text))
<BR><BR>[Calls]<UL><LI><a href="#[8d]">&gt;&gt;</a>&nbsp;&nbsp;&nbsp;__main_after_scatterload
</UL>
<BR>[Called By]<UL><LI><a href="#[80]">&gt;&gt;</a>&nbsp;&nbsp;&nbsp;_main_scatterload
</UL>

<P><STRONG><a name="[195]"></a>__scatterload_rt2</STRONG> (Thumb, 0 bytes, Stack size 0 bytes, init.o(.text), UNUSED)

<P><STRONG><a name="[196]"></a>__rt_lib_shutdown_cpp_2</STRONG> (Thumb, 2 bytes, Stack size 0 bytes, cpp_final.o(.text), UNUSED)

<P><STRONG><a name="[197]"></a>__decompress</STRONG> (Thumb, 0 bytes, Stack size unknown bytes, __dczerorl2.o(.text), UNUSED)

<P><STRONG><a name="[198]"></a>__decompress1</STRONG> (Thumb, 86 bytes, Stack size unknown bytes, __dczerorl2.o(.text), UNUSED)

<P><STRONG><a name="[34]"></a>EXTI15_10_IRQHandler</STRONG> (Thumb, 84 bytes, Stack size 8 bytes, lev_gauge_to_pc.o(i.EXTI15_10_IRQHandler))
<BR><BR>[Stack]<UL><LI>Max Depth = 56<LI>Call Chain = EXTI15_10_IRQHandler &rArr; xQueueGiveFromISR &rArr; xTaskRemoveFromEventList
</UL>
<BR>[Calls]<UL><LI><a href="#[8e]">&gt;&gt;</a>&nbsp;&nbsp;&nbsp;xQueueGiveFromISR
</UL>
<BR>[Address Reference Count : 1]<UL><LI> startup_stm32l431xx.o(RESET)
</UL>
<P><STRONG><a name="[12]"></a>FLASH_IRQHandler</STRONG> (Thumb, 12 bytes, Stack size 0 bytes, flash_driver.o(i.FLASH_IRQHandler))
<BR>[Address Reference Count : 1]<UL><LI> startup_stm32l431xx.o(RESET)
</UL>
<P><STRONG><a name="[2c]"></a>I2C1_ER_IRQHandler</STRONG> (Thumb, 2 bytes, Stack size 0 bytes, i2c_driver.o(i.I2C1_ER_IRQHandler))
<BR>[Address Reference Count : 1]<UL><LI> startup_stm32l431xx.o(RESET)
</UL>
<P><STRONG><a name="[2b]"></a>I2C1_EV_IRQHandler</STRONG> (Thumb, 80 bytes, Stack size 8 bytes, i2c_driver.o(i.I2C1_EV_IRQHandler))
<BR><BR>[Stack]<UL><LI>Max Depth = 64<LI>Call Chain = I2C1_EV_IRQHandler &rArr; [local to I2C_driver_cpp]::dks_stop_active() &rArr; xQueueGiveFromISR &rArr; xTaskRemoveFromEventList
</UL>
<BR>[Calls]<UL><LI><a href="#[8f]">&gt;&gt;</a>&nbsp;&nbsp;&nbsp;[local to I2C_driver_cpp]::dks_txis_active()
<LI><a href="#[91]">&gt;&gt;</a>&nbsp;&nbsp;&nbsp;[local to I2C_driver_cpp]::dks_stop_active()
<LI><a href="#[90]">&gt;&gt;</a>&nbsp;&nbsp;&nbsp;[local to I2C_driver_cpp]::dks_rxne_active()
<LI><a href="#[92]">&gt;&gt;</a>&nbsp;&nbsp;&nbsp;[local to I2C_driver_cpp]::dks_tc_active()
</UL>
<BR>[Address Reference Count : 1]<UL><LI> startup_stm32l431xx.o(RESET)
</UL>
<P><STRONG><a name="[2e]"></a>I2C2_ER_IRQHandler</STRONG> (Thumb, 2 bytes, Stack size 0 bytes, i2c_driver.o(i.I2C2_ER_IRQHandler))
<BR>[Address Reference Count : 1]<UL><LI> startup_stm32l431xx.o(RESET)
</UL>
<P><STRONG><a name="[2d]"></a>I2C2_EV_IRQHandler</STRONG> (Thumb, 2 bytes, Stack size 0 bytes, i2c_driver.o(i.I2C2_EV_IRQHandler))
<BR>[Address Reference Count : 1]<UL><LI> startup_stm32l431xx.o(RESET)
</UL>
<P><STRONG><a name="[fc]"></a>LL_EXTI_DeInit</STRONG> (Thumb, 68 bytes, Stack size 0 bytes, stm32l4xx_ll_exti.o(i.LL_EXTI_DeInit))
<BR><BR>[Called By]<UL><LI><a href="#[db]">&gt;&gt;</a>&nbsp;&nbsp;&nbsp;TExchngToPC::deinit_diff_exti()
</UL>

<P><STRONG><a name="[93]"></a>LL_EXTI_Init</STRONG> (Thumb, 358 bytes, Stack size 16 bytes, stm32l4xx_ll_exti.o(i.LL_EXTI_Init))
<BR><BR>[Stack]<UL><LI>Max Depth = 16<LI>Call Chain = LL_EXTI_Init
</UL>
<BR>[Calls]<UL><LI><a href="#[9e]">&gt;&gt;</a>&nbsp;&nbsp;&nbsp;LL_EXTI_EnableRisingTrig_32_63
<LI><a href="#[98]">&gt;&gt;</a>&nbsp;&nbsp;&nbsp;LL_EXTI_EnableRisingTrig_0_31
<LI><a href="#[9b]">&gt;&gt;</a>&nbsp;&nbsp;&nbsp;LL_EXTI_EnableIT_32_63
<LI><a href="#[95]">&gt;&gt;</a>&nbsp;&nbsp;&nbsp;LL_EXTI_EnableIT_0_31
<LI><a href="#[9f]">&gt;&gt;</a>&nbsp;&nbsp;&nbsp;LL_EXTI_EnableFallingTrig_32_63
<LI><a href="#[99]">&gt;&gt;</a>&nbsp;&nbsp;&nbsp;LL_EXTI_EnableFallingTrig_0_31
<LI><a href="#[9d]">&gt;&gt;</a>&nbsp;&nbsp;&nbsp;LL_EXTI_EnableEvent_32_63
<LI><a href="#[97]">&gt;&gt;</a>&nbsp;&nbsp;&nbsp;LL_EXTI_EnableEvent_0_31
<LI><a href="#[9c]">&gt;&gt;</a>&nbsp;&nbsp;&nbsp;LL_EXTI_DisableIT_32_63
<LI><a href="#[96]">&gt;&gt;</a>&nbsp;&nbsp;&nbsp;LL_EXTI_DisableIT_0_31
<LI><a href="#[9a]">&gt;&gt;</a>&nbsp;&nbsp;&nbsp;LL_EXTI_DisableEvent_32_63
<LI><a href="#[94]">&gt;&gt;</a>&nbsp;&nbsp;&nbsp;LL_EXTI_DisableEvent_0_31
</UL>
<BR>[Called By]<UL><LI><a href="#[d9]">&gt;&gt;</a>&nbsp;&nbsp;&nbsp;TExchngToPC::init_diff_exti(unsigned)
</UL>

<P><STRONG><a name="[f7]"></a>LL_GPIO_Init</STRONG> (Thumb, 324 bytes, Stack size 20 bytes, stm32l4xx_ll_gpio.o(i.LL_GPIO_Init))
<BR><BR>[Stack]<UL><LI>Max Depth = 20<LI>Call Chain = LL_GPIO_Init
</UL>
<BR>[Called By]<UL><LI><a href="#[10b]">&gt;&gt;</a>&nbsp;&nbsp;&nbsp;[local to main_cpp]::init_mx_gpio()
<LI><a href="#[c0]">&gt;&gt;</a>&nbsp;&nbsp;&nbsp;T_AD8402::init()
<LI><a href="#[be]">&gt;&gt;</a>&nbsp;&nbsp;&nbsp;TLed::init()
<LI><a href="#[c1]">&gt;&gt;</a>&nbsp;&nbsp;&nbsp;TUsart::pin_clk_config()
<LI><a href="#[d9]">&gt;&gt;</a>&nbsp;&nbsp;&nbsp;TExchngToPC::init_diff_exti(unsigned)
</UL>

<P><STRONG><a name="[b8]"></a>LL_Init1msTick</STRONG> (Thumb, 28 bytes, Stack size 0 bytes, stm32l4xx_ll_utils.o(i.LL_Init1msTick))
<BR><BR>[Called By]<UL><LI><a href="#[b5]">&gt;&gt;</a>&nbsp;&nbsp;&nbsp;cfg_sys_clk()
</UL>

<P><STRONG><a name="[a0]"></a>LL_RCC_GetSystemClocksFreq</STRONG> (Thumb, 36 bytes, Stack size 8 bytes, stm32l4xx_ll_rcc.o(i.LL_RCC_GetSystemClocksFreq))
<BR><BR>[Stack]<UL><LI>Max Depth = 32<LI>Call Chain = LL_RCC_GetSystemClocksFreq &rArr; RCC_GetSystemClockFreq &rArr; RCC_PLL_GetFreqDomain_SYS
</UL>
<BR>[Calls]<UL><LI><a href="#[a1]">&gt;&gt;</a>&nbsp;&nbsp;&nbsp;RCC_GetSystemClockFreq
<LI><a href="#[a4]">&gt;&gt;</a>&nbsp;&nbsp;&nbsp;RCC_GetPCLK2ClockFreq
<LI><a href="#[a3]">&gt;&gt;</a>&nbsp;&nbsp;&nbsp;RCC_GetPCLK1ClockFreq
<LI><a href="#[a2]">&gt;&gt;</a>&nbsp;&nbsp;&nbsp;RCC_GetHCLKClockFreq
</UL>
<BR>[Called By]<UL><LI><a href="#[120]">&gt;&gt;</a>&nbsp;&nbsp;&nbsp;TFlash::init_tmr()
<LI><a href="#[eb]">&gt;&gt;</a>&nbsp;&nbsp;&nbsp;TExchngToPC::cnt_pwm()
</UL>

<P><STRONG><a name="[a5]"></a>LL_RCC_GetUSARTClockFreq</STRONG> (Thumb, 278 bytes, Stack size 24 bytes, stm32l4xx_ll_rcc.o(i.LL_RCC_GetUSARTClockFreq))
<BR><BR>[Stack]<UL><LI>Max Depth = 48<LI>Call Chain = LL_RCC_GetUSARTClockFreq &rArr; RCC_GetSystemClockFreq &rArr; RCC_PLL_GetFreqDomain_SYS
</UL>
<BR>[Calls]<UL><LI><a href="#[a1]">&gt;&gt;</a>&nbsp;&nbsp;&nbsp;RCC_GetSystemClockFreq
<LI><a href="#[a4]">&gt;&gt;</a>&nbsp;&nbsp;&nbsp;RCC_GetPCLK2ClockFreq
<LI><a href="#[a3]">&gt;&gt;</a>&nbsp;&nbsp;&nbsp;RCC_GetPCLK1ClockFreq
<LI><a href="#[a2]">&gt;&gt;</a>&nbsp;&nbsp;&nbsp;RCC_GetHCLKClockFreq
<LI><a href="#[a8]">&gt;&gt;</a>&nbsp;&nbsp;&nbsp;LL_RCC_LSE_IsReady
<LI><a href="#[a7]">&gt;&gt;</a>&nbsp;&nbsp;&nbsp;LL_RCC_HSI_IsReady
<LI><a href="#[a6]">&gt;&gt;</a>&nbsp;&nbsp;&nbsp;LL_RCC_GetUSARTClockSource
</UL>
<BR>[Called By]<UL><LI><a href="#[a9]">&gt;&gt;</a>&nbsp;&nbsp;&nbsp;LL_USART_Init
<LI><a href="#[c2]">&gt;&gt;</a>&nbsp;&nbsp;&nbsp;TUsart::hw_init(unsigned char)
</UL>

<P><STRONG><a name="[b9]"></a>LL_SetSystemCoreClock</STRONG> (Thumb, 6 bytes, Stack size 0 bytes, stm32l4xx_ll_utils.o(i.LL_SetSystemCoreClock))
<BR><BR>[Called By]<UL><LI><a href="#[b5]">&gt;&gt;</a>&nbsp;&nbsp;&nbsp;cfg_sys_clk()
</UL>

<P><STRONG><a name="[121]"></a>LL_TIM_Init</STRONG> (Thumb, 118 bytes, Stack size 8 bytes, stm32l4xx_ll_tim.o(i.LL_TIM_Init))
<BR><BR>[Stack]<UL><LI>Max Depth = 8<LI>Call Chain = LL_TIM_Init
</UL>
<BR>[Called By]<UL><LI><a href="#[120]">&gt;&gt;</a>&nbsp;&nbsp;&nbsp;TFlash::init_tmr()
</UL>

<P><STRONG><a name="[a9]"></a>LL_USART_Init</STRONG> (Thumb, 208 bytes, Stack size 24 bytes, stm32l4xx_ll_usart.o(i.LL_USART_Init))
<BR><BR>[Stack]<UL><LI>Max Depth = 72<LI>Call Chain = LL_USART_Init &rArr; LL_RCC_GetUSARTClockFreq &rArr; RCC_GetSystemClockFreq &rArr; RCC_PLL_GetFreqDomain_SYS
</UL>
<BR>[Calls]<UL><LI><a href="#[aa]">&gt;&gt;</a>&nbsp;&nbsp;&nbsp;LL_USART_IsEnabled
<LI><a href="#[a5]">&gt;&gt;</a>&nbsp;&nbsp;&nbsp;LL_RCC_GetUSARTClockFreq
</UL>
<BR>[Called By]<UL><LI><a href="#[c2]">&gt;&gt;</a>&nbsp;&nbsp;&nbsp;TUsart::hw_init(unsigned char)
</UL>

<P><STRONG><a name="[a2]"></a>RCC_GetHCLKClockFreq</STRONG> (Thumb, 24 bytes, Stack size 0 bytes, stm32l4xx_ll_rcc.o(i.RCC_GetHCLKClockFreq))
<BR><BR>[Called By]<UL><LI><a href="#[a5]">&gt;&gt;</a>&nbsp;&nbsp;&nbsp;LL_RCC_GetUSARTClockFreq
<LI><a href="#[a0]">&gt;&gt;</a>&nbsp;&nbsp;&nbsp;LL_RCC_GetSystemClocksFreq
</UL>

<P><STRONG><a name="[a3]"></a>RCC_GetPCLK1ClockFreq</STRONG> (Thumb, 26 bytes, Stack size 0 bytes, stm32l4xx_ll_rcc.o(i.RCC_GetPCLK1ClockFreq))
<BR><BR>[Called By]<UL><LI><a href="#[a5]">&gt;&gt;</a>&nbsp;&nbsp;&nbsp;LL_RCC_GetUSARTClockFreq
<LI><a href="#[a0]">&gt;&gt;</a>&nbsp;&nbsp;&nbsp;LL_RCC_GetSystemClocksFreq
</UL>

<P><STRONG><a name="[a4]"></a>RCC_GetPCLK2ClockFreq</STRONG> (Thumb, 26 bytes, Stack size 0 bytes, stm32l4xx_ll_rcc.o(i.RCC_GetPCLK2ClockFreq))
<BR><BR>[Called By]<UL><LI><a href="#[a5]">&gt;&gt;</a>&nbsp;&nbsp;&nbsp;LL_RCC_GetUSARTClockFreq
<LI><a href="#[a0]">&gt;&gt;</a>&nbsp;&nbsp;&nbsp;LL_RCC_GetSystemClocksFreq
</UL>

<P><STRONG><a name="[a1]"></a>RCC_GetSystemClockFreq</STRONG> (Thumb, 172 bytes, Stack size 8 bytes, stm32l4xx_ll_rcc.o(i.RCC_GetSystemClockFreq))
<BR><BR>[Stack]<UL><LI>Max Depth = 24<LI>Call Chain = RCC_GetSystemClockFreq &rArr; RCC_PLL_GetFreqDomain_SYS
</UL>
<BR>[Calls]<UL><LI><a href="#[ae]">&gt;&gt;</a>&nbsp;&nbsp;&nbsp;RCC_PLL_GetFreqDomain_SYS
<LI><a href="#[ab]">&gt;&gt;</a>&nbsp;&nbsp;&nbsp;LL_RCC_MSI_IsEnabledRangeSelect
<LI><a href="#[ad]">&gt;&gt;</a>&nbsp;&nbsp;&nbsp;LL_RCC_MSI_GetRangeAfterStandby
<LI><a href="#[ac]">&gt;&gt;</a>&nbsp;&nbsp;&nbsp;LL_RCC_MSI_GetRange
</UL>
<BR>[Called By]<UL><LI><a href="#[a5]">&gt;&gt;</a>&nbsp;&nbsp;&nbsp;LL_RCC_GetUSARTClockFreq
<LI><a href="#[a0]">&gt;&gt;</a>&nbsp;&nbsp;&nbsp;LL_RCC_GetSystemClocksFreq
</UL>

<P><STRONG><a name="[ae]"></a>RCC_PLL_GetFreqDomain_SYS</STRONG> (Thumb, 198 bytes, Stack size 16 bytes, stm32l4xx_ll_rcc.o(i.RCC_PLL_GetFreqDomain_SYS))
<BR><BR>[Stack]<UL><LI>Max Depth = 16<LI>Call Chain = RCC_PLL_GetFreqDomain_SYS
</UL>
<BR>[Calls]<UL><LI><a href="#[b1]">&gt;&gt;</a>&nbsp;&nbsp;&nbsp;LL_RCC_PLL_GetN
<LI><a href="#[af]">&gt;&gt;</a>&nbsp;&nbsp;&nbsp;LL_RCC_PLL_GetMainSource
<LI><a href="#[b0]">&gt;&gt;</a>&nbsp;&nbsp;&nbsp;LL_RCC_PLL_GetDivider
<LI><a href="#[ab]">&gt;&gt;</a>&nbsp;&nbsp;&nbsp;LL_RCC_MSI_IsEnabledRangeSelect
<LI><a href="#[ad]">&gt;&gt;</a>&nbsp;&nbsp;&nbsp;LL_RCC_MSI_GetRangeAfterStandby
<LI><a href="#[ac]">&gt;&gt;</a>&nbsp;&nbsp;&nbsp;LL_RCC_MSI_GetRange
</UL>
<BR>[Called By]<UL><LI><a href="#[a1]">&gt;&gt;</a>&nbsp;&nbsp;&nbsp;RCC_GetSystemClockFreq
</UL>

<P><STRONG><a name="[d]"></a>SysTick_Handler</STRONG> (Thumb, 46 bytes, Stack size 8 bytes, port.o(i.SysTick_Handler))
<BR><BR>[Stack]<UL><LI>Max Depth = 32<LI>Call Chain = SysTick_Handler &rArr; xTaskIncrementTick
</UL>
<BR>[Calls]<UL><LI><a href="#[b2]">&gt;&gt;</a>&nbsp;&nbsp;&nbsp;xTaskIncrementTick
</UL>
<BR>[Address Reference Count : 1]<UL><LI> startup_stm32l431xx.o(RESET)
</UL>
<P><STRONG><a name="[4f]"></a>SystemInit</STRONG> (Thumb, 68 bytes, Stack size 0 bytes, system_stm32l4xx.o(i.SystemInit))
<BR>[Address Reference Count : 1]<UL><LI> startup_stm32l431xx.o(.text)
</UL>
<P><STRONG><a name="[26]"></a>TIM1_BRK_TIM15_IRQHandler</STRONG> (Thumb, 100 bytes, Stack size 8 bytes, lev_gauge_to_pc.o(i.TIM1_BRK_TIM15_IRQHandler))
<BR><BR>[Stack]<UL><LI>Max Depth = 56<LI>Call Chain = TIM1_BRK_TIM15_IRQHandler &rArr; xQueueGiveFromISR &rArr; xTaskRemoveFromEventList
</UL>
<BR>[Calls]<UL><LI><a href="#[8e]">&gt;&gt;</a>&nbsp;&nbsp;&nbsp;xQueueGiveFromISR
<LI><a href="#[b4]">&gt;&gt;</a>&nbsp;&nbsp;&nbsp;TExchngToPC::set_upd_demand_flag(bool)
<LI><a href="#[b3]">&gt;&gt;</a>&nbsp;&nbsp;&nbsp;TExchngToPC::get_upd_demand_flag()
</UL>
<BR>[Address Reference Count : 1]<UL><LI> startup_stm32l431xx.o(RESET)
</UL>
<P><STRONG><a name="[38]"></a>TIM6_DAC_IRQHandler</STRONG> (Thumb, 44 bytes, Stack size 0 bytes, flash_driver.o(i.TIM6_DAC_IRQHandler))
<BR>[Address Reference Count : 1]<UL><LI> startup_stm32l431xx.o(RESET)
</UL>
<P><STRONG><a name="[145]"></a>FLASH_Lock()</STRONG> (Thumb, 14 bytes, Stack size 0 bytes, old_flash_lib.o(i._Z10FLASH_Lockv))
<BR><BR>[Called By]<UL><LI><a href="#[11f]">&gt;&gt;</a>&nbsp;&nbsp;&nbsp;TFlash::write_page(const unsigned char*, unsigned short, unsigned) const
<LI><a href="#[11e]">&gt;&gt;</a>&nbsp;&nbsp;&nbsp;TFlash::erase_page(unsigned) const
</UL>

<P><STRONG><a name="[b5]"></a>cfg_sys_clk()</STRONG> (Thumb, 570 bytes, Stack size 128 bytes, main.o(i._Z11cfg_sys_clkv))
<BR><BR>[Stack]<UL><LI>Max Depth = 148<LI>Call Chain = cfg_sys_clk() &rArr; [local to main_cpp]::NVIC_EncodePriority(unsigned, unsigned, unsigned)
</UL>
<BR>[Calls]<UL><LI><a href="#[ba]">&gt;&gt;</a>&nbsp;&nbsp;&nbsp;[local to main_cpp]::NVIC_GetPriorityGrouping()
<LI><a href="#[bb]">&gt;&gt;</a>&nbsp;&nbsp;&nbsp;[local to main_cpp]::NVIC_EncodePriority(unsigned, unsigned, unsigned)
<LI><a href="#[b7]">&gt;&gt;</a>&nbsp;&nbsp;&nbsp;[local to main_cpp]::LL_RCC_MSI_IsReady()
<LI><a href="#[bc]">&gt;&gt;</a>&nbsp;&nbsp;&nbsp;[local to main_cpp]::NVIC_SetPriority(IRQn_Type, unsigned)
<LI><a href="#[b9]">&gt;&gt;</a>&nbsp;&nbsp;&nbsp;LL_SetSystemCoreClock
<LI><a href="#[b8]">&gt;&gt;</a>&nbsp;&nbsp;&nbsp;LL_Init1msTick
<LI><a href="#[b6]">&gt;&gt;</a>&nbsp;&nbsp;&nbsp;__aeabi_memcpy4
</UL>
<BR>[Called By]<UL><LI><a href="#[4e]">&gt;&gt;</a>&nbsp;&nbsp;&nbsp;main
</UL>

<P><STRONG><a name="[143]"></a>FLASH_Unlock()</STRONG> (Thumb, 22 bytes, Stack size 0 bytes, old_flash_lib.o(i._Z12FLASH_Unlockv))
<BR><BR>[Called By]<UL><LI><a href="#[11f]">&gt;&gt;</a>&nbsp;&nbsp;&nbsp;TFlash::write_page(const unsigned char*, unsigned short, unsigned) const
<LI><a href="#[11e]">&gt;&gt;</a>&nbsp;&nbsp;&nbsp;TFlash::erase_page(unsigned) const
</UL>

<P><STRONG><a name="[11d]"></a>FLASH_GetStatus()</STRONG> (Thumb, 52 bytes, Stack size 0 bytes, old_flash_lib.o(i._Z15FLASH_GetStatusv))
<BR><BR>[Called By]<UL><LI><a href="#[146]">&gt;&gt;</a>&nbsp;&nbsp;&nbsp;TFlash::prog(const unsigned*, unsigned, unsigned) const
<LI><a href="#[11e]">&gt;&gt;</a>&nbsp;&nbsp;&nbsp;TFlash::erase_page(unsigned) const
<LI><a href="#[11c]">&gt;&gt;</a>&nbsp;&nbsp;&nbsp;TFlash::write_sets(const unsigned char*, unsigned short)
</UL>

<P><STRONG><a name="[51]"></a>lev_gauge_to_pc(void*)</STRONG> (Thumb, 246 bytes, Stack size 176 bytes, lev_gauge_to_pc.o(i._Z15lev_gauge_to_pcPv))
<BR><BR>[Stack]<UL><LI>Max Depth = 368<LI>Call Chain = lev_gauge_to_pc(void*) &rArr; TUsart::hw_init(unsigned char) &rArr; LL_USART_Init &rArr; LL_RCC_GetUSARTClockFreq &rArr; RCC_GetSystemClockFreq &rArr; RCC_PLL_GetFreqDomain_SYS
</UL>
<BR>[Calls]<UL><LI><a href="#[c0]">&gt;&gt;</a>&nbsp;&nbsp;&nbsp;T_AD8402::init()
<LI><a href="#[be]">&gt;&gt;</a>&nbsp;&nbsp;&nbsp;TLed::init()
<LI><a href="#[bf]">&gt;&gt;</a>&nbsp;&nbsp;&nbsp;TLed::on()
<LI><a href="#[b6]">&gt;&gt;</a>&nbsp;&nbsp;&nbsp;__aeabi_memcpy4
<LI><a href="#[c2]">&gt;&gt;</a>&nbsp;&nbsp;&nbsp;TUsart::hw_init(unsigned char)
<LI><a href="#[c1]">&gt;&gt;</a>&nbsp;&nbsp;&nbsp;TUsart::pin_clk_config()
<LI><a href="#[c7]">&gt;&gt;</a>&nbsp;&nbsp;&nbsp;TExtMaster::parse_pkt()
<LI><a href="#[c8]">&gt;&gt;</a>&nbsp;&nbsp;&nbsp;TExtMaster::get_data()
<LI><a href="#[bd]">&gt;&gt;</a>&nbsp;&nbsp;&nbsp;vTaskDelay
<LI><a href="#[c6]">&gt;&gt;</a>&nbsp;&nbsp;&nbsp;TExchngToPC::adc_init()
<LI><a href="#[c3]">&gt;&gt;</a>&nbsp;&nbsp;&nbsp;TExchngToPC::tmr_freg_init()
<LI><a href="#[c5]">&gt;&gt;</a>&nbsp;&nbsp;&nbsp;TExchngToPC::tmr_diff_init()
<LI><a href="#[c4]">&gt;&gt;</a>&nbsp;&nbsp;&nbsp;TExchngToPC::tmr_cmp_init()
</UL>
<BR>[Address Reference Count : 1]<UL><LI> main.o(i._ZN29_INTERNAL_8_main_cpp_6396510212create_tasksEv)
</UL>
<P><STRONG><a name="[67]"></a>TExtMaster::all_pkt_tx(const unsigned char*, unsigned short)</STRONG> (Thumb, 56 bytes, Stack size 16 bytes, ext_master.o(i._ZN10TExtMaster10all_pkt_txEPKht))
<BR><BR>[Stack]<UL><LI>Max Depth = 52<LI>Call Chain = TExtMaster::all_pkt_tx(const unsigned char*, unsigned short) &rArr; TExtMaster::start_wrap_tx(const unsigned char*, unsigned short)
</UL>
<BR>[Calls]<UL><LI><a href="#[65]">&gt;&gt;</a>&nbsp;&nbsp;&nbsp;TExtMaster::start_wrap_tx(const unsigned char*, unsigned short)
</UL>
<BR>[Address Reference Count : 1]<UL><LI> ext_master.o(.constdata)
</UL>
<P><STRONG><a name="[64]"></a>TExtMaster::no_wrap_tx(const unsigned char*, unsigned short)</STRONG> (Thumb, 6 bytes, Stack size 0 bytes, ext_master.o(i._ZN10TExtMaster10no_wrap_txEPKht))
<BR>[Address Reference Count : 1]<UL><LI> ext_master.o(.constdata)
</UL>
<P><STRONG><a name="[65]"></a>TExtMaster::start_wrap_tx(const unsigned char*, unsigned short)</STRONG> (Thumb, 46 bytes, Stack size 36 bytes, ext_master.o(i._ZN10TExtMaster13start_wrap_txEPKht))
<BR><BR>[Stack]<UL><LI>Max Depth = 36<LI>Call Chain = TExtMaster::start_wrap_tx(const unsigned char*, unsigned short)
</UL>
<BR>[Calls]<UL><LI><a href="#[c8]">&gt;&gt;</a>&nbsp;&nbsp;&nbsp;TExtMaster::get_data()
</UL>
<BR>[Called By]<UL><LI><a href="#[67]">&gt;&gt;</a>&nbsp;&nbsp;&nbsp;TExtMaster::all_pkt_tx(const unsigned char*, unsigned short)
</UL>
<BR>[Address Reference Count : 1]<UL><LI> ext_master.o(.constdata)
</UL>
<P><STRONG><a name="[66]"></a>TExtMaster::finish_wrap_tx(const unsigned char*, unsigned short)</STRONG> (Thumb, 12 bytes, Stack size 0 bytes, ext_master.o(i._ZN10TExtMaster14finish_wrap_txEPKht))
<BR>[Address Reference Count : 1]<UL><LI> ext_master.o(.constdata)
</UL>
<P><STRONG><a name="[c9]"></a>TExtMaster::tx_data(const unsigned char*, unsigned short, TExtMaster::TWrapTxSign)</STRONG> (Thumb, 128 bytes, Stack size 120 bytes, ext_master.o(i._ZN10TExtMaster7tx_dataEPKhtNS_11TWrapTxSignE))
<BR><BR>[Stack]<UL><LI>Max Depth = 136<LI>Call Chain = TExtMaster::tx_data(const unsigned char*, unsigned short, TExtMaster::TWrapTxSign) &rArr; TUsart::write_burst(const unsigned char*, unsigned short)
</UL>
<BR>[Calls]<UL><LI><a href="#[b6]">&gt;&gt;</a>&nbsp;&nbsp;&nbsp;__aeabi_memcpy4
<LI><a href="#[ca]">&gt;&gt;</a>&nbsp;&nbsp;&nbsp;TUsart::write_burst(const unsigned char*, unsigned short)
</UL>
<BR>[Called By]<UL><LI><a href="#[70]">&gt;&gt;</a>&nbsp;&nbsp;&nbsp;TExchngToPC::tx_test(TExchngToPC::TParamHandle*)
<LI><a href="#[72]">&gt;&gt;</a>&nbsp;&nbsp;&nbsp;TExchngToPC::tx_adc(TExchngToPC::TParamHandle*)
<LI><a href="#[6b]">&gt;&gt;</a>&nbsp;&nbsp;&nbsp;TExchngToPC::tx_set_duty_cycle(TExchngToPC::TParamHandle*)
<LI><a href="#[6f]">&gt;&gt;</a>&nbsp;&nbsp;&nbsp;TExchngToPC::tx_set_pos_pot_2(TExchngToPC::TParamHandle*)
<LI><a href="#[6d]">&gt;&gt;</a>&nbsp;&nbsp;&nbsp;TExchngToPC::tx_set_pos_pot_1(TExchngToPC::TParamHandle*)
<LI><a href="#[76]">&gt;&gt;</a>&nbsp;&nbsp;&nbsp;TExchngToPC::tx_diff_capture(TExchngToPC::TParamHandle*)
<LI><a href="#[74]">&gt;&gt;</a>&nbsp;&nbsp;&nbsp;TExchngToPC::tx_cmp_capture(TExchngToPC::TParamHandle*)
<LI><a href="#[69]">&gt;&gt;</a>&nbsp;&nbsp;&nbsp;TExchngToPC::tx_set_freg(TExchngToPC::TParamHandle*)
</UL>

<P><STRONG><a name="[c8]"></a>TExtMaster::get_data()</STRONG> (Thumb, 14 bytes, Stack size 0 bytes, ext_master.o(i._ZN10TExtMaster8get_dataEv))
<BR><BR>[Called By]<UL><LI><a href="#[51]">&gt;&gt;</a>&nbsp;&nbsp;&nbsp;lev_gauge_to_pc(void*)
<LI><a href="#[65]">&gt;&gt;</a>&nbsp;&nbsp;&nbsp;TExtMaster::start_wrap_tx(const unsigned char*, unsigned short)
</UL>

<P><STRONG><a name="[c7]"></a>TExtMaster::parse_pkt()</STRONG> (Thumb, 118 bytes, Stack size 24 bytes, ext_master.o(i._ZN10TExtMaster9parse_pktEv))
<BR><BR>[Stack]<UL><LI>Max Depth = 32<LI>Call Chain = TExtMaster::parse_pkt() &rArr; TUsart::read_byte()
</UL>
<BR>[Calls]<UL><LI><a href="#[cc]">&gt;&gt;</a>&nbsp;&nbsp;&nbsp;TUsart::read_byte()
<LI><a href="#[cb]">&gt;&gt;</a>&nbsp;&nbsp;&nbsp;TUsart::enable_rx()
<LI><a href="#[cd]">&gt;&gt;</a>&nbsp;&nbsp;&nbsp;TUsart::disable_rx()
</UL>
<BR>[Called By]<UL><LI><a href="#[51]">&gt;&gt;</a>&nbsp;&nbsp;&nbsp;lev_gauge_to_pc(void*)
</UL>

<P><STRONG><a name="[ce]"></a>TExtMaster::TExtMaster(const TUsart_HW&)</STRONG> (Thumb, 38 bytes, Stack size 24 bytes, ext_master.o(i._ZN10TExtMasterC1ERK9TUsart_HW))
<BR><BR>[Stack]<UL><LI>Max Depth = 48<LI>Call Chain = TExtMaster::TExtMaster(const TUsart_HW&) &rArr; TUsart::TUsart(const TUsart_HW&, const TUsart::TSets&, TUsart::TMode)
</UL>
<BR>[Calls]<UL><LI><a href="#[cf]">&gt;&gt;</a>&nbsp;&nbsp;&nbsp;TUsart::TUsart(const TUsart_HW&, const TUsart::TSets&, TUsart::TMode)
</UL>
<BR>[Called By]<UL><LI><a href="#[106]">&gt;&gt;</a>&nbsp;&nbsp;&nbsp;TExchngToPC::TExchngToPC(const TUsart_HW&, const TTmr_HW&, const TTmr_HW&, const TTmr_HW&, const TAdc_HW&)
</UL>

<P><STRONG><a name="[199]"></a>TExtMaster::TExtMaster__sub_object(const TUsart_HW&)</STRONG> (Thumb, 0 bytes, Stack size 24 bytes, ext_master.o(i._ZN10TExtMasterC1ERK9TUsart_HW), UNUSED)

<P><STRONG><a name="[d0]"></a>TExtMaster::~TExtMaster()</STRONG> (Thumb, 16 bytes, Stack size 8 bytes, ext_master.o(i._ZN10TExtMasterD1Ev))
<BR><BR>[Stack]<UL><LI>Max Depth = 16<LI>Call Chain = TExtMaster::~TExtMaster() &rArr; TUsart::~TUsart()
</UL>
<BR>[Calls]<UL><LI><a href="#[d1]">&gt;&gt;</a>&nbsp;&nbsp;&nbsp;TUsart::~TUsart()
</UL>
<BR>[Called By]<UL><LI><a href="#[56]">&gt;&gt;</a>&nbsp;&nbsp;&nbsp;TExchngToPC::~TExchngToPC()
</UL>

<P><STRONG><a name="[19a]"></a>TExtMaster::~TExtMaster__sub_object()</STRONG> (Thumb, 0 bytes, Stack size 8 bytes, ext_master.o(i._ZN10TExtMasterD1Ev), UNUSED)

<P><STRONG><a name="[68]"></a>TExchngToPC::rx_set_freg(TExchngToPC::TParamHandle*)</STRONG> (Thumb, 16 bytes, Stack size 16 bytes, lev_gauge_to_pc.o(i._ZN11TExchngToPC11rx_set_fregEPNS_12TParamHandleE))
<BR><BR>[Stack]<UL><LI>Max Depth = 144<LI>Call Chain = TExchngToPC::rx_set_freg(TExchngToPC::TParamHandle*) &rArr; TExchngToPC::ctrl_pwm(TExchngToPC::TParamHandle*) &rArr; xQueueGenericReceive &rArr; vTaskPlaceOnEventList &rArr; prvAddCurrentTaskToDelayedList &rArr; vListInsert
</UL>
<BR>[Calls]<UL><LI><a href="#[d2]">&gt;&gt;</a>&nbsp;&nbsp;&nbsp;TExchngToPC::ctrl_pwm(TExchngToPC::TParamHandle*)
</UL>
<BR>[Address Reference Count : 1]<UL><LI> lev_gauge_to_pc.o(.constdata)
</UL>
<P><STRONG><a name="[69]"></a>TExchngToPC::tx_set_freg(TExchngToPC::TParamHandle*)</STRONG> (Thumb, 20 bytes, Stack size 16 bytes, lev_gauge_to_pc.o(i._ZN11TExchngToPC11tx_set_fregEPNS_12TParamHandleE))
<BR><BR>[Stack]<UL><LI>Max Depth = 152<LI>Call Chain = TExchngToPC::tx_set_freg(TExchngToPC::TParamHandle*) &rArr; TExtMaster::tx_data(const unsigned char*, unsigned short, TExtMaster::TWrapTxSign) &rArr; TUsart::write_burst(const unsigned char*, unsigned short)
</UL>
<BR>[Calls]<UL><LI><a href="#[c9]">&gt;&gt;</a>&nbsp;&nbsp;&nbsp;TExtMaster::tx_data(const unsigned char*, unsigned short, TExtMaster::TWrapTxSign)
</UL>
<BR>[Address Reference Count : 1]<UL><LI> lev_gauge_to_pc.o(.constdata)
</UL>
<P><STRONG><a name="[71]"></a>TExchngToPC::rx_start_adc(TExchngToPC::TParamHandle*)</STRONG> (Thumb, 488 bytes, Stack size 24 bytes, lev_gauge_to_pc.o(i._ZN11TExchngToPC12rx_start_adcEPNS_12TParamHandleE))
<BR><BR>[Stack]<UL><LI>Max Depth = 128<LI>Call Chain = TExchngToPC::rx_start_adc(TExchngToPC::TParamHandle*) &rArr; xQueueGenericReceive &rArr; vTaskPlaceOnEventList &rArr; prvAddCurrentTaskToDelayedList &rArr; vListInsert
</UL>
<BR>[Calls]<UL><LI><a href="#[d4]">&gt;&gt;</a>&nbsp;&nbsp;&nbsp;TLed::off()
<LI><a href="#[bf]">&gt;&gt;</a>&nbsp;&nbsp;&nbsp;TLed::on()
<LI><a href="#[da]">&gt;&gt;</a>&nbsp;&nbsp;&nbsp;xQueueGenericReceive
<LI><a href="#[d7]">&gt;&gt;</a>&nbsp;&nbsp;&nbsp;[local to lev_gauge_to_pc_cpp]::LL_ADC_REG_IsStopConversionOngoing(ADC_TypeDef*)
<LI><a href="#[d8]">&gt;&gt;</a>&nbsp;&nbsp;&nbsp;[local to lev_gauge_to_pc_cpp]::LL_ADC_REG_IsConversionOngoing(ADC_TypeDef*)
<LI><a href="#[d6]">&gt;&gt;</a>&nbsp;&nbsp;&nbsp;[local to lev_gauge_to_pc_cpp]::LL_ADC_REG_StopConversion(ADC_TypeDef*)
<LI><a href="#[d3]">&gt;&gt;</a>&nbsp;&nbsp;&nbsp;TExchngToPC::chk_range(float, const TExchngToPC::TRange&)
<LI><a href="#[dc]">&gt;&gt;</a>&nbsp;&nbsp;&nbsp;TExchngToPC::dis_adc()
<LI><a href="#[d5]">&gt;&gt;</a>&nbsp;&nbsp;&nbsp;TExchngToPC::en_adc()
<LI><a href="#[db]">&gt;&gt;</a>&nbsp;&nbsp;&nbsp;TExchngToPC::deinit_diff_exti()
<LI><a href="#[d9]">&gt;&gt;</a>&nbsp;&nbsp;&nbsp;TExchngToPC::init_diff_exti(unsigned)
</UL>
<BR>[Address Reference Count : 1]<UL><LI> lev_gauge_to_pc.o(.constdata)
</UL>
<P><STRONG><a name="[c4]"></a>TExchngToPC::tmr_cmp_init()</STRONG> (Thumb, 170 bytes, Stack size 8 bytes, lev_gauge_to_pc.o(i._ZN11TExchngToPC12tmr_cmp_initEv))
<BR><BR>[Stack]<UL><LI>Max Depth = 28<LI>Call Chain = TExchngToPC::tmr_cmp_init() &rArr; [local to lev_gauge_to_pc_cpp]::LL_TIM_IC_SetActiveInput(TIM_TypeDef*, unsigned, unsigned)
</UL>
<BR>[Calls]<UL><LI><a href="#[e5]">&gt;&gt;</a>&nbsp;&nbsp;&nbsp;[local to lev_gauge_to_pc_cpp]::LL_TIM_IC_SetActiveInput(TIM_TypeDef*, unsigned, unsigned)
<LI><a href="#[e3]">&gt;&gt;</a>&nbsp;&nbsp;&nbsp;[local to lev_gauge_to_pc_cpp]::LL_TIM_EnableARRPreload(TIM_TypeDef*)
<LI><a href="#[e9]">&gt;&gt;</a>&nbsp;&nbsp;&nbsp;[local to lev_gauge_to_pc_cpp]::LL_TIM_CC_EnableChannel(TIM_TypeDef*, unsigned)
<LI><a href="#[e8]">&gt;&gt;</a>&nbsp;&nbsp;&nbsp;[local to lev_gauge_to_pc_cpp]::LL_TIM_IC_SetPrescaler(TIM_TypeDef*, unsigned, unsigned)
<LI><a href="#[e7]">&gt;&gt;</a>&nbsp;&nbsp;&nbsp;[local to lev_gauge_to_pc_cpp]::LL_TIM_IC_SetPolarity(TIM_TypeDef*, unsigned, unsigned)
<LI><a href="#[e4]">&gt;&gt;</a>&nbsp;&nbsp;&nbsp;[local to lev_gauge_to_pc_cpp]::LL_TIM_SetAutoReload(TIM_TypeDef*, unsigned)
<LI><a href="#[e0]">&gt;&gt;</a>&nbsp;&nbsp;&nbsp;[local to lev_gauge_to_pc_cpp]::LL_GPIO_SetAFPin_0_7(GPIO_TypeDef*, unsigned, unsigned)
<LI><a href="#[e1]">&gt;&gt;</a>&nbsp;&nbsp;&nbsp;[local to lev_gauge_to_pc_cpp]::LL_TIM_SetSlaveMode(TIM_TypeDef*, unsigned)
<LI><a href="#[e2]">&gt;&gt;</a>&nbsp;&nbsp;&nbsp;[local to lev_gauge_to_pc_cpp]::LL_TIM_SetPrescaler(TIM_TypeDef*, unsigned)
<LI><a href="#[e6]">&gt;&gt;</a>&nbsp;&nbsp;&nbsp;[local to lev_gauge_to_pc_cpp]::LL_TIM_IC_SetFilter(TIM_TypeDef*, unsigned, unsigned)
<LI><a href="#[de]">&gt;&gt;</a>&nbsp;&nbsp;&nbsp;[local to lev_gauge_to_pc_cpp]::LL_GPIO_SetPinSpeed(GPIO_TypeDef*, unsigned, unsigned)
<LI><a href="#[df]">&gt;&gt;</a>&nbsp;&nbsp;&nbsp;[local to lev_gauge_to_pc_cpp]::LL_GPIO_SetPinPull(GPIO_TypeDef*, unsigned, unsigned)
<LI><a href="#[dd]">&gt;&gt;</a>&nbsp;&nbsp;&nbsp;[local to lev_gauge_to_pc_cpp]::LL_GPIO_SetPinMode(GPIO_TypeDef*, unsigned, unsigned)
</UL>
<BR>[Called By]<UL><LI><a href="#[51]">&gt;&gt;</a>&nbsp;&nbsp;&nbsp;lev_gauge_to_pc(void*)
</UL>

<P><STRONG><a name="[ea]"></a>TExchngToPC::set_diff_freq(unsigned short)</STRONG> (Thumb, 20 bytes, Stack size 16 bytes, lev_gauge_to_pc.o(i._ZN11TExchngToPC13set_diff_freqEt))
<BR><BR>[Stack]<UL><LI>Max Depth = 16<LI>Call Chain = TExchngToPC::set_diff_freq(unsigned short)
</UL>
<BR>[Calls]<UL><LI><a href="#[e2]">&gt;&gt;</a>&nbsp;&nbsp;&nbsp;[local to lev_gauge_to_pc_cpp]::LL_TIM_SetPrescaler(TIM_TypeDef*, unsigned)
</UL>
<BR>[Called By]<UL><LI><a href="#[75]">&gt;&gt;</a>&nbsp;&nbsp;&nbsp;TExchngToPC::rx_diff_capture(TExchngToPC::TParamHandle*)
</UL>

<P><STRONG><a name="[c5]"></a>TExchngToPC::tmr_diff_init()</STRONG> (Thumb, 176 bytes, Stack size 8 bytes, lev_gauge_to_pc.o(i._ZN11TExchngToPC13tmr_diff_initEv))
<BR><BR>[Stack]<UL><LI>Max Depth = 28<LI>Call Chain = TExchngToPC::tmr_diff_init() &rArr; [local to lev_gauge_to_pc_cpp]::LL_TIM_IC_SetActiveInput(TIM_TypeDef*, unsigned, unsigned)
</UL>
<BR>[Calls]<UL><LI><a href="#[e5]">&gt;&gt;</a>&nbsp;&nbsp;&nbsp;[local to lev_gauge_to_pc_cpp]::LL_TIM_IC_SetActiveInput(TIM_TypeDef*, unsigned, unsigned)
<LI><a href="#[e9]">&gt;&gt;</a>&nbsp;&nbsp;&nbsp;[local to lev_gauge_to_pc_cpp]::LL_TIM_CC_EnableChannel(TIM_TypeDef*, unsigned)
<LI><a href="#[e8]">&gt;&gt;</a>&nbsp;&nbsp;&nbsp;[local to lev_gauge_to_pc_cpp]::LL_TIM_IC_SetPrescaler(TIM_TypeDef*, unsigned, unsigned)
<LI><a href="#[e7]">&gt;&gt;</a>&nbsp;&nbsp;&nbsp;[local to lev_gauge_to_pc_cpp]::LL_TIM_IC_SetPolarity(TIM_TypeDef*, unsigned, unsigned)
<LI><a href="#[e4]">&gt;&gt;</a>&nbsp;&nbsp;&nbsp;[local to lev_gauge_to_pc_cpp]::LL_TIM_SetAutoReload(TIM_TypeDef*, unsigned)
<LI><a href="#[e0]">&gt;&gt;</a>&nbsp;&nbsp;&nbsp;[local to lev_gauge_to_pc_cpp]::LL_GPIO_SetAFPin_0_7(GPIO_TypeDef*, unsigned, unsigned)
<LI><a href="#[e1]">&gt;&gt;</a>&nbsp;&nbsp;&nbsp;[local to lev_gauge_to_pc_cpp]::LL_TIM_SetSlaveMode(TIM_TypeDef*, unsigned)
<LI><a href="#[e2]">&gt;&gt;</a>&nbsp;&nbsp;&nbsp;[local to lev_gauge_to_pc_cpp]::LL_TIM_SetPrescaler(TIM_TypeDef*, unsigned)
<LI><a href="#[e6]">&gt;&gt;</a>&nbsp;&nbsp;&nbsp;[local to lev_gauge_to_pc_cpp]::LL_TIM_IC_SetFilter(TIM_TypeDef*, unsigned, unsigned)
<LI><a href="#[de]">&gt;&gt;</a>&nbsp;&nbsp;&nbsp;[local to lev_gauge_to_pc_cpp]::LL_GPIO_SetPinSpeed(GPIO_TypeDef*, unsigned, unsigned)
<LI><a href="#[df]">&gt;&gt;</a>&nbsp;&nbsp;&nbsp;[local to lev_gauge_to_pc_cpp]::LL_GPIO_SetPinPull(GPIO_TypeDef*, unsigned, unsigned)
<LI><a href="#[dd]">&gt;&gt;</a>&nbsp;&nbsp;&nbsp;[local to lev_gauge_to_pc_cpp]::LL_GPIO_SetPinMode(GPIO_TypeDef*, unsigned, unsigned)
</UL>
<BR>[Called By]<UL><LI><a href="#[51]">&gt;&gt;</a>&nbsp;&nbsp;&nbsp;lev_gauge_to_pc(void*)
</UL>

<P><STRONG><a name="[c3]"></a>TExchngToPC::tmr_freg_init()</STRONG> (Thumb, 286 bytes, Stack size 24 bytes, lev_gauge_to_pc.o(i._ZN11TExchngToPC13tmr_freg_initEv))
<BR><BR>[Stack]<UL><LI>Max Depth = 112<LI>Call Chain = TExchngToPC::tmr_freg_init() &rArr; TExchngToPC::cnt_pwm() &rArr; LL_RCC_GetSystemClocksFreq &rArr; RCC_GetSystemClockFreq &rArr; RCC_PLL_GetFreqDomain_SYS
</UL>
<BR>[Calls]<UL><LI><a href="#[f0]">&gt;&gt;</a>&nbsp;&nbsp;&nbsp;[local to lev_gauge_to_pc_cpp]::LL_TIM_GenerateEvent_UPDATE(TIM_TypeDef*)
<LI><a href="#[f1]">&gt;&gt;</a>&nbsp;&nbsp;&nbsp;[local to lev_gauge_to_pc_cpp]::NVIC_GetPriorityGrouping()
<LI><a href="#[ef]">&gt;&gt;</a>&nbsp;&nbsp;&nbsp;[local to lev_gauge_to_pc_cpp]::LL_TIM_OC_SetCompareCH1(TIM_TypeDef*, unsigned)
<LI><a href="#[ee]">&gt;&gt;</a>&nbsp;&nbsp;&nbsp;[local to lev_gauge_to_pc_cpp]::LL_TIM_OC_EnablePreload(TIM_TypeDef*, unsigned)
<LI><a href="#[f6]">&gt;&gt;</a>&nbsp;&nbsp;&nbsp;[local to lev_gauge_to_pc_cpp]::LL_TIM_EnableAllOutputs(TIM_TypeDef*)
<LI><a href="#[e3]">&gt;&gt;</a>&nbsp;&nbsp;&nbsp;[local to lev_gauge_to_pc_cpp]::LL_TIM_EnableARRPreload(TIM_TypeDef*)
<LI><a href="#[e9]">&gt;&gt;</a>&nbsp;&nbsp;&nbsp;[local to lev_gauge_to_pc_cpp]::LL_TIM_CC_EnableChannel(TIM_TypeDef*, unsigned)
<LI><a href="#[ec]">&gt;&gt;</a>&nbsp;&nbsp;&nbsp;[local to lev_gauge_to_pc_cpp]::LL_TIM_OC_ConfigOutput(TIM_TypeDef*, unsigned, unsigned)
<LI><a href="#[e4]">&gt;&gt;</a>&nbsp;&nbsp;&nbsp;[local to lev_gauge_to_pc_cpp]::LL_TIM_SetAutoReload(TIM_TypeDef*, unsigned)
<LI><a href="#[f5]">&gt;&gt;</a>&nbsp;&nbsp;&nbsp;[local to lev_gauge_to_pc_cpp]::LL_TIM_EnableCounter(TIM_TypeDef*)
<LI><a href="#[f2]">&gt;&gt;</a>&nbsp;&nbsp;&nbsp;[local to lev_gauge_to_pc_cpp]::NVIC_EncodePriority(unsigned, unsigned, unsigned)
<LI><a href="#[e1]">&gt;&gt;</a>&nbsp;&nbsp;&nbsp;[local to lev_gauge_to_pc_cpp]::LL_TIM_SetSlaveMode(TIM_TypeDef*, unsigned)
<LI><a href="#[e2]">&gt;&gt;</a>&nbsp;&nbsp;&nbsp;[local to lev_gauge_to_pc_cpp]::LL_TIM_SetPrescaler(TIM_TypeDef*, unsigned)
<LI><a href="#[de]">&gt;&gt;</a>&nbsp;&nbsp;&nbsp;[local to lev_gauge_to_pc_cpp]::LL_GPIO_SetPinSpeed(GPIO_TypeDef*, unsigned, unsigned)
<LI><a href="#[df]">&gt;&gt;</a>&nbsp;&nbsp;&nbsp;[local to lev_gauge_to_pc_cpp]::LL_GPIO_SetPinPull(GPIO_TypeDef*, unsigned, unsigned)
<LI><a href="#[dd]">&gt;&gt;</a>&nbsp;&nbsp;&nbsp;[local to lev_gauge_to_pc_cpp]::LL_GPIO_SetPinMode(GPIO_TypeDef*, unsigned, unsigned)
<LI><a href="#[ed]">&gt;&gt;</a>&nbsp;&nbsp;&nbsp;[local to lev_gauge_to_pc_cpp]::LL_TIM_OC_SetMode(TIM_TypeDef*, unsigned, unsigned)
<LI><a href="#[f3]">&gt;&gt;</a>&nbsp;&nbsp;&nbsp;[local to lev_gauge_to_pc_cpp]::NVIC_SetPriority(IRQn_Type, unsigned)
<LI><a href="#[f4]">&gt;&gt;</a>&nbsp;&nbsp;&nbsp;[local to lev_gauge_to_pc_cpp]::NVIC_EnableIRQ(IRQn_Type)
<LI><a href="#[eb]">&gt;&gt;</a>&nbsp;&nbsp;&nbsp;TExchngToPC::cnt_pwm()
</UL>
<BR>[Called By]<UL><LI><a href="#[51]">&gt;&gt;</a>&nbsp;&nbsp;&nbsp;lev_gauge_to_pc(void*)
</UL>

<P><STRONG><a name="[d9]"></a>TExchngToPC::init_diff_exti(unsigned)</STRONG> (Thumb, 216 bytes, Stack size 56 bytes, lev_gauge_to_pc.o(i._ZN11TExchngToPC14init_diff_extiEj))
<BR><BR>[Stack]<UL><LI>Max Depth = 76<LI>Call Chain = TExchngToPC::init_diff_exti(unsigned) &rArr; LL_GPIO_Init
</UL>
<BR>[Calls]<UL><LI><a href="#[f7]">&gt;&gt;</a>&nbsp;&nbsp;&nbsp;LL_GPIO_Init
<LI><a href="#[f1]">&gt;&gt;</a>&nbsp;&nbsp;&nbsp;[local to lev_gauge_to_pc_cpp]::NVIC_GetPriorityGrouping()
<LI><a href="#[f2]">&gt;&gt;</a>&nbsp;&nbsp;&nbsp;[local to lev_gauge_to_pc_cpp]::NVIC_EncodePriority(unsigned, unsigned, unsigned)
<LI><a href="#[f3]">&gt;&gt;</a>&nbsp;&nbsp;&nbsp;[local to lev_gauge_to_pc_cpp]::NVIC_SetPriority(IRQn_Type, unsigned)
<LI><a href="#[f4]">&gt;&gt;</a>&nbsp;&nbsp;&nbsp;[local to lev_gauge_to_pc_cpp]::NVIC_EnableIRQ(IRQn_Type)
<LI><a href="#[93]">&gt;&gt;</a>&nbsp;&nbsp;&nbsp;LL_EXTI_Init
</UL>
<BR>[Called By]<UL><LI><a href="#[73]">&gt;&gt;</a>&nbsp;&nbsp;&nbsp;TExchngToPC::rx_cmp_capture(TExchngToPC::TParamHandle*)
<LI><a href="#[71]">&gt;&gt;</a>&nbsp;&nbsp;&nbsp;TExchngToPC::rx_start_adc(TExchngToPC::TParamHandle*)
</UL>

<P><STRONG><a name="[73]"></a>TExchngToPC::rx_cmp_capture(TExchngToPC::TParamHandle*)</STRONG> (Thumb, 116 bytes, Stack size 24 bytes, lev_gauge_to_pc.o(i._ZN11TExchngToPC14rx_cmp_captureEPNS_12TParamHandleE))
<BR><BR>[Stack]<UL><LI>Max Depth = 128<LI>Call Chain = TExchngToPC::rx_cmp_capture(TExchngToPC::TParamHandle*) &rArr; xQueueGenericReceive &rArr; vTaskPlaceOnEventList &rArr; prvAddCurrentTaskToDelayedList &rArr; vListInsert
</UL>
<BR>[Calls]<UL><LI><a href="#[d4]">&gt;&gt;</a>&nbsp;&nbsp;&nbsp;TLed::off()
<LI><a href="#[bf]">&gt;&gt;</a>&nbsp;&nbsp;&nbsp;TLed::on()
<LI><a href="#[da]">&gt;&gt;</a>&nbsp;&nbsp;&nbsp;xQueueGenericReceive
<LI><a href="#[f6]">&gt;&gt;</a>&nbsp;&nbsp;&nbsp;[local to lev_gauge_to_pc_cpp]::LL_TIM_EnableAllOutputs(TIM_TypeDef*)
<LI><a href="#[f9]">&gt;&gt;</a>&nbsp;&nbsp;&nbsp;[local to lev_gauge_to_pc_cpp]::LL_TIM_DisableCounter(TIM_TypeDef*)
<LI><a href="#[f5]">&gt;&gt;</a>&nbsp;&nbsp;&nbsp;[local to lev_gauge_to_pc_cpp]::LL_TIM_EnableCounter(TIM_TypeDef*)
<LI><a href="#[f8]">&gt;&gt;</a>&nbsp;&nbsp;&nbsp;[local to lev_gauge_to_pc_cpp]::LL_TIM_SetCounter(TIM_TypeDef*, unsigned)
<LI><a href="#[db]">&gt;&gt;</a>&nbsp;&nbsp;&nbsp;TExchngToPC::deinit_diff_exti()
<LI><a href="#[d9]">&gt;&gt;</a>&nbsp;&nbsp;&nbsp;TExchngToPC::init_diff_exti(unsigned)
</UL>
<BR>[Address Reference Count : 1]<UL><LI> lev_gauge_to_pc.o(.constdata)
</UL>
<P><STRONG><a name="[74]"></a>TExchngToPC::tx_cmp_capture(TExchngToPC::TParamHandle*)</STRONG> (Thumb, 56 bytes, Stack size 16 bytes, lev_gauge_to_pc.o(i._ZN11TExchngToPC14tx_cmp_captureEPNS_12TParamHandleE))
<BR><BR>[Stack]<UL><LI>Max Depth = 152<LI>Call Chain = TExchngToPC::tx_cmp_capture(TExchngToPC::TParamHandle*) &rArr; TExtMaster::tx_data(const unsigned char*, unsigned short, TExtMaster::TWrapTxSign) &rArr; TUsart::write_burst(const unsigned char*, unsigned short)
</UL>
<BR>[Calls]<UL><LI><a href="#[c9]">&gt;&gt;</a>&nbsp;&nbsp;&nbsp;TExtMaster::tx_data(const unsigned char*, unsigned short, TExtMaster::TWrapTxSign)
</UL>
<BR>[Address Reference Count : 1]<UL><LI> lev_gauge_to_pc.o(.constdata)
</UL>
<P><STRONG><a name="[75]"></a>TExchngToPC::rx_diff_capture(TExchngToPC::TParamHandle*)</STRONG> (Thumb, 206 bytes, Stack size 24 bytes, lev_gauge_to_pc.o(i._ZN11TExchngToPC15rx_diff_captureEPNS_12TParamHandleE))
<BR><BR>[Stack]<UL><LI>Max Depth = 40<LI>Call Chain = TExchngToPC::rx_diff_capture(TExchngToPC::TParamHandle*) &rArr; TExchngToPC::set_diff_freq(unsigned short)
</UL>
<BR>[Calls]<UL><LI><a href="#[f0]">&gt;&gt;</a>&nbsp;&nbsp;&nbsp;[local to lev_gauge_to_pc_cpp]::LL_TIM_GenerateEvent_UPDATE(TIM_TypeDef*)
<LI><a href="#[fb]">&gt;&gt;</a>&nbsp;&nbsp;&nbsp;[local to lev_gauge_to_pc_cpp]::LL_TIM_IsActiveFlag_UPDATE(TIM_TypeDef*)
<LI><a href="#[fa]">&gt;&gt;</a>&nbsp;&nbsp;&nbsp;[local to lev_gauge_to_pc_cpp]::LL_TIM_ClearFlag_UPDATE(TIM_TypeDef*)
<LI><a href="#[f9]">&gt;&gt;</a>&nbsp;&nbsp;&nbsp;[local to lev_gauge_to_pc_cpp]::LL_TIM_DisableCounter(TIM_TypeDef*)
<LI><a href="#[f5]">&gt;&gt;</a>&nbsp;&nbsp;&nbsp;[local to lev_gauge_to_pc_cpp]::LL_TIM_EnableCounter(TIM_TypeDef*)
<LI><a href="#[f8]">&gt;&gt;</a>&nbsp;&nbsp;&nbsp;[local to lev_gauge_to_pc_cpp]::LL_TIM_SetCounter(TIM_TypeDef*, unsigned)
<LI><a href="#[db]">&gt;&gt;</a>&nbsp;&nbsp;&nbsp;TExchngToPC::deinit_diff_exti()
<LI><a href="#[ea]">&gt;&gt;</a>&nbsp;&nbsp;&nbsp;TExchngToPC::set_diff_freq(unsigned short)
</UL>
<BR>[Address Reference Count : 1]<UL><LI> lev_gauge_to_pc.o(.constdata)
</UL>
<P><STRONG><a name="[76]"></a>TExchngToPC::tx_diff_capture(TExchngToPC::TParamHandle*)</STRONG> (Thumb, 56 bytes, Stack size 16 bytes, lev_gauge_to_pc.o(i._ZN11TExchngToPC15tx_diff_captureEPNS_12TParamHandleE))
<BR><BR>[Stack]<UL><LI>Max Depth = 152<LI>Call Chain = TExchngToPC::tx_diff_capture(TExchngToPC::TParamHandle*) &rArr; TExtMaster::tx_data(const unsigned char*, unsigned short, TExtMaster::TWrapTxSign) &rArr; TUsart::write_burst(const unsigned char*, unsigned short)
</UL>
<BR>[Calls]<UL><LI><a href="#[c9]">&gt;&gt;</a>&nbsp;&nbsp;&nbsp;TExtMaster::tx_data(const unsigned char*, unsigned short, TExtMaster::TWrapTxSign)
</UL>
<BR>[Address Reference Count : 1]<UL><LI> lev_gauge_to_pc.o(.constdata)
</UL>
<P><STRONG><a name="[db]"></a>TExchngToPC::deinit_diff_exti()</STRONG> (Thumb, 10 bytes, Stack size 8 bytes, lev_gauge_to_pc.o(i._ZN11TExchngToPC16deinit_diff_extiEv))
<BR><BR>[Stack]<UL><LI>Max Depth = 8<LI>Call Chain = TExchngToPC::deinit_diff_exti()
</UL>
<BR>[Calls]<UL><LI><a href="#[fc]">&gt;&gt;</a>&nbsp;&nbsp;&nbsp;LL_EXTI_DeInit
</UL>
<BR>[Called By]<UL><LI><a href="#[75]">&gt;&gt;</a>&nbsp;&nbsp;&nbsp;TExchngToPC::rx_diff_capture(TExchngToPC::TParamHandle*)
<LI><a href="#[73]">&gt;&gt;</a>&nbsp;&nbsp;&nbsp;TExchngToPC::rx_cmp_capture(TExchngToPC::TParamHandle*)
<LI><a href="#[71]">&gt;&gt;</a>&nbsp;&nbsp;&nbsp;TExchngToPC::rx_start_adc(TExchngToPC::TParamHandle*)
</UL>

<P><STRONG><a name="[6c]"></a>TExchngToPC::rx_set_pos_pot_1(TExchngToPC::TParamHandle*)</STRONG> (Thumb, 68 bytes, Stack size 16 bytes, lev_gauge_to_pc.o(i._ZN11TExchngToPC16rx_set_pos_pot_1EPNS_12TParamHandleE))
[...]
<BR><BR>[Stack]<UL><LI>Max Depth = 20<LI>Call Chain = [local to lev_gauge_to_pc_cpp]::LL_TIM_IC_SetFilter(TIM_TypeDef*, unsigned, unsigned)
</UL>
<BR>[Called By]<UL><LI><a href="#[c5]">&gt;&gt;</a>&nbsp;&nbsp;&nbsp;TExchngToPC::tmr_diff_init()
<LI><a href="#[c4]">&gt;&gt;</a>&nbsp;&nbsp;&nbsp;TExchngToPC::tmr_cmp_init()
</UL>

<P><STRONG><a name="[e2]"></a>[local to lev_gauge_to_pc_cpp]::LL_TIM_SetPrescaler(TIM_TypeDef*, unsigned)</STRONG> (Thumb, 4 bytes, Stack size 0 bytes, lev_gauge_to_pc.o(i._ZN36_INTERNAL_19_lev_gauge_to_pc_cpp_UIF19LL_TIM_SetPrescalerEP11TIM_TypeDefj))
<BR><BR>[Called By]<UL><LI><a href="#[104]">&gt;&gt;</a>&nbsp;&nbsp;&nbsp;TExchngToPC::set_pwm(const TExchngToPC::TPwm&)
<LI><a href="#[c3]">&gt;&gt;</a>&nbsp;&nbsp;&nbsp;TExchngToPC::tmr_freg_init()
<LI><a href="#[c5]">&gt;&gt;</a>&nbsp;&nbsp;&nbsp;TExchngToPC::tmr_diff_init()
<LI><a href="#[ea]">&gt;&gt;</a>&nbsp;&nbsp;&nbsp;TExchngToPC::set_diff_freq(unsigned short)
<LI><a href="#[c4]">&gt;&gt;</a>&nbsp;&nbsp;&nbsp;TExchngToPC::tmr_cmp_init()
</UL>

<P><STRONG><a name="[e1]"></a>[local to lev_gauge_to_pc_cpp]::LL_TIM_SetSlaveMode(TIM_TypeDef*, unsigned)</STRONG> (Thumb, 12 bytes, Stack size 0 bytes, lev_gauge_to_pc.o(i._ZN36_INTERNAL_19_lev_gauge_to_pc_cpp_UIF19LL_TIM_SetSlaveModeEP11TIM_TypeDefj))
<BR><BR>[Called By]<UL><LI><a href="#[c3]">&gt;&gt;</a>&nbsp;&nbsp;&nbsp;TExchngToPC::tmr_freg_init()
<LI><a href="#[c5]">&gt;&gt;</a>&nbsp;&nbsp;&nbsp;TExchngToPC::tmr_diff_init()
<LI><a href="#[c4]">&gt;&gt;</a>&nbsp;&nbsp;&nbsp;TExchngToPC::tmr_cmp_init()
</UL>

<P><STRONG><a name="[f2]"></a>[local to lev_gauge_to_pc_cpp]::NVIC_EncodePriority(unsigned, unsigned, unsigned)</STRONG> (Thumb, 64 bytes, Stack size 20 bytes, lev_gauge_to_pc.o(i._ZN36_INTERNAL_19_lev_gauge_to_pc_cpp_UIF19NVIC_EncodePriorityEjjj))
<BR><BR>[Stack]<UL><LI>Max Depth = 20<LI>Call Chain = [local to lev_gauge_to_pc_cpp]::NVIC_EncodePriority(unsigned, unsigned, unsigned)
</UL>
<BR>[Called By]<UL><LI><a href="#[d9]">&gt;&gt;</a>&nbsp;&nbsp;&nbsp;TExchngToPC::init_diff_exti(unsigned)
<LI><a href="#[c3]">&gt;&gt;</a>&nbsp;&nbsp;&nbsp;TExchngToPC::tmr_freg_init()
</UL>

<P><STRONG><a name="[e0]"></a>[local to lev_gauge_to_pc_cpp]::LL_GPIO_SetAFPin_0_7(GPIO_TypeDef*, unsigned, unsigned)</STRONG> (Thumb, 40 bytes, Stack size 12 bytes, lev_gauge_to_pc.o(i._ZN36_INTERNAL_19_lev_gauge_to_pc_cpp_UIF20LL_GPIO_SetAFPin_0_7EP12GPIO_TypeDefjj))
<BR><BR>[Stack]<UL><LI>Max Depth = 12<LI>Call Chain = [local to lev_gauge_to_pc_cpp]::LL_GPIO_SetAFPin_0_7(GPIO_TypeDef*, unsigned, unsigned)
</UL>
<BR>[Called By]<UL><LI><a href="#[c5]">&gt;&gt;</a>&nbsp;&nbsp;&nbsp;TExchngToPC::tmr_diff_init()
<LI><a href="#[c4]">&gt;&gt;</a>&nbsp;&nbsp;&nbsp;TExchngToPC::tmr_cmp_init()
</UL>

<P><STRONG><a name="[f5]"></a>[local to lev_gauge_to_pc_cpp]::LL_TIM_EnableCounter(TIM_TypeDef*)</STRONG> (Thumb, 10 bytes, Stack size 0 bytes, lev_gauge_to_pc.o(i._ZN36_INTERNAL_19_lev_gauge_to_pc_cpp_UIF20LL_TIM_EnableCounterEP11TIM_TypeDef))
<BR><BR>[Called By]<UL><LI><a href="#[75]">&gt;&gt;</a>&nbsp;&nbsp;&nbsp;TExchngToPC::rx_diff_capture(TExchngToPC::TParamHandle*)
<LI><a href="#[73]">&gt;&gt;</a>&nbsp;&nbsp;&nbsp;TExchngToPC::rx_cmp_capture(TExchngToPC::TParamHandle*)
<LI><a href="#[c3]">&gt;&gt;</a>&nbsp;&nbsp;&nbsp;TExchngToPC::tmr_freg_init()
</UL>

<P><STRONG><a name="[e4]"></a>[local to lev_gauge_to_pc_cpp]::LL_TIM_SetAutoReload(TIM_TypeDef*, unsigned)</STRONG> (Thumb, 4 bytes, Stack size 0 bytes, lev_gauge_to_pc.o(i._ZN36_INTERNAL_19_lev_gauge_to_pc_cpp_UIF20LL_TIM_SetAutoReloadEP11TIM_TypeDefj))
<BR><BR>[Called By]<UL><LI><a href="#[104]">&gt;&gt;</a>&nbsp;&nbsp;&nbsp;TExchngToPC::set_pwm(const TExchngToPC::TPwm&)
<LI><a href="#[c3]">&gt;&gt;</a>&nbsp;&nbsp;&nbsp;TExchngToPC::tmr_freg_init()
<LI><a href="#[c5]">&gt;&gt;</a>&nbsp;&nbsp;&nbsp;TExchngToPC::tmr_diff_init()
<LI><a href="#[c4]">&gt;&gt;</a>&nbsp;&nbsp;&nbsp;TExchngToPC::tmr_cmp_init()
</UL>

<P><STRONG><a name="[f9]"></a>[local to lev_gauge_to_pc_cpp]::LL_TIM_DisableCounter(TIM_TypeDef*)</STRONG> (Thumb, 10 bytes, Stack size 0 bytes, lev_gauge_to_pc.o(i._ZN36_INTERNAL_19_lev_gauge_to_pc_cpp_UIF21LL_TIM_DisableCounterEP11TIM_TypeDef))
<BR><BR>[Called By]<UL><LI><a href="#[75]">&gt;&gt;</a>&nbsp;&nbsp;&nbsp;TExchngToPC::rx_diff_capture(TExchngToPC::TParamHandle*)
<LI><a href="#[73]">&gt;&gt;</a>&nbsp;&nbsp;&nbsp;TExchngToPC::rx_cmp_capture(TExchngToPC::TParamHandle*)
</UL>

<P><STRONG><a name="[e7]"></a>[local to lev_gauge_to_pc_cpp]::LL_TIM_IC_SetPolarity(TIM_TypeDef*, unsigned, unsigned)</STRONG> (Thumb, 104 bytes, Stack size 16 bytes, lev_gauge_to_pc.o(i._ZN36_INTERNAL_19_lev_gauge_to_pc_cpp_UIF21LL_TIM_IC_SetPolarityEP11TIM_TypeDefjj))
<BR><BR>[Stack]<UL><LI>Max Depth = 16<LI>Call Chain = [local to lev_gauge_to_pc_cpp]::LL_TIM_IC_SetPolarity(TIM_TypeDef*, unsigned, unsigned)
</UL>
<BR>[Called By]<UL><LI><a href="#[c5]">&gt;&gt;</a>&nbsp;&nbsp;&nbsp;TExchngToPC::tmr_diff_init()
<LI><a href="#[c4]">&gt;&gt;</a>&nbsp;&nbsp;&nbsp;TExchngToPC::tmr_cmp_init()
</UL>

<P><STRONG><a name="[fe]"></a>[local to lev_gauge_to_pc_cpp]::LL_ADC_ClearFlag_ADRDY(ADC_TypeDef*)</STRONG> (Thumb, 6 bytes, Stack size 0 bytes, lev_gauge_to_pc.o(i._ZN36_INTERNAL_19_lev_gauge_to_pc_cpp_UIF22LL_ADC_ClearFlag_ADRDYEP11ADC_TypeDef))
<BR><BR>[Called By]<UL><LI><a href="#[d5]">&gt;&gt;</a>&nbsp;&nbsp;&nbsp;TExchngToPC::en_adc()
</UL>

<P><STRONG><a name="[e8]"></a>[local to lev_gauge_to_pc_cpp]::LL_TIM_IC_SetPrescaler(TIM_TypeDef*, unsigned, unsigned)</STRONG> (Thumb, 118 bytes, Stack size 20 bytes, lev_gauge_to_pc.o(i._ZN36_INTERNAL_19_lev_gauge_to_pc_cpp_UIF22LL_TIM_IC_SetPrescalerEP11TIM_TypeDefjj))
<BR><BR>[Stack]<UL><LI>Max Depth = 20<LI>Call Chain = [local to lev_gauge_to_pc_cpp]::LL_TIM_IC_SetPrescaler(TIM_TypeDef*, unsigned, unsigned)
</UL>
<BR>[Called By]<UL><LI><a href="#[c5]">&gt;&gt;</a>&nbsp;&nbsp;&nbsp;TExchngToPC::tmr_diff_init()
<LI><a href="#[c4]">&gt;&gt;</a>&nbsp;&nbsp;&nbsp;TExchngToPC::tmr_cmp_init()
</UL>

<P><STRONG><a name="[ec]"></a>[local to lev_gauge_to_pc_cpp]::LL_TIM_OC_ConfigOutput(TIM_TypeDef*, unsigned, unsigned)</STRONG> (Thumb, 160 bytes, Stack size 20 bytes, lev_gauge_to_pc.o(i._ZN36_INTERNAL_19_lev_gauge_to_pc_cpp_UIF22LL_TIM_OC_ConfigOutputEP11TIM_TypeDefjj))
<BR><BR>[Stack]<UL><LI>Max Depth = 20<LI>Call Chain = [local to lev_gauge_to_pc_cpp]::LL_TIM_OC_ConfigOutput(TIM_TypeDef*, unsigned, unsigned)
</UL>
<BR>[Called By]<UL><LI><a href="#[c3]">&gt;&gt;</a>&nbsp;&nbsp;&nbsp;TExchngToPC::tmr_freg_init()
</UL>

<P><STRONG><a name="[102]"></a>[local to lev_gauge_to_pc_cpp]::LL_ADC_IsDisableOngoing(ADC_TypeDef*)</STRONG> (Thumb, 10 bytes, Stack size 0 bytes, lev_gauge_to_pc.o(i._ZN36_INTERNAL_19_lev_gauge_to_pc_cpp_UIF23LL_ADC_IsDisableOngoingEP11ADC_TypeDef))
<BR><BR>[Called By]<UL><LI><a href="#[dc]">&gt;&gt;</a>&nbsp;&nbsp;&nbsp;TExchngToPC::dis_adc()
<LI><a href="#[ff]">&gt;&gt;</a>&nbsp;&nbsp;&nbsp;TExchngToPC::adc_cal()
</UL>

<P><STRONG><a name="[e9]"></a>[local to lev_gauge_to_pc_cpp]::LL_TIM_CC_EnableChannel(TIM_TypeDef*, unsigned)</STRONG> (Thumb, 8 bytes, Stack size 0 bytes, lev_gauge_to_pc.o(i._ZN36_INTERNAL_19_lev_gauge_to_pc_cpp_UIF23LL_TIM_CC_EnableChannelEP11TIM_TypeDefj))
<BR><BR>[Called By]<UL><LI><a href="#[c3]">&gt;&gt;</a>&nbsp;&nbsp;&nbsp;TExchngToPC::tmr_freg_init()
<LI><a href="#[c5]">&gt;&gt;</a>&nbsp;&nbsp;&nbsp;TExchngToPC::tmr_diff_init()
<LI><a href="#[c4]">&gt;&gt;</a>&nbsp;&nbsp;&nbsp;TExchngToPC::tmr_cmp_init()
</UL>

<P><STRONG><a name="[fa]"></a>[local to lev_gauge_to_pc_cpp]::LL_TIM_ClearFlag_UPDATE(TIM_TypeDef*)</STRONG> (Thumb, 8 bytes, Stack size 0 bytes, lev_gauge_to_pc.o(i._ZN36_INTERNAL_19_lev_gauge_to_pc_cpp_UIF23LL_TIM_ClearFlag_UPDATEEP11TIM_TypeDef))
<BR><BR>[Called By]<UL><LI><a href="#[75]">&gt;&gt;</a>&nbsp;&nbsp;&nbsp;TExchngToPC::rx_diff_capture(TExchngToPC::TParamHandle*)
</UL>

<P><STRONG><a name="[e3]"></a>[local to lev_gauge_to_pc_cpp]::LL_TIM_EnableARRPreload(TIM_TypeDef*)</STRONG> (Thumb, 10 bytes, Stack size 0 bytes, lev_gauge_to_pc.o(i._ZN36_INTERNAL_19_lev_gauge_to_pc_cpp_UIF23LL_TIM_EnableARRPreloadEP11TIM_TypeDef))
<BR><BR>[Called By]<UL><LI><a href="#[c3]">&gt;&gt;</a>&nbsp;&nbsp;&nbsp;TExchngToPC::tmr_freg_init()
<LI><a href="#[c4]">&gt;&gt;</a>&nbsp;&nbsp;&nbsp;TExchngToPC::tmr_cmp_init()
</UL>

<P><STRONG><a name="[f6]"></a>[local to lev_gauge_to_pc_cpp]::LL_TIM_EnableAllOutputs(TIM_TypeDef*)</STRONG> (Thumb, 10 bytes, Stack size 0 bytes, lev_gauge_to_pc.o(i._ZN36_INTERNAL_19_lev_gauge_to_pc_cpp_UIF23LL_TIM_EnableAllOutputsEP11TIM_TypeDef))
<BR><BR>[Called By]<UL><LI><a href="#[73]">&gt;&gt;</a>&nbsp;&nbsp;&nbsp;TExchngToPC::rx_cmp_capture(TExchngToPC::TParamHandle*)
<LI><a href="#[c3]">&gt;&gt;</a>&nbsp;&nbsp;&nbsp;TExchngToPC::tmr_freg_init()
</UL>

<P><STRONG><a name="[ee]"></a>[local to lev_gauge_to_pc_cpp]::LL_TIM_OC_EnablePreload(TIM_TypeDef*, unsigned)</STRONG> (Thumb, 106 bytes, Stack size 16 bytes, lev_gauge_to_pc.o(i._ZN36_INTERNAL_19_lev_gauge_to_pc_cpp_UIF23LL_TIM_OC_EnablePreloadEP11TIM_TypeDefj))
<BR><BR>[Stack]<UL><LI>Max Depth = 16<LI>Call Chain = [local to lev_gauge_to_pc_cpp]::LL_TIM_OC_EnablePreload(TIM_TypeDef*, unsigned)
</UL>
<BR>[Called By]<UL><LI><a href="#[c3]">&gt;&gt;</a>&nbsp;&nbsp;&nbsp;TExchngToPC::tmr_freg_init()
</UL>

<P><STRONG><a name="[ef]"></a>[local to lev_gauge_to_pc_cpp]::LL_TIM_OC_SetCompareCH1(TIM_TypeDef*, unsigned)</STRONG> (Thumb, 4 bytes, Stack size 0 bytes, lev_gauge_to_pc.o(i._ZN36_INTERNAL_19_lev_gauge_to_pc_cpp_UIF23LL_TIM_OC_SetCompareCH1EP11TIM_TypeDefj))
<BR><BR>[Called By]<UL><LI><a href="#[104]">&gt;&gt;</a>&nbsp;&nbsp;&nbsp;TExchngToPC::set_pwm(const TExchngToPC::TPwm&)
<LI><a href="#[c3]">&gt;&gt;</a>&nbsp;&nbsp;&nbsp;TExchngToPC::tmr_freg_init()
</UL>

<P><STRONG><a name="[e5]"></a>[local to lev_gauge_to_pc_cpp]::LL_TIM_IC_SetActiveInput(TIM_TypeDef*, unsigned, unsigned)</STRONG> (Thumb, 118 bytes, Stack size 20 bytes, lev_gauge_to_pc.o(i._ZN36_INTERNAL_19_lev_gauge_to_pc_cpp_UIF24LL_TIM_IC_SetActiveInputEP11TIM_TypeDefjj))
<BR><BR>[Stack]<UL><LI>Max Depth = 20<LI>Call Chain = [local to lev_gauge_to_pc_cpp]::LL_TIM_IC_SetActiveInput(TIM_TypeDef*, unsigned, unsigned)
</UL>
<BR>[Called By]<UL><LI><a href="#[c5]">&gt;&gt;</a>&nbsp;&nbsp;&nbsp;TExchngToPC::tmr_diff_init()
<LI><a href="#[c4]">&gt;&gt;</a>&nbsp;&nbsp;&nbsp;TExchngToPC::tmr_cmp_init()
</UL>

<P><STRONG><a name="[f1]"></a>[local to lev_gauge_to_pc_cpp]::NVIC_GetPriorityGrouping()</STRONG> (Thumb, 10 bytes, Stack size 0 bytes, lev_gauge_to_pc.o(i._ZN36_INTERNAL_19_lev_gauge_to_pc_cpp_UIF24NVIC_GetPriorityGroupingEv))
<BR><BR>[Called By]<UL><LI><a href="#[d9]">&gt;&gt;</a>&nbsp;&nbsp;&nbsp;TExchngToPC::init_diff_exti(unsigned)
<LI><a href="#[c3]">&gt;&gt;</a>&nbsp;&nbsp;&nbsp;TExchngToPC::tmr_freg_init()
</UL>

<P><STRONG><a name="[d6]"></a>[local to lev_gauge_to_pc_cpp]::LL_ADC_REG_StopConversion(ADC_TypeDef*)</STRONG> (Thumb, 14 bytes, Stack size 0 bytes, lev_gauge_to_pc.o(i._ZN36_INTERNAL_19_lev_gauge_to_pc_cpp_UIF25LL_ADC_REG_StopConversionEP11ADC_TypeDef))
<BR><BR>[Called By]<UL><LI><a href="#[dc]">&gt;&gt;</a>&nbsp;&nbsp;&nbsp;TExchngToPC::dis_adc()
<LI><a href="#[71]">&gt;&gt;</a>&nbsp;&nbsp;&nbsp;TExchngToPC::rx_start_adc(TExchngToPC::TParamHandle*)
</UL>

<P><STRONG><a name="[fb]"></a>[local to lev_gauge_to_pc_cpp]::LL_TIM_IsActiveFlag_UPDATE(TIM_TypeDef*)</STRONG> (Thumb, 10 bytes, Stack size 0 bytes, lev_gauge_to_pc.o(i._ZN36_INTERNAL_19_lev_gauge_to_pc_cpp_UIF26LL_TIM_IsActiveFlag_UPDATEEP11TIM_TypeDef))
<BR><BR>[Called By]<UL><LI><a href="#[75]">&gt;&gt;</a>&nbsp;&nbsp;&nbsp;TExchngToPC::rx_diff_capture(TExchngToPC::TParamHandle*)
</UL>

<P><STRONG><a name="[f0]"></a>[local to lev_gauge_to_pc_cpp]::LL_TIM_GenerateEvent_UPDATE(TIM_TypeDef*)</STRONG> (Thumb, 10 bytes, Stack size 0 bytes, lev_gauge_to_pc.o(i._ZN36_INTERNAL_19_lev_gauge_to_pc_cpp_UIF27LL_TIM_GenerateEvent_UPDATEEP11TIM_TypeDef))
<BR><BR>[Called By]<UL><LI><a href="#[75]">&gt;&gt;</a>&nbsp;&nbsp;&nbsp;TExchngToPC::rx_diff_capture(TExchngToPC::TParamHandle*)
<LI><a href="#[c3]">&gt;&gt;</a>&nbsp;&nbsp;&nbsp;TExchngToPC::tmr_freg_init()
</UL>

<P><STRONG><a name="[103]"></a>[local to lev_gauge_to_pc_cpp]::LL_ADC_INJ_IsConversionOngoing(ADC_TypeDef*)</STRONG> (Thumb, 10 bytes, Stack size 0 bytes, lev_gauge_to_pc.o(i._ZN36_INTERNAL_19_lev_gauge_to_pc_cpp_UIF30LL_ADC_INJ_IsConversionOngoingEP11ADC_TypeDef))
<BR><BR>[Called By]<UL><LI><a href="#[dc]">&gt;&gt;</a>&nbsp;&nbsp;&nbsp;TExchngToPC::dis_adc()
</UL>

<P><STRONG><a name="[d8]"></a>[local to lev_gauge_to_pc_cpp]::LL_ADC_REG_IsConversionOngoing(ADC_TypeDef*)</STRONG> (Thumb, 10 bytes, Stack size 0 bytes, lev_gauge_to_pc.o(i._ZN36_INTERNAL_19_lev_gauge_to_pc_cpp_UIF30LL_ADC_REG_IsConversionOngoingEP11ADC_TypeDef))
<BR><BR>[Called By]<UL><LI><a href="#[dc]">&gt;&gt;</a>&nbsp;&nbsp;&nbsp;TExchngToPC::dis_adc()
<LI><a href="#[71]">&gt;&gt;</a>&nbsp;&nbsp;&nbsp;TExchngToPC::rx_start_adc(TExchngToPC::TParamHandle*)
</UL>

<P><STRONG><a name="[d7]"></a>[local to lev_gauge_to_pc_cpp]::LL_ADC_REG_IsStopConversionOngoing(ADC_TypeDef*)</STRONG> (Thumb, 10 bytes, Stack size 0 bytes, lev_gauge_to_pc.o(i._ZN36_INTERNAL_19_lev_gauge_to_pc_cpp_UIF34LL_ADC_REG_IsStopConversionOngoingEP11ADC_TypeDef))
<BR><BR>[Called By]<UL><LI><a href="#[dc]">&gt;&gt;</a>&nbsp;&nbsp;&nbsp;TExchngToPC::dis_adc()
<LI><a href="#[71]">&gt;&gt;</a>&nbsp;&nbsp;&nbsp;TExchngToPC::rx_start_adc(TExchngToPC::TParamHandle*)
</UL>

<P><STRONG><a name="[7e]"></a>__sti___19_lev_gauge_to_pc_cpp_UIF</STRONG> (Thumb, 34 bytes, Stack size 16 bytes, lev_gauge_to_pc.o(i.__sti___19_lev_gauge_to_pc_cpp_UIF))
<BR><BR>[Stack]<UL><LI>Max Depth = 96<LI>Call Chain = __sti___19_lev_gauge_to_pc_cpp_UIF &rArr; TExchngToPC::TExchngToPC(const TUsart_HW&, const TTmr_HW&, const TTmr_HW&, const TTmr_HW&, const TAdc_HW&) &rArr; TExtMaster::TExtMaster(const TUsart_HW&) &rArr; TUsart::TUsart(const TUsart_HW&, const TUsart::TSets&, TUsart::TMode)
</UL>
<BR>[Calls]<UL><LI><a href="#[89]">&gt;&gt;</a>&nbsp;&nbsp;&nbsp;__aeabi_atexit
<LI><a href="#[106]">&gt;&gt;</a>&nbsp;&nbsp;&nbsp;TExchngToPC::TExchngToPC(const TUsart_HW&, const TTmr_HW&, const TTmr_HW&, const TTmr_HW&, const TAdc_HW&)
</UL>
<BR>[Address Reference Count : 1]<UL><LI> lev_gauge_to_pc.o(.init_array)
</UL>
<P><STRONG><a name="[94]"></a>LL_EXTI_DisableEvent_0_31</STRONG> (Thumb, 12 bytes, Stack size 0 bytes, stm32l4xx_ll_exti.o(i.LL_EXTI_DisableEvent_0_31))
<BR><BR>[Called By]<UL><LI><a href="#[93]">&gt;&gt;</a>&nbsp;&nbsp;&nbsp;LL_EXTI_Init
</UL>

<P><STRONG><a name="[9a]"></a>LL_EXTI_DisableEvent_32_63</STRONG> (Thumb, 12 bytes, Stack size 0 bytes, stm32l4xx_ll_exti.o(i.LL_EXTI_DisableEvent_32_63))
<BR><BR>[Called By]<UL><LI><a href="#[93]">&gt;&gt;</a>&nbsp;&nbsp;&nbsp;LL_EXTI_Init
</UL>

<P><STRONG><a name="[96]"></a>LL_EXTI_DisableIT_0_31</STRONG> (Thumb, 12 bytes, Stack size 0 bytes, stm32l4xx_ll_exti.o(i.LL_EXTI_DisableIT_0_31))
<BR><BR>[Called By]<UL><LI><a href="#[93]">&gt;&gt;</a>&nbsp;&nbsp;&nbsp;LL_EXTI_Init
</UL>

<P><STRONG><a name="[9c]"></a>LL_EXTI_DisableIT_32_63</STRONG> (Thumb, 12 bytes, Stack size 0 bytes, stm32l4xx_ll_exti.o(i.LL_EXTI_DisableIT_32_63))
<BR><BR>[Called By]<UL><LI><a href="#[93]">&gt;&gt;</a>&nbsp;&nbsp;&nbsp;LL_EXTI_Init
</UL>

<P><STRONG><a name="[97]"></a>LL_EXTI_EnableEvent_0_31</STRONG> (Thumb, 12 bytes, Stack size 0 bytes, stm32l4xx_ll_exti.o(i.LL_EXTI_EnableEvent_0_31))
<BR><BR>[Called By]<UL><LI><a href="#[93]">&gt;&gt;</a>&nbsp;&nbsp;&nbsp;LL_EXTI_Init
</UL>

<P><STRONG><a name="[9d]"></a>LL_EXTI_EnableEvent_32_63</STRONG> (Thumb, 12 bytes, Stack size 0 bytes, stm32l4xx_ll_exti.o(i.LL_EXTI_EnableEvent_32_63))
<BR><BR>[Called By]<UL><LI><a href="#[93]">&gt;&gt;</a>&nbsp;&nbsp;&nbsp;LL_EXTI_Init
</UL>

<P><STRONG><a name="[99]"></a>LL_EXTI_EnableFallingTrig_0_31</STRONG> (Thumb, 12 bytes, Stack size 0 bytes, stm32l4xx_ll_exti.o(i.LL_EXTI_EnableFallingTrig_0_31))
<BR><BR>[Called By]<UL><LI><a href="#[93]">&gt;&gt;</a>&nbsp;&nbsp;&nbsp;LL_EXTI_Init
</UL>

<P><STRONG><a name="[9f]"></a>LL_EXTI_EnableFallingTrig_32_63</STRONG> (Thumb, 12 bytes, Stack size 0 bytes, stm32l4xx_ll_exti.o(i.LL_EXTI_EnableFallingTrig_32_63))
<BR><BR>[Called By]<UL><LI><a href="#[93]">&gt;&gt;</a>&nbsp;&nbsp;&nbsp;LL_EXTI_Init
</UL>

<P><STRONG><a name="[95]"></a>LL_EXTI_EnableIT_0_31</STRONG> (Thumb, 12 bytes, Stack size 0 bytes, stm32l4xx_ll_exti.o(i.LL_EXTI_EnableIT_0_31))
<BR><BR>[Called By]<UL><LI><a href="#[93]">&gt;&gt;</a>&nbsp;&nbsp;&nbsp;LL_EXTI_Init
</UL>

<P><STRONG><a name="[9b]"></a>LL_EXTI_EnableIT_32_63</STRONG> (Thumb, 12 bytes, Stack size 0 bytes, stm32l4xx_ll_exti.o(i.LL_EXTI_EnableIT_32_63))
<BR><BR>[Called By]<UL><LI><a href="#[93]">&gt;&gt;</a>&nbsp;&nbsp;&nbsp;LL_EXTI_Init
</UL>

<P><STRONG><a name="[98]"></a>LL_EXTI_EnableRisingTrig_0_31</STRONG> (Thumb, 12 bytes, Stack size 0 bytes, stm32l4xx_ll_exti.o(i.LL_EXTI_EnableRisingTrig_0_31))
<BR><BR>[Called By]<UL><LI><a href="#[93]">&gt;&gt;</a>&nbsp;&nbsp;&nbsp;LL_EXTI_Init
</UL>

<P><STRONG><a name="[9e]"></a>LL_EXTI_EnableRisingTrig_32_63</STRONG> (Thumb, 12 bytes, Stack size 0 bytes, stm32l4xx_ll_exti.o(i.LL_EXTI_EnableRisingTrig_32_63))
<BR><BR>[Called By]<UL><LI><a href="#[93]">&gt;&gt;</a>&nbsp;&nbsp;&nbsp;LL_EXTI_Init
</UL>

<P><STRONG><a name="[a6]"></a>LL_RCC_GetUSARTClockSource</STRONG> (Thumb, 14 bytes, Stack size 0 bytes, stm32l4xx_ll_rcc.o(i.LL_RCC_GetUSARTClockSource))
<BR><BR>[Called By]<UL><LI><a href="#[a5]">&gt;&gt;</a>&nbsp;&nbsp;&nbsp;LL_RCC_GetUSARTClockFreq
</UL>

<P><STRONG><a name="[a7]"></a>LL_RCC_HSI_IsReady</STRONG> (Thumb, 10 bytes, Stack size 0 bytes, stm32l4xx_ll_rcc.o(i.LL_RCC_HSI_IsReady))
<BR><BR>[Called By]<UL><LI><a href="#[a5]">&gt;&gt;</a>&nbsp;&nbsp;&nbsp;LL_RCC_GetUSARTClockFreq
</UL>

<P><STRONG><a name="[a8]"></a>LL_RCC_LSE_IsReady</STRONG> (Thumb, 10 bytes, Stack size 0 bytes, stm32l4xx_ll_rcc.o(i.LL_RCC_LSE_IsReady))
<BR><BR>[Called By]<UL><LI><a href="#[a5]">&gt;&gt;</a>&nbsp;&nbsp;&nbsp;LL_RCC_GetUSARTClockFreq
</UL>

<P><STRONG><a name="[ac]"></a>LL_RCC_MSI_GetRange</STRONG> (Thumb, 10 bytes, Stack size 0 bytes, stm32l4xx_ll_rcc.o(i.LL_RCC_MSI_GetRange))
<BR><BR>[Called By]<UL><LI><a href="#[ae]">&gt;&gt;</a>&nbsp;&nbsp;&nbsp;RCC_PLL_GetFreqDomain_SYS
<LI><a href="#[a1]">&gt;&gt;</a>&nbsp;&nbsp;&nbsp;RCC_GetSystemClockFreq
</UL>

<P><STRONG><a name="[ad]"></a>LL_RCC_MSI_GetRangeAfterStandby</STRONG> (Thumb, 10 bytes, Stack size 0 bytes, stm32l4xx_ll_rcc.o(i.LL_RCC_MSI_GetRangeAfterStandby))
<BR><BR>[Called By]<UL><LI><a href="#[ae]">&gt;&gt;</a>&nbsp;&nbsp;&nbsp;RCC_PLL_GetFreqDomain_SYS
<LI><a href="#[a1]">&gt;&gt;</a>&nbsp;&nbsp;&nbsp;RCC_GetSystemClockFreq
</UL>

<P><STRONG><a name="[ab]"></a>LL_RCC_MSI_IsEnabledRangeSelect</STRONG> (Thumb, 10 bytes, Stack size 0 bytes, stm32l4xx_ll_rcc.o(i.LL_RCC_MSI_IsEnabledRangeSelect))
<BR><BR>[Called By]<UL><LI><a href="#[ae]">&gt;&gt;</a>&nbsp;&nbsp;&nbsp;RCC_PLL_GetFreqDomain_SYS
<LI><a href="#[a1]">&gt;&gt;</a>&nbsp;&nbsp;&nbsp;RCC_GetSystemClockFreq
</UL>

<P><STRONG><a name="[b0]"></a>LL_RCC_PLL_GetDivider</STRONG> (Thumb, 10 bytes, Stack size 0 bytes, stm32l4xx_ll_rcc.o(i.LL_RCC_PLL_GetDivider))
<BR><BR>[Called By]<UL><LI><a href="#[ae]">&gt;&gt;</a>&nbsp;&nbsp;&nbsp;RCC_PLL_GetFreqDomain_SYS
</UL>

<P><STRONG><a name="[af]"></a>LL_RCC_PLL_GetMainSource</STRONG> (Thumb, 10 bytes, Stack size 0 bytes, stm32l4xx_ll_rcc.o(i.LL_RCC_PLL_GetMainSource))
<BR><BR>[Called By]<UL><LI><a href="#[ae]">&gt;&gt;</a>&nbsp;&nbsp;&nbsp;RCC_PLL_GetFreqDomain_SYS
</UL>

<P><STRONG><a name="[b1]"></a>LL_RCC_PLL_GetN</STRONG> (Thumb, 10 bytes, Stack size 0 bytes, stm32l4xx_ll_rcc.o(i.LL_RCC_PLL_GetN))
<BR><BR>[Called By]<UL><LI><a href="#[ae]">&gt;&gt;</a>&nbsp;&nbsp;&nbsp;RCC_PLL_GetFreqDomain_SYS
</UL>

<P><STRONG><a name="[aa]"></a>LL_USART_IsEnabled</STRONG> (Thumb, 10 bytes, Stack size 0 bytes, stm32l4xx_ll_usart.o(i.LL_USART_IsEnabled))
<BR><BR>[Called By]<UL><LI><a href="#[a9]">&gt;&gt;</a>&nbsp;&nbsp;&nbsp;LL_USART_Init
</UL>
<P>
<H3>
Undefined Global Symbols
</H3><HR></body></html>
