<html>
<body>
<pre>
<h1>µVision Build Log</h1>
<h2>Tool Versions:</h2>
IDE-Version: µVision V5.24.2.0
Copyright (C) 2017 ARM Ltd and ARM Germany GmbH. All rights reserved.
License Information: Neotech Neotech, Neotech, LIC=LJWPC-7J7H4-TLWCD-84EZK-JTC5S-3W3YX
 
Tool Versions:
Toolchain:       MDK-ARM Professional  Version: 5.24.1
Toolchain Path:  C:\Keil_v5\ARM\ARMCC\Bin
C Compiler:      Armcc.exe V5.06 update 5 (build 528)
Assembler:       Armasm.exe V5.06 update 5 (build 528)
Linker/Locator:  ArmLink.exe V5.06 update 5 (build 528)
Library Manager: ArmAr.exe V5.06 update 5 (build 528)
Hex Converter:   FromElf.exe V5.06 update 5 (build 528)
CPU DLL:         SARMCM3.DLL V5.24.1
Dialog DLL:      DCM.DLL V1.16.0.0
Target DLL:      STLink\ST-LINKIII-KEIL_SWO.dll V3.0.1.0
Dialog DLL:      TCM.DLL V1.32.0.0
 
<h2>Project:</h2>
F:\STM32\TDR\AAx.uvprojx
Project File Date:  05/13/2020

<h2>Output:</h2>
*** Using Compiler 'V5.06 update 5 (build 528)', folder: 'C:\Keil_v5\ARM\ARMCC\Bin'
*** Warning: Using Microlib and C++ file(s) might cause the linker to fail !
  
Build target 'DEBUG'
compiling lev_gauge_to_pc.cpp...
Source\Tasks\src\lev_gauge_to_pc.cpp(598): warning:  #177-D: variable "MAX_N_CAP"  was declared but never referenced
    constexpr uint16_t MAX_N_CAP = 1000U;
Source\Tasks\src\lev_gauge_to_pc.cpp(607): warning:  #177-D: variable "pTmrCmp"  was declared but never referenced
      uint32_t *pTmrCmp = reinterpret_cast< uint32_t * >( Data );
Source\Tasks\src\lev_gauge_to_pc.cpp: 2 warnings, 0 errors
linking...
Program Size: Code=22888 RO-data=1240 RW-data=1248 ZI-data=47712  
FromELF: creating hex file...
After Build - User command #1: C:\Keil_v5\ARM\ARMCC\bin\fromelf.exe --bin --output=.\Output\AA00_DEBUG.bin .\Objects\AA00_DEBUG.axf
After Build - User command #2: "F:\STM32\TDR\\BATS\move_hex.bat"
F:\STM32\TDR>move .\Objects\*.hex .\Output 
F:\STM32\TDR\Objects\AA00_DEBUG.hex
è•‡•¨•È•≠Æ ‰†©´Æ¢:         1.
".\Objects\AA00_DEBUG.axf" - 0 Error(s), 2 Warning(s).

<h2>Software Packages used:</h2>

Package Vendor: Keil
                http://www.keil.com/pack/Keil.STM32L4xx_DFP.2.2.0.pack
                Keil.STM32L4xx_DFP.2.2.0
                STMicroelectronics STM32L4 Series Device Support, Drivers and Examples

<h2>Collection of Component include folders:</h2>
  .\RTE\_DEBUG
  C:\Keil_v5\ARM\PACK\Keil\STM32L4xx_DFP\2.2.0\Drivers\CMSIS\Device\ST\STM32L4xx\Include

<h2>Collection of Component Files used:</h2>
Build Time Elapsed:  00:00:17
</pre>
</body>
</html>
