<!doctype html public "-//w3c//dtd html 4.0 transitional//en">
<html><head>
<title>Static Call Graph - [.\Objects\FC01_DEBUG.axf]</title></head>
<body><HR>
<H1>Static Call Graph for image .\Objects\FC01_DEBUG.axf</H1><HR>
<BR><P>#&#060CALLGRAPH&#062# ARM Linker, 5060422: Last Updated: Thu Mar 12 16:11:00 2020
<BR><P>
<H3>Maximum Stack Usage =        360 bytes + Unknown(Functions without stacksize, Cycles, Untraceable Function Pointers)</H3><H3>
Call chain for Maximum Stack Depth:</H3>
[local to dev_ctrl_cpp]::base_ctrl() &rArr; [local to dev_ctrl_cpp]::open_angle_ctrl(unsigned char*) &rArr; [local to dev_ctrl_cpp]::user_calib(short) &rArr; TModel::set_bias(signed char) &rArr; TModel::set_flash_data() &rArr; void TModel::access_prot&lang;TSettings::TFlashData, TSettings::TFlashData&rang;(T1&, const T2&) &rArr; xQueueGenericSend &rArr; vTaskPlaceOnEventList &rArr; prvAddCurrentTaskToDelayedList &rArr; vListInsert
<P>
<H3>
Functions with no stack information
</H3><UL>
 <LI><a href="#[188]">MotionTL_GetLibVersion</a>
 <LI><a href="#[185]">MotionTL_Initialize</a>
 <LI><a href="#[186]">MotionTL_SetOrientation_Acc</a>
</UL>
</UL>
<P>
<H3>
Mutually Recursive functions
</H3> <LI><a href="#[4e]">NMI_Handler</a>&nbsp;&nbsp;&nbsp;&rArr;&nbsp;&nbsp;&nbsp;<a href="#[4e]">NMI_Handler</a><BR>
 <LI><a href="#[4f]">HardFault_Handler</a>&nbsp;&nbsp;&nbsp;&rArr;&nbsp;&nbsp;&nbsp;<a href="#[4f]">HardFault_Handler</a><BR>
 <LI><a href="#[50]">MemManage_Handler</a>&nbsp;&nbsp;&nbsp;&rArr;&nbsp;&nbsp;&nbsp;<a href="#[50]">MemManage_Handler</a><BR>
 <LI><a href="#[51]">BusFault_Handler</a>&nbsp;&nbsp;&nbsp;&rArr;&nbsp;&nbsp;&nbsp;<a href="#[51]">BusFault_Handler</a><BR>
 <LI><a href="#[52]">UsageFault_Handler</a>&nbsp;&nbsp;&nbsp;&rArr;&nbsp;&nbsp;&nbsp;<a href="#[52]">UsageFault_Handler</a><BR>
 <LI><a href="#[54]">DebugMon_Handler</a>&nbsp;&nbsp;&nbsp;&rArr;&nbsp;&nbsp;&nbsp;<a href="#[54]">DebugMon_Handler</a><BR>
 <LI><a href="#[69]">ADC1_IRQHandler</a>&nbsp;&nbsp;&nbsp;&rArr;&nbsp;&nbsp;&nbsp;<a href="#[69]">ADC1_IRQHandler</a><BR>
</UL>
<P>
<H3>
Function Pointers
</H3><UL>
 <LI><a href="#[69]">ADC1_IRQHandler</a> from startup_stm32l431xx.o(.text) referenced from startup_stm32l431xx.o(RESET)
 <LI><a href="#[51]">BusFault_Handler</a> from startup_stm32l431xx.o(.text) referenced from startup_stm32l431xx.o(RESET)
 <LI><a href="#[6b]">CAN1_RX0_IRQHandler</a> from startup_stm32l431xx.o(.text) referenced from startup_stm32l431xx.o(RESET)
 <LI><a href="#[6c]">CAN1_RX1_IRQHandler</a> from startup_stm32l431xx.o(.text) referenced from startup_stm32l431xx.o(RESET)
 <LI><a href="#[6d]">CAN1_SCE_IRQHandler</a> from startup_stm32l431xx.o(.text) referenced from startup_stm32l431xx.o(RESET)
 <LI><a href="#[6a]">CAN1_TX_IRQHandler</a> from startup_stm32l431xx.o(.text) referenced from startup_stm32l431xx.o(RESET)
 <LI><a href="#[88]">COMP_IRQHandler</a> from startup_stm32l431xx.o(.text) referenced from startup_stm32l431xx.o(RESET)
 <LI><a href="#[96]">CRS_IRQHandler</a> from startup_stm32l431xx.o(.text) referenced from startup_stm32l431xx.o(RESET)
 <LI><a href="#[62]">DMA1_Channel1_IRQHandler</a> from startup_stm32l431xx.o(.text) referenced from startup_stm32l431xx.o(RESET)
 <LI><a href="#[63]">DMA1_Channel2_IRQHandler</a> from startup_stm32l431xx.o(.text) referenced from startup_stm32l431xx.o(RESET)
 <LI><a href="#[64]">DMA1_Channel3_IRQHandler</a> from startup_stm32l431xx.o(.text) referenced from startup_stm32l431xx.o(RESET)
 <LI><a href="#[65]">DMA1_Channel4_IRQHandler</a> from modbus_link.o(i.DMA1_Channel4_IRQHandler) referenced from startup_stm32l431xx.o(RESET)
 <LI><a href="#[66]">DMA1_Channel5_IRQHandler</a> from startup_stm32l431xx.o(.text) referenced from startup_stm32l431xx.o(RESET)
 <LI><a href="#[67]">DMA1_Channel6_IRQHandler</a> from startup_stm32l431xx.o(.text) referenced from startup_stm32l431xx.o(RESET)
 <LI><a href="#[68]">DMA1_Channel7_IRQHandler</a> from modbus_link.o(i.DMA1_Channel7_IRQHandler) referenced from startup_stm32l431xx.o(RESET)
 <LI><a href="#[83]">DMA2_Channel1_IRQHandler</a> from startup_stm32l431xx.o(.text) referenced from startup_stm32l431xx.o(RESET)
 <LI><a href="#[84]">DMA2_Channel2_IRQHandler</a> from startup_stm32l431xx.o(.text) referenced from startup_stm32l431xx.o(RESET)
 <LI><a href="#[85]">DMA2_Channel3_IRQHandler</a> from startup_stm32l431xx.o(.text) referenced from startup_stm32l431xx.o(RESET)
 <LI><a href="#[86]">DMA2_Channel4_IRQHandler</a> from startup_stm32l431xx.o(.text) referenced from startup_stm32l431xx.o(RESET)
 <LI><a href="#[87]">DMA2_Channel5_IRQHandler</a> from startup_stm32l431xx.o(.text) referenced from startup_stm32l431xx.o(RESET)
 <LI><a href="#[8b]">DMA2_Channel6_IRQHandler</a> from modbus_link.o(i.DMA2_Channel6_IRQHandler) referenced from startup_stm32l431xx.o(RESET)
 <LI><a href="#[8c]">DMA2_Channel7_IRQHandler</a> from startup_stm32l431xx.o(.text) referenced from startup_stm32l431xx.o(RESET)
 <LI><a href="#[54]">DebugMon_Handler</a> from startup_stm32l431xx.o(.text) referenced from startup_stm32l431xx.o(RESET)
 <LI><a href="#[5d]">EXTI0_IRQHandler</a> from startup_stm32l431xx.o(.text) referenced from startup_stm32l431xx.o(RESET)
 <LI><a href="#[7d]">EXTI15_10_IRQHandler</a> from mpu-9250_acc_gyro_mag_driver_hl.o(i.EXTI15_10_IRQHandler) referenced from startup_stm32l431xx.o(RESET)
 <LI><a href="#[5e]">EXTI1_IRQHandler</a> from startup_stm32l431xx.o(.text) referenced from startup_stm32l431xx.o(RESET)
 <LI><a href="#[5f]">EXTI2_IRQHandler</a> from startup_stm32l431xx.o(.text) referenced from startup_stm32l431xx.o(RESET)
 <LI><a href="#[60]">EXTI3_IRQHandler</a> from startup_stm32l431xx.o(.text) referenced from startup_stm32l431xx.o(RESET)
 <LI><a href="#[61]">EXTI4_IRQHandler</a> from startup_stm32l431xx.o(.text) referenced from startup_stm32l431xx.o(RESET)
 <LI><a href="#[6e]">EXTI9_5_IRQHandler</a> from sensline.o(i.EXTI9_5_IRQHandler) referenced from startup_stm32l431xx.o(RESET)
 <LI><a href="#[5b]">FLASH_IRQHandler</a> from flash_driver.o(i.FLASH_IRQHandler) referenced from startup_stm32l431xx.o(RESET)
 <LI><a href="#[95]">FPU_IRQHandler</a> from startup_stm32l431xx.o(.text) referenced from startup_stm32l431xx.o(RESET)
 <LI><a href="#[4f]">HardFault_Handler</a> from startup_stm32l431xx.o(.text) referenced from startup_stm32l431xx.o(RESET)
 <LI><a href="#[75]">I2C1_ER_IRQHandler</a> from i2c_driver.o(i.I2C1_ER_IRQHandler) referenced from startup_stm32l431xx.o(RESET)
 <LI><a href="#[74]">I2C1_EV_IRQHandler</a> from i2c_driver.o(i.I2C1_EV_IRQHandler) referenced from startup_stm32l431xx.o(RESET)
 <LI><a href="#[77]">I2C2_ER_IRQHandler</a> from i2c_driver.o(i.I2C2_ER_IRQHandler) referenced from startup_stm32l431xx.o(RESET)
 <LI><a href="#[76]">I2C2_EV_IRQHandler</a> from i2c_driver.o(i.I2C2_EV_IRQHandler) referenced from startup_stm32l431xx.o(RESET)
 <LI><a href="#[90]">I2C3_ER_IRQHandler</a> from startup_stm32l431xx.o(.text) referenced from startup_stm32l431xx.o(RESET)
 <LI><a href="#[8f]">I2C3_EV_IRQHandler</a> from startup_stm32l431xx.o(.text) referenced from startup_stm32l431xx.o(RESET)
 <LI><a href="#[89]">LPTIM1_IRQHandler</a> from startup_stm32l431xx.o(.text) referenced from startup_stm32l431xx.o(RESET)
 <LI><a href="#[8a]">LPTIM2_IRQHandler</a> from startup_stm32l431xx.o(.text) referenced from startup_stm32l431xx.o(RESET)
 <LI><a href="#[8d]">LPUART1_IRQHandler</a> from startup_stm32l431xx.o(.text) referenced from startup_stm32l431xx.o(RESET)
 <LI><a href="#[50]">MemManage_Handler</a> from startup_stm32l431xx.o(.text) referenced from startup_stm32l431xx.o(RESET)
 <LI><a href="#[4e]">NMI_Handler</a> from startup_stm32l431xx.o(.text) referenced from startup_stm32l431xx.o(RESET)
 <LI><a href="#[58]">PVD_PVM_IRQHandler</a> from startup_stm32l431xx.o(.text) referenced from startup_stm32l431xx.o(RESET)
 <LI><a href="#[55]">PendSV_Handler</a> from port.o(.emb_text) referenced from startup_stm32l431xx.o(RESET)
 <LI><a href="#[8e]">QUADSPI_IRQHandler</a> from startup_stm32l431xx.o(.text) referenced from startup_stm32l431xx.o(RESET)
 <LI><a href="#[5c]">RCC_IRQHandler</a> from startup_stm32l431xx.o(.text) referenced from startup_stm32l431xx.o(RESET)
 <LI><a href="#[94]">RNG_IRQHandler</a> from startup_stm32l431xx.o(.text) referenced from startup_stm32l431xx.o(RESET)
 <LI><a href="#[7e]">RTC_Alarm_IRQHandler</a> from startup_stm32l431xx.o(.text) referenced from startup_stm32l431xx.o(RESET)
 <LI><a href="#[5a]">RTC_WKUP_IRQHandler</a> from startup_stm32l431xx.o(.text) referenced from startup_stm32l431xx.o(RESET)
 <LI><a href="#[4d]">Reset_Handler</a> from startup_stm32l431xx.o(.text) referenced from startup_stm32l431xx.o(RESET)
 <LI><a href="#[91]">SAI1_IRQHandler</a> from startup_stm32l431xx.o(.text) referenced from startup_stm32l431xx.o(RESET)
 <LI><a href="#[7f]">SDMMC1_IRQHandler</a> from startup_stm32l431xx.o(.text) referenced from startup_stm32l431xx.o(RESET)
 <LI><a href="#[78]">SPI1_IRQHandler</a> from startup_stm32l431xx.o(.text) referenced from startup_stm32l431xx.o(RESET)
 <LI><a href="#[79]">SPI2_IRQHandler</a> from startup_stm32l431xx.o(.text) referenced from startup_stm32l431xx.o(RESET)
 <LI><a href="#[80]">SPI3_IRQHandler</a> from startup_stm32l431xx.o(.text) referenced from startup_stm32l431xx.o(RESET)
 <LI><a href="#[53]">SVC_Handler</a> from port.o(.emb_text) referenced from startup_stm32l431xx.o(RESET)
 <LI><a href="#[92]">SWPMI1_IRQHandler</a> from startup_stm32l431xx.o(.text) referenced from startup_stm32l431xx.o(RESET)
 <LI><a href="#[56]">SysTick_Handler</a> from port.o(i.SysTick_Handler) referenced from startup_stm32l431xx.o(RESET)
 <LI><a href="#[98]">SystemInit</a> from system_stm32l4xx.o(i.SystemInit) referenced from startup_stm32l431xx.o(.text)
 <LI><a href="#[59]">TAMP_STAMP_IRQHandler</a> from startup_stm32l431xx.o(.text) referenced from startup_stm32l431xx.o(RESET)
 <LI><a href="#[6f]">TIM1_BRK_TIM15_IRQHandler</a> from startup_stm32l431xx.o(.text) referenced from startup_stm32l431xx.o(RESET)
 <LI><a href="#[72]">TIM1_CC_IRQHandler</a> from startup_stm32l431xx.o(.text) referenced from startup_stm32l431xx.o(RESET)
 <LI><a href="#[71]">TIM1_TRG_COM_IRQHandler</a> from startup_stm32l431xx.o(.text) referenced from startup_stm32l431xx.o(RESET)
 <LI><a href="#[70]">TIM1_UP_TIM16_IRQHandler</a> from startup_stm32l431xx.o(.text) referenced from startup_stm32l431xx.o(RESET)
 <LI><a href="#[73]">TIM2_IRQHandler</a> from startup_stm32l431xx.o(.text) referenced from startup_stm32l431xx.o(RESET)
 <LI><a href="#[81]">TIM6_DAC_IRQHandler</a> from flash_driver.o(i.TIM6_DAC_IRQHandler) referenced from startup_stm32l431xx.o(RESET)
 <LI><a href="#[82]">TIM7_IRQHandler</a> from dev_determ.o(i.TIM7_IRQHandler) referenced from startup_stm32l431xx.o(RESET)
 <LI><a href="#[93]">TSC_IRQHandler</a> from startup_stm32l431xx.o(.text) referenced from startup_stm32l431xx.o(RESET)
 <LI><a href="#[7a]">USART1_IRQHandler</a> from modbus_link.o(i.USART1_IRQHandler) referenced from startup_stm32l431xx.o(RESET)
 <LI><a href="#[7b]">USART2_IRQHandler</a> from modbus_link.o(i.USART2_IRQHandler) referenced from startup_stm32l431xx.o(RESET)
 <LI><a href="#[7c]">USART3_IRQHandler</a> from startup_stm32l431xx.o(.text) referenced from startup_stm32l431xx.o(RESET)
 <LI><a href="#[52]">UsageFault_Handler</a> from startup_stm32l431xx.o(.text) referenced from startup_stm32l431xx.o(RESET)
 <LI><a href="#[57]">WWDG_IRQHandler</a> from startup_stm32l431xx.o(.text) referenced from startup_stm32l431xx.o(RESET)
 <LI><a href="#[9d]">base_to_pc(void*)</a> from base_to_pc.o(i._Z10base_to_pcPv) referenced from main.o(i._ZN29_INTERNAL_8_main_cpp_6396510212create_tasksEv)
 <LI><a href="#[a4]">code_sw_tmr(void*)</a> from coding_switch.o(i._Z11code_sw_tmrPv) referenced from main.o(i._ZN29_INTERNAL_8_main_cpp_6396510213create_timersEv)
 <LI><a href="#[a1]">logger_ctrl(void*)</a> from logger_ctrl.o(i._Z11logger_ctrlPv) referenced from main.o(i._ZN29_INTERNAL_8_main_cpp_6396510212create_tasksEv)
 <LI><a href="#[a3]">vPushButton(void*)</a> from button_poll.o(i._Z11vPushButtonPv) referenced from main.o(i._ZN29_INTERNAL_8_main_cpp_6396510212create_tasksEv)
 <LI><a href="#[9e]">base_to_sens(void*)</a> from base_to_sens.o(i._Z12base_to_sensPv) referenced from main.o(i._ZN29_INTERNAL_8_main_cpp_6396510212create_tasksEv)
 <LI><a href="#[9b]">discrete_out(void*)</a> from discrete_out.o(i._Z12discrete_outPv) referenced from main.o(i._ZN29_INTERNAL_8_main_cpp_6396510212create_tasksEv)
 <LI><a href="#[9a]">coding_switch(void*)</a> from coding_switch.o(i._Z13coding_switchPv) referenced from main.o(i._ZN29_INTERNAL_8_main_cpp_6396510212create_tasksEv)
 <LI><a href="#[a5]">do_uncalib_tmr(void*)</a> from discrete_out.o(i._Z14do_uncalib_tmrPv) referenced from main.o(i._ZN29_INTERNAL_8_main_cpp_6396510213create_timersEv)
 <LI><a href="#[9f]">sens_to_master(void*)</a> from sens_to_master.o(i._Z14sens_to_masterPv) referenced from main.o(i._ZN29_INTERNAL_8_main_cpp_6396510212create_tasksEv)
 <LI><a href="#[a7]">vTimerCallback(void*)</a> from button_poll.o(i._Z14vTimerCallbackPv) referenced from main.o(i._ZN29_INTERNAL_8_main_cpp_6396510213create_timersEv)
 <LI><a href="#[9c]">mems(void*)</a> from mems.o(i._Z4memsPv) referenced from main.o(i._ZN29_INTERNAL_8_main_cpp_6396510212create_tasksEv)
 <LI><a href="#[a6]">pd_tmr(void*)</a> from base_to_sens.o(i._Z6pd_tmrPv) referenced from main.o(i._ZN29_INTERNAL_8_main_cpp_6396510213create_timersEv)
 <LI><a href="#[a0]">dev_ctrl(void*)</a> from dev_ctrl.o(i._Z8dev_ctrlPv) referenced from main.o(i._ZN29_INTERNAL_8_main_cpp_6396510212create_tasksEv)
 <LI><a href="#[a2]">vLedCtrl(void*)</a> from led_ctrl.o(i._Z8vLedCtrlPv) referenced from main.o(i._ZN29_INTERNAL_8_main_cpp_6396510212create_tasksEv)
 <LI><a href="#[ae]">TDevDeterm::~TDevDeterm()</a> from dev_determ.o(i._ZN10TDevDetermD1Ev) referenced from dev_determ.o(i.__sti___14_dev_determ_cpp_339485bd)
 <LI><a href="#[eb]">TModbusApp::s_boot_mode(unsigned char*, unsigned short)</a> from modbus_app.o(i._ZN10TModbusApp11s_boot_modeEPht) referenced from modbus_app.o(.constdata)
 <LI><a href="#[e3]">TModbusApp::s_read_coils(unsigned char*, unsigned short)</a> from modbus_app.o(i._ZN10TModbusApp12s_read_coilsEPht) referenced from modbus_app.o(.constdata)
 <LI><a href="#[e1]">TModbusApp::m_processing_reply(unsigned char*, unsigned short)</a> from modbus_app.o(i._ZN10TModbusApp18m_processing_replyEPht) referenced from modbus_app.o(.constdata)
 <LI><a href="#[da]">TModbusApp::s_checking_request()</a> from modbus_app.o(i._ZN10TModbusApp18s_checking_requestEv) referenced from modbus_app.o(.constdata)
 <LI><a href="#[ea]">TModbusApp::s_report_server_id(unsigned char*, unsigned short)</a> from modbus_app.o(i._ZN10TModbusApp18s_report_server_idEPht) referenced from modbus_app.o(.constdata)
 <LI><a href="#[df]">TModbusApp::m_write_single_coil(unsigned char*, unsigned short)</a> from modbus_app.o(i._ZN10TModbusApp19m_write_single_coilEPht) referenced from modbus_app.o(.constdata)
 <LI><a href="#[e7]">TModbusApp::s_write_single_coil(unsigned char*, unsigned short)</a> from modbus_app.o(i._ZN10TModbusApp19s_write_single_coilEPht) referenced from modbus_app.o(.constdata)
 <LI><a href="#[dc]">TModbusApp::m_read_discrete_inputs(unsigned char*, unsigned short)</a> from modbus_app.o(i._ZN10TModbusApp22m_read_discrete_inputsEPht) referenced from modbus_app.o(.constdata)
 <LI><a href="#[de]">TModbusApp::m_read_input_registers(unsigned char*, unsigned short)</a> from modbus_app.o(i._ZN10TModbusApp22m_read_input_registersEPht) referenced from modbus_app.o(.constdata)
 <LI><a href="#[e4]">TModbusApp::s_read_discrete_inputs(unsigned char*, unsigned short)</a> from modbus_app.o(i._ZN10TModbusApp22s_read_discrete_inputsEPht) referenced from modbus_app.o(.constdata)
 <LI><a href="#[e6]">TModbusApp::s_read_input_registers(unsigned char*, unsigned short)</a> from modbus_app.o(i._ZN10TModbusApp22s_read_input_registersEPht) referenced from modbus_app.o(.constdata)
 <LI><a href="#[e0]">TModbusApp::m_write_single_register(unsigned char*, unsigned short)</a> from modbus_app.o(i._ZN10TModbusApp23m_write_single_registerEPht) referenced from modbus_app.o(.constdata)
 <LI><a href="#[e8]">TModbusApp::s_write_single_register(unsigned char*, unsigned short)</a> from modbus_app.o(i._ZN10TModbusApp23s_write_single_registerEPht) referenced from modbus_app.o(.constdata)
 <LI><a href="#[dd]">TModbusApp::m_read_holding_registers(unsigned char*, unsigned short)</a> from modbus_app.o(i._ZN10TModbusApp24m_read_holding_registersEPht) referenced from modbus_app.o(.constdata)
 <LI><a href="#[e5]">TModbusApp::s_read_holding_registers(unsigned char*, unsigned short)</a> from modbus_app.o(i._ZN10TModbusApp24s_read_holding_registersEPht) referenced from modbus_app.o(.constdata)
 <LI><a href="#[db]">TModbusApp::s_formatting_normal_reply()</a> from modbus_app.o(i._ZN10TModbusApp25s_formatting_normal_replyEv) referenced from modbus_app.o(.constdata)
 <LI><a href="#[e9]">TModbusApp::s_write_multiple_register(unsigned char*, unsigned short)</a> from modbus_app.o(i._ZN10TModbusApp25s_write_multiple_registerEPht) referenced from modbus_app.o(.constdata)
 <LI><a href="#[e2]">TModbusApp::s_processing_required_action(unsigned char*, unsigned short)</a> from modbus_app.o(i._ZN10TModbusApp28s_processing_required_actionEPht) referenced from modbus_app.o(.constdata)
 <LI><a href="#[d9]">TModbusApp::idle()</a> from modbus_app.o(i._ZN10TModbusApp4idleEv) referenced from modbus_app.o(.constdata)
 <LI><a href="#[ad]">TModbusApp::~TModbusApp()</a> from modbus_app.o(i._ZN10TModbusAppD1Ev) referenced from base_to_pc.o(i.__sti___14_base_to_pc_cpp_BaseToPc)
 <LI><a href="#[ad]">TModbusApp::~TModbusApp()</a> from modbus_app.o(i._ZN10TModbusAppD1Ev) referenced from base_to_sens.o(i.__sti___16_base_to_sens_cpp_e027ba68)
 <LI><a href="#[ad]">TModbusApp::~TModbusApp()</a> from modbus_app.o(i._ZN10TModbusAppD1Ev) referenced from sens_to_master.o(i.__sti___18_sens_to_master_cpp_20467949)
 <LI><a href="#[d8]">TDevHandlers::chk_access(void*)</a> from dev_handlers.o(i._ZN12TDevHandlers10chk_accessEPv) referenced from modbus_app.o(.constdata)
 <LI><a href="#[38]">TDevHandlers::read_calib(unsigned)</a> from dev_handlers.o(i._ZN12TDevHandlers10read_calibEj) referenced 8 times from dev_handlers.o(.data)
 <LI><a href="#[b]">TDevHandlers::read_state(unsigned)</a> from dev_handlers.o(i._ZN12TDevHandlers10read_stateEj) referenced 6 times from dev_handlers.o(.data)
 <LI><a href="#[1c]">TDevHandlers::read_u_par(unsigned)</a> from dev_handlers.o(i._ZN12TDevHandlers10read_u_parEj) referenced 6 times from dev_handlers.o(.data)
 <LI><a href="#[15]">TDevHandlers::write_bias(unsigned)</a> from dev_handlers.o(i._ZN12TDevHandlers10write_biasEj) referenced 2 times from dev_handlers.o(.data)
 <LI><a href="#[13]">TDevHandlers::write_hyst(unsigned)</a> from dev_handlers.o(i._ZN12TDevHandlers10write_hystEj) referenced 2 times from dev_handlers.o(.data)
 <LI><a href="#[9]">TDevHandlers::rdi_placebo(unsigned)</a> from dev_handlers.o(i._ZN12TDevHandlers11rdi_placeboEj) referenced 20 times from dev_handlers.o(.data)
 <LI><a href="#[1d]">TDevHandlers::write_u_par(unsigned)</a> from dev_handlers.o(i._ZN12TDevHandlers11write_u_parEj) referenced 6 times from dev_handlers.o(.data)
 <LI><a href="#[31]">TDevHandlers::read_code_sw(unsigned)</a> from dev_handlers.o(i._ZN12TDevHandlers12read_code_swEj) referenced 6 times from dev_handlers.o(.data)
 <LI><a href="#[6]">TDevHandlers::read_connect(unsigned)</a> from dev_handlers.o(i._ZN12TDevHandlers12read_connectEj) referenced 2 times from dev_handlers.o(.data)
 <LI><a href="#[3b]">TDevHandlers::read_hc_mems(unsigned)</a> from dev_handlers.o(i._ZN12TDevHandlers12read_hc_memsEj) referenced 6 times from dev_handlers.o(.data)
 <LI><a href="#[1e]">TDevHandlers::read_mb_addr(unsigned)</a> from dev_handlers.o(i._ZN12TDevHandlers12read_mb_addrEj) referenced 6 times from dev_handlers.o(.data)
 <LI><a href="#[2f]">TDevHandlers::read_my_angle(unsigned)</a> from dev_handlers.o(i._ZN12TDevHandlers13read_my_angleEj) referenced 6 times from dev_handlers.o(.data)
 <LI><a href="#[20]">TDevHandlers::read_prog_nbr(unsigned)</a> from dev_handlers.o(i._ZN12TDevHandlers13read_prog_nbrEj) referenced 8 times from dev_handlers.o(.data)
 <LI><a href="#[1f]">TDevHandlers::write_mb_addr(unsigned)</a> from dev_handlers.o(i._ZN12TDevHandlers13write_mb_addrEj) referenced 6 times from dev_handlers.o(.data)
 <LI><a href="#[3a]">TDevHandlers::read_base_mems(unsigned)</a> from dev_handlers.o(i._ZN12TDevHandlers14read_base_memsEj) referenced 2 times from dev_handlers.o(.data)
 <LI><a href="#[4a]">TDevHandlers::read_interconn(unsigned)</a> from dev_handlers.o(i._ZN12TDevHandlers14read_interconnEj) referenced 4 times from dev_handlers.o(.data)
 <LI><a href="#[8]">TDevHandlers::read_hc_pos_err(unsigned)</a> from dev_handlers.o(i._ZN12TDevHandlers15read_hc_pos_errEj) referenced 6 times from dev_handlers.o(.data)
 <LI><a href="#[a]">TDevHandlers::read_open_angle(unsigned)</a> from dev_handlers.o(i._ZN12TDevHandlers15read_open_angleEj) referenced 2 times from dev_handlers.o(.data)
 <LI><a href="#[30]">TDevHandlers::read_sens_angle(unsigned)</a> from dev_handlers.o(i._ZN12TDevHandlers15read_sens_angleEj) referenced 2 times from dev_handlers.o(.data)
 <LI><a href="#[39]">TDevHandlers::read_sens_calib(unsigned)</a> from dev_handlers.o(i._ZN12TDevHandlers15read_sens_calibEj) referenced 2 times from dev_handlers.o(.data)
 <LI><a href="#[4b]">TDevHandlers::write_interconn(unsigned)</a> from dev_handlers.o(i._ZN12TDevHandlers15write_interconnEj) referenced 4 times from dev_handlers.o(.data)
 <LI><a href="#[22]">TDevHandlers::read_adm_pswd_hi(unsigned)</a> from dev_handlers.o(i._ZN12TDevHandlers16read_adm_pswd_hiEj) referenced 4 times from dev_handlers.o(.data)
 <LI><a href="#[21]">TDevHandlers::read_adm_pswd_lo(unsigned)</a> from dev_handlers.o(i._ZN12TDevHandlers16read_adm_pswd_loEj) referenced 4 times from dev_handlers.o(.data)
 <LI><a href="#[16]">TDevHandlers::read_axis_rotate(unsigned)</a> from dev_handlers.o(i._ZN12TDevHandlers16read_axis_rotateEj) referenced 8 times from dev_handlers.o(.data)
 <LI><a href="#[1a]">TDevHandlers::read_u_baud_rate(unsigned)</a> from dev_handlers.o(i._ZN12TDevHandlers16read_u_baud_rateEj) referenced 6 times from dev_handlers.o(.data)
 <LI><a href="#[5]">TDevHandlers::read_base_pos_err(unsigned)</a> from dev_handlers.o(i._ZN12TDevHandlers17read_base_pos_errEj) referenced 2 times from dev_handlers.o(.data)
 <LI><a href="#[2c]">TDevHandlers::read_parameter_hi(unsigned)</a> from dev_handlers.o(i._ZN12TDevHandlers17read_parameter_hiEj) referenced 6 times from dev_handlers.o(.data)
 <LI><a href="#[2b]">TDevHandlers::read_parameter_lo(unsigned)</a> from dev_handlers.o(i._ZN12TDevHandlers17read_parameter_loEj) referenced 6 times from dev_handlers.o(.data)
 <LI><a href="#[32]">TDevHandlers::read_sens_code_sw(unsigned)</a> from dev_handlers.o(i._ZN12TDevHandlers17read_sens_code_swEj) referenced 2 times from dev_handlers.o(.data)
 <LI><a href="#[24]">TDevHandlers::write_adm_pswd_hi(unsigned)</a> from dev_handlers.o(i._ZN12TDevHandlers17write_adm_pswd_hiEj) referenced 4 times from dev_handlers.o(.data)
 <LI><a href="#[23]">TDevHandlers::write_adm_pswd_lo(unsigned)</a> from dev_handlers.o(i._ZN12TDevHandlers17write_adm_pswd_loEj) referenced 4 times from dev_handlers.o(.data)
 <LI><a href="#[17]">TDevHandlers::write_axis_rotate(unsigned)</a> from dev_handlers.o(i._ZN12TDevHandlers17write_axis_rotateEj) referenced 8 times from dev_handlers.o(.data)
 <LI><a href="#[1b]">TDevHandlers::write_u_baud_rate(unsigned)</a> from dev_handlers.o(i._ZN12TDevHandlers17write_u_baud_rateEj) referenced 6 times from dev_handlers.o(.data)
 <LI><a href="#[3e]">TDevHandlers::my_read_sens_angle(unsigned)</a> from dev_handlers.o(i._ZN12TDevHandlers18my_read_sens_angleEj) referenced 2 times from dev_handlers.o(.data)
 <LI><a href="#[42]">TDevHandlers::my_read_sens_calib(unsigned)</a> from dev_handlers.o(i._ZN12TDevHandlers18my_read_sens_calibEj) referenced 2 times from dev_handlers.o(.data)
 <LI><a href="#[29]">TDevHandlers::read_calib_process(unsigned)</a> from dev_handlers.o(i._ZN12TDevHandlers18read_calib_processEj) referenced 6 times from dev_handlers.o(.data)
 <LI><a href="#[33]">TDevHandlers::read_sens_prog_nbr(unsigned)</a> from dev_handlers.o(i._ZN12TDevHandlers18read_sens_prog_nbrEj) referenced 2 times from dev_handlers.o(.data)
 <LI><a href="#[26]">TDevHandlers::read_super_pswd_hi(unsigned)</a> from dev_handlers.o(i._ZN12TDevHandlers18read_super_pswd_hiEj) referenced 4 times from dev_handlers.o(.data)
 <LI><a href="#[25]">TDevHandlers::read_super_pswd_lo(unsigned)</a> from dev_handlers.o(i._ZN12TDevHandlers18read_super_pswd_loEj) referenced 4 times from dev_handlers.o(.data)
 <LI><a href="#[2e]">TDevHandlers::write_parameter_hi(unsigned)</a> from dev_handlers.o(i._ZN12TDevHandlers18write_parameter_hiEj) referenced 6 times from dev_handlers.o(.data)
 <LI><a href="#[2d]">TDevHandlers::write_parameter_lo(unsigned)</a> from dev_handlers.o(i._ZN12TDevHandlers18write_parameter_loEj) referenced 6 times from dev_handlers.o(.data)
 <LI><a href="#[3d]">TDevHandlers::read_pd_pressure_hi(unsigned)</a> from dev_handlers.o(i._ZN12TDevHandlers19read_pd_pressure_hiEj) referenced 2 times from dev_handlers.o(.data)
 <LI><a href="#[3c]">TDevHandlers::read_pd_pressure_lo(unsigned)</a> from dev_handlers.o(i._ZN12TDevHandlers19read_pd_pressure_loEj) referenced 2 times from dev_handlers.o(.data)
 <LI><a href="#[2a]">TDevHandlers::write_calib_process(unsigned)</a> from dev_handlers.o(i._ZN12TDevHandlers19write_calib_processEj) referenced 6 times from dev_handlers.o(.data)
 <LI><a href="#[28]">TDevHandlers::write_super_pswd_hi(unsigned)</a> from dev_handlers.o(i._ZN12TDevHandlers19write_super_pswd_hiEj) referenced 4 times from dev_handlers.o(.data)
 <LI><a href="#[27]">TDevHandlers::write_super_pswd_lo(unsigned)</a> from dev_handlers.o(i._ZN12TDevHandlers19write_super_pswd_loEj) referenced 4 times from dev_handlers.o(.data)
 <LI><a href="#[40]">TDevHandlers::my_read_sens_code_sw(unsigned)</a> from dev_handlers.o(i._ZN12TDevHandlers20my_read_sens_code_swEj) referenced 2 times from dev_handlers.o(.data)
 <LI><a href="#[d]">TDevHandlers::read_roll_bias_angle(unsigned)</a> from dev_handlers.o(i._ZN12TDevHandlers20read_roll_bias_angleEj) referenced 8 times from dev_handlers.o(.data)
 <LI><a href="#[49]">TDevHandlers::write_pd_pressure_hi(unsigned)</a> from dev_handlers.o(i._ZN12TDevHandlers20write_pd_pressure_hiEj) referenced 2 times from dev_handlers.o(.data)
 <LI><a href="#[48]">TDevHandlers::write_pd_pressure_lo(unsigned)</a> from dev_handlers.o(i._ZN12TDevHandlers20write_pd_pressure_loEj) referenced 2 times from dev_handlers.o(.data)
 <LI><a href="#[4c]">TDevHandlers::write_start_meas_cmd(unsigned)</a> from dev_handlers.o(i._ZN12TDevHandlers20write_start_meas_cmdEj) referenced 2 times from dev_handlers.o(.data)
 <LI><a href="#[41]">TDevHandlers::my_read_sens_prog_nbr(unsigned)</a> from dev_handlers.o(i._ZN12TDevHandlers21my_read_sens_prog_nbrEj) referenced 2 times from dev_handlers.o(.data)
 <LI><a href="#[c]">TDevHandlers::read_pitch_bias_angle(unsigned)</a> from dev_handlers.o(i._ZN12TDevHandlers21read_pitch_bias_angleEj) referenced 8 times from dev_handlers.o(.data)
 <LI><a href="#[18]">TDevHandlers::read_sens_axis_rotate(unsigned)</a> from dev_handlers.o(i._ZN12TDevHandlers21read_sens_axis_rotateEj) referenced 2 times from dev_handlers.o(.data)
 <LI><a href="#[36]">TDevHandlers::read_sample_valid_sign(unsigned)</a> from dev_handlers.o(i._ZN12TDevHandlers22read_sample_valid_signEj) referenced 8 times from dev_handlers.o(.data)
 <LI><a href="#[19]">TDevHandlers::write_sens_axis_rotate(unsigned)</a> from dev_handlers.o(i._ZN12TDevHandlers22write_sens_axis_rotateEj) referenced 2 times from dev_handlers.o(.data)
 <LI><a href="#[46]">TDevHandlers::my_write_start_meas_cmd(unsigned)</a> from dev_handlers.o(i._ZN12TDevHandlers23my_write_start_meas_cmdEj) referenced 2 times from dev_handlers.o(.data)
 <LI><a href="#[46]">TDevHandlers::my_write_start_meas_cmd(unsigned)</a> from dev_handlers.o(i._ZN12TDevHandlers23my_write_start_meas_cmdEj) referenced from base_to_sens.o(i._ZN38_INTERNAL_16_base_to_sens_cpp_e027ba687acc_rdyEv)
 <LI><a href="#[43]">TDevHandlers::my_read_sens_axis_rotate(unsigned)</a> from dev_handlers.o(i._ZN12TDevHandlers24my_read_sens_axis_rotateEj) referenced 2 times from dev_handlers.o(.data)
 <LI><a href="#[3f]">TDevHandlers::my_read_sample_valid_sign(unsigned)</a> from dev_handlers.o(i._ZN12TDevHandlers25my_read_sample_valid_signEj) referenced 2 times from dev_handlers.o(.data)
 <LI><a href="#[47]">TDevHandlers::my_write_sens_axis_rotate(unsigned)</a> from dev_handlers.o(i._ZN12TDevHandlers25my_write_sens_axis_rotateEj) referenced 2 times from dev_handlers.o(.data)
 <LI><a href="#[47]">TDevHandlers::my_write_sens_axis_rotate(unsigned)</a> from dev_handlers.o(i._ZN12TDevHandlers25my_write_sens_axis_rotateEj) referenced from base_to_sens.o(i._ZN38_INTERNAL_16_base_to_sens_cpp_e027ba6814wr_axis_rotateEv)
 <LI><a href="#[35]">TDevHandlers::read_sens_roll_bias_angle(unsigned)</a> from dev_handlers.o(i._ZN12TDevHandlers25read_sens_roll_bias_angleEj) referenced 2 times from dev_handlers.o(.data)
 <LI><a href="#[34]">TDevHandlers::read_sens_pitch_bias_angle(unsigned)</a> from dev_handlers.o(i._ZN12TDevHandlers26read_sens_pitch_bias_angleEj) referenced 2 times from dev_handlers.o(.data)
 <LI><a href="#[37]">TDevHandlers::read_sens_sample_valid_sign(unsigned)</a> from dev_handlers.o(i._ZN12TDevHandlers27read_sens_sample_valid_signEj) referenced 2 times from dev_handlers.o(.data)
 <LI><a href="#[45]">TDevHandlers::my_read_sens_roll_bias_angle(unsigned)</a> from dev_handlers.o(i._ZN12TDevHandlers28my_read_sens_roll_bias_angleEj) referenced 2 times from dev_handlers.o(.data)
 <LI><a href="#[44]">TDevHandlers::my_read_sens_pitch_bias_angle(unsigned)</a> from dev_handlers.o(i._ZN12TDevHandlers29my_read_sens_pitch_bias_angleEj) referenced 2 times from dev_handlers.o(.data)
 <LI><a href="#[e]">TDevHandlers::read_do(unsigned)</a> from dev_handlers.o(i._ZN12TDevHandlers7read_doEj) referenced 4 times from dev_handlers.o(.data)
 <LI><a href="#[7]">TDevHandlers::read_hc(unsigned)</a> from dev_handlers.o(i._ZN12TDevHandlers7read_hcEj) referenced 6 times from dev_handlers.o(.data)
 <LI><a href="#[10]">TDevHandlers::read_thr(unsigned)</a> from dev_handlers.o(i._ZN12TDevHandlers8read_thrEj) referenced 2 times from dev_handlers.o(.data)
 <LI><a href="#[f]">TDevHandlers::write_do(unsigned)</a> from dev_handlers.o(i._ZN12TDevHandlers8write_doEj) referenced 4 times from dev_handlers.o(.data)
 <LI><a href="#[14]">TDevHandlers::read_bias(unsigned)</a> from dev_handlers.o(i._ZN12TDevHandlers9read_biasEj) referenced 2 times from dev_handlers.o(.data)
 <LI><a href="#[12]">TDevHandlers::read_hyst(unsigned)</a> from dev_handlers.o(i._ZN12TDevHandlers9read_hystEj) referenced 2 times from dev_handlers.o(.data)
 <LI><a href="#[11]">TDevHandlers::write_thr(unsigned)</a> from dev_handlers.o(i._ZN12TDevHandlers9write_thrEj) referenced 2 times from dev_handlers.o(.data)
 <LI><a href="#[f8]">TDiscreteOut::open()</a> from discrete_out.o(i._ZN12TDiscreteOut4openEv) referenced 4 times from dev_ctrl.o(.constdata)
 <LI><a href="#[f9]">TDiscreteOut::closed()</a> from discrete_out.o(i._ZN12TDiscreteOut6closedEv) referenced 4 times from dev_ctrl.o(.constdata)
 <LI><a href="#[b0]">TDiscreteOut::~TDiscreteOut()</a> from discrete_out.o(i._ZN12TDiscreteOutD1Ev) referenced from discrete_out.o(i.__sti___16_discrete_out_cpp_Do)
 <LI><a href="#[f0]">TCodingSwitch::sample_ctrl(void*&)</a> from coding_switch.o(i._ZN13TCodingSwitch11sample_ctrlERPv) referenced from coding_switch.o(.constdata)
 <LI><a href="#[f1]">TCodingSwitch::dly_ctrl(void*&)</a> from coding_switch.o(i._ZN13TCodingSwitch8dly_ctrlERPv) referenced from coding_switch.o(.constdata)
 <LI><a href="#[b1]">TCodingSwitch::~TCodingSwitch()</a> from coding_switch.o(i._ZN13TCodingSwitchD1Ev) referenced from coding_switch.o(i.__sti___17_coding_switch_cpp_CodeSw)
 <LI><a href="#[ab]">TMedianFilter::~TMedianFilter()</a> from median_filter.o(i._ZN13TMedianFilterD1Ev) referenced from angles_cnt.o(i.__sti___14_angles_cnt_cpp_002624b5)
 <LI><a href="#[ef]">[local to modbus_link_cpp]::LL_DMA_ClearFlag_TC4(DMA_TypeDef*)</a> from modbus_link.o(i._ZN32_INTERNAL_15_modbus_link_cpp_Eof20LL_DMA_ClearFlag_TC4EP11DMA_TypeDef) referenced from modbus_link.o(.constdata)
 <LI><a href="#[ee]">[local to modbus_link_cpp]::LL_DMA_ClearFlag_TC6(DMA_TypeDef*)</a> from modbus_link.o(i._ZN32_INTERNAL_15_modbus_link_cpp_Eof20LL_DMA_ClearFlag_TC6EP11DMA_TypeDef) referenced from modbus_link.o(.constdata)
 <LI><a href="#[ed]">[local to modbus_link_cpp]::LL_DMA_ClearFlag_TC7(DMA_TypeDef*)</a> from modbus_link.o(i._ZN32_INTERNAL_15_modbus_link_cpp_Eof20LL_DMA_ClearFlag_TC7EP11DMA_TypeDef) referenced from modbus_link.o(.constdata)
 <LI><a href="#[ec]">[local to modbus_link_cpp]::LL_AHB1_GRP1_EnableClock(unsigned)</a> from modbus_link.o(i._ZN32_INTERNAL_15_modbus_link_cpp_Eof24LL_AHB1_GRP1_EnableClockEj) referenced 3 times from modbus_link.o(.constdata)
 <LI><a href="#[f7]">[local to dev_ctrl_cpp]::hc_ctrl()</a> from dev_ctrl.o(i._ZN33_INTERNAL_12_dev_ctrl_cpp_DevCtrl7hc_ctrlEv) referenced from dev_ctrl.o(.constdata)
 <LI><a href="#[f6]">[local to dev_ctrl_cpp]::base_ctrl()</a> from dev_ctrl.o(i._ZN33_INTERNAL_12_dev_ctrl_cpp_DevCtrl9base_ctrlEv) referenced from dev_ctrl.o(.constdata)
 <LI><a href="#[3]">[local to hard_config_cpp]::LL_AHB2_GRP1_EnableClock(unsigned)</a> from hard_config.o(i._ZN37_INTERNAL_15_hard_config_cpp_1a7f66ee24LL_AHB2_GRP1_EnableClockEj) referenced 42 times from hard_config.o(.data)
 <LI><a href="#[4]">[local to hard_config_cpp]::LL_APB1_GRP1_EnableClock(unsigned)</a> from hard_config.o(i._ZN37_INTERNAL_15_hard_config_cpp_1a7f66ee24LL_APB1_GRP1_EnableClockEj) referenced 4 times from hard_config.o(.data)
 <LI><a href="#[2]">[local to hard_config_cpp]::LL_APB2_GRP1_EnableClock(unsigned)</a> from hard_config.o(i._ZN37_INTERNAL_15_hard_config_cpp_1a7f66ee24LL_APB2_GRP1_EnableClockEj) referenced 4 times from hard_config.o(.data)
 <LI><a href="#[f5]">[local to base_to_sens_cpp]::wr_axis_rotate()</a> from base_to_sens.o(i._ZN38_INTERNAL_16_base_to_sens_cpp_e027ba6814wr_axis_rotateEv) referenced from base_to_sens.o(.constdata)
 <LI><a href="#[f2]">[local to base_to_sens_cpp]::acc_rdy()</a> from base_to_sens.o(i._ZN38_INTERNAL_16_base_to_sens_cpp_e027ba687acc_rdyEv) referenced from base_to_sens.o(.constdata)
 <LI><a href="#[f4]">[local to base_to_sens_cpp]::pd_poll()</a> from base_to_sens.o(i._ZN38_INTERNAL_16_base_to_sens_cpp_e027ba687pd_pollEv) referenced from base_to_sens.o(.constdata)
 <LI><a href="#[f3]">[local to base_to_sens_cpp]::read_meas()</a> from base_to_sens.o(i._ZN38_INTERNAL_16_base_to_sens_cpp_e027ba689read_measEv) referenced from base_to_sens.o(.constdata)
 <LI><a href="#[101]">[local to Line_wrapper_SPL_to_LL_cpp]::LL_TIM_EnableIT_CC1(TIM_TypeDef*)</a> from line_wrapper_spl_to_ll.o(i._ZN48_INTERNAL_26_Line_wrapper_SPL_to_LL_cpp_34a2820719LL_TIM_EnableIT_CC1EP11TIM_TypeDef) referenced from line_wrapper_spl_to_ll.o(.constdata)
 <LI><a href="#[103]">[local to Line_wrapper_SPL_to_LL_cpp]::LL_TIM_EnableIT_CC2(TIM_TypeDef*)</a> from line_wrapper_spl_to_ll.o(i._ZN48_INTERNAL_26_Line_wrapper_SPL_to_LL_cpp_34a2820719LL_TIM_EnableIT_CC2EP11TIM_TypeDef) referenced from line_wrapper_spl_to_ll.o(.constdata)
 <LI><a href="#[105]">[local to Line_wrapper_SPL_to_LL_cpp]::LL_TIM_EnableIT_CC3(TIM_TypeDef*)</a> from line_wrapper_spl_to_ll.o(i._ZN48_INTERNAL_26_Line_wrapper_SPL_to_LL_cpp_34a2820719LL_TIM_EnableIT_CC3EP11TIM_TypeDef) referenced from line_wrapper_spl_to_ll.o(.constdata)
 <LI><a href="#[fd]">[local to Line_wrapper_SPL_to_LL_cpp]::LL_TIM_ClearFlag_CC1(TIM_TypeDef*)</a> from line_wrapper_spl_to_ll.o(i._ZN48_INTERNAL_26_Line_wrapper_SPL_to_LL_cpp_34a2820720LL_TIM_ClearFlag_CC1EP11TIM_TypeDef) referenced from line_wrapper_spl_to_ll.o(.constdata)
 <LI><a href="#[fe]">[local to Line_wrapper_SPL_to_LL_cpp]::LL_TIM_ClearFlag_CC2(TIM_TypeDef*)</a> from line_wrapper_spl_to_ll.o(i._ZN48_INTERNAL_26_Line_wrapper_SPL_to_LL_cpp_34a2820720LL_TIM_ClearFlag_CC2EP11TIM_TypeDef) referenced from line_wrapper_spl_to_ll.o(.constdata)
 <LI><a href="#[ff]">[local to Line_wrapper_SPL_to_LL_cpp]::LL_TIM_ClearFlag_CC3(TIM_TypeDef*)</a> from line_wrapper_spl_to_ll.o(i._ZN48_INTERNAL_26_Line_wrapper_SPL_to_LL_cpp_34a2820720LL_TIM_ClearFlag_CC3EP11TIM_TypeDef) referenced from line_wrapper_spl_to_ll.o(.constdata)
 <LI><a href="#[100]">[local to Line_wrapper_SPL_to_LL_cpp]::LL_TIM_DisableIT_CC1(TIM_TypeDef*)</a> from line_wrapper_spl_to_ll.o(i._ZN48_INTERNAL_26_Line_wrapper_SPL_to_LL_cpp_34a2820720LL_TIM_DisableIT_CC1EP11TIM_TypeDef) referenced from line_wrapper_spl_to_ll.o(.constdata)
 <LI><a href="#[102]">[local to Line_wrapper_SPL_to_LL_cpp]::LL_TIM_DisableIT_CC2(TIM_TypeDef*)</a> from line_wrapper_spl_to_ll.o(i._ZN48_INTERNAL_26_Line_wrapper_SPL_to_LL_cpp_34a2820720LL_TIM_DisableIT_CC2EP11TIM_TypeDef) referenced from line_wrapper_spl_to_ll.o(.constdata)
 <LI><a href="#[104]">[local to Line_wrapper_SPL_to_LL_cpp]::LL_TIM_DisableIT_CC3(TIM_TypeDef*)</a> from line_wrapper_spl_to_ll.o(i._ZN48_INTERNAL_26_Line_wrapper_SPL_to_LL_cpp_34a2820720LL_TIM_DisableIT_CC3EP11TIM_TypeDef) referenced from line_wrapper_spl_to_ll.o(.constdata)
 <LI><a href="#[fb]">TLed::on()</a> from led.o(i._ZN4TLed2onEv) referenced from led_ctrl.o(.constdata)
 <LI><a href="#[fa]">TLed::off()</a> from led.o(i._ZN4TLed3offEv) referenced from led_ctrl.o(.constdata)
 <LI><a href="#[fc]">TLed::toggle()</a> from led.o(i._ZN4TLed6toggleEv) referenced from led_ctrl.o(.constdata)
 <LI><a href="#[b3]">TLed::~TLed()</a> from led.o(i._ZN4TLedD1Ev) referenced from led.o(i.__sti___7_Led_cpp_Led)
 <LI><a href="#[b5]">TMems::~TMems()</a> from mems.o(i._ZN5TMemsD1Ev) referenced from mems.o(i.__sti___8_mems_cpp_Mems)
 <LI><a href="#[b4]">relay::TRelay::~TRelay()</a> from relay.o(i._ZN5relay6TRelayD1Ev) referenced from main.o(i.__sti___8_main_cpp_63965102)
 <LI><a href="#[af]">TFlash::~TFlash()</a> from flash_driver.o(i._ZN6TFlashD1Ev) referenced from flash_driver.o(i.__sti___16_Flash_driver_cpp_d50a58b4)
 <LI><a href="#[c6]">TModel::get_raw_roll()</a> from model.o(i._ZN6TModel12get_raw_rollEv) referenced 2 times from angles_cnt.o(.constdata)
 <LI><a href="#[d2]">TModel::get_psw_admin()</a> from model.o(i._ZN6TModel13get_psw_adminEv) referenced from model.o(.constdata)
 <LI><a href="#[d3]">TModel::get_psw_super()</a> from model.o(i._ZN6TModel13get_psw_superEv) referenced from model.o(.constdata)
 <LI><a href="#[c8]">TModel::get_raw_pitch()</a> from model.o(i._ZN6TModel13get_raw_pitchEv) referenced 2 times from angles_cnt.o(.constdata)
 <LI><a href="#[d5]">TModel::handler_calib(short, bool*)</a> from model.o(i._ZN6TModel13handler_calibEsPb) referenced from model.o(.constdata)
 <LI><a href="#[d7]">TModel::handler_access(short, bool*)</a> from model.o(i._ZN6TModel14handler_accessEsPb) referenced from model.o(.constdata)
 <LI><a href="#[c7]">TModel::get_roll_bias_angle()</a> from model.o(i._ZN6TModel19get_roll_bias_angleEv) referenced 2 times from angles_cnt.o(.constdata)
 <LI><a href="#[c9]">TModel::get_pitch_bias_angle()</a> from model.o(i._ZN6TModel20get_pitch_bias_angleEv) referenced 2 times from angles_cnt.o(.constdata)
 <LI><a href="#[b6]">TModel::~TModel()</a> from model.o(i._ZN6TModelD1Ev) referenced from model.o(i.__sti___9_model_cpp_Model)
 <LI><a href="#[c5]">TAngles::place_down(short, short)</a> from angles_cnt.o(i._ZN7TAngles10place_downEss) referenced from angles_cnt.o(.constdata)
 <LI><a href="#[be]">TAngles::q1_neg_cnt(signed char)</a> from angles_cnt.o(i._ZN7TAngles10q1_neg_cntEa) referenced 4 times from angles_cnt.o(.constdata)
 <LI><a href="#[ce]">TAngles::q1_neg_cnt(short, short)</a> from angles_cnt.o(i._ZN7TAngles10q1_neg_cntEss) referenced from angles_cnt.o(.constdata)
 <LI><a href="#[ba]">TAngles::q1_pos_cnt(signed char)</a> from angles_cnt.o(i._ZN7TAngles10q1_pos_cntEa) referenced 4 times from angles_cnt.o(.constdata)
 <LI><a href="#[ca]">TAngles::q1_pos_cnt(short, short)</a> from angles_cnt.o(i._ZN7TAngles10q1_pos_cntEss) referenced from angles_cnt.o(.constdata)
 <LI><a href="#[bf]">TAngles::q2_neg_cnt(signed char)</a> from angles_cnt.o(i._ZN7TAngles10q2_neg_cntEa) referenced 4 times from angles_cnt.o(.constdata)
 <LI><a href="#[cf]">TAngles::q2_neg_cnt(short, short)</a> from angles_cnt.o(i._ZN7TAngles10q2_neg_cntEss) referenced from angles_cnt.o(.constdata)
 <LI><a href="#[bb]">TAngles::q2_pos_cnt(signed char)</a> from angles_cnt.o(i._ZN7TAngles10q2_pos_cntEa) referenced 4 times from angles_cnt.o(.constdata)
 <LI><a href="#[cb]">TAngles::q2_pos_cnt(short, short)</a> from angles_cnt.o(i._ZN7TAngles10q2_pos_cntEss) referenced from angles_cnt.o(.constdata)
 <LI><a href="#[c0]">TAngles::q3_neg_cnt(signed char)</a> from angles_cnt.o(i._ZN7TAngles10q3_neg_cntEa) referenced 4 times from angles_cnt.o(.constdata)
 <LI><a href="#[d0]">TAngles::q3_neg_cnt(short, short)</a> from angles_cnt.o(i._ZN7TAngles10q3_neg_cntEss) referenced from angles_cnt.o(.constdata)
 <LI><a href="#[bc]">TAngles::q3_pos_cnt(signed char)</a> from angles_cnt.o(i._ZN7TAngles10q3_pos_cntEa) referenced 4 times from angles_cnt.o(.constdata)
 <LI><a href="#[cc]">TAngles::q3_pos_cnt(short, short)</a> from angles_cnt.o(i._ZN7TAngles10q3_pos_cntEss) referenced from angles_cnt.o(.constdata)
 <LI><a href="#[c1]">TAngles::q4_neg_cnt(signed char)</a> from angles_cnt.o(i._ZN7TAngles10q4_neg_cntEa) referenced 4 times from angles_cnt.o(.constdata)
 <LI><a href="#[d1]">TAngles::q4_neg_cnt(short, short)</a> from angles_cnt.o(i._ZN7TAngles10q4_neg_cntEss) referenced from angles_cnt.o(.constdata)
 <LI><a href="#[bd]">TAngles::q4_pos_cnt(signed char)</a> from angles_cnt.o(i._ZN7TAngles10q4_pos_cntEa) referenced 4 times from angles_cnt.o(.constdata)
 <LI><a href="#[cd]">TAngles::q4_pos_cnt(short, short)</a> from angles_cnt.o(i._ZN7TAngles10q4_pos_cntEss) referenced from angles_cnt.o(.constdata)
 <LI><a href="#[c2]">TAngles::base(TSettings::TAxisRotate, bool)</a> from angles_cnt.o(i._ZN7TAngles4baseEN9TSettings11TAxisRotateEb) referenced from angles_cnt.o(.constdata)
 <LI><a href="#[c3]">TAngles::sens(TSettings::TAxisRotate, bool)</a> from angles_cnt.o(i._ZN7TAngles4sensEN9TSettings11TAxisRotateEb) referenced from angles_cnt.o(.constdata)
 <LI><a href="#[c4]">TAngles::place_up(short, short)</a> from angles_cnt.o(i._ZN7TAngles8place_upEss) referenced from angles_cnt.o(.constdata)
 <LI><a href="#[ac]">TAngles::~TAngles()</a> from angles_cnt.o(i._ZN7TAnglesD1Ev) referenced from angles_cnt.o(i.__sti___14_angles_cnt_cpp_002624b5)
 <LI><a href="#[a8]">TButton::~TButton()</a> from button.o(i._ZN7TButtonD1Ev) referenced from button.o(i.__sti___10_Button_cpp_Btn)
 <LI><a href="#[b2]">MPU_9250::TAccGyroMagDriver_HL::~TAccGyroMagDriver_HL()</a> from mpu-9250_acc_gyro_mag_driver_hl.o(i._ZN8MPU_925020TAccGyroMagDriver_HLD1Ev) referenced from mpu-9250_acc_gyro_mag_driver_hl.o(i.__sti___35_MPU_9250_acc_gyro_mag_driver_hl_cpp_f9f9292c)
 <LI><a href="#[a9]">TDevCtrl::~TDevCtrl()</a> from dev_ctrl.o(i._ZN8TDevCtrlD1Ev) referenced from dev_ctrl.o(i.__sti___12_dev_ctrl_cpp_DevCtrl)
 <LI><a href="#[aa]">TSettings::~TSettings()</a> from settings.o(i._ZN9TSettingsD1Ev) referenced from settings.o(i.__sti___12_settings_cpp_Settings)
 <LI><a href="#[d6]">TSettings::chk_access(short) const</a> from settings.o(i._ZNK9TSettings10chk_accessEs) referenced from model.o(.constdata)
 <LI><a href="#[d4]">TSettings::chk_calib(short) const</a> from settings.o(i._ZNK9TSettings9chk_calibEs) referenced from model.o(.constdata)
 <LI><a href="#[99]">__main</a> from entry.o(.ARM.Collect$$$$00000000) referenced from startup_stm32l431xx.o(.text)
 <LI><a href="#[107]">__sti___10_Button_cpp_Btn</a> from button.o(i.__sti___10_Button_cpp_Btn) referenced from button.o(.init_array)
 <LI><a href="#[114]">__sti___12_dev_ctrl_cpp_DevCtrl</a> from dev_ctrl.o(i.__sti___12_dev_ctrl_cpp_DevCtrl) referenced from dev_ctrl.o(.init_array)
 <LI><a href="#[111]">__sti___12_settings_cpp_Settings</a> from settings.o(i.__sti___12_settings_cpp_Settings) referenced from settings.o(.init_array)
 <LI><a href="#[109]">__sti___14_angles_cnt_cpp_002624b5</a> from angles_cnt.o(i.__sti___14_angles_cnt_cpp_002624b5) referenced from angles_cnt.o(.init_array)
 <LI><a href="#[112]">__sti___14_base_to_pc_cpp_BaseToPc</a> from base_to_pc.o(i.__sti___14_base_to_pc_cpp_BaseToPc) referenced from base_to_pc.o(.init_array)
 <LI><a href="#[10b]">__sti___14_dev_determ_cpp_339485bd</a> from dev_determ.o(i.__sti___14_dev_determ_cpp_339485bd) referenced from dev_determ.o(.init_array)
 <LI><a href="#[10d]">__sti___16_Flash_driver_cpp_d50a58b4</a> from flash_driver.o(i.__sti___16_Flash_driver_cpp_d50a58b4) referenced from flash_driver.o(.init_array)
 <LI><a href="#[113]">__sti___16_base_to_sens_cpp_e027ba68</a> from base_to_sens.o(i.__sti___16_base_to_sens_cpp_e027ba68) referenced from base_to_sens.o(.init_array)
 <LI><a href="#[10f]">__sti___16_discrete_out_cpp_Do</a> from discrete_out.o(i.__sti___16_discrete_out_cpp_Do) referenced from discrete_out.o(.init_array)
 <LI><a href="#[10e]">__sti___17_coding_switch_cpp_CodeSw</a> from coding_switch.o(i.__sti___17_coding_switch_cpp_CodeSw) referenced from coding_switch.o(.init_array)
 <LI><a href="#[115]">__sti___18_sens_to_master_cpp_20467949</a> from sens_to_master.o(i.__sti___18_sens_to_master_cpp_20467949) referenced from sens_to_master.o(.init_array)
 <LI><a href="#[106]">__sti___35_MPU_9250_acc_gyro_mag_driver_hl_cpp_f9f9292c</a> from mpu-9250_acc_gyro_mag_driver_hl.o(i.__sti___35_MPU_9250_acc_gyro_mag_driver_hl_cpp_f9f9292c) referenced from mpu-9250_acc_gyro_mag_driver_hl.o(.init_array)
 <LI><a href="#[108]">__sti___7_Led_cpp_Led</a> from led.o(i.__sti___7_Led_cpp_Led) referenced from led.o(.init_array)
 <LI><a href="#[10a]">__sti___8_main_cpp_63965102</a> from main.o(i.__sti___8_main_cpp_63965102) referenced from main.o(.init_array)
 <LI><a href="#[110]">__sti___8_mems_cpp_Mems</a> from mems.o(i.__sti___8_mems_cpp_Mems) referenced from mems.o(.init_array)
 <LI><a href="#[10c]">__sti___9_model_cpp_Model</a> from model.o(i.__sti___9_model_cpp_Model) referenced from model.o(.init_array)
 <LI><a href="#[97]">main</a> from main.o(i.main) referenced from entry9a.o(.ARM.Collect$$$$0000000B)
 <LI><a href="#[b8]">prvIdleTask</a> from tasks.o(i.prvIdleTask) referenced from tasks.o(i.vTaskStartScheduler)
 <LI><a href="#[b7]">prvTaskExitError</a> from port.o(i.prvTaskExitError) referenced from port.o(i.pxPortInitialiseStack)
 <LI><a href="#[b9]">prvTimerTask</a> from timers.o(i.prvTimerTask) referenced from timers.o(i.xTimerCreateTimerTask)
</UL>
<P>
<H3>
Global Symbols
</H3>
<P><STRONG><a name="[99]"></a>__main</STRONG> (Thumb, 0 bytes, Stack size unknown bytes, entry.o(.ARM.Collect$$$$00000000))
<BR>[Address Reference Count : 1]<UL><LI> startup_stm32l431xx.o(.text)
</UL>
<P><STRONG><a name="[2e7]"></a>_main_stk</STRONG> (Thumb, 0 bytes, Stack size unknown bytes, entry2.o(.ARM.Collect$$$$00000001))

<P><STRONG><a name="[117]"></a>_main_scatterload</STRONG> (Thumb, 0 bytes, Stack size unknown bytes, entry5.o(.ARM.Collect$$$$00000004))
<BR><BR>[Calls]<UL><LI><a href="#[118]">&gt;&gt;</a>&nbsp;&nbsp;&nbsp;__scatterload
</UL>

<P><STRONG><a name="[12c]"></a>__main_after_scatterload</STRONG> (Thumb, 0 bytes, Stack size unknown bytes, entry5.o(.ARM.Collect$$$$00000004))
<BR><BR>[Called By]<UL><LI><a href="#[118]">&gt;&gt;</a>&nbsp;&nbsp;&nbsp;__scatterload
</UL>

<P><STRONG><a name="[2e8]"></a>_main_clock</STRONG> (Thumb, 0 bytes, Stack size unknown bytes, entry7b.o(.ARM.Collect$$$$00000008))

<P><STRONG><a name="[119]"></a>_main_cpp_init$empty</STRONG> (Thumb, 0 bytes, Stack size unknown bytes, entry8a.o(.ARM.Collect$$$$00000009))
<BR><BR>[Stack]<UL><LI>Max Depth = 16 + Unknown Stack Size
<LI>Call Chain = _main_cpp_init$empty &rArr; __cpp_initialize__aeabi_
</UL>
<BR>[Calls]<UL><LI><a href="#[116]">&gt;&gt;</a>&nbsp;&nbsp;&nbsp;__cpp_initialize__aeabi_
</UL>

<P><STRONG><a name="[2e9]"></a>_main_cpp_init</STRONG> (Thumb, 0 bytes, Stack size unknown bytes, entry8b.o(.ARM.Collect$$$$0000000A))

<P><STRONG><a name="[2ea]"></a>_main_init</STRONG> (Thumb, 0 bytes, Stack size unknown bytes, entry9a.o(.ARM.Collect$$$$0000000B))

<P><STRONG><a name="[2eb]"></a>__rt_final_cpp</STRONG> (Thumb, 0 bytes, Stack size unknown bytes, entry10a.o(.ARM.Collect$$$$0000000D))

<P><STRONG><a name="[11a]"></a>__rt_final_cpp$nonempty</STRONG> (Thumb, 0 bytes, Stack size unknown bytes, entry10b.o(.ARM.Collect$$$$0000000E))
<BR><BR>[Stack]<UL><LI>Max Depth = 32 + Unknown Stack Size
<LI>Call Chain = __rt_final_cpp$nonempty &rArr; __cxa_finalize &rArr; free
</UL>
<BR>[Calls]<UL><LI><a href="#[11b]">&gt;&gt;</a>&nbsp;&nbsp;&nbsp;__cxa_finalize
</UL>

<P><STRONG><a name="[2ec]"></a>__rt_final_exit</STRONG> (Thumb, 0 bytes, Stack size unknown bytes, entry11a.o(.ARM.Collect$$$$0000000F))

<P><STRONG><a name="[53]"></a>SVC_Handler</STRONG> (Thumb, 28 bytes, Stack size 0 bytes, port.o(.emb_text))
<BR>[Address Reference Count : 1]<UL><LI> startup_stm32l431xx.o(RESET)
</UL>
<P><STRONG><a name="[2e0]"></a>__asm___6_port_c_39a90d8d__prvStartFirstTask</STRONG> (Thumb, 36 bytes, Stack size 0 bytes, port.o(.emb_text))
<BR><BR>[Called By]<UL><LI><a href="#[2dc]">&gt;&gt;</a>&nbsp;&nbsp;&nbsp;xPortStartScheduler
</UL>

<P><STRONG><a name="[2df]"></a>__asm___6_port_c_39a90d8d__prvEnableVFP</STRONG> (Thumb, 16 bytes, Stack size 0 bytes, port.o(.emb_text))
<BR><BR>[Called By]<UL><LI><a href="#[2dc]">&gt;&gt;</a>&nbsp;&nbsp;&nbsp;xPortStartScheduler
</UL>

<P><STRONG><a name="[55]"></a>PendSV_Handler</STRONG> (Thumb, 88 bytes, Stack size 0 bytes, port.o(.emb_text))
<BR><BR>[Stack]<UL><LI>Max Depth = 8<LI>Call Chain = PendSV_Handler &rArr; vTaskSwitchContext
</UL>
<BR>[Calls]<UL><LI><a href="#[11c]">&gt;&gt;</a>&nbsp;&nbsp;&nbsp;vTaskSwitchContext
</UL>
<BR>[Address Reference Count : 1]<UL><LI> startup_stm32l431xx.o(RESET)
</UL>
<P><STRONG><a name="[2d7]"></a>vPortGetIPSR</STRONG> (Thumb, 6 bytes, Stack size 0 bytes, port.o(.emb_text))
<BR><BR>[Called By]<UL><LI><a href="#[2d6]">&gt;&gt;</a>&nbsp;&nbsp;&nbsp;vPortValidateInterruptPriority
</UL>

<P><STRONG><a name="[4d]"></a>Reset_Handler</STRONG> (Thumb, 8 bytes, Stack size 0 bytes, startup_stm32l431xx.o(.text))
<BR>[Address Reference Count : 1]<UL><LI> startup_stm32l431xx.o(RESET)
</UL>
<P><STRONG><a name="[4e]"></a>NMI_Handler</STRONG> (Thumb, 2 bytes, Stack size 0 bytes, startup_stm32l431xx.o(.text))
<BR><BR>[Calls]<UL><LI><a href="#[4e]">&gt;&gt;</a>&nbsp;&nbsp;&nbsp;NMI_Handler
</UL>
<BR>[Called By]<UL><LI><a href="#[4e]">&gt;&gt;</a>&nbsp;&nbsp;&nbsp;NMI_Handler
</UL>
<BR>[Address Reference Count : 1]<UL><LI> startup_stm32l431xx.o(RESET)
</UL>
<P><STRONG><a name="[4f]"></a>HardFault_Handler</STRONG> (Thumb, 2 bytes, Stack size 0 bytes, startup_stm32l431xx.o(.text))
<BR><BR>[Calls]<UL><LI><a href="#[4f]">&gt;&gt;</a>&nbsp;&nbsp;&nbsp;HardFault_Handler
</UL>
<BR>[Called By]<UL><LI><a href="#[4f]">&gt;&gt;</a>&nbsp;&nbsp;&nbsp;HardFault_Handler
</UL>
<BR>[Address Reference Count : 1]<UL><LI> startup_stm32l431xx.o(RESET)
</UL>
<P><STRONG><a name="[50]"></a>MemManage_Handler</STRONG> (Thumb, 2 bytes, Stack size 0 bytes, startup_stm32l431xx.o(.text))
<BR><BR>[Calls]<UL><LI><a href="#[50]">&gt;&gt;</a>&nbsp;&nbsp;&nbsp;MemManage_Handler
</UL>
<BR>[Called By]<UL><LI><a href="#[50]">&gt;&gt;</a>&nbsp;&nbsp;&nbsp;MemManage_Handler
</UL>
<BR>[Address Reference Count : 1]<UL><LI> startup_stm32l431xx.o(RESET)
</UL>
<P><STRONG><a name="[51]"></a>BusFault_Handler</STRONG> (Thumb, 2 bytes, Stack size 0 bytes, startup_stm32l431xx.o(.text))
<BR><BR>[Calls]<UL><LI><a href="#[51]">&gt;&gt;</a>&nbsp;&nbsp;&nbsp;BusFault_Handler
</UL>
<BR>[Called By]<UL><LI><a href="#[51]">&gt;&gt;</a>&nbsp;&nbsp;&nbsp;BusFault_Handler
</UL>
<BR>[Address Reference Count : 1]<UL><LI> startup_stm32l431xx.o(RESET)
</UL>
<P><STRONG><a name="[52]"></a>UsageFault_Handler</STRONG> (Thumb, 2 bytes, Stack size 0 bytes, startup_stm32l431xx.o(.text))
<BR><BR>[Calls]<UL><LI><a href="#[52]">&gt;&gt;</a>&nbsp;&nbsp;&nbsp;UsageFault_Handler
</UL>
<BR>[Called By]<UL><LI><a href="#[52]">&gt;&gt;</a>&nbsp;&nbsp;&nbsp;UsageFault_Handler
</UL>
<BR>[Address Reference Count : 1]<UL><LI> startup_stm32l431xx.o(RESET)
</UL>
<P><STRONG><a name="[54]"></a>DebugMon_Handler</STRONG> (Thumb, 2 bytes, Stack size 0 bytes, startup_stm32l431xx.o(.text))
<BR><BR>[Calls]<UL><LI><a href="#[54]">&gt;&gt;</a>&nbsp;&nbsp;&nbsp;DebugMon_Handler
</UL>
<BR>[Called By]<UL><LI><a href="#[54]">&gt;&gt;</a>&nbsp;&nbsp;&nbsp;DebugMon_Handler
</UL>
<BR>[Address Reference Count : 1]<UL><LI> startup_stm32l431xx.o(RESET)
</UL>
<P><STRONG><a name="[69]"></a>ADC1_IRQHandler</STRONG> (Thumb, 0 bytes, Stack size 0 bytes, startup_stm32l431xx.o(.text))
<BR><BR>[Calls]<UL><LI><a href="#[69]">&gt;&gt;</a>&nbsp;&nbsp;&nbsp;ADC1_IRQHandler
</UL>
<BR>[Called By]<UL><LI><a href="#[69]">&gt;&gt;</a>&nbsp;&nbsp;&nbsp;ADC1_IRQHandler
</UL>
<BR>[Address Reference Count : 1]<UL><LI> startup_stm32l431xx.o(RESET)
</UL>
<P><STRONG><a name="[6b]"></a>CAN1_RX0_IRQHandler</STRONG> (Thumb, 0 bytes, Stack size 0 bytes, startup_stm32l431xx.o(.text))
<BR>[Address Reference Count : 1]<UL><LI> startup_stm32l431xx.o(RESET)
</UL>
<P><STRONG><a name="[6c]"></a>CAN1_RX1_IRQHandler</STRONG> (Thumb, 0 bytes, Stack size 0 bytes, startup_stm32l431xx.o(.text))
<BR>[Address Reference Count : 1]<UL><LI> startup_stm32l431xx.o(RESET)
</UL>
<P><STRONG><a name="[6d]"></a>CAN1_SCE_IRQHandler</STRONG> (Thumb, 0 bytes, Stack size 0 bytes, startup_stm32l431xx.o(.text))
<BR>[Address Reference Count : 1]<UL><LI> startup_stm32l431xx.o(RESET)
</UL>
<P><STRONG><a name="[6a]"></a>CAN1_TX_IRQHandler</STRONG> (Thumb, 0 bytes, Stack size 0 bytes, startup_stm32l431xx.o(.text))
<BR>[Address Reference Count : 1]<UL><LI> startup_stm32l431xx.o(RESET)
</UL>
<P><STRONG><a name="[88]"></a>COMP_IRQHandler</STRONG> (Thumb, 0 bytes, Stack size 0 bytes, startup_stm32l431xx.o(.text))
<BR>[Address Reference Count : 1]<UL><LI> startup_stm32l431xx.o(RESET)
</UL>
<P><STRONG><a name="[96]"></a>CRS_IRQHandler</STRONG> (Thumb, 0 bytes, Stack size 0 bytes, startup_stm32l431xx.o(.text))
<BR>[Address Reference Count : 1]<UL><LI> startup_stm32l431xx.o(RESET)
</UL>
<P><STRONG><a name="[62]"></a>DMA1_Channel1_IRQHandler</STRONG> (Thumb, 0 bytes, Stack size 0 bytes, startup_stm32l431xx.o(.text))
<BR>[Address Reference Count : 1]<UL><LI> startup_stm32l431xx.o(RESET)
</UL>
<P><STRONG><a name="[63]"></a>DMA1_Channel2_IRQHandler</STRONG> (Thumb, 0 bytes, Stack size 0 bytes, startup_stm32l431xx.o(.text))
<BR>[Address Reference Count : 1]<UL><LI> startup_stm32l431xx.o(RESET)
</UL>
<P><STRONG><a name="[64]"></a>DMA1_Channel3_IRQHandler</STRONG> (Thumb, 0 bytes, Stack size 0 bytes, startup_stm32l431xx.o(.text))
<BR>[Address Reference Count : 1]<UL><LI> startup_stm32l431xx.o(RESET)
</UL>
<P><STRONG><a name="[66]"></a>DMA1_Channel5_IRQHandler</STRONG> (Thumb, 0 bytes, Stack size 0 bytes, startup_stm32l431xx.o(.text))
<BR>[Address Reference Count : 1]<UL><LI> startup_stm32l431xx.o(RESET)
</UL>
<P><STRONG><a name="[67]"></a>DMA1_Channel6_IRQHandler</STRONG> (Thumb, 0 bytes, Stack size 0 bytes, startup_stm32l431xx.o(.text))
<BR>[Address Reference Count : 1]<UL><LI> startup_stm32l431xx.o(RESET)
</UL>
<P><STRONG><a name="[83]"></a>DMA2_Channel1_IRQHandler</STRONG> (Thumb, 0 bytes, Stack size 0 bytes, startup_stm32l431xx.o(.text))
<BR>[Address Reference Count : 1]<UL><LI> startup_stm32l431xx.o(RESET)
</UL>
<P><STRONG><a name="[84]"></a>DMA2_Channel2_IRQHandler</STRONG> (Thumb, 0 bytes, Stack size 0 bytes, startup_stm32l431xx.o(.text))
<BR>[Address Reference Count : 1]<UL><LI> startup_stm32l431xx.o(RESET)
</UL>
<P><STRONG><a name="[85]"></a>DMA2_Channel3_IRQHandler</STRONG> (Thumb, 0 bytes, Stack size 0 bytes, startup_stm32l431xx.o(.text))
<BR>[Address Reference Count : 1]<UL><LI> startup_stm32l431xx.o(RESET)
</UL>
<P><STRONG><a name="[86]"></a>DMA2_Channel4_IRQHandler</STRONG> (Thumb, 0 bytes, Stack size 0 bytes, startup_stm32l431xx.o(.text))
<BR>[Address Reference Count : 1]<UL><LI> startup_stm32l431xx.o(RESET)
</UL>
<P><STRONG><a name="[87]"></a>DMA2_Channel5_IRQHandler</STRONG> (Thumb, 0 bytes, Stack size 0 bytes, startup_stm32l431xx.o(.text))
<BR>[Address Reference Count : 1]<UL><LI> startup_stm32l431xx.o(RESET)
</UL>
<P><STRONG><a name="[8c]"></a>DMA2_Channel7_IRQHandler</STRONG> (Thumb, 0 bytes, Stack size 0 bytes, startup_stm32l431xx.o(.text))
<BR>[Address Reference Count : 1]<UL><LI> startup_stm32l431xx.o(RESET)
</UL>
<P><STRONG><a name="[5d]"></a>EXTI0_IRQHandler</STRONG> (Thumb, 0 bytes, Stack size 0 bytes, startup_stm32l431xx.o(.text))
<BR>[Address Reference Count : 1]<UL><LI> startup_stm32l431xx.o(RESET)
</UL>
<P><STRONG><a name="[5e]"></a>EXTI1_IRQHandler</STRONG> (Thumb, 0 bytes, Stack size 0 bytes, startup_stm32l431xx.o(.text))
<BR>[Address Reference Count : 1]<UL><LI> startup_stm32l431xx.o(RESET)
</UL>
<P><STRONG><a name="[5f]"></a>EXTI2_IRQHandler</STRONG> (Thumb, 0 bytes, Stack size 0 bytes, startup_stm32l431xx.o(.text))
<BR>[Address Reference Count : 1]<UL><LI> startup_stm32l431xx.o(RESET)
</UL>
<P><STRONG><a name="[60]"></a>EXTI3_IRQHandler</STRONG> (Thumb, 0 bytes, Stack size 0 bytes, startup_stm32l431xx.o(.text))
<BR>[Address Reference Count : 1]<UL><LI> startup_stm32l431xx.o(RESET)
</UL>
<P><STRONG><a name="[61]"></a>EXTI4_IRQHandler</STRONG> (Thumb, 0 bytes, Stack size 0 bytes, startup_stm32l431xx.o(.text))
<BR>[Address Reference Count : 1]<UL><LI> startup_stm32l431xx.o(RESET)
</UL>
<P><STRONG><a name="[95]"></a>FPU_IRQHandler</STRONG> (Thumb, 0 bytes, Stack size 0 bytes, startup_stm32l431xx.o(.text))
<BR>[Address Reference Count : 1]<UL><LI> startup_stm32l431xx.o(RESET)
</UL>
<P><STRONG><a name="[90]"></a>I2C3_ER_IRQHandler</STRONG> (Thumb, 0 bytes, Stack size 0 bytes, startup_stm32l431xx.o(.text))
<BR>[Address Reference Count : 1]<UL><LI> startup_stm32l431xx.o(RESET)
</UL>
<P><STRONG><a name="[8f]"></a>I2C3_EV_IRQHandler</STRONG> (Thumb, 0 bytes, Stack size 0 bytes, startup_stm32l431xx.o(.text))
<BR>[Address Reference Count : 1]<UL><LI> startup_stm32l431xx.o(RESET)
</UL>
<P><STRONG><a name="[89]"></a>LPTIM1_IRQHandler</STRONG> (Thumb, 0 bytes, Stack size 0 bytes, startup_stm32l431xx.o(.text))
<BR>[Address Reference Count : 1]<UL><LI> startup_stm32l431xx.o(RESET)
</UL>
<P><STRONG><a name="[8a]"></a>LPTIM2_IRQHandler</STRONG> (Thumb, 0 bytes, Stack size 0 bytes, startup_stm32l431xx.o(.text))
<BR>[Address Reference Count : 1]<UL><LI> startup_stm32l431xx.o(RESET)
</UL>
<P><STRONG><a name="[8d]"></a>LPUART1_IRQHandler</STRONG> (Thumb, 0 bytes, Stack size 0 bytes, startup_stm32l431xx.o(.text))
<BR>[Address Reference Count : 1]<UL><LI> startup_stm32l431xx.o(RESET)
</UL>
<P><STRONG><a name="[58]"></a>PVD_PVM_IRQHandler</STRONG> (Thumb, 0 bytes, Stack size 0 bytes, startup_stm32l431xx.o(.text))
<BR>[Address Reference Count : 1]<UL><LI> startup_stm32l431xx.o(RESET)
</UL>
<P><STRONG><a name="[8e]"></a>QUADSPI_IRQHandler</STRONG> (Thumb, 0 bytes, Stack size 0 bytes, startup_stm32l431xx.o(.text))
<BR>[Address Reference Count : 1]<UL><LI> startup_stm32l431xx.o(RESET)
</UL>
<P><STRONG><a name="[5c]"></a>RCC_IRQHandler</STRONG> (Thumb, 0 bytes, Stack size 0 bytes, startup_stm32l431xx.o(.text))
<BR>[Address Reference Count : 1]<UL><LI> startup_stm32l431xx.o(RESET)
</UL>
<P><STRONG><a name="[94]"></a>RNG_IRQHandler</STRONG> (Thumb, 0 bytes, Stack size 0 bytes, startup_stm32l431xx.o(.text))
<BR>[Address Reference Count : 1]<UL><LI> startup_stm32l431xx.o(RESET)
</UL>
<P><STRONG><a name="[7e]"></a>RTC_Alarm_IRQHandler</STRONG> (Thumb, 0 bytes, Stack size 0 bytes, startup_stm32l431xx.o(.text))
<BR>[Address Reference Count : 1]<UL><LI> startup_stm32l431xx.o(RESET)
</UL>
<P><STRONG><a name="[5a]"></a>RTC_WKUP_IRQHandler</STRONG> (Thumb, 0 bytes, Stack size 0 bytes, startup_stm32l431xx.o(.text))
<BR>[Address Reference Count : 1]<UL><LI> startup_stm32l431xx.o(RESET)
</UL>
<P><STRONG><a name="[91]"></a>SAI1_IRQHandler</STRONG> (Thumb, 0 bytes, Stack size 0 bytes, startup_stm32l431xx.o(.text))
<BR>[Address Reference Count : 1]<UL><LI> startup_stm32l431xx.o(RESET)
</UL>
<P><STRONG><a name="[7f]"></a>SDMMC1_IRQHandler</STRONG> (Thumb, 0 bytes, Stack size 0 bytes, startup_stm32l431xx.o(.text))
<BR>[Address Reference Count : 1]<UL><LI> startup_stm32l431xx.o(RESET)
</UL>
<P><STRONG><a name="[78]"></a>SPI1_IRQHandler</STRONG> (Thumb, 0 bytes, Stack size 0 bytes, startup_stm32l431xx.o(.text))
<BR>[Address Reference Count : 1]<UL><LI> startup_stm32l431xx.o(RESET)
</UL>
<P><STRONG><a name="[79]"></a>SPI2_IRQHandler</STRONG> (Thumb, 0 bytes, Stack size 0 bytes, startup_stm32l431xx.o(.text))
<BR>[Address Reference Count : 1]<UL><LI> startup_stm32l431xx.o(RESET)
</UL>
<P><STRONG><a name="[80]"></a>SPI3_IRQHandler</STRONG> (Thumb, 0 bytes, Stack size 0 bytes, startup_stm32l431xx.o(.text))
<BR>[Address Reference Count : 1]<UL><LI> startup_stm32l431xx.o(RESET)
</UL>
<P><STRONG><a name="[92]"></a>SWPMI1_IRQHandler</STRONG> (Thumb, 0 bytes, Stack size 0 bytes, startup_stm32l431xx.o(.text))
<BR>[Address Reference Count : 1]<UL><LI> startup_stm32l431xx.o(RESET)
</UL>
<P><STRONG><a name="[59]"></a>TAMP_STAMP_IRQHandler</STRONG> (Thumb, 0 bytes, Stack size 0 bytes, startup_stm32l431xx.o(.text))
<BR>[Address Reference Count : 1]<UL><LI> startup_stm32l431xx.o(RESET)
</UL>
<P><STRONG><a name="[6f]"></a>TIM1_BRK_TIM15_IRQHandler</STRONG> (Thumb, 0 bytes, Stack size 0 bytes, startup_stm32l431xx.o(.text))
<BR>[Address Reference Count : 1]<UL><LI> startup_stm32l431xx.o(RESET)
</UL>
<P><STRONG><a name="[72]"></a>TIM1_CC_IRQHandler</STRONG> (Thumb, 0 bytes, Stack size 0 bytes, startup_stm32l431xx.o(.text))
<BR>[Address Reference Count : 1]<UL><LI> startup_stm32l431xx.o(RESET)
</UL>
<P><STRONG><a name="[71]"></a>TIM1_TRG_COM_IRQHandler</STRONG> (Thumb, 0 bytes, Stack size 0 bytes, startup_stm32l431xx.o(.text))
<BR>[Address Reference Count : 1]<UL><LI> startup_stm32l431xx.o(RESET)
</UL>
<P><STRONG><a name="[70]"></a>TIM1_UP_TIM16_IRQHandler</STRONG> (Thumb, 0 bytes, Stack size 0 bytes, startup_stm32l431xx.o(.text))
<BR>[Address Reference Count : 1]<UL><LI> startup_stm32l431xx.o(RESET)
</UL>
<P><STRONG><a name="[73]"></a>TIM2_IRQHandler</STRONG> (Thumb, 0 bytes, Stack size 0 bytes, startup_stm32l431xx.o(.text))
<BR>[Address Reference Count : 1]<UL><LI> startup_stm32l431xx.o(RESET)
</UL>
<P><STRONG><a name="[93]"></a>TSC_IRQHandler</STRONG> (Thumb, 0 bytes, Stack size 0 bytes, startup_stm32l431xx.o(.text))
<BR>[Address Reference Count : 1]<UL><LI> startup_stm32l431xx.o(RESET)
</UL>
<P><STRONG><a name="[7c]"></a>USART3_IRQHandler</STRONG> (Thumb, 0 bytes, Stack size 0 bytes, startup_stm32l431xx.o(.text))
<BR>[Address Reference Count : 1]<UL><LI> startup_stm32l431xx.o(RESET)
</UL>
<P><STRONG><a name="[57]"></a>WWDG_IRQHandler</STRONG> (Thumb, 0 bytes, Stack size 0 bytes, startup_stm32l431xx.o(.text))
<BR>[Address Reference Count : 1]<UL><LI> startup_stm32l431xx.o(RESET)
</UL>
<P><STRONG><a name="[269]"></a>__aeabi_memcpy</STRONG> (Thumb, 36 bytes, Stack size 0 bytes, memcpya.o(.text))
<BR><BR>[Called By]<UL><LI><a href="#[259]">&gt;&gt;</a>&nbsp;&nbsp;&nbsp;void TModel::access_prot&lang;TSettings::TFlashData, TSettings::TFlashData&rang;(T1&, const T2&)
<LI><a href="#[266]">&gt;&gt;</a>&nbsp;&nbsp;&nbsp;TModel::TModel(void*&)
<LI><a href="#[2bc]">&gt;&gt;</a>&nbsp;&nbsp;&nbsp;prvCopyDataToQueue
<LI><a href="#[2bb]">&gt;&gt;</a>&nbsp;&nbsp;&nbsp;prvCopyDataFromQueue
</UL>

<P><STRONG><a name="[162]"></a>__aeabi_memcpy4</STRONG> (Thumb, 0 bytes, Stack size 0 bytes, memcpya.o(.text))
<BR><BR>[Called By]<UL><LI><a href="#[23a]">&gt;&gt;</a>&nbsp;&nbsp;&nbsp;I2C::TI2C::TI2C(const TI2C_HW&, I2C::TMode, I2C::TRate, I2C::TAddressing)
<LI><a href="#[a2]">&gt;&gt;</a>&nbsp;&nbsp;&nbsp;vLedCtrl(void*)
<LI><a href="#[9e]">&gt;&gt;</a>&nbsp;&nbsp;&nbsp;base_to_sens(void*)
<LI><a href="#[16c]">&gt;&gt;</a>&nbsp;&nbsp;&nbsp;cfg_sys_clk()
<LI><a href="#[c4]">&gt;&gt;</a>&nbsp;&nbsp;&nbsp;TAngles::place_up(short, short)
<LI><a href="#[277]">&gt;&gt;</a>&nbsp;&nbsp;&nbsp;TAngles::cnt_process(TSettings::TAxisRotate, bool, TMemsMount::T)
<LI><a href="#[c5]">&gt;&gt;</a>&nbsp;&nbsp;&nbsp;TAngles::place_down(short, short)
<LI><a href="#[266]">&gt;&gt;</a>&nbsp;&nbsp;&nbsp;TModel::TModel(void*&)
<LI><a href="#[23b]">&gt;&gt;</a>&nbsp;&nbsp;&nbsp;TModel::get_u_baud_rate_bit_to_sec()
<LI><a href="#[1d9]">&gt;&gt;</a>&nbsp;&nbsp;&nbsp;TModel::set_calib_cmd(unsigned short)
<LI><a href="#[167]">&gt;&gt;</a>&nbsp;&nbsp;&nbsp;TUsart::hw_init(unsigned char)
<LI><a href="#[168]">&gt;&gt;</a>&nbsp;&nbsp;&nbsp;TModbusLink::init_dma()
<LI><a href="#[7b]">&gt;&gt;</a>&nbsp;&nbsp;&nbsp;USART2_IRQHandler
<LI><a href="#[7a]">&gt;&gt;</a>&nbsp;&nbsp;&nbsp;USART1_IRQHandler
<LI><a href="#[1a9]">&gt;&gt;</a>&nbsp;&nbsp;&nbsp;TDevHandlers::TDevHandlers(TDevHandlers::TPduHandler*)
<LI><a href="#[16b]">&gt;&gt;</a>&nbsp;&nbsp;&nbsp;TModbusApp::fsm()
<LI><a href="#[e2]">&gt;&gt;</a>&nbsp;&nbsp;&nbsp;TModbusApp::s_processing_required_action(unsigned char*, unsigned short)
<LI><a href="#[e1]">&gt;&gt;</a>&nbsp;&nbsp;&nbsp;TModbusApp::m_processing_reply(unsigned char*, unsigned short)
<LI><a href="#[1f4]">&gt;&gt;</a>&nbsp;&nbsp;&nbsp;TCodingSwitch::rd_addr()
<LI><a href="#[17f]">&gt;&gt;</a>&nbsp;&nbsp;&nbsp;TCodingSwitch::init()
<LI><a href="#[12f]">&gt;&gt;</a>&nbsp;&nbsp;&nbsp;TIM_ITConfig
<LI><a href="#[12e]">&gt;&gt;</a>&nbsp;&nbsp;&nbsp;TIM_ClearFlag
<LI><a href="#[f7]">&gt;&gt;</a>&nbsp;&nbsp;&nbsp;[local to dev_ctrl_cpp]::hc_ctrl()
<LI><a href="#[219]">&gt;&gt;</a>&nbsp;&nbsp;&nbsp;[local to dev_ctrl_cpp]::open_angle_ctrl(unsigned char*)
</UL>

<P><STRONG><a name="[2ed]"></a>__aeabi_memcpy8</STRONG> (Thumb, 0 bytes, Stack size 0 bytes, memcpya.o(.text), UNUSED)

<P><STRONG><a name="[11e]"></a>__aeabi_memset</STRONG> (Thumb, 14 bytes, Stack size 0 bytes, memseta.o(.text))
<BR><BR>[Called By]<UL><LI><a href="#[2c3]">&gt;&gt;</a>&nbsp;&nbsp;&nbsp;prvInitialiseNewTask
<LI><a href="#[11f]">&gt;&gt;</a>&nbsp;&nbsp;&nbsp;_memset$wrapper
<LI><a href="#[11d]">&gt;&gt;</a>&nbsp;&nbsp;&nbsp;__aeabi_memclr
</UL>

<P><STRONG><a name="[2ee]"></a>__aeabi_memset4</STRONG> (Thumb, 0 bytes, Stack size 0 bytes, memseta.o(.text), UNUSED)

<P><STRONG><a name="[2ef]"></a>__aeabi_memset8</STRONG> (Thumb, 0 bytes, Stack size 0 bytes, memseta.o(.text), UNUSED)

<P><STRONG><a name="[11d]"></a>__aeabi_memclr</STRONG> (Thumb, 4 bytes, Stack size 0 bytes, memseta.o(.text), UNUSED)
<BR><BR>[Calls]<UL><LI><a href="#[11e]">&gt;&gt;</a>&nbsp;&nbsp;&nbsp;__aeabi_memset
</UL>

<P><STRONG><a name="[187]"></a>__aeabi_memclr4</STRONG> (Thumb, 0 bytes, Stack size 0 bytes, memseta.o(.text))
<BR><BR>[Called By]<UL><LI><a href="#[9c]">&gt;&gt;</a>&nbsp;&nbsp;&nbsp;mems(void*)
</UL>

<P><STRONG><a name="[2f0]"></a>__aeabi_memclr8</STRONG> (Thumb, 0 bytes, Stack size 0 bytes, memseta.o(.text), UNUSED)

<P><STRONG><a name="[11f]"></a>_memset$wrapper</STRONG> (Thumb, 18 bytes, Stack size 8 bytes, memseta.o(.text), UNUSED)
<BR><BR>[Calls]<UL><LI><a href="#[11e]">&gt;&gt;</a>&nbsp;&nbsp;&nbsp;__aeabi_memset
</UL>

<P><STRONG><a name="[1a1]"></a>strlen</STRONG> (Thumb, 14 bytes, Stack size 0 bytes, strlen.o(.text))
<BR><BR>[Called By]<UL><LI><a href="#[ea]">&gt;&gt;</a>&nbsp;&nbsp;&nbsp;TModbusApp::s_report_server_id(unsigned char*, unsigned short)
</UL>

<P><STRONG><a name="[116]"></a>__cpp_initialize__aeabi_</STRONG> (Thumb, 22 bytes, Stack size 16 bytes, cpp_init.o(.text))
<BR><BR>[Stack]<UL><LI>Max Depth = 16<LI>Call Chain = __cpp_initialize__aeabi_
</UL>
<BR>[Called By]<UL><LI><a href="#[119]">&gt;&gt;</a>&nbsp;&nbsp;&nbsp;_main_cpp_init$empty
</UL>

<P><STRONG><a name="[120]"></a>__aeabi_atexit</STRONG> (Thumb, 46 bytes, Stack size 24 bytes, aeabi_atexit.o(.text))
<BR><BR>[Stack]<UL><LI>Max Depth = 44<LI>Call Chain = __aeabi_atexit &rArr; malloc
</UL>
<BR>[Calls]<UL><LI><a href="#[122]">&gt;&gt;</a>&nbsp;&nbsp;&nbsp;__rt_ddtor_pointer_addr
<LI><a href="#[121]">&gt;&gt;</a>&nbsp;&nbsp;&nbsp;malloc
</UL>
<BR>[Called By]<UL><LI><a href="#[106]">&gt;&gt;</a>&nbsp;&nbsp;&nbsp;__sti___35_MPU_9250_acc_gyro_mag_driver_hl_cpp_f9f9292c
<LI><a href="#[10a]">&gt;&gt;</a>&nbsp;&nbsp;&nbsp;__sti___8_main_cpp_63965102
<LI><a href="#[109]">&gt;&gt;</a>&nbsp;&nbsp;&nbsp;__sti___14_angles_cnt_cpp_002624b5
<LI><a href="#[108]">&gt;&gt;</a>&nbsp;&nbsp;&nbsp;__sti___7_Led_cpp_Led
<LI><a href="#[107]">&gt;&gt;</a>&nbsp;&nbsp;&nbsp;__sti___10_Button_cpp_Btn
<LI><a href="#[10c]">&gt;&gt;</a>&nbsp;&nbsp;&nbsp;__sti___9_model_cpp_Model
<LI><a href="#[10b]">&gt;&gt;</a>&nbsp;&nbsp;&nbsp;__sti___14_dev_determ_cpp_339485bd
<LI><a href="#[10d]">&gt;&gt;</a>&nbsp;&nbsp;&nbsp;__sti___16_Flash_driver_cpp_d50a58b4
<LI><a href="#[113]">&gt;&gt;</a>&nbsp;&nbsp;&nbsp;__sti___16_base_to_sens_cpp_e027ba68
<LI><a href="#[112]">&gt;&gt;</a>&nbsp;&nbsp;&nbsp;__sti___14_base_to_pc_cpp_BaseToPc
<LI><a href="#[111]">&gt;&gt;</a>&nbsp;&nbsp;&nbsp;__sti___12_settings_cpp_Settings
<LI><a href="#[110]">&gt;&gt;</a>&nbsp;&nbsp;&nbsp;__sti___8_mems_cpp_Mems
<LI><a href="#[10f]">&gt;&gt;</a>&nbsp;&nbsp;&nbsp;__sti___16_discrete_out_cpp_Do
<LI><a href="#[10e]">&gt;&gt;</a>&nbsp;&nbsp;&nbsp;__sti___17_coding_switch_cpp_CodeSw
<LI><a href="#[115]">&gt;&gt;</a>&nbsp;&nbsp;&nbsp;__sti___18_sens_to_master_cpp_20467949
<LI><a href="#[114]">&gt;&gt;</a>&nbsp;&nbsp;&nbsp;__sti___12_dev_ctrl_cpp_DevCtrl
</UL>

<P><STRONG><a name="[123]"></a>__aeabi_ddiv</STRONG> (Thumb, 222 bytes, Stack size 32 bytes, ddiv.o(.text))
<BR><BR>[Stack]<UL><LI>Max Depth = 40<LI>Call Chain = __aeabi_ddiv &rArr; _double_round
</UL>
<BR>[Calls]<UL><LI><a href="#[124]">&gt;&gt;</a>&nbsp;&nbsp;&nbsp;_double_round
</UL>
<BR>[Called By]<UL><LI><a href="#[189]">&gt;&gt;</a>&nbsp;&nbsp;&nbsp;[local to mems_cpp]::mems_process()
</UL>

<P><STRONG><a name="[1ff]"></a>__aeabi_f2d</STRONG> (Thumb, 38 bytes, Stack size 0 bytes, f2d.o(.text))
<BR><BR>[Called By]<UL><LI><a href="#[189]">&gt;&gt;</a>&nbsp;&nbsp;&nbsp;[local to mems_cpp]::mems_process()
</UL>

<P><STRONG><a name="[125]"></a>__aeabi_d2f</STRONG> (Thumb, 56 bytes, Stack size 8 bytes, d2f.o(.text))
<BR><BR>[Stack]<UL><LI>Max Depth = 8<LI>Call Chain = __aeabi_d2f
</UL>
<BR>[Calls]<UL><LI><a href="#[126]">&gt;&gt;</a>&nbsp;&nbsp;&nbsp;_float_round
</UL>
<BR>[Called By]<UL><LI><a href="#[189]">&gt;&gt;</a>&nbsp;&nbsp;&nbsp;[local to mems_cpp]::mems_process()
</UL>

<P><STRONG><a name="[12a]"></a>__aeabi_llsl</STRONG> (Thumb, 30 bytes, Stack size 0 bytes, llshl.o(.text), UNUSED)
<BR><BR>[Called By]<UL><LI><a href="#[129]">&gt;&gt;</a>&nbsp;&nbsp;&nbsp;_double_epilogue
</UL>

<P><STRONG><a name="[2f1]"></a>_ll_shift_l</STRONG> (Thumb, 0 bytes, Stack size 0 bytes, llshl.o(.text), UNUSED)

<P><STRONG><a name="[2f2]"></a>__I$use$fp</STRONG> (Thumb, 0 bytes, Stack size 0 bytes, iusefp.o(.text), UNUSED)

<P><STRONG><a name="[122]"></a>__rt_ddtor_pointer_addr</STRONG> (Thumb, 4 bytes, Stack size 0 bytes, cpp_dtor.o(.text))
<BR><BR>[Called By]<UL><LI><a href="#[11b]">&gt;&gt;</a>&nbsp;&nbsp;&nbsp;__cxa_finalize
<LI><a href="#[120]">&gt;&gt;</a>&nbsp;&nbsp;&nbsp;__aeabi_atexit
</UL>

<P><STRONG><a name="[11b]"></a>__cxa_finalize</STRONG> (Thumb, 66 bytes, Stack size 24 bytes, cxa_finalize.o(.text))
<BR><BR>[Stack]<UL><LI>Max Depth = 32<LI>Call Chain = __cxa_finalize &rArr; free
</UL>
<BR>[Calls]<UL><LI><a href="#[122]">&gt;&gt;</a>&nbsp;&nbsp;&nbsp;__rt_ddtor_pointer_addr
<LI><a href="#[127]">&gt;&gt;</a>&nbsp;&nbsp;&nbsp;free
</UL>
<BR>[Called By]<UL><LI><a href="#[11a]">&gt;&gt;</a>&nbsp;&nbsp;&nbsp;__rt_final_cpp$nonempty
</UL>

<P><STRONG><a name="[126]"></a>_float_round</STRONG> (Thumb, 18 bytes, Stack size 0 bytes, fepilogue.o(.text))
<BR><BR>[Called By]<UL><LI><a href="#[125]">&gt;&gt;</a>&nbsp;&nbsp;&nbsp;__aeabi_d2f
<LI><a href="#[128]">&gt;&gt;</a>&nbsp;&nbsp;&nbsp;_frnd
</UL>

<P><STRONG><a name="[2f3]"></a>_float_epilogue</STRONG> (Thumb, 92 bytes, Stack size 4 bytes, fepilogue.o(.text), UNUSED)

<P><STRONG><a name="[128]"></a>_frnd</STRONG> (Thumb, 60 bytes, Stack size 8 bytes, frnd.o(.text))
<BR><BR>[Stack]<UL><LI>Max Depth = 8<LI>Call Chain = _frnd
</UL>
<BR>[Calls]<UL><LI><a href="#[126]">&gt;&gt;</a>&nbsp;&nbsp;&nbsp;_float_round
</UL>
<BR>[Called By]<UL><LI><a href="#[1c3]">&gt;&gt;</a>&nbsp;&nbsp;&nbsp;__hardfp_roundf
</UL>

<P><STRONG><a name="[124]"></a>_double_round</STRONG> (Thumb, 30 bytes, Stack size 8 bytes, depilogue.o(.text))
<BR><BR>[Stack]<UL><LI>Max Depth = 8<LI>Call Chain = _double_round
</UL>
<BR>[Called By]<UL><LI><a href="#[123]">&gt;&gt;</a>&nbsp;&nbsp;&nbsp;__aeabi_ddiv
<LI><a href="#[129]">&gt;&gt;</a>&nbsp;&nbsp;&nbsp;_double_epilogue
</UL>

<P><STRONG><a name="[129]"></a>_double_epilogue</STRONG> (Thumb, 156 bytes, Stack size 32 bytes, depilogue.o(.text), UNUSED)
<BR><BR>[Calls]<UL><LI><a href="#[12b]">&gt;&gt;</a>&nbsp;&nbsp;&nbsp;__aeabi_llsr
<LI><a href="#[12a]">&gt;&gt;</a>&nbsp;&nbsp;&nbsp;__aeabi_llsl
<LI><a href="#[124]">&gt;&gt;</a>&nbsp;&nbsp;&nbsp;_double_round
</UL>

<P><STRONG><a name="[2f4]"></a>__fp_status</STRONG> (Thumb, 4 bytes, Stack size 0 bytes, fpstat.o(.text), UNUSED)

<P><STRONG><a name="[29c]"></a>__ieee_status</STRONG> (Thumb, 0 bytes, Stack size 0 bytes, fpstat.o(.text))
<BR><BR>[Called By]<UL><LI><a href="#[297]">&gt;&gt;</a>&nbsp;&nbsp;&nbsp;__hardfp_powf
</UL>

<P><STRONG><a name="[118]"></a>__scatterload</STRONG> (Thumb, 28 bytes, Stack size 0 bytes, init.o(.text))
<BR><BR>[Calls]<UL><LI><a href="#[12c]">&gt;&gt;</a>&nbsp;&nbsp;&nbsp;__main_after_scatterload
</UL>
<BR>[Called By]<UL><LI><a href="#[117]">&gt;&gt;</a>&nbsp;&nbsp;&nbsp;_main_scatterload
</UL>

<P><STRONG><a name="[2f5]"></a>__scatterload_rt2</STRONG> (Thumb, 0 bytes, Stack size 0 bytes, init.o(.text), UNUSED)

<P><STRONG><a name="[12b]"></a>__aeabi_llsr</STRONG> (Thumb, 32 bytes, Stack size 0 bytes, llushr.o(.text), UNUSED)
<BR><BR>[Called By]<UL><LI><a href="#[129]">&gt;&gt;</a>&nbsp;&nbsp;&nbsp;_double_epilogue
</UL>

<P><STRONG><a name="[2f6]"></a>_ll_ushift_r</STRONG> (Thumb, 0 bytes, Stack size 0 bytes, llushr.o(.text), UNUSED)

<P><STRONG><a name="[2f7]"></a>__rt_lib_shutdown_cpp_2</STRONG> (Thumb, 2 bytes, Stack size 0 bytes, cpp_final.o(.text), UNUSED)

<P><STRONG><a name="[2f8]"></a>__decompress</STRONG> (Thumb, 0 bytes, Stack size unknown bytes, __dclz77c.o(.text), UNUSED)

<P><STRONG><a name="[2f9]"></a>__decompress2</STRONG> (Thumb, 94 bytes, Stack size unknown bytes, __dclz77c.o(.text), UNUSED)

<P><STRONG><a name="[188]"></a>MotionTL_GetLibVersion</STRONG> (Thumb, 72 bytes, Stack size unknown bytes, motion_tl.o(.text.MotionTL_GetLibVersion))
<BR><BR>[Called By]<UL><LI><a href="#[9c]">&gt;&gt;</a>&nbsp;&nbsp;&nbsp;mems(void*)
</UL>

<P><STRONG><a name="[185]"></a>MotionTL_Initialize</STRONG> (Thumb, 104 bytes, Stack size unknown bytes, motion_tl.o(.text.MotionTL_Initialize))
<BR><BR>[Called By]<UL><LI><a href="#[9c]">&gt;&gt;</a>&nbsp;&nbsp;&nbsp;mems(void*)
</UL>

<P><STRONG><a name="[186]"></a>MotionTL_SetOrientation_Acc</STRONG> (Thumb, 280 bytes, Stack size unknown bytes, motion_tl.o(.text.MotionTL_SetOrientation_Acc))
<BR><BR>[Called By]<UL><LI><a href="#[9c]">&gt;&gt;</a>&nbsp;&nbsp;&nbsp;mems(void*)
</UL>

<P><STRONG><a name="[12d]"></a>AddTime</STRONG> (Thumb, 38 bytes, Stack size 8 bytes, sensline.o(i.AddTime))
<BR><BR>[Stack]<UL><LI>Max Depth = 96<LI>Call Chain = AddTime &rArr; TIM_ITConfig
</UL>
<BR>[Calls]<UL><LI><a href="#[12f]">&gt;&gt;</a>&nbsp;&nbsp;&nbsp;TIM_ITConfig
<LI><a href="#[12e]">&gt;&gt;</a>&nbsp;&nbsp;&nbsp;TIM_ClearFlag
</UL>
<BR>[Called By]<UL><LI><a href="#[160]">&gt;&gt;</a>&nbsp;&nbsp;&nbsp;SetWritePkg
<LI><a href="#[137]">&gt;&gt;</a>&nbsp;&nbsp;&nbsp;SelectND
</UL>

<P><STRONG><a name="[19a]"></a>CRC16</STRONG> (Thumb, 48 bytes, Stack size 16 bytes, crc16.o(i.CRC16))
<BR><BR>[Stack]<UL><LI>Max Depth = 16<LI>Call Chain = CRC16
</UL>
<BR>[Called By]<UL><LI><a href="#[1ac]">&gt;&gt;</a>&nbsp;&nbsp;&nbsp;TModbusLink::chk_frame(const unsigned char*, unsigned short)
<LI><a href="#[1a4]">&gt;&gt;</a>&nbsp;&nbsp;&nbsp;TModbusApp::write_mul(unsigned char*, unsigned short, TModbusApp::TMbFnct)
<LI><a href="#[1a3]">&gt;&gt;</a>&nbsp;&nbsp;&nbsp;TModbusApp::read_regs(unsigned char*, unsigned short, TModbusApp::TMbFnct)
<LI><a href="#[195]">&gt;&gt;</a>&nbsp;&nbsp;&nbsp;TModbusApp::read_bits(unsigned char*, unsigned short, TModbusApp::TMbFnct)
<LI><a href="#[198]">&gt;&gt;</a>&nbsp;&nbsp;&nbsp;TModbusApp::s_formatting_error_reply(unsigned char*)
<LI><a href="#[ea]">&gt;&gt;</a>&nbsp;&nbsp;&nbsp;TModbusApp::s_report_server_id(unsigned char*, unsigned short)
<LI><a href="#[196]">&gt;&gt;</a>&nbsp;&nbsp;&nbsp;TModbusApp::write_single(unsigned char*, unsigned short, TModbusApp::TMbFnct)
<LI><a href="#[f3]">&gt;&gt;</a>&nbsp;&nbsp;&nbsp;[local to base_to_sens_cpp]::read_meas()
<LI><a href="#[f4]">&gt;&gt;</a>&nbsp;&nbsp;&nbsp;[local to base_to_sens_cpp]::pd_poll()
<LI><a href="#[f2]">&gt;&gt;</a>&nbsp;&nbsp;&nbsp;[local to base_to_sens_cpp]::acc_rdy()
<LI><a href="#[f5]">&gt;&gt;</a>&nbsp;&nbsp;&nbsp;[local to base_to_sens_cpp]::wr_axis_rotate()
</UL>

<P><STRONG><a name="[65]"></a>DMA1_Channel4_IRQHandler</STRONG> (Thumb, 46 bytes, Stack size 8 bytes, modbus_link.o(i.DMA1_Channel4_IRQHandler))
<BR><BR>[Stack]<UL><LI>Max Depth = 40<LI>Call Chain = DMA1_Channel4_IRQHandler &rArr; [local to modbus_link_cpp]::set_eof(DMA_TypeDef*, unsigned, bool)
</UL>
<BR>[Calls]<UL><LI><a href="#[131]">&gt;&gt;</a>&nbsp;&nbsp;&nbsp;[local to modbus_link_cpp]::set_eof(DMA_TypeDef*, unsigned, bool)
<LI><a href="#[130]">&gt;&gt;</a>&nbsp;&nbsp;&nbsp;[local to modbus_link_cpp]::LL_DMA_DisableChannel(DMA_TypeDef*, unsigned)
</UL>
<BR>[Address Reference Count : 1]<UL><LI> startup_stm32l431xx.o(RESET)
</UL>
<P><STRONG><a name="[68]"></a>DMA1_Channel7_IRQHandler</STRONG> (Thumb, 46 bytes, Stack size 8 bytes, modbus_link.o(i.DMA1_Channel7_IRQHandler))
<BR><BR>[Stack]<UL><LI>Max Depth = 40<LI>Call Chain = DMA1_Channel7_IRQHandler &rArr; [local to modbus_link_cpp]::set_eof(DMA_TypeDef*, unsigned, bool)
</UL>
<BR>[Calls]<UL><LI><a href="#[131]">&gt;&gt;</a>&nbsp;&nbsp;&nbsp;[local to modbus_link_cpp]::set_eof(DMA_TypeDef*, unsigned, bool)
<LI><a href="#[130]">&gt;&gt;</a>&nbsp;&nbsp;&nbsp;[local to modbus_link_cpp]::LL_DMA_DisableChannel(DMA_TypeDef*, unsigned)
</UL>
<BR>[Address Reference Count : 1]<UL><LI> startup_stm32l431xx.o(RESET)
</UL>
<P><STRONG><a name="[8b]"></a>DMA2_Channel6_IRQHandler</STRONG> (Thumb, 46 bytes, Stack size 8 bytes, modbus_link.o(i.DMA2_Channel6_IRQHandler))
<BR><BR>[Stack]<UL><LI>Max Depth = 40<LI>Call Chain = DMA2_Channel6_IRQHandler &rArr; [local to modbus_link_cpp]::set_eof(DMA_TypeDef*, unsigned, bool)
</UL>
<BR>[Calls]<UL><LI><a href="#[131]">&gt;&gt;</a>&nbsp;&nbsp;&nbsp;[local to modbus_link_cpp]::set_eof(DMA_TypeDef*, unsigned, bool)
<LI><a href="#[130]">&gt;&gt;</a>&nbsp;&nbsp;&nbsp;[local to modbus_link_cpp]::LL_DMA_DisableChannel(DMA_TypeDef*, unsigned)
</UL>
<BR>[Address Reference Count : 1]<UL><LI> startup_stm32l431xx.o(RESET)
</UL>
<P><STRONG><a name="[132]"></a>DisableINT</STRONG> (Thumb, 10 bytes, Stack size 8 bytes, sensline.o(i.DisableINT))
<BR><BR>[Stack]<UL><LI>Max Depth = 8<LI>Call Chain = DisableINT
</UL>
<BR>[Calls]<UL><LI><a href="#[133]">&gt;&gt;</a>&nbsp;&nbsp;&nbsp;NVIC_DisableIRQ
</UL>
<BR>[Called By]<UL><LI><a href="#[6e]">&gt;&gt;</a>&nbsp;&nbsp;&nbsp;EXTI9_5_IRQHandler
</UL>

<P><STRONG><a name="[7d]"></a>EXTI15_10_IRQHandler</STRONG> (Thumb, 80 bytes, Stack size 8 bytes, mpu-9250_acc_gyro_mag_driver_hl.o(i.EXTI15_10_IRQHandler))
<BR><BR>[Stack]<UL><LI>Max Depth = 56<LI>Call Chain = EXTI15_10_IRQHandler &rArr; xQueueGiveFromISR &rArr; xTaskRemoveFromEventList
</UL>
<BR>[Calls]<UL><LI><a href="#[134]">&gt;&gt;</a>&nbsp;&nbsp;&nbsp;xQueueGiveFromISR
</UL>
<BR>[Address Reference Count : 1]<UL><LI> startup_stm32l431xx.o(RESET)
</UL>
[...]
<BR><BR>[Stack]<UL><LI>Max Depth = 240<LI>Call Chain = [local to dev_ctrl_cpp]::process_factory_calib(TSettings::TDevType) &rArr; TModel::set_pitch_bias_angle(signed char) &rArr; TModel::set_flash_data() &rArr; void TModel::access_prot&lang;TSettings::TFlashData, TSettings::TFlashData&rang;(T1&, const T2&) &rArr; xQueueGenericSend &rArr; vTaskPlaceOnEventList &rArr; prvAddCurrentTaskToDelayedList &rArr; vListInsert
</UL>
<BR>[Calls]<UL><LI><a href="#[1bd]">&gt;&gt;</a>&nbsp;&nbsp;&nbsp;TModel::get_my_angle()
<LI><a href="#[21a]">&gt;&gt;</a>&nbsp;&nbsp;&nbsp;TAngles::cnt_my_angle(TSettings::TDevType, TSettings::TAxisRotate, bool)
<LI><a href="#[220]">&gt;&gt;</a>&nbsp;&nbsp;&nbsp;TModel::set_pitch_bias_angle(signed char)
<LI><a href="#[221]">&gt;&gt;</a>&nbsp;&nbsp;&nbsp;TModel::set_accel_calib_sign(const TSettings::TIsAccCalib&)
<LI><a href="#[21f]">&gt;&gt;</a>&nbsp;&nbsp;&nbsp;TModel::set_roll_bias_angle(signed char)
<LI><a href="#[1d6]">&gt;&gt;</a>&nbsp;&nbsp;&nbsp;TModel::set_calib_process(TSettings::TCalibProcess)
<LI><a href="#[21e]">&gt;&gt;</a>&nbsp;&nbsp;&nbsp;TModel::set_base_mems(TSettings::TMainState)
<LI><a href="#[173]">&gt;&gt;</a>&nbsp;&nbsp;&nbsp;xQueueGenericSend
<LI><a href="#[177]">&gt;&gt;</a>&nbsp;&nbsp;&nbsp;xQueueGenericReceive
<LI><a href="#[214]">&gt;&gt;</a>&nbsp;&nbsp;&nbsp;[local to dev_ctrl_cpp]::cnt_average(short*, short*, unsigned char)
</UL>
<BR>[Called By]<UL><LI><a href="#[18a]">&gt;&gt;</a>&nbsp;&nbsp;&nbsp;[local to dev_ctrl_cpp]::factory_calib(TSettings::TDevType)
</UL>

<P><STRONG><a name="[f7]"></a>[local to dev_ctrl_cpp]::hc_ctrl()</STRONG> (Thumb, 342 bytes, Stack size 112 bytes, dev_ctrl.o(i._ZN33_INTERNAL_12_dev_ctrl_cpp_DevCtrl7hc_ctrlEv))
<BR><BR>[Stack]<UL><LI>Max Depth = 264<LI>Call Chain = [local to dev_ctrl_cpp]::hc_ctrl() &rArr; TModel::set_sample_valid_sign(TSettings::TValidSign) &rArr; TModel::get_communicate_byte() &rArr; void TModel::access_prot&lang;TSettings::TCommunicate, TSettings::TCommunicate&rang;(T1&, const T2&) &rArr; xQueueGenericSend &rArr; vTaskPlaceOnEventList &rArr; prvAddCurrentTaskToDelayedList &rArr; vListInsert
</UL>
<BR>[Calls]<UL><LI><a href="#[1bd]">&gt;&gt;</a>&nbsp;&nbsp;&nbsp;TModel::get_my_angle()
<LI><a href="#[21a]">&gt;&gt;</a>&nbsp;&nbsp;&nbsp;TAngles::cnt_my_angle(TSettings::TDevType, TSettings::TAxisRotate, bool)
<LI><a href="#[1fa]">&gt;&gt;</a>&nbsp;&nbsp;&nbsp;TModel::set_sample_valid_sign(TSettings::TValidSign)
<LI><a href="#[1e0]">&gt;&gt;</a>&nbsp;&nbsp;&nbsp;TModel::get_sample_valid_sign()
<LI><a href="#[1dd]">&gt;&gt;</a>&nbsp;&nbsp;&nbsp;TModel::set_start_meas_cmd(TSettings::TMeas)
<LI><a href="#[1e3]">&gt;&gt;</a>&nbsp;&nbsp;&nbsp;TModel::get_start_meas_cmd()
<LI><a href="#[1c7]">&gt;&gt;</a>&nbsp;&nbsp;&nbsp;TModel::get_axis_rotate()
<LI><a href="#[21c]">&gt;&gt;</a>&nbsp;&nbsp;&nbsp;TModel::set_hc_pos_err(TSettings::TPosErr)
<LI><a href="#[1c1]">&gt;&gt;</a>&nbsp;&nbsp;&nbsp;TModel::get_hc_pos_err()
<LI><a href="#[1c0]">&gt;&gt;</a>&nbsp;&nbsp;&nbsp;TModel::get_interconn()
<LI><a href="#[21d]">&gt;&gt;</a>&nbsp;&nbsp;&nbsp;TModel::set_hc_state(TSettings::THC)
<LI><a href="#[1ec]">&gt;&gt;</a>&nbsp;&nbsp;&nbsp;TModel::get_hc_state()
<LI><a href="#[1eb]">&gt;&gt;</a>&nbsp;&nbsp;&nbsp;TModel::get_d_o_sets()
<LI><a href="#[222]">&gt;&gt;</a>&nbsp;&nbsp;&nbsp;TModel::set_hc_mems(TSettings::TMainState)
<LI><a href="#[164]">&gt;&gt;</a>&nbsp;&nbsp;&nbsp;vTaskDelay
<LI><a href="#[173]">&gt;&gt;</a>&nbsp;&nbsp;&nbsp;xQueueGenericSend
<LI><a href="#[177]">&gt;&gt;</a>&nbsp;&nbsp;&nbsp;xQueueGenericReceive
<LI><a href="#[f8]">&gt;&gt;</a>&nbsp;&nbsp;&nbsp;TDiscreteOut::open()
<LI><a href="#[162]">&gt;&gt;</a>&nbsp;&nbsp;&nbsp;__aeabi_memcpy4
</UL>
<BR>[Address Reference Count : 1]<UL><LI> dev_ctrl.o(.constdata)
</UL>
<P><STRONG><a name="[f6]"></a>[local to dev_ctrl_cpp]::base_ctrl()</STRONG> (Thumb, 190 bytes, Stack size 8 bytes, dev_ctrl.o(i._ZN33_INTERNAL_12_dev_ctrl_cpp_DevCtrl9base_ctrlEv))
<BR><BR>[Stack]<UL><LI>Max Depth = 360<LI>Call Chain = [local to dev_ctrl_cpp]::base_ctrl() &rArr; [local to dev_ctrl_cpp]::open_angle_ctrl(unsigned char*) &rArr; [local to dev_ctrl_cpp]::user_calib(short) &rArr; TModel::set_bias(signed char) &rArr; TModel::set_flash_data() &rArr; void TModel::access_prot&lang;TSettings::TFlashData, TSettings::TFlashData&rang;(T1&, const T2&) &rArr; xQueueGenericSend &rArr; vTaskPlaceOnEventList &rArr; prvAddCurrentTaskToDelayedList &rArr; vListInsert
</UL>
<BR>[Calls]<UL><LI><a href="#[1e8]">&gt;&gt;</a>&nbsp;&nbsp;&nbsp;TModel::get_sens_sample_valid_sign()
<LI><a href="#[1e0]">&gt;&gt;</a>&nbsp;&nbsp;&nbsp;TModel::get_sample_valid_sign()
<LI><a href="#[1dd]">&gt;&gt;</a>&nbsp;&nbsp;&nbsp;TModel::set_start_meas_cmd(TSettings::TMeas)
<LI><a href="#[21e]">&gt;&gt;</a>&nbsp;&nbsp;&nbsp;TModel::set_base_mems(TSettings::TMainState)
<LI><a href="#[173]">&gt;&gt;</a>&nbsp;&nbsp;&nbsp;xQueueGenericSend
<LI><a href="#[177]">&gt;&gt;</a>&nbsp;&nbsp;&nbsp;xQueueGenericReceive
<LI><a href="#[219]">&gt;&gt;</a>&nbsp;&nbsp;&nbsp;[local to dev_ctrl_cpp]::open_angle_ctrl(unsigned char*)
<LI><a href="#[217]">&gt;&gt;</a>&nbsp;&nbsp;&nbsp;[local to dev_ctrl_cpp]::sens_dev_stage(void*const *, unsigned)
</UL>
<BR>[Address Reference Count : 1]<UL><LI> dev_ctrl.o(.constdata)
</UL>
<P><STRONG><a name="[114]"></a>__sti___12_dev_ctrl_cpp_DevCtrl</STRONG> (Thumb, 20 bytes, Stack size 8 bytes, dev_ctrl.o(i.__sti___12_dev_ctrl_cpp_DevCtrl))
<BR><BR>[Stack]<UL><LI>Max Depth = 52<LI>Call Chain = __sti___12_dev_ctrl_cpp_DevCtrl &rArr; __aeabi_atexit &rArr; malloc
</UL>
<BR>[Calls]<UL><LI><a href="#[2a2]">&gt;&gt;</a>&nbsp;&nbsp;&nbsp;TDevCtrl::TDevCtrl()
<LI><a href="#[120]">&gt;&gt;</a>&nbsp;&nbsp;&nbsp;__aeabi_atexit
</UL>
<BR>[Address Reference Count : 1]<UL><LI> dev_ctrl.o(.init_array)
</UL>
<P><STRONG><a name="[180]"></a>[local to sens_to_master_cpp]::addr_determ()</STRONG> (Thumb, 98 bytes, Stack size 24 bytes, sens_to_master.o(i._ZN40_INTERNAL_18_sens_to_master_cpp_2046794911addr_determEv))
<BR><BR>[Stack]<UL><LI>Max Depth = 232<LI>Call Chain = [local to sens_to_master_cpp]::addr_determ() &rArr; TUsart::set_sets(const TUsart::TSets&) &rArr; TUsart::hw_init(unsigned char) &rArr; LL_USART_Init &rArr; LL_RCC_GetUSARTClockFreq &rArr; RCC_GetSystemClockFreq &rArr; RCC_PLL_GetFreqDomain_SYS
</UL>
<BR>[Calls]<UL><LI><a href="#[23b]">&gt;&gt;</a>&nbsp;&nbsp;&nbsp;TModel::get_u_baud_rate_bit_to_sec()
<LI><a href="#[1c0]">&gt;&gt;</a>&nbsp;&nbsp;&nbsp;TModel::get_interconn()
<LI><a href="#[169]">&gt;&gt;</a>&nbsp;&nbsp;&nbsp;TModel::get_mb_addr()
<LI><a href="#[17e]">&gt;&gt;</a>&nbsp;&nbsp;&nbsp;TUsart::set_sets(const TUsart::TSets&)
<LI><a href="#[16a]">&gt;&gt;</a>&nbsp;&nbsp;&nbsp;TModbusLink::set_addr(unsigned char)
</UL>
<BR>[Called By]<UL><LI><a href="#[9f]">&gt;&gt;</a>&nbsp;&nbsp;&nbsp;sens_to_master(void*)
</UL>

<P><STRONG><a name="[115]"></a>__sti___18_sens_to_master_cpp_20467949</STRONG> (Thumb, 34 bytes, Stack size 16 bytes, sens_to_master.o(i.__sti___18_sens_to_master_cpp_20467949))
<BR><BR>[Stack]<UL><LI>Max Depth = 96<LI>Call Chain = __sti___18_sens_to_master_cpp_20467949 &rArr; TModbusApp::TModbusApp(const TUsart_HW&, TModbusLink::TProcType, TDevHandlers::TPduHandler*, void**, void**) &rArr; TModbusLink::TModbusLink(const TUsart_HW&, TModbusLink::TProcType, void**, void**) &rArr; TUsart::TUsart(const TUsart_HW&, const TUsart::TSets&, TUsart::TMode)
</UL>
<BR>[Calls]<UL><LI><a href="#[1a7]">&gt;&gt;</a>&nbsp;&nbsp;&nbsp;TModbusApp::TModbusApp(const TUsart_HW&, TModbusLink::TProcType, TDevHandlers::TPduHandler*, void**, void**)
<LI><a href="#[120]">&gt;&gt;</a>&nbsp;&nbsp;&nbsp;__aeabi_atexit
</UL>
<BR>[Address Reference Count : 1]<UL><LI> sens_to_master.o(.init_array)
</UL>
<P><STRONG><a name="[179]"></a>[local to logger_ctrl_cpp]::buf_process(const TRec*, unsigned char*, unsigned short)</STRONG> (Thumb, 156 bytes, Stack size 40 bytes, logger_ctrl.o(i._ZN37_INTERNAL_15_logger_ctrl_cpp_9246bc9111buf_processEPK4TRecPht))
<BR><BR>[Stack]<UL><LI>Max Depth = 168<LI>Call Chain = [local to logger_ctrl_cpp]::buf_process(const TRec*, unsigned char*, unsigned short) &rArr; TModel::set_led_mode(TSettings::TLedMode) &rArr; xQueueGenericSend &rArr; vTaskPlaceOnEventList &rArr; prvAddCurrentTaskToDelayedList &rArr; vListInsert
</UL>
<BR>[Calls]<UL><LI><a href="#[174]">&gt;&gt;</a>&nbsp;&nbsp;&nbsp;TModel::set_led_mode(TSettings::TLedMode)
<LI><a href="#[176]">&gt;&gt;</a>&nbsp;&nbsp;&nbsp;TModel::set_btn_mode(TSettings::TPress)
<LI><a href="#[22b]">&gt;&gt;</a>&nbsp;&nbsp;&nbsp;TFlash::write_data(const unsigned char*)
<LI><a href="#[22c]">&gt;&gt;</a>&nbsp;&nbsp;&nbsp;T2 std::copy&lang;const unsigned char*, unsigned char*&rang;(T1, T1, T2)
</UL>
<BR>[Called By]<UL><LI><a href="#[a1]">&gt;&gt;</a>&nbsp;&nbsp;&nbsp;logger_ctrl(void*)
</UL>

<P><STRONG><a name="[178]"></a>[local to logger_ctrl_cpp]::get_data(TRec&, TModel&)</STRONG> (Thumb, 88 bytes, Stack size 16 bytes, logger_ctrl.o(i._ZN37_INTERNAL_15_logger_ctrl_cpp_9246bc918get_dataER4TRecR6TModel))
<BR><BR>[Stack]<UL><LI>Max Depth = 168<LI>Call Chain = [local to logger_ctrl_cpp]::get_data(TRec&, TModel&) &rArr; TModel::get_sample_valid_sign() &rArr; TModel::get_communicate_byte() &rArr; void TModel::access_prot&lang;TSettings::TCommunicate, TSettings::TCommunicate&rang;(T1&, const T2&) &rArr; xQueueGenericSend &rArr; vTaskPlaceOnEventList &rArr; prvAddCurrentTaskToDelayedList &rArr; vListInsert
</UL>
<BR>[Calls]<UL><LI><a href="#[1c4]">&gt;&gt;</a>&nbsp;&nbsp;&nbsp;TModel::get_sens_angle()
<LI><a href="#[1c2]">&gt;&gt;</a>&nbsp;&nbsp;&nbsp;TModel::get_open_angle()
<LI><a href="#[1bd]">&gt;&gt;</a>&nbsp;&nbsp;&nbsp;TModel::get_my_angle()
<LI><a href="#[1e8]">&gt;&gt;</a>&nbsp;&nbsp;&nbsp;TModel::get_sens_sample_valid_sign()
<LI><a href="#[1e0]">&gt;&gt;</a>&nbsp;&nbsp;&nbsp;TModel::get_sample_valid_sign()
<LI><a href="#[1cb]">&gt;&gt;</a>&nbsp;&nbsp;&nbsp;TModel::get_hc_code_sw()
<LI><a href="#[1b5]">&gt;&gt;</a>&nbsp;&nbsp;&nbsp;TModel::get_dev_state()
<LI><a href="#[1ba]">&gt;&gt;</a>&nbsp;&nbsp;&nbsp;TModel::get_code_sw()
</UL>
<BR>[Called By]<UL><LI><a href="#[a1]">&gt;&gt;</a>&nbsp;&nbsp;&nbsp;logger_ctrl(void*)
</UL>

<P><STRONG><a name="[101]"></a>[local to Line_wrapper_SPL_to_LL_cpp]::LL_TIM_EnableIT_CC1(TIM_TypeDef*)</STRONG> (Thumb, 10 bytes, Stack size 0 bytes, line_wrapper_spl_to_ll.o(i._ZN48_INTERNAL_26_Line_wrapper_SPL_to_LL_cpp_34a2820719LL_TIM_EnableIT_CC1EP11TIM_TypeDef))
<BR>[Address Reference Count : 1]<UL><LI> line_wrapper_spl_to_ll.o(.constdata)
</UL>
<P><STRONG><a name="[103]"></a>[local to Line_wrapper_SPL_to_LL_cpp]::LL_TIM_EnableIT_CC2(TIM_TypeDef*)</STRONG> (Thumb, 10 bytes, Stack size 0 bytes, line_wrapper_spl_to_ll.o(i._ZN48_INTERNAL_26_Line_wrapper_SPL_to_LL_cpp_34a2820719LL_TIM_EnableIT_CC2EP11TIM_TypeDef))
<BR>[Address Reference Count : 1]<UL><LI> line_wrapper_spl_to_ll.o(.constdata)
</UL>
<P><STRONG><a name="[105]"></a>[local to Line_wrapper_SPL_to_LL_cpp]::LL_TIM_EnableIT_CC3(TIM_TypeDef*)</STRONG> (Thumb, 10 bytes, Stack size 0 bytes, line_wrapper_spl_to_ll.o(i._ZN48_INTERNAL_26_Line_wrapper_SPL_to_LL_cpp_34a2820719LL_TIM_EnableIT_CC3EP11TIM_TypeDef))
<BR>[Address Reference Count : 1]<UL><LI> line_wrapper_spl_to_ll.o(.constdata)
</UL>
<P><STRONG><a name="[fd]"></a>[local to Line_wrapper_SPL_to_LL_cpp]::LL_TIM_ClearFlag_CC1(TIM_TypeDef*)</STRONG> (Thumb, 8 bytes, Stack size 0 bytes, line_wrapper_spl_to_ll.o(i._ZN48_INTERNAL_26_Line_wrapper_SPL_to_LL_cpp_34a2820720LL_TIM_ClearFlag_CC1EP11TIM_TypeDef))
<BR>[Address Reference Count : 1]<UL><LI> line_wrapper_spl_to_ll.o(.constdata)
</UL>
<P><STRONG><a name="[fe]"></a>[local to Line_wrapper_SPL_to_LL_cpp]::LL_TIM_ClearFlag_CC2(TIM_TypeDef*)</STRONG> (Thumb, 8 bytes, Stack size 0 bytes, line_wrapper_spl_to_ll.o(i._ZN48_INTERNAL_26_Line_wrapper_SPL_to_LL_cpp_34a2820720LL_TIM_ClearFlag_CC2EP11TIM_TypeDef))
<BR>[Address Reference Count : 1]<UL><LI> line_wrapper_spl_to_ll.o(.constdata)
</UL>
<P><STRONG><a name="[ff]"></a>[local to Line_wrapper_SPL_to_LL_cpp]::LL_TIM_ClearFlag_CC3(TIM_TypeDef*)</STRONG> (Thumb, 8 bytes, Stack size 0 bytes, line_wrapper_spl_to_ll.o(i._ZN48_INTERNAL_26_Line_wrapper_SPL_to_LL_cpp_34a2820720LL_TIM_ClearFlag_CC3EP11TIM_TypeDef))
<BR>[Address Reference Count : 1]<UL><LI> line_wrapper_spl_to_ll.o(.constdata)
</UL>
<P><STRONG><a name="[100]"></a>[local to Line_wrapper_SPL_to_LL_cpp]::LL_TIM_DisableIT_CC1(TIM_TypeDef*)</STRONG> (Thumb, 10 bytes, Stack size 0 bytes, line_wrapper_spl_to_ll.o(i._ZN48_INTERNAL_26_Line_wrapper_SPL_to_LL_cpp_34a2820720LL_TIM_DisableIT_CC1EP11TIM_TypeDef))
<BR>[Address Reference Count : 1]<UL><LI> line_wrapper_spl_to_ll.o(.constdata)
</UL>
<P><STRONG><a name="[102]"></a>[local to Line_wrapper_SPL_to_LL_cpp]::LL_TIM_DisableIT_CC2(TIM_TypeDef*)</STRONG> (Thumb, 10 bytes, Stack size 0 bytes, line_wrapper_spl_to_ll.o(i._ZN48_INTERNAL_26_Line_wrapper_SPL_to_LL_cpp_34a2820720LL_TIM_DisableIT_CC2EP11TIM_TypeDef))
<BR>[Address Reference Count : 1]<UL><LI> line_wrapper_spl_to_ll.o(.constdata)
</UL>
<P><STRONG><a name="[104]"></a>[local to Line_wrapper_SPL_to_LL_cpp]::LL_TIM_DisableIT_CC3(TIM_TypeDef*)</STRONG> (Thumb, 10 bytes, Stack size 0 bytes, line_wrapper_spl_to_ll.o(i._ZN48_INTERNAL_26_Line_wrapper_SPL_to_LL_cpp_34a2820720LL_TIM_DisableIT_CC3EP11TIM_TypeDef))
<BR>[Address Reference Count : 1]<UL><LI> line_wrapper_spl_to_ll.o(.constdata)
</UL>
<P><STRONG><a name="[133]"></a>NVIC_DisableIRQ</STRONG> (Thumb, 18 bytes, Stack size 0 bytes, sensline.o(i.NVIC_DisableIRQ))
<BR><BR>[Called By]<UL><LI><a href="#[132]">&gt;&gt;</a>&nbsp;&nbsp;&nbsp;DisableINT
</UL>

<P><STRONG><a name="[13a]"></a>NVIC_EnableIRQ</STRONG> (Thumb, 22 bytes, Stack size 0 bytes, sensline.o(i.NVIC_EnableIRQ))
<BR><BR>[Called By]<UL><LI><a href="#[139]">&gt;&gt;</a>&nbsp;&nbsp;&nbsp;EnableINT
</UL>

<P><STRONG><a name="[140]"></a>LL_DMA_SetPeriphRequest</STRONG> (Thumb, 44 bytes, Stack size 12 bytes, stm32l4xx_ll_dma.o(i.LL_DMA_SetPeriphRequest))
<BR><BR>[Stack]<UL><LI>Max Depth = 12<LI>Call Chain = LL_DMA_SetPeriphRequest
</UL>
<BR>[Called By]<UL><LI><a href="#[13f]">&gt;&gt;</a>&nbsp;&nbsp;&nbsp;LL_DMA_Init
</UL>

<P><STRONG><a name="[142]"></a>LL_EXTI_DisableEvent_0_31</STRONG> (Thumb, 12 bytes, Stack size 0 bytes, stm32l4xx_ll_exti.o(i.LL_EXTI_DisableEvent_0_31))
<BR><BR>[Called By]<UL><LI><a href="#[141]">&gt;&gt;</a>&nbsp;&nbsp;&nbsp;LL_EXTI_Init
</UL>

<P><STRONG><a name="[148]"></a>LL_EXTI_DisableEvent_32_63</STRONG> (Thumb, 12 bytes, Stack size 0 bytes, stm32l4xx_ll_exti.o(i.LL_EXTI_DisableEvent_32_63))
<BR><BR>[Called By]<UL><LI><a href="#[141]">&gt;&gt;</a>&nbsp;&nbsp;&nbsp;LL_EXTI_Init
</UL>

<P><STRONG><a name="[144]"></a>LL_EXTI_DisableIT_0_31</STRONG> (Thumb, 12 bytes, Stack size 0 bytes, stm32l4xx_ll_exti.o(i.LL_EXTI_DisableIT_0_31))
<BR><BR>[Called By]<UL><LI><a href="#[141]">&gt;&gt;</a>&nbsp;&nbsp;&nbsp;LL_EXTI_Init
</UL>

<P><STRONG><a name="[14a]"></a>LL_EXTI_DisableIT_32_63</STRONG> (Thumb, 12 bytes, Stack size 0 bytes, stm32l4xx_ll_exti.o(i.LL_EXTI_DisableIT_32_63))
<BR><BR>[Called By]<UL><LI><a href="#[141]">&gt;&gt;</a>&nbsp;&nbsp;&nbsp;LL_EXTI_Init
</UL>

<P><STRONG><a name="[145]"></a>LL_EXTI_EnableEvent_0_31</STRONG> (Thumb, 12 bytes, Stack size 0 bytes, stm32l4xx_ll_exti.o(i.LL_EXTI_EnableEvent_0_31))
<BR><BR>[Called By]<UL><LI><a href="#[141]">&gt;&gt;</a>&nbsp;&nbsp;&nbsp;LL_EXTI_Init
</UL>

<P><STRONG><a name="[14b]"></a>LL_EXTI_EnableEvent_32_63</STRONG> (Thumb, 12 bytes, Stack size 0 bytes, stm32l4xx_ll_exti.o(i.LL_EXTI_EnableEvent_32_63))
<BR><BR>[Called By]<UL><LI><a href="#[141]">&gt;&gt;</a>&nbsp;&nbsp;&nbsp;LL_EXTI_Init
</UL>

<P><STRONG><a name="[147]"></a>LL_EXTI_EnableFallingTrig_0_31</STRONG> (Thumb, 12 bytes, Stack size 0 bytes, stm32l4xx_ll_exti.o(i.LL_EXTI_EnableFallingTrig_0_31))
<BR><BR>[Called By]<UL><LI><a href="#[141]">&gt;&gt;</a>&nbsp;&nbsp;&nbsp;LL_EXTI_Init
</UL>

<P><STRONG><a name="[14d]"></a>LL_EXTI_EnableFallingTrig_32_63</STRONG> (Thumb, 12 bytes, Stack size 0 bytes, stm32l4xx_ll_exti.o(i.LL_EXTI_EnableFallingTrig_32_63))
<BR><BR>[Called By]<UL><LI><a href="#[141]">&gt;&gt;</a>&nbsp;&nbsp;&nbsp;LL_EXTI_Init
</UL>

<P><STRONG><a name="[143]"></a>LL_EXTI_EnableIT_0_31</STRONG> (Thumb, 12 bytes, Stack size 0 bytes, stm32l4xx_ll_exti.o(i.LL_EXTI_EnableIT_0_31))
<BR><BR>[Called By]<UL><LI><a href="#[141]">&gt;&gt;</a>&nbsp;&nbsp;&nbsp;LL_EXTI_Init
</UL>

<P><STRONG><a name="[149]"></a>LL_EXTI_EnableIT_32_63</STRONG> (Thumb, 12 bytes, Stack size 0 bytes, stm32l4xx_ll_exti.o(i.LL_EXTI_EnableIT_32_63))
<BR><BR>[Called By]<UL><LI><a href="#[141]">&gt;&gt;</a>&nbsp;&nbsp;&nbsp;LL_EXTI_Init
</UL>

<P><STRONG><a name="[146]"></a>LL_EXTI_EnableRisingTrig_0_31</STRONG> (Thumb, 12 bytes, Stack size 0 bytes, stm32l4xx_ll_exti.o(i.LL_EXTI_EnableRisingTrig_0_31))
<BR><BR>[Called By]<UL><LI><a href="#[141]">&gt;&gt;</a>&nbsp;&nbsp;&nbsp;LL_EXTI_Init
</UL>

<P><STRONG><a name="[14c]"></a>LL_EXTI_EnableRisingTrig_32_63</STRONG> (Thumb, 12 bytes, Stack size 0 bytes, stm32l4xx_ll_exti.o(i.LL_EXTI_EnableRisingTrig_32_63))
<BR><BR>[Called By]<UL><LI><a href="#[141]">&gt;&gt;</a>&nbsp;&nbsp;&nbsp;LL_EXTI_Init
</UL>

<P><STRONG><a name="[154]"></a>LL_RCC_GetUSARTClockSource</STRONG> (Thumb, 14 bytes, Stack size 0 bytes, stm32l4xx_ll_rcc.o(i.LL_RCC_GetUSARTClockSource))
<BR><BR>[Called By]<UL><LI><a href="#[153]">&gt;&gt;</a>&nbsp;&nbsp;&nbsp;LL_RCC_GetUSARTClockFreq
</UL>

<P><STRONG><a name="[155]"></a>LL_RCC_HSI_IsReady</STRONG> (Thumb, 10 bytes, Stack size 0 bytes, stm32l4xx_ll_rcc.o(i.LL_RCC_HSI_IsReady))
<BR><BR>[Called By]<UL><LI><a href="#[153]">&gt;&gt;</a>&nbsp;&nbsp;&nbsp;LL_RCC_GetUSARTClockFreq
</UL>

<P><STRONG><a name="[156]"></a>LL_RCC_LSE_IsReady</STRONG> (Thumb, 10 bytes, Stack size 0 bytes, stm32l4xx_ll_rcc.o(i.LL_RCC_LSE_IsReady))
<BR><BR>[Called By]<UL><LI><a href="#[153]">&gt;&gt;</a>&nbsp;&nbsp;&nbsp;LL_RCC_GetUSARTClockFreq
</UL>

<P><STRONG><a name="[15a]"></a>LL_RCC_MSI_GetRange</STRONG> (Thumb, 10 bytes, Stack size 0 bytes, stm32l4xx_ll_rcc.o(i.LL_RCC_MSI_GetRange))
<BR><BR>[Called By]<UL><LI><a href="#[15c]">&gt;&gt;</a>&nbsp;&nbsp;&nbsp;RCC_PLL_GetFreqDomain_SYS
<LI><a href="#[14f]">&gt;&gt;</a>&nbsp;&nbsp;&nbsp;RCC_GetSystemClockFreq
</UL>

<P><STRONG><a name="[15b]"></a>LL_RCC_MSI_GetRangeAfterStandby</STRONG> (Thumb, 10 bytes, Stack size 0 bytes, stm32l4xx_ll_rcc.o(i.LL_RCC_MSI_GetRangeAfterStandby))
<BR><BR>[Called By]<UL><LI><a href="#[15c]">&gt;&gt;</a>&nbsp;&nbsp;&nbsp;RCC_PLL_GetFreqDomain_SYS
<LI><a href="#[14f]">&gt;&gt;</a>&nbsp;&nbsp;&nbsp;RCC_GetSystemClockFreq
</UL>

<P><STRONG><a name="[159]"></a>LL_RCC_MSI_IsEnabledRangeSelect</STRONG> (Thumb, 10 bytes, Stack size 0 bytes, stm32l4xx_ll_rcc.o(i.LL_RCC_MSI_IsEnabledRangeSelect))
<BR><BR>[Called By]<UL><LI><a href="#[15c]">&gt;&gt;</a>&nbsp;&nbsp;&nbsp;RCC_PLL_GetFreqDomain_SYS
<LI><a href="#[14f]">&gt;&gt;</a>&nbsp;&nbsp;&nbsp;RCC_GetSystemClockFreq
</UL>

<P><STRONG><a name="[15e]"></a>LL_RCC_PLL_GetDivider</STRONG> (Thumb, 10 bytes, Stack size 0 bytes, stm32l4xx_ll_rcc.o(i.LL_RCC_PLL_GetDivider))
<BR><BR>[Called By]<UL><LI><a href="#[15c]">&gt;&gt;</a>&nbsp;&nbsp;&nbsp;RCC_PLL_GetFreqDomain_SYS
</UL>

<P><STRONG><a name="[15d]"></a>LL_RCC_PLL_GetMainSource</STRONG> (Thumb, 10 bytes, Stack size 0 bytes, stm32l4xx_ll_rcc.o(i.LL_RCC_PLL_GetMainSource))
<BR><BR>[Called By]<UL><LI><a href="#[15c]">&gt;&gt;</a>&nbsp;&nbsp;&nbsp;RCC_PLL_GetFreqDomain_SYS
</UL>

<P><STRONG><a name="[15f]"></a>LL_RCC_PLL_GetN</STRONG> (Thumb, 10 bytes, Stack size 0 bytes, stm32l4xx_ll_rcc.o(i.LL_RCC_PLL_GetN))
<BR><BR>[Called By]<UL><LI><a href="#[15c]">&gt;&gt;</a>&nbsp;&nbsp;&nbsp;RCC_PLL_GetFreqDomain_SYS
</UL>

<P><STRONG><a name="[158]"></a>LL_USART_IsEnabled</STRONG> (Thumb, 10 bytes, Stack size 0 bytes, stm32l4xx_ll_usart.o(i.LL_USART_IsEnabled))
<BR><BR>[Called By]<UL><LI><a href="#[157]">&gt;&gt;</a>&nbsp;&nbsp;&nbsp;LL_USART_Init
</UL>
<P>
<H3>
Undefined Global Symbols
</H3><HR></body></html>
