Component: ARM Compiler 5.06 update 4 (build 422) Tool: armlink [4d35d2]

==============================================================================

Section Cross References

    relay.o(i._ZN5relay6TRelayC1EP12GPIO_TypeDefjjPc) refers to relay.o(i._ZN30_INTERNAL_9_Relay_cpp_6c3d9d8e22LL_GPIO_ResetOutputPinEP12GPIO_TypeDefj) for [local to Relay_cpp]::LL_GPIO_ResetOutputPin(GPIO_TypeDef*, unsigned)
    relay.o(i._ZN5relay6TRelayC1EP12GPIO_TypeDefjjPc) refers to stm32l4xx_ll_gpio.o(i.LL_GPIO_Init) for LL_GPIO_Init
    relay.o(i._ZNK5relay6TRelay3offEv) refers to relay.o(i._ZN30_INTERNAL_9_Relay_cpp_6c3d9d8e22LL_GPIO_ResetOutputPinEP12GPIO_TypeDefj) for [local to Relay_cpp]::LL_GPIO_ResetOutputPin(GPIO_TypeDef*, unsigned)
    relay.o(.ARM.exidx) refers to relay.o(i._ZN5relay6TRelayC1EP12GPIO_TypeDefjjPc) for i._ZN5relay6TRelayC1EP12GPIO_TypeDefjjPc
    relay.o(.ARM.exidx) refers to relay.o(i._ZN5relay6TRelayD1Ev) for i._ZN5relay6TRelayD1Ev
    relay.o(.ARM.exidx) refers to relay.o(i._ZNK5relay6TRelay6toggleEv) for i._ZNK5relay6TRelay6toggleEv
    relay.o(.ARM.exidx) refers to relay.o(i._ZNK5relay6TRelay2onEv) for i._ZNK5relay6TRelay2onEv
    relay.o(.ARM.exidx) refers to relay.o(i._ZNK5relay6TRelay3offEv) for i._ZNK5relay6TRelay3offEv
    relay.o(.ARM.exidx) refers to relay.o(i._ZN30_INTERNAL_9_Relay_cpp_6c3d9d8e22LL_GPIO_ResetOutputPinEP12GPIO_TypeDefj) for i._ZN30_INTERNAL_9_Relay_cpp_6c3d9d8e22LL_GPIO_ResetOutputPinEP12GPIO_TypeDefj
    rs-485_phy.o(.ARM.exidx) refers to rs-485_phy.o(i._ZN12T_RS_485_phyC1Ev) for i._ZN12T_RS_485_phyC1Ev
    rs-485_phy.o(.ARM.exidx) refers to rs-485_phy.o(i._ZN12T_RS_485_phyD1Ev) for i._ZN12T_RS_485_phyD1Ev
    rs-485_phy.o(.ARM.exidx) refers to rs-485_phy.o(i._ZN12T_RS_485_phy10get_configEv) for i._ZN12T_RS_485_phy10get_configEv
    rs-485_phy.o(.ARM.exidx) refers to rs-485_phy.o(i._ZN12T_RS_485_phy15get_de_polarityEv) for i._ZN12T_RS_485_phy15get_de_polarityEv
    button.o(i._ZN7TButton4initEv) refers to stm32l4xx_ll_gpio.o(i.LL_GPIO_Init) for LL_GPIO_Init
    button.o(i.__sti___10_Button_cpp_Btn) refers to button.o(i._ZN7TButtonC1ERK4TPin) for TButton::TButton(const TPin&)
    button.o(i.__sti___10_Button_cpp_Btn) refers to aeabi_atexit.o(.text) for __aeabi_atexit
    button.o(i.__sti___10_Button_cpp_Btn) refers to hard_config.o(.data) for Button_HW
    button.o(i.__sti___10_Button_cpp_Btn) refers to button.o(.bss) for Btn
    button.o(i.__sti___10_Button_cpp_Btn) refers to button.o(i._ZN7TButtonD1Ev) for TButton::~TButton()
    button.o(.ARM.exidx) refers to button.o(i._ZN7TButtonC1ERK4TPin) for i._ZN7TButtonC1ERK4TPin
    button.o(.ARM.exidx) refers to button.o(i._ZN7TButtonD1Ev) for i._ZN7TButtonD1Ev
    button.o(.ARM.exidx) refers to button.o(i._ZN7TButton4initEv) for i._ZN7TButton4initEv
    button.o(.ARM.exidx) refers to button.o(i._ZNK7TButton4readEv) for i._ZNK7TButton4readEv
    button.o(.ARM.exidx) refers to button.o(i.__sti___10_Button_cpp_Btn) for i.__sti___10_Button_cpp_Btn
    button.o(.init_array) refers to button.o(i.__sti___10_Button_cpp_Btn) for __sti___10_Button_cpp_Btn
    button.o(.init_array) refers to cpp_init.o(.text) for __cpp_initialize__aeabi_
    led.o(i._ZN4TLed11free_toggleEv) refers to led.o(i._ZN23_INTERNAL_7_Led_cpp_Led17LL_GPIO_TogglePinEP12GPIO_TypeDefj) for [local to Led_cpp]::LL_GPIO_TogglePin(GPIO_TypeDef*, unsigned)
    led.o(i._ZN4TLed3offEv) refers to led.o(i._ZN23_INTERNAL_7_Led_cpp_Led22LL_GPIO_ResetOutputPinEP12GPIO_TypeDefj) for [local to Led_cpp]::LL_GPIO_ResetOutputPin(GPIO_TypeDef*, unsigned)
    led.o(i._ZN4TLed4initEv) refers to led.o(i._ZN23_INTERNAL_7_Led_cpp_Led22LL_GPIO_ResetOutputPinEP12GPIO_TypeDefj) for [local to Led_cpp]::LL_GPIO_ResetOutputPin(GPIO_TypeDef*, unsigned)
    led.o(i._ZN4TLed4initEv) refers to stm32l4xx_ll_gpio.o(i.LL_GPIO_Init) for LL_GPIO_Init
    led.o(i._ZN4TLed6toggleEv) refers to led.o(i._ZN23_INTERNAL_7_Led_cpp_Led17LL_GPIO_TogglePinEP12GPIO_TypeDefj) for [local to Led_cpp]::LL_GPIO_TogglePin(GPIO_TypeDef*, unsigned)
    led.o(i.__sti___7_Led_cpp_Led) refers to led.o(i._ZN4TLedC1ERK4TPinPPv) for TLed::TLed(const TPin&, void**)
    led.o(i.__sti___7_Led_cpp_Led) refers to aeabi_atexit.o(.text) for __aeabi_atexit
    led.o(i.__sti___7_Led_cpp_Led) refers to main.o(.data) for LedTimer_TrigSem
    led.o(i.__sti___7_Led_cpp_Led) refers to hard_config.o(.data) for Led_HW
    led.o(i.__sti___7_Led_cpp_Led) refers to led.o(.bss) for Led
    led.o(i.__sti___7_Led_cpp_Led) refers to led.o(i._ZN4TLedD1Ev) for TLed::~TLed()
    led.o(.ARM.exidx) refers to led.o(i._ZN4TLedC1ERK4TPinPPv) for i._ZN4TLedC1ERK4TPinPPv
    led.o(.ARM.exidx) refers to led.o(i._ZN4TLedD1Ev) for i._ZN4TLedD1Ev
    led.o(.ARM.exidx) refers to led.o(i._ZN4TLed4initEv) for i._ZN4TLed4initEv
    led.o(.ARM.exidx) refers to led.o(i._ZN4TLed2onEv) for i._ZN4TLed2onEv
    led.o(.ARM.exidx) refers to led.o(i._ZN4TLed3offEv) for i._ZN4TLed3offEv
    led.o(.ARM.exidx) refers to led.o(i._ZN4TLed6toggleEv) for i._ZN4TLed6toggleEv
[...]
    prvResetNextTaskUnblockTime              0x08003181   Thumb Code    42  tasks.o(i.prvResetNextTaskUnblockTime)
    i.prvSampleTimeNow                       0x080031b4   Section        0  timers.o(i.prvSampleTimeNow)
    prvSampleTimeNow                         0x080031b5   Thumb Code    40  timers.o(i.prvSampleTimeNow)
    i.prvSwitchTimerLists                    0x080031e0   Section        0  timers.o(i.prvSwitchTimerLists)
    prvSwitchTimerLists                      0x080031e1   Thumb Code   150  timers.o(i.prvSwitchTimerLists)
    i.prvTaskExitError                       0x08003280   Section        0  port.o(i.prvTaskExitError)
    prvTaskExitError                         0x08003281   Thumb Code    60  port.o(i.prvTaskExitError)
    i.prvTimerTask                           0x080032c0   Section        0  timers.o(i.prvTimerTask)
    prvTimerTask                             0x080032c1   Thumb Code    26  timers.o(i.prvTimerTask)
    i.prvUnlockQueue                         0x080032da   Section        0  queue.o(i.prvUnlockQueue)
    prvUnlockQueue                           0x080032db   Thumb Code   126  queue.o(i.prvUnlockQueue)
    i.pvPortMalloc                           0x08003358   Section        0  heap_2.o(i.pvPortMalloc)
    i.pvTaskIncrementMutexHeldCount          0x08003410   Section        0  tasks.o(i.pvTaskIncrementMutexHeldCount)
    i.pxPortInitialiseStack                  0x08003430   Section        0  port.o(i.pxPortInitialiseStack)
    i.uxListRemove                           0x0800345c   Section        0  list.o(i.uxListRemove)
    i.vApplicationIdleHook                   0x08003484   Section        0  main.o(i.vApplicationIdleHook)
    i.vApplicationStackOverflowHook          0x08003488   Section        0  main.o(i.vApplicationStackOverflowHook)
    i.vListInitialise                        0x08003498   Section        0  list.o(i.vListInitialise)
    i.vListInitialiseItem                    0x080034b2   Section        0  list.o(i.vListInitialiseItem)
    i.vListInsert                            0x080034b8   Section        0  list.o(i.vListInsert)
    i.vListInsertEnd                         0x080034ec   Section        0  list.o(i.vListInsertEnd)
    i.vPortEnterCritical                     0x08003504   Section        0  port.o(i.vPortEnterCritical)
    i.vPortExitCritical                      0x08003558   Section        0  port.o(i.vPortExitCritical)
    i.vPortFree                              0x08003594   Section        0  heap_2.o(i.vPortFree)
    i.vPortSetupTimerInterrupt               0x080035d4   Section        0  port.o(i.vPortSetupTimerInterrupt)
    i.vPortValidateInterruptPriority         0x080035ec   Section        0  port.o(i.vPortValidateInterruptPriority)
    i.vQueueAddToRegistry                    0x08003664   Section        0  queue.o(i.vQueueAddToRegistry)
    i.vQueueWaitForMessageRestricted         0x08003690   Section        0  queue.o(i.vQueueWaitForMessageRestricted)
    i.vTaskDelay                             0x080036dc   Section        0  tasks.o(i.vTaskDelay)
    i.vTaskMissedYield                       0x08003738   Section        0  tasks.o(i.vTaskMissedYield)
    i.vTaskPlaceOnEventList                  0x08003744   Section        0  tasks.o(i.vTaskPlaceOnEventList)
    i.vTaskPlaceOnEventListRestricted        0x0800377c   Section        0  tasks.o(i.vTaskPlaceOnEventListRestricted)
    i.vTaskPriorityInherit                   0x080037bc   Section        0  tasks.o(i.vTaskPriorityInherit)
    i.vTaskSetTimeOutState                   0x0800386c   Section        0  tasks.o(i.vTaskSetTimeOutState)
    i.vTaskStartScheduler                    0x0800389c   Section        0  tasks.o(i.vTaskStartScheduler)
    i.vTaskSuspendAll                        0x08003930   Section        0  tasks.o(i.vTaskSuspendAll)
    i.vTaskSwitchContext                     0x08003940   Section        0  tasks.o(i.vTaskSwitchContext)
    i.xPortGetFreeHeapSize                   0x080039e8   Section        0  heap_2.o(i.xPortGetFreeHeapSize)
    i.xPortStartScheduler                    0x080039f4   Section        0  port.o(i.xPortStartScheduler)
    i.xQueueCreateMutex                      0x08003b5c   Section        0  queue.o(i.xQueueCreateMutex)
    i.xQueueGenericCreate                    0x08003b7e   Section        0  queue.o(i.xQueueGenericCreate)
    i.xQueueGenericReceive                   0x08003bd8   Section        0  queue.o(i.xQueueGenericReceive)
    i.xQueueGenericReset                     0x08003d9c   Section        0  queue.o(i.xQueueGenericReset)
    i.xQueueGenericSend                      0x08003e34   Section        0  queue.o(i.xQueueGenericSend)
    i.xQueueGenericSendFromISR               0x08003fdc   Section        0  queue.o(i.xQueueGenericSendFromISR)
    i.xQueueGiveFromISR                      0x080040da   Section        0  queue.o(i.xQueueGiveFromISR)
    i.xTaskCheckForTimeOut                   0x080041bc   Section        0  tasks.o(i.xTaskCheckForTimeOut)
    i.xTaskCreate                            0x08004248   Section        0  tasks.o(i.xTaskCreate)
    i.xTaskGetSchedulerState                 0x080042b0   Section        0  tasks.o(i.xTaskGetSchedulerState)
    i.xTaskGetTickCount                      0x080042d0   Section        0  tasks.o(i.xTaskGetTickCount)
    i.xTaskIncrementTick                     0x080042dc   Section        0  tasks.o(i.xTaskIncrementTick)
    i.xTaskPriorityDisinherit                0x08004424   Section        0  tasks.o(i.xTaskPriorityDisinherit)
    i.xTaskRemoveFromEventList               0x080044ec   Section        0  tasks.o(i.xTaskRemoveFromEventList)
    i.xTaskResumeAll                         0x08004584   Section        0  tasks.o(i.xTaskResumeAll)
    i.xTimerCreateTimerTask                  0x08004688   Section        0  timers.o(i.xTimerCreateTimerTask)
    i.xTimerGenericCommand                   0x080046dc   Section        0  timers.o(i.xTimerGenericCommand)
    t._ZN6TModel11access_protIfU8__packedfEEvRT_RKT0_ 0x08004766   Section        0  model.o(t._ZN6TModel11access_protIfU8__packedfEEvRT_RKT0_)
    t._ZNK9TSettings9chk_paramIsEEbRKNS_6TRangeET_ 0x08004794   Section        0  settings.o(t._ZNK9TSettings9chk_paramIsEEbRKNS_6TRangeET_)
    .constdata                               0x080047b0   Section       96  main.o(.constdata)
    .constdata                               0x08004810   Section      196  model.o(.constdata)
    <Data1>                                  0x08004810   Data          48  model.o(.constdata)
    <Data2>                                  0x08004840   Data          16  model.o(.constdata)
    <Data3>                                  0x08004850   Data          36  model.o(.constdata)
    .constdata                               0x080048d4   Section       84  usart_driver_.o(.constdata)
    .constdata                               0x08004928   Section       12  ext_master.o(.constdata)
    .constdata                               0x08004934   Section       44  settings.o(.constdata)
    <Data1>                                  0x08004934   Data           4  settings.o(.constdata)
    <Data2>                                  0x08004938   Data           4  settings.o(.constdata)
    <Data3>                                  0x0800493c   Data           4  settings.o(.constdata)
    <Data4>                                  0x08004940   Data           4  settings.o(.constdata)
    <Data5>                                  0x08004944   Data           4  settings.o(.constdata)
    <Data6>                                  0x08004948   Data           4  settings.o(.constdata)
    <Data7>                                  0x0800494c   Data           4  settings.o(.constdata)
    <Data8>                                  0x08004950   Data           4  settings.o(.constdata)
    <Data9>                                  0x08004954   Data           4  settings.o(.constdata)
    <Data10>                                 0x08004958   Data           4  settings.o(.constdata)
    <Data11>                                 0x0800495c   Data           4  settings.o(.constdata)
    .constdata                               0x08004960   Section       32  lev_gauge_to_pc.o(.constdata)
    .constdata                               0x08004980   Section      252  line_wrapper_spl_to_ll.o(.constdata)
    OFFSET_TAB_CCMRx                         0x08004980   Data           9  line_wrapper_spl_to_ll.o(.constdata)
    SHIFT_TAB_OCxx                           0x08004989   Data           9  line_wrapper_spl_to_ll.o(.constdata)
    SHIFT_TAB_ICxx                           0x08004992   Data           9  line_wrapper_spl_to_ll.o(.constdata)
    SHIFT_TAB_CCxP                           0x0800499b   Data           9  line_wrapper_spl_to_ll.o(.constdata)
    ExtiLine                                 0x080049a4   Data          80  line_wrapper_spl_to_ll.o(.constdata)
    .constdata                               0x08004a7c   Section       74  sens_types.o(.constdata)
    CHANNEL_OFFSET_TAB                       0x08004a7c   Data           7  sens_types.o(.constdata)
    OFFSET_TAB_CCMRx                         0x08004a83   Data           9  sens_types.o(.constdata)
    SHIFT_TAB_OCxx                           0x08004a8c   Data           9  sens_types.o(.constdata)
    SHIFT_TAB_ICxx                           0x08004a95   Data           9  sens_types.o(.constdata)
    SHIFT_TAB_CCxP                           0x08004a9e   Data           9  sens_types.o(.constdata)
    SHIFT_TAB_OISx                           0x08004aa7   Data           9  sens_types.o(.constdata)
    .constdata                               0x08004ac8   Section       72  system_stm32l4xx.o(.constdata)
    .init_array                              0x08004b30   Section        4  button.o(.init_array)
    .init_array                              0x08004b34   Section        4  led.o(.init_array)
    .init_array                              0x08004b38   Section        4  main.o(.init_array)
    .init_array                              0x08004b3c   Section        4  model.o(.init_array)
    .init_array                              0x08004b40   Section        4  flash_driver.o(.init_array)
    .init_array                              0x08004b44   Section        4  settings.o(.init_array)
    .init_array                              0x08004b48   Section        4  lev_gauge_to_pc.o(.init_array)
    .init_array                              0x08004b4c   Section        0  cpp_init.o(.init_array)
    .data                                    0x20000a00   Section      153  main.o(.data)
    vApplicationStackOverflowHook::k         0x20000a94   Data           4  main.o(.data)
    vApplicationStackOverflowHook(void**, signed char*)::Ctr 0x20000a98   Data           1  main.o(.data)
    .data                                    0x20000a9c   Section       20  sensdev.o(.data)
    .data                                    0x20000ab0   Section      400  hard_config.o(.data)
    .data                                    0x20000c40   Section       13  flash_driver.o(.data)
    FlashTmrTrig                             0x20000c41   Data           1  flash_driver.o(.data)
    FLASH_IRQHandler::Ctr                    0x20000c4c   Data           1  flash_driver.o(.data)
    .data                                    0x20000c50   Section       27  i2c_driver.o(.data)
    TxBufPtr                                 0x20000c50   Data           4  i2c_driver.o(.data)
    TxBufSize                                0x20000c54   Data           1  i2c_driver.o(.data)
    IsTxSlaveRegAddr                         0x20000c55   Data           1  i2c_driver.o(.data)
    TxHigherPriorityTaskWoken                0x20000c58   Data           4  i2c_driver.o(.data)
    RxBufPtr                                 0x20000c5c   Data           4  i2c_driver.o(.data)
    RxBufSize                                0x20000c60   Data           1  i2c_driver.o(.data)
    RxByteCtr                                0x20000c61   Data           1  i2c_driver.o(.data)
    RxSlaveAddr                              0x20000c62   Data           1  i2c_driver.o(.data)
    RxHigherPriorityTaskWoken                0x20000c64   Data           4  i2c_driver.o(.data)
    OperationFlag                            0x20000c68   Data           1  i2c_driver.o(.data)
    StartRegAddr                             0x20000c69   Data           1  i2c_driver.o(.data)
    .data                                    0x20000c6c   Section       24  heap_2.o(.data)
    xStart                                   0x20000c6c   Data           8  heap_2.o(.data)
    xEnd                                     0x20000c74   Data           8  heap_2.o(.data)
    xFreeBytesRemaining                      0x20000c7c   Data           4  heap_2.o(.data)
    xHeapHasBeenInitialised                  0x20000c80   Data           4  heap_2.o(.data)
    .data                                    0x20000c84   Section       12  port.o(.data)
    uxCriticalNesting                        0x20000c84   Data           4  port.o(.data)
    ucMaxSysCallPriority                     0x20000c88   Data           1  port.o(.data)
    ulMaxPRIGROUPValue                       0x20000c8c   Data           4  port.o(.data)
    .data                                    0x20000c90   Section       60  tasks.o(.data)
    pxDelayedTaskList                        0x20000c94   Data           4  tasks.o(.data)
    pxOverflowDelayedTaskList                0x20000c98   Data           4  tasks.o(.data)
    uxDeletedTasksWaitingCleanUp             0x20000c9c   Data           4  tasks.o(.data)
    uxCurrentNumberOfTasks                   0x20000ca0   Data           4  tasks.o(.data)
    xTickCount                               0x20000ca4   Data           4  tasks.o(.data)
    uxTopReadyPriority                       0x20000ca8   Data           4  tasks.o(.data)
    xSchedulerRunning                        0x20000cac   Data           4  tasks.o(.data)
    uxPendedTicks                            0x20000cb0   Data           4  tasks.o(.data)
    xYieldPending                            0x20000cb4   Data           4  tasks.o(.data)
    xNumOfOverflows                          0x20000cb8   Data           4  tasks.o(.data)
    uxTaskNumber                             0x20000cbc   Data           4  tasks.o(.data)
    xNextTaskUnblockTime                     0x20000cc0   Data           4  tasks.o(.data)
    xIdleTaskHandle                          0x20000cc4   Data           4  tasks.o(.data)
    uxSchedulerSuspended                     0x20000cc8   Data           4  tasks.o(.data)
    .data                                    0x20000ccc   Section       20  timers.o(.data)
    pxCurrentTimerList                       0x20000ccc   Data           4  timers.o(.data)
    pxOverflowTimerList                      0x20000cd0   Data           4  timers.o(.data)
    xTimerQueue                              0x20000cd4   Data           4  timers.o(.data)
    xTimerTaskHandle                         0x20000cd8   Data           4  timers.o(.data)
    xLastTime                                0x20000cdc   Data           4  timers.o(.data)
    .data                                    0x20000ce0   Section       53  lev_gauge_to_pc.o(.data)
    .data                                    0x20000d18   Section       56  sensline.o(.data)
    .data                                    0x20000d50   Section        4  system_stm32l4xx.o(.data)
    .data                                    0x20000d54   Section        4  cpp_dtor.o(.data)
    ddtor_pointer                            0x20000d54   Data           4  cpp_dtor.o(.data)
    .data                                    0x20000d58   Section        4  mvars.o(.data)
    .data                                    0x20000d5c   Section        4  mvars.o(.data)
    .bss                                     0x20000d60   Section       16  button.o(.bss)
    .bss                                     0x20000d70   Section       16  led.o(.bss)
    .bss                                     0x20000d80   Section      248  model.o(.bss)
    .bss                                     0x20000e78   Section    10240  heap_2.o(.bss)
    ucHeap                                   0x20000e78   Data       10240  heap_2.o(.bss)
    .bss                                     0x20003678   Section       64  queue.o(.bss)
    .bss                                     0x200036b8   Section      240  tasks.o(.bss)
    pxReadyTasksLists                        0x200036b8   Data         140  tasks.o(.bss)
    xDelayedTaskList1                        0x20003744   Data          20  tasks.o(.bss)
    xDelayedTaskList2                        0x20003758   Data          20  tasks.o(.bss)
    xPendingReadyList                        0x2000376c   Data          20  tasks.o(.bss)
    xTasksWaitingTermination                 0x20003780   Data          20  tasks.o(.bss)
    xSuspendedTaskList                       0x20003794   Data          20  tasks.o(.bss)
    .bss                                     0x200037a8   Section       40  timers.o(.bss)
    xActiveTimerList1                        0x200037a8   Data          20  timers.o(.bss)
    xActiveTimerList2                        0x200037bc   Data          20  timers.o(.bss)
    .bss                                     0x200037d0   Section       46  settings.o(.bss)
    .bss                                     0x20003800   Section      288  lev_gauge_to_pc.o(.bss)
    .bss                                     0x20003920   Section      512  sensline.o(.bss)
    HEAP                                     0x20003b20   Section      512  startup_stm32l431xx.o(HEAP)
    STACK                                    0x20003d20   Section     4096  startup_stm32l431xx.o(STACK)

    Global Symbols

    Symbol Name                              Value     Ov Type        Size  Object(Section)

    BuildAttributes$$THM_ISAv4$E$P$D$K$B$S$7EM$VFPi3$EXTD16$VFPS$VFMA$PE$A:L22UL41UL21$X:L11$S22US41US21$IEEE1$IW$USESV6$~STKCKD$USESV7$~SHL$OTIME$ROPI$IEEEJ$EBA8$MICROLIB$REQ8$PRES8$EABIv2 0x00000000   Number         0  anon$$obj.o ABSOLUTE
    __ARM_use_no_argv                        0x00000000   Number         0  main.o ABSOLUTE
    _clock_init                               - Undefined Weak Reference
    _microlib_exit                            - Undefined Weak Reference
    __Vectors_Size                           0x0000018c   Number         0  startup_stm32l431xx.o ABSOLUTE
    Load$$LR$$LR_IROM1$$Length               0x00004c28   Number         0  anon$$obj.o ABSOLUTE
    Load$$LR$$LR_IROM1$$Base                 0x08000000   Number         0  anon$$obj.o ABSOLUTE
    __Vectors                                0x08000000   Data           4  startup_stm32l431xx.o(RESET)
    __dso_handle                             0x08000000   Number         0  startup_stm32l431xx.o(RESET)
    __Vectors_End                            0x0800018c   Data           0  startup_stm32l431xx.o(RESET)
    __main                                   0x0800018d   Thumb Code     0  entry.o(.ARM.Collect$$$$00000000)
    _main_stk                                0x0800018d   Thumb Code     0  entry2.o(.ARM.Collect$$$$00000001)
    _main_scatterload                        0x08000191   Thumb Code     0  entry5.o(.ARM.Collect$$$$00000004)
    __main_after_scatterload                 0x08000195   Thumb Code     0  entry5.o(.ARM.Collect$$$$00000004)
    _main_clock                              0x08000195   Thumb Code     0  entry7b.o(.ARM.Collect$$$$00000008)
    _main_cpp_init$empty                     0x08000195   Thumb Code     0  entry8a.o(.ARM.Collect$$$$00000009)
    _main_cpp_init                           0x08000199   Thumb Code     0  entry8b.o(.ARM.Collect$$$$0000000A)
    _main_init                               0x08000199   Thumb Code     0  entry9a.o(.ARM.Collect$$$$0000000B)
    __rt_final_cpp                           0x080001a1   Thumb Code     0  entry10a.o(.ARM.Collect$$$$0000000D)
    __rt_final_cpp$nonempty                  0x080001a1   Thumb Code     0  entry10b.o(.ARM.Collect$$$$0000000E)
    __rt_final_exit                          0x080001a5   Thumb Code     0  entry11a.o(.ARM.Collect$$$$0000000F)
    SVC_Handler                              0x080001a9   Thumb Code    28  port.o(.emb_text)
    __asm___6_port_c_39a90d8d__prvStartFirstTask 0x080001c9   Thumb Code    36  port.o(.emb_text)
    __asm___6_port_c_39a90d8d__prvEnableVFP  0x080001f1   Thumb Code    16  port.o(.emb_text)
    PendSV_Handler                           0x08000205   Thumb Code    88  port.o(.emb_text)
    vPortGetIPSR                             0x08000261   Thumb Code     6  port.o(.emb_text)
    Reset_Handler                            0x08000289   Thumb Code     8  startup_stm32l431xx.o(.text)
    NMI_Handler                              0x08000291   Thumb Code     2  startup_stm32l431xx.o(.text)
    HardFault_Handler                        0x08000293   Thumb Code     2  startup_stm32l431xx.o(.text)
    MemManage_Handler                        0x08000295   Thumb Code     2  startup_stm32l431xx.o(.text)
    BusFault_Handler                         0x08000297   Thumb Code     2  startup_stm32l431xx.o(.text)
    UsageFault_Handler                       0x08000299   Thumb Code     2  startup_stm32l431xx.o(.text)
    DebugMon_Handler                         0x0800029d   Thumb Code     2  startup_stm32l431xx.o(.text)
    ADC1_IRQHandler                          0x080002a3   Thumb Code     0  startup_stm32l431xx.o(.text)
    CAN1_RX0_IRQHandler                      0x080002a3   Thumb Code     0  startup_stm32l431xx.o(.text)
    CAN1_RX1_IRQHandler                      0x080002a3   Thumb Code     0  startup_stm32l431xx.o(.text)
    CAN1_SCE_IRQHandler                      0x080002a3   Thumb Code     0  startup_stm32l431xx.o(.text)
    CAN1_TX_IRQHandler                       0x080002a3   Thumb Code     0  startup_stm32l431xx.o(.text)
    COMP_IRQHandler                          0x080002a3   Thumb Code     0  startup_stm32l431xx.o(.text)
    CRS_IRQHandler                           0x080002a3   Thumb Code     0  startup_stm32l431xx.o(.text)
    DMA1_Channel1_IRQHandler                 0x080002a3   Thumb Code     0  startup_stm32l431xx.o(.text)
    DMA1_Channel2_IRQHandler                 0x080002a3   Thumb Code     0  startup_stm32l431xx.o(.text)
    DMA1_Channel3_IRQHandler                 0x080002a3   Thumb Code     0  startup_stm32l431xx.o(.text)
    DMA1_Channel4_IRQHandler                 0x080002a3   Thumb Code     0  startup_stm32l431xx.o(.text)
    DMA1_Channel5_IRQHandler                 0x080002a3   Thumb Code     0  startup_stm32l431xx.o(.text)
    DMA1_Channel6_IRQHandler                 0x080002a3   Thumb Code     0  startup_stm32l431xx.o(.text)
    DMA1_Channel7_IRQHandler                 0x080002a3   Thumb Code     0  startup_stm32l431xx.o(.text)
    DMA2_Channel1_IRQHandler                 0x080002a3   Thumb Code     0  startup_stm32l431xx.o(.text)
    DMA2_Channel2_IRQHandler                 0x080002a3   Thumb Code     0  startup_stm32l431xx.o(.text)
    DMA2_Channel3_IRQHandler                 0x080002a3   Thumb Code     0  startup_stm32l431xx.o(.text)
    DMA2_Channel4_IRQHandler                 0x080002a3   Thumb Code     0  startup_stm32l431xx.o(.text)
    DMA2_Channel5_IRQHandler                 0x080002a3   Thumb Code     0  startup_stm32l431xx.o(.text)
    DMA2_Channel6_IRQHandler                 0x080002a3   Thumb Code     0  startup_stm32l431xx.o(.text)
    DMA2_Channel7_IRQHandler                 0x080002a3   Thumb Code     0  startup_stm32l431xx.o(.text)
    EXTI0_IRQHandler                         0x080002a3   Thumb Code     0  startup_stm32l431xx.o(.text)
    EXTI15_10_IRQHandler                     0x080002a3   Thumb Code     0  startup_stm32l431xx.o(.text)
    EXTI1_IRQHandler                         0x080002a3   Thumb Code     0  startup_stm32l431xx.o(.text)
    EXTI2_IRQHandler                         0x080002a3   Thumb Code     0  startup_stm32l431xx.o(.text)
    EXTI3_IRQHandler                         0x080002a3   Thumb Code     0  startup_stm32l431xx.o(.text)
    EXTI4_IRQHandler                         0x080002a3   Thumb Code     0  startup_stm32l431xx.o(.text)
    FPU_IRQHandler                           0x080002a3   Thumb Code     0  startup_stm32l431xx.o(.text)
    I2C3_ER_IRQHandler                       0x080002a3   Thumb Code     0  startup_stm32l431xx.o(.text)
    I2C3_EV_IRQHandler                       0x080002a3   Thumb Code     0  startup_stm32l431xx.o(.text)
    LPTIM1_IRQHandler                        0x080002a3   Thumb Code     0  startup_stm32l431xx.o(.text)
    LPTIM2_IRQHandler                        0x080002a3   Thumb Code     0  startup_stm32l431xx.o(.text)
    LPUART1_IRQHandler                       0x080002a3   Thumb Code     0  startup_stm32l431xx.o(.text)
    PVD_PVM_IRQHandler                       0x080002a3   Thumb Code     0  startup_stm32l431xx.o(.text)
    QUADSPI_IRQHandler                       0x080002a3   Thumb Code     0  startup_stm32l431xx.o(.text)
    RCC_IRQHandler                           0x080002a3   Thumb Code     0  startup_stm32l431xx.o(.text)
    RNG_IRQHandler                           0x080002a3   Thumb Code     0  startup_stm32l431xx.o(.text)
    RTC_Alarm_IRQHandler                     0x080002a3   Thumb Code     0  startup_stm32l431xx.o(.text)
    RTC_WKUP_IRQHandler                      0x080002a3   Thumb Code     0  startup_stm32l431xx.o(.text)
    SAI1_IRQHandler                          0x080002a3   Thumb Code     0  startup_stm32l431xx.o(.text)
    SDMMC1_IRQHandler                        0x080002a3   Thumb Code     0  startup_stm32l431xx.o(.text)
    SPI1_IRQHandler                          0x080002a3   Thumb Code     0  startup_stm32l431xx.o(.text)
    SPI2_IRQHandler                          0x080002a3   Thumb Code     0  startup_stm32l431xx.o(.text)
    SPI3_IRQHandler                          0x080002a3   Thumb Code     0  startup_stm32l431xx.o(.text)
    SWPMI1_IRQHandler                        0x080002a3   Thumb Code     0  startup_stm32l431xx.o(.text)
    TAMP_STAMP_IRQHandler                    0x080002a3   Thumb Code     0  startup_stm32l431xx.o(.text)
    TIM1_BRK_TIM15_IRQHandler                0x080002a3   Thumb Code     0  startup_stm32l431xx.o(.text)
    TIM1_CC_IRQHandler                       0x080002a3   Thumb Code     0  startup_stm32l431xx.o(.text)
    TIM1_TRG_COM_IRQHandler                  0x080002a3   Thumb Code     0  startup_stm32l431xx.o(.text)
    TIM1_UP_TIM16_IRQHandler                 0x080002a3   Thumb Code     0  startup_stm32l431xx.o(.text)
    TIM2_IRQHandler                          0x080002a3   Thumb Code     0  startup_stm32l431xx.o(.text)
    TIM7_IRQHandler                          0x080002a3   Thumb Code     0  startup_stm32l431xx.o(.text)
    TSC_IRQHandler                           0x080002a3   Thumb Code     0  startup_stm32l431xx.o(.text)
    USART1_IRQHandler                        0x080002a3   Thumb Code     0  startup_stm32l431xx.o(.text)
    USART2_IRQHandler                        0x080002a3   Thumb Code     0  startup_stm32l431xx.o(.text)
    USART3_IRQHandler                        0x080002a3   Thumb Code     0  startup_stm32l431xx.o(.text)
    WWDG_IRQHandler                          0x080002a3   Thumb Code     0  startup_stm32l431xx.o(.text)
    __aeabi_memcpy                           0x080002ad   Thumb Code    36  memcpya.o(.text)
    __aeabi_memcpy4                          0x080002ad   Thumb Code     0  memcpya.o(.text)
    __aeabi_memcpy8                          0x080002ad   Thumb Code     0  memcpya.o(.text)
    __aeabi_memset                           0x080002d1   Thumb Code    14  memseta.o(.text)
    __aeabi_memset4                          0x080002d1   Thumb Code     0  memseta.o(.text)
    __aeabi_memset8                          0x080002d1   Thumb Code     0  memseta.o(.text)
    __aeabi_memclr                           0x080002df   Thumb Code     4  memseta.o(.text)
    __aeabi_memclr4                          0x080002df   Thumb Code     0  memseta.o(.text)
    __aeabi_memclr8                          0x080002df   Thumb Code     0  memseta.o(.text)
    _memset$wrapper                          0x080002e3   Thumb Code    18  memseta.o(.text)
    __cpp_initialize__aeabi_                 0x080002f5   Thumb Code    22  cpp_init.o(.text)
    __aeabi_atexit                           0x08000315   Thumb Code    46  aeabi_atexit.o(.text)
    __rt_ddtor_pointer_addr                  0x08000345   Thumb Code     4  cpp_dtor.o(.text)
    __cxa_finalize                           0x0800034d   Thumb Code    66  cxa_finalize.o(.text)
    __scatterload                            0x08000391   Thumb Code    28  init.o(.text)
    __scatterload_rt2                        0x08000391   Thumb Code     0  init.o(.text)
    __rt_lib_shutdown_cpp_2                  0x080003b5   Thumb Code     2  cpp_final.o(.text)
    __decompress                             0x080003b7   Thumb Code     0  __dczerorl2.o(.text)
    __decompress1                            0x080003b7   Thumb Code    86  __dczerorl2.o(.text)
    AddTime                                  0x0800040d   Thumb Code    38  sensline.o(i.AddTime)
    DisableINT                               0x08000433   Thumb Code    10  sensline.o(i.DisableINT)
    EXTI9_5_IRQHandler                       0x0800043d   Thumb Code   180  sensline.o(i.EXTI9_5_IRQHandler)
    EXTI_ClearFlag                           0x080004fd   Thumb Code    14  line_wrapper_spl_to_ll.o(i.EXTI_ClearFlag)
    EXTI_GetFlagStatus                       0x08000515   Thumb Code    18  line_wrapper_spl_to_ll.o(i.EXTI_GetFlagStatus)
    EnableINT                                0x08000531   Thumb Code    16  sensline.o(i.EnableINT)
    FLASH_IRQHandler                         0x08000541   Thumb Code    12  flash_driver.o(i.FLASH_IRQHandler)
    I2C1_ER_IRQHandler                       0x08000551   Thumb Code     2  i2c_driver.o(i.I2C1_ER_IRQHandler)
    I2C1_EV_IRQHandler                       0x08000555   Thumb Code    80  i2c_driver.o(i.I2C1_EV_IRQHandler)
    I2C2_ER_IRQHandler                       0x080005ad   Thumb Code     2  i2c_driver.o(i.I2C2_ER_IRQHandler)
    I2C2_EV_IRQHandler                       0x080005af   Thumb Code     2  i2c_driver.o(i.I2C2_EV_IRQHandler)
    LL_GPIO_Init                             0x080005b1   Thumb Code   324  stm32l4xx_ll_gpio.o(i.LL_GPIO_Init)
    LL_Init1msTick                           0x080006f5   Thumb Code    28  stm32l4xx_ll_utils.o(i.LL_Init1msTick)
    LL_RCC_GetSystemClocksFreq               0x08000711   Thumb Code    36  stm32l4xx_ll_rcc.o(i.LL_RCC_GetSystemClocksFreq)
    LL_RCC_GetUSARTClockFreq                 0x08000735   Thumb Code   278  stm32l4xx_ll_rcc.o(i.LL_RCC_GetUSARTClockFreq)
    LL_SetSystemCoreClock                    0x080008e5   Thumb Code     6  stm32l4xx_ll_utils.o(i.LL_SetSystemCoreClock)
    LL_TIM_Init                              0x080008f1   Thumb Code   118  stm32l4xx_ll_tim.o(i.LL_TIM_Init)
    LL_USART_Init                            0x08000975   Thumb Code   208  stm32l4xx_ll_usart.o(i.LL_USART_Init)
    NewTime                                  0x08000a8f   Thumb Code    38  sensline.o(i.NewTime)
    RCC_GetHCLKClockFreq                     0x08000ab5   Thumb Code    24  stm32l4xx_ll_rcc.o(i.RCC_GetHCLKClockFreq)
    RCC_GetPCLK1ClockFreq                    0x08000ad5   Thumb Code    26  stm32l4xx_ll_rcc.o(i.RCC_GetPCLK1ClockFreq)
    RCC_GetPCLK2ClockFreq                    0x08000af9   Thumb Code    26  stm32l4xx_ll_rcc.o(i.RCC_GetPCLK2ClockFreq)
    RCC_GetSystemClockFreq                   0x08000b1d   Thumb Code   172  stm32l4xx_ll_rcc.o(i.RCC_GetSystemClockFreq)
    RCC_PLL_GetFreqDomain_SYS                0x08000bd9   Thumb Code   198  stm32l4xx_ll_rcc.o(i.RCC_PLL_GetFreqDomain_SYS)
    SelectND                                 0x08000cb1   Thumb Code   200  sensline.o(i.SelectND)
    SetProgNum                               0x08000d95   Thumb Code    16  sensdev.o(i.SetProgNum)
    SetWritePkg                              0x08000da9   Thumb Code   120  sensline.o(i.SetWritePkg)
    SysTick_Handler                          0x08000e3d   Thumb Code    46  port.o(i.SysTick_Handler)
    SystemInit                               0x08000e71   Thumb Code    68  system_stm32l4xx.o(i.SystemInit)
    TIM6_DAC_IRQHandler                      0x08000ec1   Thumb Code    44  flash_driver.o(i.TIM6_DAC_IRQHandler)
    TIM_ClearFlag                            0x08000ef9   Thumb Code    66  line_wrapper_spl_to_ll.o(i.TIM_ClearFlag)
    TIM_ITConfig                             0x08000f41   Thumb Code    74  line_wrapper_spl_to_ll.o(i.TIM_ITConfig)
    FLASH_Lock()                             0x08000f91   Thumb Code    14  old_flash_lib.o(i._Z10FLASH_Lockv)
    cfg_sys_clk()                            0x08000fa5   Thumb Code   570  main.o(i._Z11cfg_sys_clkv)
    FLASH_Unlock()                           0x080011f9   Thumb Code    22  old_flash_lib.o(i._Z12FLASH_Unlockv)
    FLASH_GetStatus()                        0x0800121d   Thumb Code    52  old_flash_lib.o(i._Z15FLASH_GetStatusv)
    lev_gauge_to_pc(void*)                   0x08001255   Thumb Code   128  lev_gauge_to_pc.o(i._Z15lev_gauge_to_pcPv)
    TExtMaster::tx_data(float, unsigned char) 0x080012e1   Thumb Code   122  ext_master.o(i._ZN10TExtMaster7tx_dataEfh)
    TExtMaster::get_data()                   0x0800135b   Thumb Code    16  ext_master.o(i._ZN10TExtMaster8get_dataEv)
    TExtMaster::parse_pkt()                  0x0800136b   Thumb Code    44  ext_master.o(i._ZN10TExtMaster9parse_pktEv)
    TExtMaster::TExtMaster(const TUsart_HW&) 0x08001399   Thumb Code    40  ext_master.o(i._ZN10TExtMasterC1ERK9TUsart_HW)
    TExtMaster::TExtMaster__sub_object(const TUsart_HW&) 0x08001399   Thumb Code     0  ext_master.o(i._ZN10TExtMasterC1ERK9TUsart_HW)
    TExtMaster::~TExtMaster()                0x080013c5   Thumb Code    16  ext_master.o(i._ZN10TExtMasterD1Ev)
    TExtMaster::~TExtMaster__sub_object()    0x080013c5   Thumb Code     0  ext_master.o(i._ZN10TExtMasterD1Ev)
    T_RS_485_phy::get_config()               0x080013d5   Thumb Code     6  rs-485_phy.o(i._ZN12T_RS_485_phy10get_configEv)
    T_RS_485_phy::T_RS_485_phy()             0x080013db   Thumb Code     8  rs-485_phy.o(i._ZN12T_RS_485_phyC1Ev)
    T_RS_485_phy::T_RS_485_phy__sub_object() 0x080013db   Thumb Code     0  rs-485_phy.o(i._ZN12T_RS_485_phyC1Ev)
    T_RS_485_phy::~T_RS_485_phy()            0x080013e3   Thumb Code     2  rs-485_phy.o(i._ZN12T_RS_485_phyD1Ev)
    T_RS_485_phy::~T_RS_485_phy__sub_object() 0x080013e3   Thumb Code     0  rs-485_phy.o(i._ZN12T_RS_485_phyD1Ev)
    TLed::TLed(const TPin&, void**)          0x08001d39   Thumb Code    14  led.o(i._ZN4TLedC1ERK4TPinPPv)
    TLed::TLed__sub_object(const TPin&, void**) 0x08001d39   Thumb Code     0  led.o(i._ZN4TLedC1ERK4TPinPPv)
    TLed::~TLed()                            0x08001d47   Thumb Code     2  led.o(i._ZN4TLedD1Ev)
    TLed::~TLed__sub_object()                0x08001d47   Thumb Code     0  led.o(i._ZN4TLedD1Ev)
    TFlash::write_sets(const unsigned char*, unsigned short) 0x08001d49   Thumb Code    54  flash_driver.o(i._ZN6TFlash10write_setsEPKht)
    TFlash::get_sets(unsigned char*, unsigned short) 0x08001d85   Thumb Code    40  flash_driver.o(i._ZN6TFlash8get_setsEPht)
    TFlash::init_tmr()                       0x08001db1   Thumb Code   334  flash_driver.o(i._ZN6TFlash8init_tmrEv)
    TFlash::TFlash()                         0x08001f15   Thumb Code    22  flash_driver.o(i._ZN6TFlashC1Ev)
    TFlash::TFlash__sub_object()             0x08001f15   Thumb Code     0  flash_driver.o(i._ZN6TFlashC1Ev)
    TFlash::~TFlash()                        0x08001f31   Thumb Code     2  flash_driver.o(i._ZN6TFlashD1Ev)
    TFlash::~TFlash__sub_object()            0x08001f31   Thumb Code     0  flash_driver.o(i._ZN6TFlashD1Ev)
    TModel::get_access()                     0x08001f33   Thumb Code    52  model.o(i._ZN6TModel10get_accessEv)
    TModel::set_access(TSettings::TAccess)   0x08001f67   Thumb Code    50  model.o(i._ZN6TModel10set_accessEN9TSettings7TAccessE)
    TModel::get_psw_admin()                  0x08001f99   Thumb Code    22  model.o(i._ZN6TModel13get_psw_adminEv)
    TModel::get_psw_super()                  0x08001faf   Thumb Code    22  model.o(i._ZN6TModel13get_psw_superEv)
    TModel::handler_calib(short, bool*)      0x08001fc5   Thumb Code    78  model.o(i._ZN6TModel13handler_calibEsPb)
    TModel::handler_access(short, bool*)     0x08002013   Thumb Code   174  model.o(i._ZN6TModel14handler_accessEsPb)
    TModel::get_calib_process()              0x080020c1   Thumb Code    52  model.o(i._ZN6TModel17get_calib_processEv)
    TModel::set_calib_process(TSettings::TCalibProcess) 0x080020f5   Thumb Code    50  model.o(i._ZN6TModel17set_calib_processEN9TSettings13TCalibProcessE)
    TModel::set_authorize_item_ptr(const TModel::TAuthorize*) 0x08002127   Thumb Code     6  model.o(i._ZN6TModel22set_authorize_item_ptrEPKNS_10TAuthorizeE)
    TModel::TModel(void*&)                   0x0800212d   Thumb Code   202  model.o(i._ZN6TModelC1ERPv)
    TModel::TModel__sub_object(void*&)       0x0800212d   Thumb Code     0  model.o(i._ZN6TModelC1ERPv)
    TModel::~TModel()                        0x08002211   Thumb Code    16  model.o(i._ZN6TModelD1Ev)
    TModel::~TModel__sub_object()            0x08002211   Thumb Code     0  model.o(i._ZN6TModelD1Ev)
    TUsart::read_burst(unsigned char*, unsigned char) 0x08002221   Thumb Code    48  usart_driver_.o(i._ZN6TUsart10read_burstEPhh)
    TUsart::set_485_hd(unsigned, unsigned)   0x08002251   Thumb Code    94  usart_driver_.o(i._ZN6TUsart10set_485_hdEjj)
    TUsart::write_burst(const unsigned char*, unsigned char) 0x080022af   Thumb Code    48  usart_driver_.o(i._ZN6TUsart11write_burstEPKhh)
    TUsart::en_eob_detect(unsigned char)     0x080022df   Thumb Code    88  usart_driver_.o(i._ZN6TUsart13en_eob_detectEh)
    TUsart::set_interrupt()                  0x08002339   Thumb Code   176  usart_driver_.o(i._ZN6TUsart13set_interruptEv)
    TUsart::pin_clk_config()                 0x080023f1   Thumb Code   150  usart_driver_.o(i._ZN6TUsart14pin_clk_configEv)
    TUsart::hw_init(unsigned char)           0x0800248d   Thumb Code   296  usart_driver_.o(i._ZN6TUsart7hw_initEh)
    TUsart::set_232(unsigned, unsigned)      0x080025c9   Thumb Code    24  usart_driver_.o(i._ZN6TUsart7set_232Ejj)
    TUsart::TUsart(const TUsart_HW&, const TUsart::TSets&, TUsart::TMode) 0x080025e1   Thumb Code    40  usart_driver_.o(i._ZN6TUsartC1ERK9TUsart_HWRKNS_5TSetsENS_5TModeE)
    TUsart::TUsart__sub_object(const TUsart_HW&, const TUsart::TSets&, TUsart::TMode) 0x080025e1   Thumb Code     0  usart_driver_.o(i._ZN6TUsartC1ERK9TUsart_HWRKNS_5TSetsENS_5TModeE)
    TUsart::~TUsart()                        0x08002609   Thumb Code    16  usart_driver_.o(i._ZN6TUsartD1Ev)
    TUsart::~TUsart__sub_object()            0x08002609   Thumb Code     0  usart_driver_.o(i._ZN6TUsartD1Ev)
    TButton::TButton(const TPin&)            0x08002619   Thumb Code     4  button.o(i._ZN7TButtonC1ERK4TPin)
    TButton::TButton__sub_object(const TPin&) 0x08002619   Thumb Code     0  button.o(i._ZN7TButtonC1ERK4TPin)
    TButton::~TButton()                      0x0800261d   Thumb Code     2  button.o(i._ZN7TButtonD1Ev)
    TButton::~TButton__sub_object()          0x0800261d   Thumb Code     0  button.o(i._ZN7TButtonD1Ev)
    TSettings::TSettings()                   0x08002621   Thumb Code    88  settings.o(i._ZN9TSettingsC1Ev)
    TSettings::TSettings__sub_object()       0x08002621   Thumb Code     0  settings.o(i._ZN9TSettingsC1Ev)
    TSettings::~TSettings()                  0x080026a5   Thumb Code     2  settings.o(i._ZN9TSettingsD1Ev)
    TSettings::~TSettings__sub_object()      0x080026a5   Thumb Code     0  settings.o(i._ZN9TSettingsD1Ev)
    TFlash::erase_page(unsigned) const       0x080026a9   Thumb Code    86  flash_driver.o(i._ZNK6TFlash10erase_pageEj)
    TFlash::write_page(const unsigned char*, unsigned short, unsigned) const 0x08002705   Thumb Code    50  flash_driver.o(i._ZNK6TFlash10write_pageEPKhtj)
    TFlash::clear_all_error() const          0x08002739   Thumb Code    16  flash_driver.o(i._ZNK6TFlash15clear_all_errorEv)
    TFlash::prog(const unsigned*, unsigned, unsigned) const 0x0800274d   Thumb Code   160  flash_driver.o(i._ZNK6TFlash4progEPKjjj)
    TFlash::stop_tmr() const                 0x080027f5   Thumb Code    26  flash_driver.o(i._ZNK6TFlash8stop_tmrEv)
    TFlash::start_tmr() const                0x0800280f   Thumb Code    26  flash_driver.o(i._ZNK6TFlash9start_tmrEv)
    TSettings::chk_access(short) const       0x08002829   Thumb Code    20  settings.o(i._ZNK9TSettings10chk_accessEs)
    TSettings::chk_calib(short) const        0x0800283d   Thumb Code    20  settings.o(i._ZNK9TSettings9chk_calibEs)
    __scatterload_copy                       0x08002851   Thumb Code    14  handlers.o(i.__scatterload_copy)
    __scatterload_null                       0x0800285f   Thumb Code     2  handlers.o(i.__scatterload_null)
    __scatterload_zeroinit                   0x08002861   Thumb Code    14  handlers.o(i.__scatterload_zeroinit)
    free                                     0x08002965   Thumb Code    76  malloc.o(i.free)
    main                                     0x080029b5   Thumb Code    82  main.o(i.main)
    malloc                                   0x08002a11   Thumb Code    92  malloc.o(i.malloc)
    pvPortMalloc                             0x08003359   Thumb Code   166  heap_2.o(i.pvPortMalloc)
    pvTaskIncrementMutexHeldCount            0x08003411   Thumb Code    26  tasks.o(i.pvTaskIncrementMutexHeldCount)
    pxPortInitialiseStack                    0x08003431   Thumb Code    38  port.o(i.pxPortInitialiseStack)
    uxListRemove                             0x0800345d   Thumb Code    40  list.o(i.uxListRemove)
    vApplicationIdleHook                     0x08003485   Thumb Code     2  main.o(i.vApplicationIdleHook)
    vApplicationStackOverflowHook            0x08003489   Thumb Code    12  main.o(i.vApplicationStackOverflowHook)
    vListInitialise                          0x08003499   Thumb Code    26  list.o(i.vListInitialise)
    vListInitialiseItem                      0x080034b3   Thumb Code     6  list.o(i.vListInitialiseItem)
    vListInsert                              0x080034b9   Thumb Code    52  list.o(i.vListInsert)
    vListInsertEnd                           0x080034ed   Thumb Code    24  list.o(i.vListInsertEnd)
    vPortEnterCritical                       0x08003505   Thumb Code    76  port.o(i.vPortEnterCritical)
    vPortExitCritical                        0x08003559   Thumb Code    56  port.o(i.vPortExitCritical)
    vPortFree                                0x08003595   Thumb Code    56  heap_2.o(i.vPortFree)
    vPortSetupTimerInterrupt                 0x080035d5   Thumb Code    22  port.o(i.vPortSetupTimerInterrupt)
    vPortValidateInterruptPriority           0x080035ed   Thumb Code   106  port.o(i.vPortValidateInterruptPriority)
    vQueueAddToRegistry                      0x08003665   Thumb Code    38  queue.o(i.vQueueAddToRegistry)
    vQueueWaitForMessageRestricted           0x08003691   Thumb Code    74  queue.o(i.vQueueWaitForMessageRestricted)
    vTaskDelay                               0x080036dd   Thumb Code    82  tasks.o(i.vTaskDelay)
    vTaskMissedYield                         0x08003739   Thumb Code     8  tasks.o(i.vTaskMissedYield)
    vTaskPlaceOnEventList                    0x08003745   Thumb Code    52  tasks.o(i.vTaskPlaceOnEventList)
    vTaskPlaceOnEventListRestricted          0x0800377d   Thumb Code    60  tasks.o(i.vTaskPlaceOnEventListRestricted)
    vTaskPriorityInherit                     0x080037bd   Thumb Code   164  tasks.o(i.vTaskPriorityInherit)
    vTaskSetTimeOutState                     0x0800386d   Thumb Code    38  tasks.o(i.vTaskSetTimeOutState)
    vTaskStartScheduler                      0x0800389d   Thumb Code   118  tasks.o(i.vTaskStartScheduler)
    vTaskSuspendAll                          0x08003931   Thumb Code    12  tasks.o(i.vTaskSuspendAll)
    vTaskSwitchContext                       0x08003941   Thumb Code   148  tasks.o(i.vTaskSwitchContext)
    xPortGetFreeHeapSize                     0x080039e9   Thumb Code     6  heap_2.o(i.xPortGetFreeHeapSize)
    xPortStartScheduler                      0x080039f5   Thumb Code   330  port.o(i.xPortStartScheduler)
    xQueueCreateMutex                        0x08003b5d   Thumb Code    34  queue.o(i.xQueueCreateMutex)
    xQueueGenericCreate                      0x08003b7f   Thumb Code    88  queue.o(i.xQueueGenericCreate)
    xQueueGenericReceive                     0x08003bd9   Thumb Code   446  queue.o(i.xQueueGenericReceive)
    xQueueGenericReset                       0x08003d9d   Thumb Code   146  queue.o(i.xQueueGenericReset)
    xQueueGenericSend                        0x08003e35   Thumb Code   420  queue.o(i.xQueueGenericSend)
    xQueueGenericSendFromISR                 0x08003fdd   Thumb Code   248  queue.o(i.xQueueGenericSendFromISR)
    xQueueGiveFromISR                        0x080040db   Thumb Code   224  queue.o(i.xQueueGiveFromISR)
    xTaskCheckForTimeOut                     0x080041bd   Thumb Code   132  tasks.o(i.xTaskCheckForTimeOut)
    xTaskCreate                              0x08004249   Thumb Code    96  tasks.o(i.xTaskCreate)
    xTaskGetSchedulerState                   0x080042b1   Thumb Code    24  tasks.o(i.xTaskGetSchedulerState)
    xTaskGetTickCount                        0x080042d1   Thumb Code     6  tasks.o(i.xTaskGetTickCount)
    xTaskIncrementTick                       0x080042dd   Thumb Code   282  tasks.o(i.xTaskIncrementTick)
    xTaskPriorityDisinherit                  0x08004425   Thumb Code   188  tasks.o(i.xTaskPriorityDisinherit)
    xTaskRemoveFromEventList                 0x080044ed   Thumb Code   128  tasks.o(i.xTaskRemoveFromEventList)
    xTaskResumeAll                           0x08004585   Thumb Code   224  tasks.o(i.xTaskResumeAll)
    xTimerCreateTimerTask                    0x08004689   Thumb Code    64  timers.o(i.xTimerCreateTimerTask)
    xTimerGenericCommand                     0x080046dd   Thumb Code   126  timers.o(i.xTimerGenericCommand)
    _ZN6TModel11access_protIfU8__packedfEEvRT_RKT0_ 0x08004767   Thumb Code    46  model.o(t._ZN6TModel11access_protIfU8__packedfEEvRT_RKT0_)
    bool TSettings::chk_param<short>(const TSettings::TRange&, T1) const 0x08004795   Thumb Code    26  settings.o(t._ZNK9TSettings9chk_paramIsEEbRKNS_6TRangeET_)
    TUsart::DEF_SETS                         0x080048d4   Data          12  usart_driver_.o(.constdata)
    DefDSt                                   0x08004ab0   Data          22  sens_types.o(.constdata)
    AHBPrescTable                            0x08004ac8   Data          16  system_stm32l4xx.o(.constdata)
    APBPrescTable                            0x08004ad8   Data           8  system_stm32l4xx.o(.constdata)
    MSIRangeTable                            0x08004ae0   Data          48  system_stm32l4xx.o(.constdata)
    Region$$Table$$Base                      0x08004b10   Number         0  anon$$obj.o(Region$$Table)
    Region$$Table$$Limit                     0x08004b30   Number         0  anon$$obj.o(Region$$Table)
    SHT$$INIT_ARRAY$$Base                    0x08004b30   Number         0  button.o(.init_array)
    SHT$$INIT_ARRAY$$Limit                   0x08004b4c   Number         0  cpp_init.o(.init_array)
    Image$$SETS_ROM$$Base                    0x0803f800   Number         0  anon$$obj.o ABSOLUTE
    Load$$LR$$LR_IROM4$$Base                 0x0803f800   Number         0  anon$$obj.o ABSOLUTE
    RtosHeapSize                             0x20000a00   Data           4  main.o(.data)
    I2C_RxSem                                0x20000a04   Data           4  main.o(.data)
    I2C_TxSem                                0x20000a08   Data           4  main.o(.data)
    CodeSwTmr_TrigSem                        0x20000a0c   Data           4  main.o(.data)
    DoUncalibTmr_TrigSem                     0x20000a10   Data           4  main.o(.data)
    RawDataMems_RdySem                       0x20000a14   Data           4  main.o(.data)
    SlaveRtoTrigSem                          0x20000a18   Data           4  main.o(.data)
    SlaveCommErrSem                          0x20000a1c   Data           4  main.o(.data)
    MasterRtoTrigSem                         0x20000a20   Data           4  main.o(.data)
    MasterCommErrSem                         0x20000a24   Data           4  main.o(.data)
    PdSem                                    0x20000a28   Data           4  main.o(.data)
    WrFlash                                  0x20000a2c   Data           4  main.o(.data)
    MemsDevRdySem                            0x20000a30   Data           4  main.o(.data)
    MemsDevDoneSem                           0x20000a34   Data           4  main.o(.data)
    DevMemsStartSem                          0x20000a38   Data           4  main.o(.data)
    DevSensStartSem                          0x20000a3c   Data           4  main.o(.data)
    DevSensResSem                            0x20000a40   Data           4  main.o(.data)
    SensDevOkSem                             0x20000a44   Data           4  main.o(.data)
    SensDevResSem                            0x20000a48   Data           4  main.o(.data)
    SensWrAxisRotateSem                      0x20000a4c   Data           4  main.o(.data)
    SensAxisRotateOkSem                      0x20000a50   Data           4  main.o(.data)
    BtnTimer_TrigSem                         0x20000a54   Data           4  main.o(.data)
    LedTimer_TrigSem                         0x20000a58   Data           4  main.o(.data)
    AccCalib_X_UP_Sem                        0x20000a5c   Data           4  main.o(.data)
    AccCalib_X_DOWN_Sem                      0x20000a60   Data           4  main.o(.data)
    AccCalib_Y_UP_Sem                        0x20000a64   Data           4  main.o(.data)
    AccCalib_Y_DOWN_Sem                      0x20000a68   Data           4  main.o(.data)
    AccCalib_Z_UP_Sem                        0x20000a6c   Data           4  main.o(.data)
    AccCalib_Z_DOWN_Sem                      0x20000a70   Data           4  main.o(.data)
    User_Zeroing_Out_Sem                     0x20000a74   Data           4  main.o(.data)
    Factory_Zeroing_Out_Sem                  0x20000a78   Data           4  main.o(.data)
    MainMut                                  0x20000a7c   Data           4  main.o(.data)
    SENSMut                                  0x20000a80   Data           4  main.o(.data)
    CodeSwTmr                                0x20000a84   Data           4  main.o(.data)
    DoUncalibTmr                             0x20000a88   Data           4  main.o(.data)
    PdTmr                                    0x20000a8c   Data           4  main.o(.data)
    BtnTimer                                 0x20000a90   Data           4  main.o(.data)
    dbg_val                                  0x20000a9c   Data           1  sensdev.o(.data)
    NumTPnt                                  0x20000aa0   Data           4  sensdev.o(.data)
    emutime                                  0x20000aa4   Data           4  sensdev.o(.data)
    ProgNum                                  0x20000aa8   Data           3  sensdev.o(.data)
    emumode                                  0x20000aac   Data           4  sensdev.o(.data)
    UsartExt_HW                              0x20000ab0   Data          72  hard_config.o(.data)
    Spi_HW                                   0x20000af8   Data          88  hard_config.o(.data)
    I2C_HW                                   0x20000b50   Data          96  hard_config.o(.data)
    DevDetect_HW                             0x20000bb0   Data          16  hard_config.o(.data)
    DevAddr_HW                               0x20000bc0   Data          80  hard_config.o(.data)
    DO_HW                                    0x20000c10   Data          16  hard_config.o(.data)
    Led_HW                                   0x20000c20   Data          16  hard_config.o(.data)
    Button_HW                                0x20000c30   Data          16  hard_config.o(.data)
    FlashErrCtr                              0x20000c40   Data           1  flash_driver.o(.data)
    Flash                                    0x20000c44   Data           8  flash_driver.o(.data)
    I2C::TI2C::SlaveAddrFlag                 0x20000c6a   Data           1  i2c_driver.o(.data)
    pxCurrentTCB                             0x20000c90   Data           4  tasks.o(.data)
    CmdHandler                               0x20000ce0   Data          48  lev_gauge_to_pc.o(.data)
    Data                                     0x20000d10   Data           5  lev_gauge_to_pc.o(.data)
    SensState                                0x20000d18   Data           1  sensline.o(.data)
    ssec                                     0x20000d1c   Data           4  sensline.o(.data)
    SensD                                    0x20000d20   Data           1  sensline.o(.data)
    SensConfig                               0x20000d21   Data           1  sensline.o(.data)
    Ni                                       0x20000d22   Data           1  sensline.o(.data)
    NCK                                      0x20000d23   Data           1  sensline.o(.data)
    BSPointer                                0x20000d24   Data           4  sensline.o(.data)
    curBSPointer                             0x20000d28   Data           4  sensline.o(.data)
    TrBufPointerTail                         0x20000d2c   Data           4  sensline.o(.data)
    TrBufPointerHead                         0x20000d30   Data           4  sensline.o(.data)
    curtrbuf                                 0x20000d34   Data           4  sensline.o(.data)
    curnum                                   0x20000d38   Data           1  sensline.o(.data)
    trnum                                    0x20000d39   Data           1  sensline.o(.data)
    crc                                      0x20000d3a   Data           1  sensline.o(.data)
    curbyte                                  0x20000d3b   Data           1  sensline.o(.data)
    curbit                                   0x20000d3c   Data           1  sensline.o(.data)
    currdbuf                                 0x20000d40   Data           4  sensline.o(.data)
    ZZZ                                      0x20000d44   Data           1  sensline.o(.data)
    bytecnt                                  0x20000d45   Data           1  sensline.o(.data)
    RdBufPointerTail                         0x20000d48   Data           4  sensline.o(.data)
    RdBufPointerHead                         0x20000d4c   Data           4  sensline.o(.data)
    SystemCoreClock                          0x20000d50   Data           4  system_stm32l4xx.o(.data)
    __microlib_freelist                      0x20000d58   Data           4  mvars.o(.data)
    __microlib_freelist_initialised          0x20000d5c   Data           4  mvars.o(.data)
    Btn                                      0x20000d60   Data          16  button.o(.bss)
    Led                                      0x20000d70   Data          16  led.o(.bss)
    Model                                    0x20000d80   Data         248  model.o(.bss)
    xQueueRegistry                           0x20003678   Data          64  queue.o(.bss)
    Settings                                 0x200037d0   Data          46  settings.o(.bss)
    ExtMaster                                0x20003800   Data         288  lev_gauge_to_pc.o(.bss)
    TrBuffer                                 0x20003920   Data         256  sensline.o(.bss)
    RdBuffer                                 0x20003a20   Data         256  sensline.o(.bss)
    __heap_base                              0x20003b20   Data           0  startup_stm32l431xx.o(HEAP)
    __heap_limit                             0x20003d20   Data           0  startup_stm32l431xx.o(HEAP)
    __initial_sp                             0x20004d20   Data           0  startup_stm32l431xx.o(STACK)



==============================================================================

Memory Map of the image

  Image Entry point : 0x0800018d

  Load Region LR_IROM1 (Base: 0x08000000, Size: 0x00004eac, Max: 0x0001ec00, ABSOLUTE, COMPRESSED[0x00004c28])

    Execution Region APP_ROM (Base: 0x08000000, Size: 0x00004b4c, Max: 0x0001ec00, ABSOLUTE)

    Base Addr    Size         Type   Attr      Idx    E Section Name        Object

    0x08000000   0x0000018c   Data   RO         4882    RESET               startup_stm32l431xx.o
    0x0800018c   0x00000000   Code   RO         5802  * .ARM.Collect$$$$00000000  mc_w.l(entry.o)
    0x0800018c   0x00000004   Code   RO         5818    .ARM.Collect$$$$00000001  mc_w.l(entry2.o)
    0x08000190   0x00000004   Code   RO         5821    .ARM.Collect$$$$00000004  mc_w.l(entry5.o)
    0x08000194   0x00000000   Code   RO         5823    .ARM.Collect$$$$00000008  mc_w.l(entry7b.o)
    0x08000194   0x00000004   Code   RO         5824    .ARM.Collect$$$$00000009  mc_w.l(entry8a.o)
    0x08000198   0x00000000   Code   RO         5825    .ARM.Collect$$$$0000000A  mc_w.l(entry8b.o)
    0x08000198   0x00000008   Code   RO         5826    .ARM.Collect$$$$0000000B  mc_w.l(entry9a.o)
    0x080001a0   0x00000000   Code   RO         5828    .ARM.Collect$$$$0000000D  mc_w.l(entry10a.o)
    0x080001a0   0x00000004   Code   RO         5829    .ARM.Collect$$$$0000000E  mc_w.l(entry10b.o)
    0x080001a4   0x00000000   Code   RO         5830    .ARM.Collect$$$$0000000F  mc_w.l(entry11a.o)
    0x080001a4   0x00000004   Code   RO         5819    .ARM.Collect$$$$00002712  mc_w.l(entry2.o)
    0x080001a8   0x000000de   Code   RO         2943    .emb_text           port.o
    0x08000286   0x00000002   PAD
    0x08000288   0x00000024   Code   RO         4883    .text               startup_stm32l431xx.o
    0x080002ac   0x00000024   Code   RO         5805    .text               mc_w.l(memcpya.o)
    0x080002d0   0x00000024   Code   RO         5807    .text               mc_w.l(memseta.o)
    0x080002f4   0x00000020   Code   RO         5814    .text               mc_w.l(cpp_init.o)
    0x08000314   0x0000002e   Code   RO         5816    .text               mc_w.l(aeabi_atexit.o)
    0x08000342   0x00000002   PAD
    0x08000344   0x00000008   Code   RO         5861    .text               mc_w.l(cpp_dtor.o)
    0x0800034c   0x00000042   Code   RO         5864    .text               mc_w.l(cxa_finalize.o)
    0x0800038e   0x00000002   PAD
    0x08000390   0x00000024   Code   RO         5868    .text               mc_w.l(init.o)
    0x080003b4   0x00000002   Code   RO         5872    .text               mc_w.l(cpp_final.o)
    0x080003b6   0x00000056   Code   RO         5884    .text               mc_w.l(__dczerorl2.o)
    0x0800040c   0x00000026   Code   RO         4552    i.AddTime           sensline.o
    0x08000432   0x0000000a   Code   RO         4557    i.DisableINT        sensline.o
    0x0800043c   0x000000c0   Code   RO         4559    i.EXTI9_5_IRQHandler  sensline.o
    0x080004fc   0x00000018   Code   RO         4227    i.EXTI_ClearFlag    line_wrapper_spl_to_ll.o
    0x08000514   0x0000001c   Code   RO         4228    i.EXTI_GetFlagStatus  line_wrapper_spl_to_ll.o
    0x08000530   0x00000010   Code   RO         4560    i.EnableINT         sensline.o
    0x08000540   0x00000010   Code   RO         2210    i.FLASH_IRQHandler  flash_driver.o
    0x08000550   0x00000002   Code   RO         2378    i.I2C1_ER_IRQHandler  i2c_driver.o
    0x08000552   0x00000002   PAD
    0x08000554   0x00000058   Code   RO         2379    i.I2C1_EV_IRQHandler  i2c_driver.o
    0x080005ac   0x00000002   Code   RO         2380    i.I2C2_ER_IRQHandler  i2c_driver.o
    0x080005ae   0x00000002   Code   RO         2381    i.I2C2_EV_IRQHandler  i2c_driver.o
    0x080005b0   0x00000144   Code   RO         5055    i.LL_GPIO_Init      Lib.lib(stm32l4xx_ll_gpio.o)
    0x080006f4   0x0000001c   Code   RO         5685    i.LL_Init1msTick    Lib.lib(stm32l4xx_ll_utils.o)
    0x08000710   0x00000024   Code   RO         5167    i.LL_RCC_GetSystemClocksFreq  Lib.lib(stm32l4xx_ll_rcc.o)
    0x08000734   0x0000011c   Code   RO         5168    i.LL_RCC_GetUSARTClockFreq  Lib.lib(stm32l4xx_ll_rcc.o)
    0x08000850   0x00000014   Code   RO         5169    i.LL_RCC_GetUSARTClockSource  Lib.lib(stm32l4xx_ll_rcc.o)
    0x08000864   0x00000010   Code   RO         5171    i.LL_RCC_HSI_IsReady  Lib.lib(stm32l4xx_ll_rcc.o)
    0x08000874   0x00000010   Code   RO         5172    i.LL_RCC_LSE_IsReady  Lib.lib(stm32l4xx_ll_rcc.o)
    0x08000884   0x00000010   Code   RO         5174    i.LL_RCC_MSI_GetRange  Lib.lib(stm32l4xx_ll_rcc.o)
    0x08000894   0x00000010   Code   RO         5175    i.LL_RCC_MSI_GetRangeAfterStandby  Lib.lib(stm32l4xx_ll_rcc.o)
    0x080008a4   0x00000010   Code   RO         5176    i.LL_RCC_MSI_IsEnabledRangeSelect  Lib.lib(stm32l4xx_ll_rcc.o)
    0x080008b4   0x00000010   Code   RO         5180    i.LL_RCC_PLL_GetDivider  Lib.lib(stm32l4xx_ll_rcc.o)
    0x080008c4   0x00000010   Code   RO         5181    i.LL_RCC_PLL_GetMainSource  Lib.lib(stm32l4xx_ll_rcc.o)
    0x080008d4   0x00000010   Code   RO         5182    i.LL_RCC_PLL_GetN   Lib.lib(stm32l4xx_ll_rcc.o)
    0x080008e4   0x0000000c   Code   RO         5695    i.LL_SetSystemCoreClock  Lib.lib(stm32l4xx_ll_utils.o)
    0x080008f0   0x00000084   Code   RO         5457    i.LL_TIM_Init       Lib.lib(stm32l4xx_ll_tim.o)
    0x08000974   0x000000e0   Code   RO         5621    i.LL_USART_Init     Lib.lib(stm32l4xx_ll_usart.o)
    0x08000a54   0x0000000a   Code   RO         5622    i.LL_USART_IsEnabled  Lib.lib(stm32l4xx_ll_usart.o)
    0x08000a5e   0x00000002   PAD
    0x08000a60   0x00000018   Code   RO         4566    i.NVIC_DisableIRQ   sensline.o
    0x08000a78   0x00000016   Code   RO         4567    i.NVIC_EnableIRQ    sensline.o
    0x08000a8e   0x00000026   Code   RO         4568    i.NewTime           sensline.o
    0x08000ab4   0x00000020   Code   RO         5184    i.RCC_GetHCLKClockFreq  Lib.lib(stm32l4xx_ll_rcc.o)
    0x08000ad4   0x00000024   Code   RO         5185    i.RCC_GetPCLK1ClockFreq  Lib.lib(stm32l4xx_ll_rcc.o)
    0x08000af8   0x00000024   Code   RO         5186    i.RCC_GetPCLK2ClockFreq  Lib.lib(stm32l4xx_ll_rcc.o)
    0x08000b1c   0x000000bc   Code   RO         5187    i.RCC_GetSystemClockFreq  Lib.lib(stm32l4xx_ll_rcc.o)
    0x08000bd8   0x000000d8   Code   RO         5193    i.RCC_PLL_GetFreqDomain_SYS  Lib.lib(stm32l4xx_ll_rcc.o)
    0x08000cb0   0x000000e4   Code   RO         4571    i.SelectND          sensline.o
    0x08000d94   0x00000014   Code   RO          915    i.SetProgNum        sensdev.o
    0x08000da8   0x00000094   Code   RO         4576    i.SetWritePkg       sensline.o
    0x08000e3c   0x00000034   Code   RO         2944    i.SysTick_Handler   port.o
    0x08000e70   0x00000050   Code   RO         4891    i.SystemInit        system_stm32l4xx.o
    0x08000ec0   0x00000038   Code   RO         2211    i.TIM6_DAC_IRQHandler  flash_driver.o
    0x08000ef8   0x00000048   Code   RO         4236    i.TIM_ClearFlag     line_wrapper_spl_to_ll.o
    0x08000f40   0x00000050   Code   RO         4241    i.TIM_ITConfig      line_wrapper_spl_to_ll.o
    0x08000f90   0x00000014   Code   RO         2610    i._Z10FLASH_Lockv   old_flash_lib.o
    0x08000fa4   0x00000254   Code   RO          602    i._Z11cfg_sys_clkv  main.o
    0x080011f8   0x00000024   Code   RO         2611    i._Z12FLASH_Unlockv  old_flash_lib.o
    0x0800121c   0x00000038   Code   RO         2612    i._Z15FLASH_GetStatusv  old_flash_lib.o
    0x08001254   0x0000008c   Code   RO         4048    i._Z15lev_gauge_to_pcPv  lev_gauge_to_pc.o
    0x080012e0   0x0000007a   Code   RO         3719    i._ZN10TExtMaster7tx_dataEfh  ext_master.o
    0x0800135a   0x00000010   Code   RO         3720    i._ZN10TExtMaster8get_dataEv  ext_master.o
    0x0800136a   0x0000002c   Code   RO         3721    i._ZN10TExtMaster9parse_pktEv  ext_master.o
    0x08001396   0x00000002   PAD
    0x08001398   0x0000002c   Code   RO         3722    i._ZN10TExtMasterC1ERK9TUsart_HW  ext_master.o
    0x080013c4   0x00000010   Code   RO         3723    i._ZN10TExtMasterD1Ev  ext_master.o
    0x080013d4   0x00000006   Code   RO          260    i._ZN12T_RS_485_phy10get_configEv  rs-485_phy.o
    0x080013da   0x00000008   Code   RO          262    i._ZN12T_RS_485_phyC1Ev  rs-485_phy.o
    0x080013e2   0x00000002   Code   RO          263    i._ZN12T_RS_485_phyD1Ev  rs-485_phy.o
    0x080013e4   0x00000044   Code   RO          605    i._ZN29_INTERNAL_8_main_cpp_6396510212create_tasksEv  main.o
    0x08001428   0x00000054   Code   RO          606    i._ZN29_INTERNAL_8_main_cpp_6396510212init_mx_gpioEv  main.o
    0x0800147c   0x00000002   Code   RO          607    i._ZN29_INTERNAL_8_main_cpp_6396510213create_timersEv  main.o
    0x0800147e   0x00000002   PAD
    0x08001480   0x00000030   Code   RO          608    i._ZN29_INTERNAL_8_main_cpp_6396510214create_mutexesEv  main.o
    0x080014b0   0x000002d4   Code   RO          609    i._ZN29_INTERNAL_8_main_cpp_6396510214create_semphrsEv  main.o
    0x08001784   0x00000028   Code   RO          610    i._ZN29_INTERNAL_8_main_cpp_6396510216NVIC_SetPriorityE9IRQn_Typej  main.o
    0x080017ac   0x00000002   Code   RO          611    i._ZN29_INTERNAL_8_main_cpp_6396510217check_create_taskEl  main.o
    0x080017ae   0x00000002   PAD
    0x080017b0   0x00000010   Code   RO          612    i._ZN29_INTERNAL_8_main_cpp_6396510218LL_RCC_MSI_IsReadyEv  main.o
    0x080017c0   0x00000002   Code   RO          613    i._ZN29_INTERNAL_8_main_cpp_6396510218check_create_mutexEPv  main.o
    0x080017c2   0x00000040   Code   RO          615    i._ZN29_INTERNAL_8_main_cpp_6396510219NVIC_EncodePriorityEjjj  main.o
    0x08001802   0x00000002   Code   RO          616    i._ZN29_INTERNAL_8_main_cpp_6396510219check_create_semphrEPv  main.o
    0x08001804   0x00000010   Code   RO          617    i._ZN29_INTERNAL_8_main_cpp_6396510224NVIC_GetPriorityGroupingEv  main.o
    0x08001814   0x000000fc   Code   RO          618    i._ZN29_INTERNAL_8_main_cpp_639651027init_llEv  main.o
    0x08001910   0x000000c8   Code   RO         2383    i._ZN36_INTERNAL_14_I2C_driver_cpp_0101a1c113dks_tc_activeEv  i2c_driver.o
    0x080019d8   0x00000070   Code   RO         2385    i._ZN36_INTERNAL_14_I2C_driver_cpp_0101a1c115dks_rxne_activeEv  i2c_driver.o
    0x08001a48   0x00000070   Code   RO         2386    i._ZN36_INTERNAL_14_I2C_driver_cpp_0101a1c115dks_stop_activeEv  i2c_driver.o
    0x08001ab8   0x00000080   Code   RO         2387    i._ZN36_INTERNAL_14_I2C_driver_cpp_0101a1c115dks_txis_activeEv  i2c_driver.o
    0x08001b38   0x0000000a   Code   RO         2388    i._ZN36_INTERNAL_14_I2C_driver_cpp_0101a1c119LL_I2C_DisableIT_TCEP11I2C_TypeDef  i2c_driver.o
    0x08001b42   0x0000000a   Code   RO         2389    i._ZN36_INTERNAL_14_I2C_driver_cpp_0101a1c119LL_I2C_DisableIT_TXEP11I2C_TypeDef  i2c_driver.o
    0x08001b4c   0x0000000c   Code   RO         2390    i._ZN36_INTERNAL_14_I2C_driver_cpp_0101a1c119LL_I2C_SetSlaveAddrEP11I2C_TypeDefj  i2c_driver.o
    0x08001b58   0x00000004   Code   RO         2391    i._ZN36_INTERNAL_14_I2C_driver_cpp_0101a1c120LL_I2C_TransmitData8EP11I2C_TypeDefh  i2c_driver.o
    0x08001b5c   0x0000000a   Code   RO         2393    i._ZN36_INTERNAL_14_I2C_driver_cpp_0101a1c121LL_I2C_ClearFlag_STOPEP11I2C_TypeDef  i2c_driver.o
    0x08001b66   0x0000000e   Code   RO         2394    i._ZN36_INTERNAL_14_I2C_driver_cpp_0101a1c122LL_I2C_SetTransferSizeEP11I2C_TypeDefj  i2c_driver.o
    0x08001b74   0x0000000c   Code   RO         2395    i._ZN36_INTERNAL_14_I2C_driver_cpp_0101a1c125LL_I2C_SetTransferRequestEP11I2C_TypeDefj  i2c_driver.o
    0x08001b80   0x0000000a   Code   RO         2396    i._ZN36_INTERNAL_14_I2C_driver_cpp_0101a1c129LL_I2C_GenerateStartConditionEP11I2C_TypeDef  i2c_driver.o
    0x08001b8a   0x00000002   PAD
    0x08001b8c   0x0000001c   Code   RO         1120    i._ZN37_INTERNAL_15_hard_config_cpp_1a7f66ee24LL_AHB2_GRP1_EnableClockEj  hard_config.o
    0x08001ba8   0x0000001c   Code   RO         1121    i._ZN37_INTERNAL_15_hard_config_cpp_1a7f66ee24LL_APB1_GRP1_EnableClockEj  hard_config.o
    0x08001bc4   0x0000001c   Code   RO         1122    i._ZN37_INTERNAL_15_hard_config_cpp_1a7f66ee24LL_APB2_GRP1_EnableClockEj  hard_config.o
    0x08001be0   0x00000008   Code   RO         2212    i._ZN38_INTERNAL_16_Flash_driver_cpp_d50a58b423LL_TIM_ClearFlag_UPDATEEP11TIM_TypeDef  flash_driver.o
    0x08001be8   0x00000038   Code   RO         2058    i._ZN39_INTERNAL_17_usart_driver__cpp_b612a17520LL_USART_SetBaudRateEP13USART_TypeDefjjj  usart_driver_.o
    0x08001c20   0x00000008   Code   RO         2059    i._ZN39_INTERNAL_17_usart_driver__cpp_b612a17522LL_USART_ClearFlag_RTOEP13USART_TypeDef  usart_driver_.o
    0x08001c28   0x00000020   Code   RO         4049    i._ZN41_INTERNAL_19_lev_gauge_to_pc_cpp_aeccef4810duty_cycleERU8__packedf  lev_gauge_to_pc.o
    0x08001c48   0x00000020   Code   RO         4050    i._ZN41_INTERNAL_19_lev_gauge_to_pc_cpp_aeccef4813set_pos_pot_1ERU8__packedf  lev_gauge_to_pc.o
    0x08001c68   0x00000020   Code   RO         4051    i._ZN41_INTERNAL_19_lev_gauge_to_pc_cpp_aeccef4813set_pos_pot_2ERU8__packedf  lev_gauge_to_pc.o
    0x08001c88   0x00000020   Code   RO         4052    i._ZN41_INTERNAL_19_lev_gauge_to_pc_cpp_aeccef488set_fregERU8__packedf  lev_gauge_to_pc.o
    0x08001ca8   0x0000003c   Code   RO         4053    i._ZN41_INTERNAL_19_lev_gauge_to_pc_cpp_aeccef489chk_rangeERU8__packedfRK6TRange  lev_gauge_to_pc.o
    0x08001ce4   0x0000000a   Code   RO         4249    i._ZN48_INTERNAL_26_Line_wrapper_SPL_to_LL_cpp_34a2820719LL_TIM_EnableIT_CC1EP11TIM_TypeDef  line_wrapper_spl_to_ll.o
    0x08001cee   0x0000000a   Code   RO         4250    i._ZN48_INTERNAL_26_Line_wrapper_SPL_to_LL_cpp_34a2820719LL_TIM_EnableIT_CC2EP11TIM_TypeDef  line_wrapper_spl_to_ll.o
    0x08001cf8   0x0000000a   Code   RO         4251    i._ZN48_INTERNAL_26_Line_wrapper_SPL_to_LL_cpp_34a2820719LL_TIM_EnableIT_CC3EP11TIM_TypeDef  line_wrapper_spl_to_ll.o
    0x08001d02   0x00000008   Code   RO         4252    i._ZN48_INTERNAL_26_Line_wrapper_SPL_to_LL_cpp_34a2820720LL_TIM_ClearFlag_CC1EP11TIM_TypeDef  line_wrapper_spl_to_ll.o
    0x08001d0a   0x00000008   Code   RO         4253    i._ZN48_INTERNAL_26_Line_wrapper_SPL_to_LL_cpp_34a2820720LL_TIM_ClearFlag_CC2EP11TIM_TypeDef  line_wrapper_spl_to_ll.o
    0x08001d12   0x00000008   Code   RO         4254    i._ZN48_INTERNAL_26_Line_wrapper_SPL_to_LL_cpp_34a2820720LL_TIM_ClearFlag_CC3EP11TIM_TypeDef  line_wrapper_spl_to_ll.o
    0x08001d1a   0x0000000a   Code   RO         4255    i._ZN48_INTERNAL_26_Line_wrapper_SPL_to_LL_cpp_34a2820720LL_TIM_DisableIT_CC1EP11TIM_TypeDef  line_wrapper_spl_to_ll.o
    0x08001d24   0x0000000a   Code   RO         4256    i._ZN48_INTERNAL_26_Line_wrapper_SPL_to_LL_cpp_34a2820720LL_TIM_DisableIT_CC2EP11TIM_TypeDef  line_wrapper_spl_to_ll.o
    0x08001d2e   0x0000000a   Code   RO         4257    i._ZN48_INTERNAL_26_Line_wrapper_SPL_to_LL_cpp_34a2820720LL_TIM_DisableIT_CC3EP11TIM_TypeDef  line_wrapper_spl_to_ll.o
    0x08001d38   0x0000000e   Code   RO          440    i._ZN4TLedC1ERK4TPinPPv  led.o
    0x08001d46   0x00000002   Code   RO          441    i._ZN4TLedD1Ev      led.o
    0x08001d48   0x0000003c   Code   RO         2214    i._ZN6TFlash10write_setsEPKht  flash_driver.o
    0x08001d84   0x0000002c   Code   RO         2215    i._ZN6TFlash8get_setsEPht  flash_driver.o
    0x08001db0   0x00000162   Code   RO         2216    i._ZN6TFlash8init_tmrEv  flash_driver.o
    0x08001f12   0x00000002   PAD
    0x08001f14   0x0000001c   Code   RO         2217    i._ZN6TFlashC1Ev    flash_driver.o
    0x08001f30   0x00000002   Code   RO         2218    i._ZN6TFlashD1Ev    flash_driver.o
    0x08001f32   0x00000034   Code   RO         1172    i._ZN6TModel10get_accessEv  model.o
    0x08001f66   0x00000032   Code   RO         1173    i._ZN6TModel10set_accessEN9TSettings7TAccessE  model.o
    0x08001f98   0x00000016   Code   RO         1203    i._ZN6TModel13get_psw_adminEv  model.o
    0x08001fae   0x00000016   Code   RO         1204    i._ZN6TModel13get_psw_superEv  model.o
    0x08001fc4   0x0000004e   Code   RO         1207    i._ZN6TModel13handler_calibEsPb  model.o
    0x08002012   0x000000ae   Code   RO         1221    i._ZN6TModel14handler_accessEsPb  model.o
    0x080020c0   0x00000034   Code   RO         1239    i._ZN6TModel17get_calib_processEv  model.o
    0x080020f4   0x00000032   Code   RO         1241    i._ZN6TModel17set_calib_processEN9TSettings13TCalibProcessE  model.o
    0x08002126   0x00000006   Code   RO         1268    i._ZN6TModel22set_authorize_item_ptrEPKNS_10TAuthorizeE  model.o
    0x0800212c   0x000000e4   Code   RO         1289    i._ZN6TModelC1ERPv  model.o
    0x08002210   0x00000010   Code   RO         1290    i._ZN6TModelD1Ev    model.o
    0x08002220   0x00000030   Code   RO         2060    i._ZN6TUsart10read_burstEPhh  usart_driver_.o
    0x08002250   0x0000005e   Code   RO         2061    i._ZN6TUsart10set_485_hdEjj  usart_driver_.o
    0x080022ae   0x00000030   Code   RO         2062    i._ZN6TUsart11write_burstEPKhh  usart_driver_.o
    0x080022de   0x00000058   Code   RO         2063    i._ZN6TUsart13en_eob_detectEh  usart_driver_.o
    0x08002336   0x00000002   PAD
    0x08002338   0x000000b8   Code   RO         2064    i._ZN6TUsart13set_interruptEv  usart_driver_.o
    0x080023f0   0x0000009c   Code   RO         2066    i._ZN6TUsart14pin_clk_configEv  usart_driver_.o
    0x0800248c   0x0000013c   Code   RO         2068    i._ZN6TUsart7hw_initEh  usart_driver_.o
    0x080025c8   0x00000018   Code   RO         2069    i._ZN6TUsart7set_232Ejj  usart_driver_.o
    0x080025e0   0x00000028   Code   RO         2072    i._ZN6TUsartC1ERK9TUsart_HWRKNS_5TSetsENS_5TModeE  usart_driver_.o
    0x08002608   0x00000010   Code   RO         2073    i._ZN6TUsartD1Ev    usart_driver_.o
    0x08002618   0x00000004   Code   RO          303    i._ZN7TButtonC1ERK4TPin  button.o
    0x0800261c   0x00000002   Code   RO          304    i._ZN7TButtonD1Ev   button.o
    0x0800261e   0x00000002   PAD
    0x08002620   0x00000084   Code   RO         3782    i._ZN9TSettingsC1Ev  settings.o
    0x080026a4   0x00000002   Code   RO         3783    i._ZN9TSettingsD1Ev  settings.o
    0x080026a6   0x00000002   PAD
    0x080026a8   0x0000005c   Code   RO         2219    i._ZNK6TFlash10erase_pageEj  flash_driver.o
    0x08002704   0x00000032   Code   RO         2220    i._ZNK6TFlash10write_pageEPKhtj  flash_driver.o
    0x08002736   0x00000002   PAD
    0x08002738   0x00000014   Code   RO         2221    i._ZNK6TFlash15clear_all_errorEv  flash_driver.o
    0x0800274c   0x000000a8   Code   RO         2222    i._ZNK6TFlash4progEPKjjj  flash_driver.o
    0x080027f4   0x0000001a   Code   RO         2224    i._ZNK6TFlash8stop_tmrEv  flash_driver.o
    0x0800280e   0x0000001a   Code   RO         2225    i._ZNK6TFlash9start_tmrEv  flash_driver.o
    0x08002828   0x00000014   Code   RO         3784    i._ZNK9TSettings10chk_accessEs  settings.o
    0x0800283c   0x00000014   Code   RO         3793    i._ZNK9TSettings9chk_calibEs  settings.o
    0x08002850   0x0000000e   Code   RO         5878    i.__scatterload_copy  mc_w.l(handlers.o)
    0x0800285e   0x00000002   Code   RO         5879    i.__scatterload_null  mc_w.l(handlers.o)
    0x08002860   0x0000000e   Code   RO         5880    i.__scatterload_zeroinit  mc_w.l(handlers.o)
    0x0800286e   0x00000002   PAD
    0x08002870   0x00000028   Code   RO          306    i.__sti___10_Button_cpp_Btn  button.o
    0x08002898   0x00000020   Code   RO         3795    i.__sti___12_settings_cpp_Settings  settings.o
    0x080028b8   0x00000020   Code   RO         2226    i.__sti___16_Flash_driver_cpp_d50a58b4  flash_driver.o
    0x080028d8   0x00000028   Code   RO         4054    i.__sti___19_lev_gauge_to_pc_cpp_aeccef48  lev_gauge_to_pc.o
    0x08002900   0x0000002c   Code   RO          442    i.__sti___7_Led_cpp_Led  led.o
    0x0800292c   0x00000010   Code   RO          619    i.__sti___8_main_cpp_63965102  main.o
    0x0800293c   0x00000028   Code   RO         1291    i.__sti___9_model_cpp_Model  model.o
    0x08002964   0x00000050   Code   RO         5832    i.free              mc_w.l(malloc.o)
    0x080029b4   0x0000005c   Code   RO          620    i.main              main.o
    0x08002a10   0x0000006c   Code   RO         5833    i.malloc            mc_w.l(malloc.o)
    0x08002a7c   0x00000098   Code   RO         3246    i.prvAddCurrentTaskToDelayedList  tasks.o
    0x08002b14   0x000000b8   Code   RO         3247    i.prvAddNewTaskToReadyList  tasks.o
    0x08002bcc   0x00000064   Code   RO         3586    i.prvCheckForValidListAndQueue  timers.o
    0x08002c30   0x00000064   Code   RO         3248    i.prvCheckTasksWaitingTermination  tasks.o
    0x08002c94   0x0000002a   Code   RO         3027    i.prvCopyDataFromQueue  queue.o
    0x08002cbe   0x0000007c   Code   RO         3028    i.prvCopyDataToQueue  queue.o
    0x08002d3a   0x00000012   Code   RO         3249    i.prvDeleteTCB      tasks.o
    0x08002d4c   0x00000028   Code   RO         3587    i.prvGetNextExpireTime  timers.o
    0x08002d74   0x00000038   Code   RO         2832    i.prvHeapInit       heap_2.o
    0x08002dac   0x0000000c   Code   RO         3250    i.prvIdleTask       tasks.o
    0x08002db8   0x0000001c   Code   RO         3029    i.prvInitialiseMutex  queue.o
    0x08002dd4   0x0000002a   Code   RO         3030    i.prvInitialiseNewQueue  queue.o
    0x08002dfe   0x000000ba   Code   RO         3251    i.prvInitialiseNewTask  tasks.o
    0x08002eb8   0x00000068   Code   RO         3252    i.prvInitialiseTaskLists  tasks.o
    0x08002f20   0x00000058   Code   RO         3589    i.prvInsertTimerInActiveList  timers.o
    0x08002f78   0x0000001a   Code   RO         3031    i.prvIsQueueEmpty   queue.o
    0x08002f92   0x0000001e   Code   RO         3032    i.prvIsQueueFull    queue.o
    0x08002fb0   0x00000064   Code   RO         3590    i.prvProcessExpiredTimer  timers.o
    0x08003014   0x000000f8   Code   RO         3591    i.prvProcessReceivedCommands  timers.o
    0x0800310c   0x00000074   Code   RO         3592    i.prvProcessTimerOrBlockTask  timers.o
    0x08003180   0x00000034   Code   RO         3254    i.prvResetNextTaskUnblockTime  tasks.o
    0x080031b4   0x0000002c   Code   RO         3593    i.prvSampleTimeNow  timers.o
    0x080031e0   0x000000a0   Code   RO         3594    i.prvSwitchTimerLists  timers.o
    0x08003280   0x00000040   Code   RO         2945    i.prvTaskExitError  port.o
    0x080032c0   0x0000001a   Code   RO         3595    i.prvTimerTask      timers.o
    0x080032da   0x0000007e   Code   RO         3033    i.prvUnlockQueue    queue.o
    0x08003358   0x000000b8   Code   RO         2833    i.pvPortMalloc      heap_2.o
    0x08003410   0x00000020   Code   RO         3257    i.pvTaskIncrementMutexHeldCount  tasks.o
    0x08003430   0x0000002c   Code   RO         2946    i.pxPortInitialiseStack  port.o
    0x0800345c   0x00000028   Code   RO         2907    i.uxListRemove      list.o
    0x08003484   0x00000002   Code   RO          621    i.vApplicationIdleHook  main.o
    0x08003486   0x00000002   PAD
    0x08003488   0x00000010   Code   RO          622    i.vApplicationStackOverflowHook  main.o
    0x08003498   0x0000001a   Code   RO         2908    i.vListInitialise   list.o
    0x080034b2   0x00000006   Code   RO         2909    i.vListInitialiseItem  list.o
    0x080034b8   0x00000034   Code   RO         2910    i.vListInsert       list.o
    0x080034ec   0x00000018   Code   RO         2911    i.vListInsertEnd    list.o
    0x08003504   0x00000054   Code   RO         2948    i.vPortEnterCritical  port.o
    0x08003558   0x0000003c   Code   RO         2949    i.vPortExitCritical  port.o
    0x08003594   0x00000040   Code   RO         2834    i.vPortFree         heap_2.o
    0x080035d4   0x00000016   Code   RO         2950    i.vPortSetupTimerInterrupt  port.o
    0x080035ea   0x00000002   PAD
    0x080035ec   0x00000078   Code   RO         2951    i.vPortValidateInterruptPriority  port.o
    0x08003664   0x0000002c   Code   RO         3039    i.vQueueAddToRegistry  queue.o
    0x08003690   0x0000004a   Code   RO         3043    i.vQueueWaitForMessageRestricted  queue.o
    0x080036da   0x00000002   PAD
    0x080036dc   0x0000005c   Code   RO         3265    i.vTaskDelay        tasks.o
    0x08003738   0x0000000c   Code   RO         3270    i.vTaskMissedYield  tasks.o
    0x08003744   0x00000038   Code   RO         3272    i.vTaskPlaceOnEventList  tasks.o
    0x0800377c   0x00000040   Code   RO         3273    i.vTaskPlaceOnEventListRestricted  tasks.o
    0x080037bc   0x000000b0   Code   RO         3275    i.vTaskPriorityInherit  tasks.o
    0x0800386c   0x00000030   Code   RO         3279    i.vTaskSetTimeOutState  tasks.o
    0x0800389c   0x00000094   Code   RO         3280    i.vTaskStartScheduler  tasks.o
    0x08003930   0x00000010   Code   RO         3282    i.vTaskSuspendAll   tasks.o
    0x08003940   0x000000a8   Code   RO         3283    i.vTaskSwitchContext  tasks.o
    0x080039e8   0x0000000c   Code   RO         2836    i.xPortGetFreeHeapSize  heap_2.o
    0x080039f4   0x00000168   Code   RO         2952    i.xPortStartScheduler  port.o
    0x08003b5c   0x00000022   Code   RO         3045    i.xQueueCreateMutex  queue.o
    0x08003b7e   0x00000058   Code   RO         3046    i.xQueueGenericCreate  queue.o
    0x08003bd6   0x00000002   PAD
    0x08003bd8   0x000001c4   Code   RO         3047    i.xQueueGenericReceive  queue.o
    0x08003d9c   0x00000098   Code   RO         3048    i.xQueueGenericReset  queue.o
    0x08003e34   0x000001a8   Code   RO         3049    i.xQueueGenericSend  queue.o
    0x08003fdc   0x000000fe   Code   RO         3050    i.xQueueGenericSendFromISR  queue.o
    0x080040da   0x000000e0   Code   RO         3052    i.xQueueGiveFromISR  queue.o
    0x080041ba   0x00000002   PAD
    0x080041bc   0x0000008c   Code   RO         3284    i.xTaskCheckForTimeOut  tasks.o
    0x08004248   0x00000066   Code   RO         3285    i.xTaskCreate       tasks.o
    0x080042ae   0x00000002   PAD
    0x080042b0   0x00000020   Code   RO         3289    i.xTaskGetSchedulerState  tasks.o
    0x080042d0   0x0000000c   Code   RO         3290    i.xTaskGetTickCount  tasks.o
    0x080042dc   0x00000148   Code   RO         3292    i.xTaskIncrementTick  tasks.o
    0x08004424   0x000000c8   Code   RO         3295    i.xTaskPriorityDisinherit  tasks.o
    0x080044ec   0x00000098   Code   RO         3296    i.xTaskRemoveFromEventList  tasks.o
    0x08004584   0x00000104   Code   RO         3298    i.xTaskResumeAll    tasks.o
    0x08004688   0x00000054   Code   RO         3599    i.xTimerCreateTimerTask  timers.o
    0x080046dc   0x0000008a   Code   RO         3600    i.xTimerGenericCommand  timers.o
    0x08004766   0x0000002e   Code   RO         1918    t._ZN6TModel11access_protIfU8__packedfEEvRT_RKT0_  model.o
    0x08004794   0x0000001a   Code   RO         3891    t._ZNK9TSettings9chk_paramIsEEbRKNS_6TRangeET_  settings.o
    0x080047ae   0x00000002   PAD
    0x080047b0   0x00000060   Data   RO          644    .constdata          main.o
    0x08004810   0x000000c4   Data   RO         1413    .constdata          model.o
    0x080048d4   0x00000054   Data   RO         2092    .constdata          usart_driver_.o
    0x08004928   0x0000000c   Data   RO         3729    .constdata          ext_master.o
    0x08004934   0x0000002c   Data   RO         3812    .constdata          settings.o
    0x08004960   0x00000020   Data   RO         4063    .constdata          lev_gauge_to_pc.o
    0x08004980   0x000000fc   Data   RO         4303    .constdata          line_wrapper_spl_to_ll.o
    0x08004a7c   0x0000004a   Data   RO         4522    .constdata          sens_types.o
    0x08004ac6   0x00000002   PAD
    0x08004ac8   0x00000048   Data   RO         4892    .constdata          system_stm32l4xx.o
    0x08004b10   0x00000020   Data   RO         5876    Region$$Table       anon$$obj.o
    0x08004b30   0x00000004   Data   RO          313    .init_array         button.o
    0x08004b34   0x00000004   Data   RO          454    .init_array         led.o
    0x08004b38   0x00000004   Data   RO          646    .init_array         main.o
    0x08004b3c   0x00000004   Data   RO         1414    .init_array         model.o
    0x08004b40   0x00000004   Data   RO         2245    .init_array         flash_driver.o
    0x08004b44   0x00000004   Data   RO         3813    .init_array         settings.o
    0x08004b48   0x00000004   Data   RO         4065    .init_array         lev_gauge_to_pc.o
    0x08004b4c   0x00000000   Data   RO         5812    .init_array         mc_w.l(cpp_init.o)


    Execution Region APP_RAM (Base: 0x20000a00, Size: 0x00004320, Max: 0x0000b800, ABSOLUTE, COMPRESSED[0x000000dc])

    Base Addr    Size         Type   Attr      Idx    E Section Name        Object

    0x20000a00   0x00000099   Data   RW          645    .data               main.o
    0x20000a99   0x00000003   PAD
    0x20000a9c   0x00000014   Data   RW          934    .data               sensdev.o
    0x20000ab0   0x00000190   Data   RW         1126    .data               hard_config.o
    0x20000c40   0x0000000d   Data   RW         2244    .data               flash_driver.o
    0x20000c4d   0x00000003   PAD
    0x20000c50   0x0000001b   Data   RW         2440    .data               i2c_driver.o
    0x20000c6b   0x00000001   PAD
    0x20000c6c   0x00000018   Data   RW         2838    .data               heap_2.o
    0x20000c84   0x0000000c   Data   RW         2953    .data               port.o
    0x20000c90   0x0000003c   Data   RW         3301    .data               tasks.o
    0x20000ccc   0x00000014   Data   RW         3606    .data               timers.o
    0x20000ce0   0x00000035   Data   RW         4064    .data               lev_gauge_to_pc.o
    0x20000d15   0x00000003   PAD
    0x20000d18   0x00000038   Data   RW         4585    .data               sensline.o
    0x20000d50   0x00000004   Data   RW         4893    .data               system_stm32l4xx.o
    0x20000d54   0x00000004   Data   RW         5862    .data               mc_w.l(cpp_dtor.o)
    0x20000d58   0x00000004   Data   RW         5870    .data               mc_w.l(mvars.o)
    0x20000d5c   0x00000004   Data   RW         5871    .data               mc_w.l(mvars.o)
    0x20000d60   0x00000010   Zero   RW          312    .bss                button.o
    0x20000d70   0x00000010   Zero   RW          453    .bss                led.o
    0x20000d80   0x000000f8   Zero   RW         1412    .bss                model.o
    0x20000e78   0x00002800   Zero   RW         2837    .bss                heap_2.o
    0x20003678   0x00000040   Zero   RW         3059    .bss                queue.o
    0x200036b8   0x000000f0   Zero   RW         3300    .bss                tasks.o
    0x200037a8   0x00000028   Zero   RW         3605    .bss                timers.o
    0x200037d0   0x0000002e   Zero   RW         3811    .bss                settings.o
    0x200037fe   0x00000002   PAD
    0x20003800   0x00000120   Zero   RW         4062    .bss                lev_gauge_to_pc.o
    0x20003920   0x00000200   Zero   RW         4583    .bss                sensline.o
    0x20003b20   0x00000200   Zero   RW         4881    HEAP                startup_stm32l431xx.o
    0x20003d20   0x00001000   Zero   RW         4880    STACK               startup_stm32l431xx.o



  Load Region LR_IROM4 (Base: 0x0803f800, Size: 0x00000000, Max: 0x00000400, ABSOLUTE)

    Execution Region SETS_ROM (Base: 0x0803f800, Size: 0x00000000, Max: 0x00000400, ABSOLUTE)

    **** No section assigned to this execution region ****


==============================================================================

Image component sizes


      Code (inc. data)   RO Data    RW Data    ZI Data      Debug   Object Name

        46         18          4          0         16     525220   button.o
         0          0          0          0          0     565484   errproc.o
       242          4         12          0          0       7483   ext_master.o
       982         76          4         13          0      53271   flash_driver.o
        84         12          0        400          0       8365   hard_config.o
       316         46          0         24      10240      17186   heap_2.o
       728        104          0         27          0      22256   i2c_driver.o
        60         20          4          0         16     523027   led.o
       368         46         36         53        288       4537   lev_gauge_to_pc.o
       288         32        252          0          0      48265   line_wrapper_spl_to_ll.o
       148          0          0          0          0       3210   list.o
      2042        234        100        153          0     102706   main.o
       836         44        200          0        248      17175   model.o
       112         24          0          0          0     521710   old_flash_lib.o
      1028         88          0         12          0      10985   port.o
      2164         22          0          0         64      26189   queue.o
         0          0          0          0          0     593446   relay.o
        16          0          0          0          0       2056   rs-485_phy.o
         0          0         74          0          0       2298   sens_types.o
        20          4          0         20          0     527782   sensdev.o
       716         74          0         56        512      33506   sensline.o
       232         56         48          0         46       9794   settings.o
        36          8        396          0       4608        832   startup_stm32l431xx.o
        80         12         72          4          0       1233   system_stm32l4xx.o
      2846        358          0         60        240      24425   tasks.o
      1144        116          0         20         40      17071   timers.o
      1078         34         84          0          0      83835   usart_driver_.o

    ----------------------------------------------------------------------
     15648       1432       1320        852      16320    3753347   Object Totals
         0          0         32          0          0          0   (incl. Generated)
        36          0          2         10          2          0   (incl. Padding)

    ----------------------------------------------------------------------

      Code (inc. data)   RO Data    RW Data    ZI Data      Debug   Library Member Name

         0          0          0          0          0     520456   stm32l4xx_ll_exti.o
       324          0          0          0          0       7379   stm32l4xx_ll_gpio.o
       976        122          0          0          0      38420   stm32l4xx_ll_rcc.o
       132         14          0          0          0      40422   stm32l4xx_ll_tim.o
       234         16          0          0          0      21872   stm32l4xx_ll_usart.o
        40          6          0          0          0       3041   stm32l4xx_ll_utils.o
        86          0          0          0          0          0   __dczerorl2.o
        46          0          0          0          0         84   aeabi_atexit.o
         8          4          0          4          0         68   cpp_dtor.o
         2          0          0          0          0         68   cpp_final.o
        32         10          0          0          0         80   cpp_init.o
        66          0          0          0          0         84   cxa_finalize.o
         0          0          0          0          0          0   entry.o
         0          0          0          0          0          0   entry10a.o
         4          0          0          0          0          0   entry10b.o
         0          0          0          0          0          0   entry11a.o
         8          4          0          0          0          0   entry2.o
         4          0          0          0          0          0   entry5.o
         0          0          0          0          0          0   entry7b.o
         4          0          0          0          0          0   entry8a.o
         0          0          0          0          0          0   entry8b.o
         8          4          0          0          0          0   entry9a.o
        30          0          0          0          0          0   handlers.o
        36          8          0          0          0         68   init.o
       188         20          0          0          0        160   malloc.o
        36          0          0          0          0         68   memcpya.o
        36          0          0          0          0        108   memseta.o
         0          0          0          8          0          0   mvars.o

    ----------------------------------------------------------------------
      2308        208          0         12          0     632378   Library Totals
         8          0          0          0          0          0   (incl. Padding)

    ----------------------------------------------------------------------

      Code (inc. data)   RO Data    RW Data    ZI Data      Debug   Library Name

      1706        158          0          0          0     631590   Lib.lib
       594         50          0         12          0        788   mc_w.l

    ----------------------------------------------------------------------
      2308        208          0         12          0     632378   Library Totals

    ----------------------------------------------------------------------

==============================================================================


      Code (inc. data)   RO Data    RW Data    ZI Data      Debug   

     17956       1640       1320        864      16320    4363949   Grand Totals
     17956       1640       1320        220      16320    4363949   ELF Image Totals (compressed)
     17956       1640       1320        220          0          0   ROM Totals

==============================================================================

    Total RO  Size (Code + RO Data)                19276 (  18.82kB)
    Total RW  Size (RW Data + ZI Data)             17184 (  16.78kB)
    Total ROM Size (Code + RO Data + RW Data)      19496 (  19.04kB)

==============================================================================

