Component: ARM Compiler 5.06 update 5 (build 528) Tool: armlink [4d35e2]

==============================================================================

Section Cross References

    relay.o(i._ZN5relay6TRelayC1EP12GPIO_TypeDefjjPc) refers to relay.o(i._ZN30_INTERNAL_9_Relay_cpp_6c3d9d8e22LL_GPIO_ResetOutputPinEP12GPIO_TypeDefj) for [local to Relay_cpp]::LL_GPIO_ResetOutputPin(GPIO_TypeDef*, unsigned)
    relay.o(i._ZN5relay6TRelayC1EP12GPIO_TypeDefjjPc) refers to stm32l4xx_ll_gpio.o(i.LL_GPIO_Init) for LL_GPIO_Init
    relay.o(i._ZNK5relay6TRelay3offEv) refers to relay.o(i._ZN30_INTERNAL_9_Relay_cpp_6c3d9d8e22LL_GPIO_ResetOutputPinEP12GPIO_TypeDefj) for [local to Relay_cpp]::LL_GPIO_ResetOutputPin(GPIO_TypeDef*, unsigned)
    relay.o(.ARM.exidx) refers to relay.o(i._ZN5relay6TRelayC1EP12GPIO_TypeDefjjPc) for i._ZN5relay6TRelayC1EP12GPIO_TypeDefjjPc
    relay.o(.ARM.exidx) refers to relay.o(i._ZN5relay6TRelayD1Ev) for i._ZN5relay6TRelayD1Ev
    relay.o(.ARM.exidx) refers to relay.o(i._ZNK5relay6TRelay6toggleEv) for i._ZNK5relay6TRelay6toggleEv
    relay.o(.ARM.exidx) refers to relay.o(i._ZNK5relay6TRelay2onEv) for i._ZNK5relay6TRelay2onEv
    relay.o(.ARM.exidx) refers to relay.o(i._ZNK5relay6TRelay3offEv) for i._ZNK5relay6TRelay3offEv
    relay.o(.ARM.exidx) refers to relay.o(i._ZN30_INTERNAL_9_Relay_cpp_6c3d9d8e22LL_GPIO_ResetOutputPinEP12GPIO_TypeDefj) for i._ZN30_INTERNAL_9_Relay_cpp_6c3d9d8e22LL_GPIO_ResetOutputPinEP12GPIO_TypeDefj
    rs-485_phy.o(.ARM.exidx) refers to rs-485_phy.o(i._ZN12T_RS_485_phyC1Ev) for i._ZN12T_RS_485_phyC1Ev
    rs-485_phy.o(.ARM.exidx) refers to rs-485_phy.o(i._ZN12T_RS_485_phyD1Ev) for i._ZN12T_RS_485_phyD1Ev
    rs-485_phy.o(.ARM.exidx) refers to rs-485_phy.o(i._ZN12T_RS_485_phy10get_configEv) for i._ZN12T_RS_485_phy10get_configEv
    rs-485_phy.o(.ARM.exidx) refers to rs-485_phy.o(i._ZN12T_RS_485_phy15get_de_polarityEv) for i._ZN12T_RS_485_phy15get_de_polarityEv
    button.o(i._ZN7TButton4initEv) refers to stm32l4xx_ll_gpio.o(i.LL_GPIO_Init) for LL_GPIO_Init
    button.o(i.__sti___10_Button_cpp_Btn) refers to button.o(i._ZN7TButtonC1ERK4TPin) for TButton::TButton(const TPin&)
    button.o(i.__sti___10_Button_cpp_Btn) refers to aeabi_atexit.o(.text) for __aeabi_atexit
    button.o(i.__sti___10_Button_cpp_Btn) refers to hard_config.o(.data) for Button_HW
    button.o(i.__sti___10_Button_cpp_Btn) refers to button.o(.bss) for Btn
    button.o(i.__sti___10_Button_cpp_Btn) refers to button.o(i._ZN7TButtonD1Ev) for TButton::~TButton()
    button.o(.ARM.exidx) refers to button.o(i._ZN7TButtonC1ERK4TPin) for i._ZN7TButtonC1ERK4TPin
    button.o(.ARM.exidx) refers to button.o(i._ZN7TButtonD1Ev) for i._ZN7TButtonD1Ev
    button.o(.ARM.exidx) refers to button.o(i._ZN7TButton4initEv) for i._ZN7TButton4initEv
    button.o(.ARM.exidx) refers to button.o(i._ZNK7TButton4readEv) for i._ZNK7TButton4readEv
    button.o(.ARM.exidx) refers to button.o(i.__sti___10_Button_cpp_Btn) for i.__sti___10_Button_cpp_Btn
    button.o(.init_array) refers to button.o(i.__sti___10_Button_cpp_Btn) for __sti___10_Button_cpp_Btn
    button.o(.init_array) refers to cpp_init.o(.text) for __cpp_initialize__aeabi_
    led.o(i._ZN4TLed11free_toggleEv) refers to led.o(i._ZN23_INTERNAL_7_Led_cpp_Led17LL_GPIO_TogglePinEP12GPIO_TypeDefj) for [local to Led_cpp]::LL_GPIO_TogglePin(GPIO_TypeDef*, unsigned)
    led.o(i._ZN4TLed3offEv) refers to led.o(i._ZN23_INTERNAL_7_Led_cpp_Led22LL_GPIO_ResetOutputPinEP12GPIO_TypeDefj) for [local to Led_cpp]::LL_GPIO_ResetOutputPin(GPIO_TypeDef*, unsigned)
    led.o(i._ZN4TLed4initEv) refers to led.o(i._ZN23_INTERNAL_7_Led_cpp_Led22LL_GPIO_ResetOutputPinEP12GPIO_TypeDefj) for [local to Led_cpp]::LL_GPIO_ResetOutputPin(GPIO_TypeDef*, unsigned)
    led.o(i._ZN4TLed4initEv) refers to stm32l4xx_ll_gpio.o(i.LL_GPIO_Init) for LL_GPIO_Init
    led.o(i._ZN4TLed6toggleEv) refers to led.o(i._ZN23_INTERNAL_7_Led_cpp_Led17LL_GPIO_TogglePinEP12GPIO_TypeDefj) for [local to Led_cpp]::LL_GPIO_TogglePin(GPIO_TypeDef*, unsigned)
    led.o(i.__sti___7_Led_cpp_Led) refers to led.o(i._ZN4TLedC1ERK4TPinPPv) for TLed::TLed(const TPin&, void**)
    led.o(i.__sti___7_Led_cpp_Led) refers to aeabi_atexit.o(.text) for __aeabi_atexit
    led.o(i.__sti___7_Led_cpp_Led) refers to main.o(.data) for LedTimer_TrigSem
    led.o(i.__sti___7_Led_cpp_Led) refers to hard_config.o(.data) for Led_HW
    led.o(i.__sti___7_Led_cpp_Led) refers to led.o(.bss) for Led
    led.o(i.__sti___7_Led_cpp_Led) refers to led.o(i._ZN4TLedD1Ev) for TLed::~TLed()
    led.o(.ARM.exidx) refers to led.o(i._ZN4TLedC1ERK4TPinPPv) for i._ZN4TLedC1ERK4TPinPPv
    led.o(.ARM.exidx) refers to led.o(i._ZN4TLedD1Ev) for i._ZN4TLedD1Ev
    led.o(.ARM.exidx) refers to led.o(i._ZN4TLed4initEv) for i._ZN4TLed4initEv
    led.o(.ARM.exidx) refers to led.o(i._ZN4TLed2onEv) for i._ZN4TLed2onEv
    led.o(.ARM.exidx) refers to led.o(i._ZN4TLed3offEv) for i._ZN4TLed3offEv
    led.o(.ARM.exidx) refers to led.o(i._ZN4TLed6toggleEv) for i._ZN4TLed6toggleEv
[...]
    HardFault_Handler                        0x08000293   Thumb Code     2  startup_stm32l431xx.o(.text)
    MemManage_Handler                        0x08000295   Thumb Code     2  startup_stm32l431xx.o(.text)
    BusFault_Handler                         0x08000297   Thumb Code     2  startup_stm32l431xx.o(.text)
    UsageFault_Handler                       0x08000299   Thumb Code     2  startup_stm32l431xx.o(.text)
    DebugMon_Handler                         0x0800029d   Thumb Code     2  startup_stm32l431xx.o(.text)
    ADC1_IRQHandler                          0x080002a3   Thumb Code     0  startup_stm32l431xx.o(.text)
    CAN1_RX0_IRQHandler                      0x080002a3   Thumb Code     0  startup_stm32l431xx.o(.text)
    CAN1_RX1_IRQHandler                      0x080002a3   Thumb Code     0  startup_stm32l431xx.o(.text)
    CAN1_SCE_IRQHandler                      0x080002a3   Thumb Code     0  startup_stm32l431xx.o(.text)
    CAN1_TX_IRQHandler                       0x080002a3   Thumb Code     0  startup_stm32l431xx.o(.text)
    COMP_IRQHandler                          0x080002a3   Thumb Code     0  startup_stm32l431xx.o(.text)
    CRS_IRQHandler                           0x080002a3   Thumb Code     0  startup_stm32l431xx.o(.text)
    DMA1_Channel1_IRQHandler                 0x080002a3   Thumb Code     0  startup_stm32l431xx.o(.text)
    DMA1_Channel2_IRQHandler                 0x080002a3   Thumb Code     0  startup_stm32l431xx.o(.text)
    DMA1_Channel3_IRQHandler                 0x080002a3   Thumb Code     0  startup_stm32l431xx.o(.text)
    DMA1_Channel4_IRQHandler                 0x080002a3   Thumb Code     0  startup_stm32l431xx.o(.text)
    DMA1_Channel5_IRQHandler                 0x080002a3   Thumb Code     0  startup_stm32l431xx.o(.text)
    DMA1_Channel6_IRQHandler                 0x080002a3   Thumb Code     0  startup_stm32l431xx.o(.text)
    DMA1_Channel7_IRQHandler                 0x080002a3   Thumb Code     0  startup_stm32l431xx.o(.text)
    DMA2_Channel1_IRQHandler                 0x080002a3   Thumb Code     0  startup_stm32l431xx.o(.text)
    DMA2_Channel2_IRQHandler                 0x080002a3   Thumb Code     0  startup_stm32l431xx.o(.text)
    DMA2_Channel3_IRQHandler                 0x080002a3   Thumb Code     0  startup_stm32l431xx.o(.text)
    DMA2_Channel4_IRQHandler                 0x080002a3   Thumb Code     0  startup_stm32l431xx.o(.text)
    DMA2_Channel5_IRQHandler                 0x080002a3   Thumb Code     0  startup_stm32l431xx.o(.text)
    DMA2_Channel6_IRQHandler                 0x080002a3   Thumb Code     0  startup_stm32l431xx.o(.text)
    DMA2_Channel7_IRQHandler                 0x080002a3   Thumb Code     0  startup_stm32l431xx.o(.text)
    EXTI0_IRQHandler                         0x080002a3   Thumb Code     0  startup_stm32l431xx.o(.text)
    EXTI1_IRQHandler                         0x080002a3   Thumb Code     0  startup_stm32l431xx.o(.text)
    EXTI2_IRQHandler                         0x080002a3   Thumb Code     0  startup_stm32l431xx.o(.text)
    EXTI3_IRQHandler                         0x080002a3   Thumb Code     0  startup_stm32l431xx.o(.text)
    EXTI4_IRQHandler                         0x080002a3   Thumb Code     0  startup_stm32l431xx.o(.text)
    EXTI9_5_IRQHandler                       0x080002a3   Thumb Code     0  startup_stm32l431xx.o(.text)
    FPU_IRQHandler                           0x080002a3   Thumb Code     0  startup_stm32l431xx.o(.text)
    I2C3_ER_IRQHandler                       0x080002a3   Thumb Code     0  startup_stm32l431xx.o(.text)
    I2C3_EV_IRQHandler                       0x080002a3   Thumb Code     0  startup_stm32l431xx.o(.text)
    LPTIM1_IRQHandler                        0x080002a3   Thumb Code     0  startup_stm32l431xx.o(.text)
    LPTIM2_IRQHandler                        0x080002a3   Thumb Code     0  startup_stm32l431xx.o(.text)
    LPUART1_IRQHandler                       0x080002a3   Thumb Code     0  startup_stm32l431xx.o(.text)
    PVD_PVM_IRQHandler                       0x080002a3   Thumb Code     0  startup_stm32l431xx.o(.text)
    QUADSPI_IRQHandler                       0x080002a3   Thumb Code     0  startup_stm32l431xx.o(.text)
    RCC_IRQHandler                           0x080002a3   Thumb Code     0  startup_stm32l431xx.o(.text)
    RNG_IRQHandler                           0x080002a3   Thumb Code     0  startup_stm32l431xx.o(.text)
    RTC_Alarm_IRQHandler                     0x080002a3   Thumb Code     0  startup_stm32l431xx.o(.text)
    RTC_WKUP_IRQHandler                      0x080002a3   Thumb Code     0  startup_stm32l431xx.o(.text)
    SAI1_IRQHandler                          0x080002a3   Thumb Code     0  startup_stm32l431xx.o(.text)
    SDMMC1_IRQHandler                        0x080002a3   Thumb Code     0  startup_stm32l431xx.o(.text)
    SPI1_IRQHandler                          0x080002a3   Thumb Code     0  startup_stm32l431xx.o(.text)
    SPI2_IRQHandler                          0x080002a3   Thumb Code     0  startup_stm32l431xx.o(.text)
    SPI3_IRQHandler                          0x080002a3   Thumb Code     0  startup_stm32l431xx.o(.text)
    SWPMI1_IRQHandler                        0x080002a3   Thumb Code     0  startup_stm32l431xx.o(.text)
    TAMP_STAMP_IRQHandler                    0x080002a3   Thumb Code     0  startup_stm32l431xx.o(.text)
    TIM1_CC_IRQHandler                       0x080002a3   Thumb Code     0  startup_stm32l431xx.o(.text)
    TIM1_TRG_COM_IRQHandler                  0x080002a3   Thumb Code     0  startup_stm32l431xx.o(.text)
    TIM1_UP_TIM16_IRQHandler                 0x080002a3   Thumb Code     0  startup_stm32l431xx.o(.text)
    TIM2_IRQHandler                          0x080002a3   Thumb Code     0  startup_stm32l431xx.o(.text)
    TIM7_IRQHandler                          0x080002a3   Thumb Code     0  startup_stm32l431xx.o(.text)
    TSC_IRQHandler                           0x080002a3   Thumb Code     0  startup_stm32l431xx.o(.text)
    USART1_IRQHandler                        0x080002a3   Thumb Code     0  startup_stm32l431xx.o(.text)
    USART2_IRQHandler                        0x080002a3   Thumb Code     0  startup_stm32l431xx.o(.text)
    USART3_IRQHandler                        0x080002a3   Thumb Code     0  startup_stm32l431xx.o(.text)
    WWDG_IRQHandler                          0x080002a3   Thumb Code     0  startup_stm32l431xx.o(.text)
    __aeabi_memcpy                           0x080002ad   Thumb Code    36  memcpya.o(.text)
    __aeabi_memcpy4                          0x080002ad   Thumb Code     0  memcpya.o(.text)
    __aeabi_memcpy8                          0x080002ad   Thumb Code     0  memcpya.o(.text)
    __aeabi_memset                           0x080002d1   Thumb Code    14  memseta.o(.text)
    __aeabi_memset4                          0x080002d1   Thumb Code     0  memseta.o(.text)
    __aeabi_memset8                          0x080002d1   Thumb Code     0  memseta.o(.text)
    __aeabi_memclr                           0x080002df   Thumb Code     4  memseta.o(.text)
    __aeabi_memclr4                          0x080002df   Thumb Code     0  memseta.o(.text)
    __aeabi_memclr8                          0x080002df   Thumb Code     0  memseta.o(.text)
    _memset$wrapper                          0x080002e3   Thumb Code    18  memseta.o(.text)
    __cpp_initialize__aeabi_                 0x080002f5   Thumb Code    22  cpp_init.o(.text)
    __aeabi_atexit                           0x08000315   Thumb Code    46  aeabi_atexit.o(.text)
    __rt_ddtor_pointer_addr                  0x08000345   Thumb Code     4  cpp_dtor.o(.text)
    __cxa_finalize                           0x0800034d   Thumb Code    66  cxa_finalize.o(.text)
    __scatterload                            0x08000391   Thumb Code    28  init.o(.text)
    __scatterload_rt2                        0x08000391   Thumb Code     0  init.o(.text)
    __rt_lib_shutdown_cpp_2                  0x080003b5   Thumb Code     2  cpp_final.o(.text)
    __decompress                             0x080003b7   Thumb Code     0  __dczerorl2.o(.text)
    __decompress1                            0x080003b7   Thumb Code    86  __dczerorl2.o(.text)
    EXTI15_10_IRQHandler                     0x0800040d   Thumb Code    84  lev_gauge_to_pc.o(i.EXTI15_10_IRQHandler)
    FLASH_IRQHandler                         0x08000475   Thumb Code    12  flash_driver.o(i.FLASH_IRQHandler)
    I2C1_ER_IRQHandler                       0x08000485   Thumb Code     2  i2c_driver.o(i.I2C1_ER_IRQHandler)
    I2C1_EV_IRQHandler                       0x08000489   Thumb Code    80  i2c_driver.o(i.I2C1_EV_IRQHandler)
    I2C2_ER_IRQHandler                       0x080004e1   Thumb Code     2  i2c_driver.o(i.I2C2_ER_IRQHandler)
    I2C2_EV_IRQHandler                       0x080004e3   Thumb Code     2  i2c_driver.o(i.I2C2_EV_IRQHandler)
    LL_EXTI_DeInit                           0x080004e5   Thumb Code    68  stm32l4xx_ll_exti.o(i.LL_EXTI_DeInit)
    LL_EXTI_Init                             0x080005f1   Thumb Code   358  stm32l4xx_ll_exti.o(i.LL_EXTI_Init)
    LL_GPIO_Init                             0x0800075d   Thumb Code   324  stm32l4xx_ll_gpio.o(i.LL_GPIO_Init)
    LL_Init1msTick                           0x080008a1   Thumb Code    28  stm32l4xx_ll_utils.o(i.LL_Init1msTick)
    LL_RCC_GetSystemClocksFreq               0x080008bd   Thumb Code    36  stm32l4xx_ll_rcc.o(i.LL_RCC_GetSystemClocksFreq)
    LL_RCC_GetUSARTClockFreq                 0x080008e1   Thumb Code   278  stm32l4xx_ll_rcc.o(i.LL_RCC_GetUSARTClockFreq)
    LL_SetSystemCoreClock                    0x08000a91   Thumb Code     6  stm32l4xx_ll_utils.o(i.LL_SetSystemCoreClock)
    LL_TIM_Init                              0x08000a9d   Thumb Code   118  stm32l4xx_ll_tim.o(i.LL_TIM_Init)
    LL_USART_Init                            0x08000b21   Thumb Code   208  stm32l4xx_ll_usart.o(i.LL_USART_Init)
    RCC_GetHCLKClockFreq                     0x08000c0d   Thumb Code    24  stm32l4xx_ll_rcc.o(i.RCC_GetHCLKClockFreq)
    RCC_GetPCLK1ClockFreq                    0x08000c2d   Thumb Code    26  stm32l4xx_ll_rcc.o(i.RCC_GetPCLK1ClockFreq)
    RCC_GetPCLK2ClockFreq                    0x08000c51   Thumb Code    26  stm32l4xx_ll_rcc.o(i.RCC_GetPCLK2ClockFreq)
    RCC_GetSystemClockFreq                   0x08000c75   Thumb Code   172  stm32l4xx_ll_rcc.o(i.RCC_GetSystemClockFreq)
    RCC_PLL_GetFreqDomain_SYS                0x08000d31   Thumb Code   198  stm32l4xx_ll_rcc.o(i.RCC_PLL_GetFreqDomain_SYS)
    SysTick_Handler                          0x08000e09   Thumb Code    46  port.o(i.SysTick_Handler)
    SystemInit                               0x08000e3d   Thumb Code    68  system_stm32l4xx.o(i.SystemInit)
    TIM1_BRK_TIM15_IRQHandler                0x08000e8d   Thumb Code   100  lev_gauge_to_pc.o(i.TIM1_BRK_TIM15_IRQHandler)
    TIM6_DAC_IRQHandler                      0x08000f05   Thumb Code    44  flash_driver.o(i.TIM6_DAC_IRQHandler)
    FLASH_Lock()                             0x08000f3d   Thumb Code    14  old_flash_lib.o(i._Z10FLASH_Lockv)
    cfg_sys_clk()                            0x08000f51   Thumb Code   570  main.o(i._Z11cfg_sys_clkv)
    FLASH_Unlock()                           0x080011a5   Thumb Code    22  old_flash_lib.o(i._Z12FLASH_Unlockv)
    FLASH_GetStatus()                        0x080011c9   Thumb Code    52  old_flash_lib.o(i._Z15FLASH_GetStatusv)
    lev_gauge_to_pc(void*)                   0x08001201   Thumb Code   246  lev_gauge_to_pc.o(i._Z15lev_gauge_to_pcPv)
    TExtMaster::all_pkt_tx(const unsigned char*, unsigned short) 0x08001309   Thumb Code    56  ext_master.o(i._ZN10TExtMaster10all_pkt_txEPKht)
    TExtMaster::no_wrap_tx(const unsigned char*, unsigned short) 0x08001341   Thumb Code     6  ext_master.o(i._ZN10TExtMaster10no_wrap_txEPKht)
    TExtMaster::start_wrap_tx(const unsigned char*, unsigned short) 0x08001347   Thumb Code    46  ext_master.o(i._ZN10TExtMaster13start_wrap_txEPKht)
    TExtMaster::finish_wrap_tx(const unsigned char*, unsigned short) 0x08001375   Thumb Code    12  ext_master.o(i._ZN10TExtMaster14finish_wrap_txEPKht)
    TExtMaster::tx_data(const unsigned char*, unsigned short, TExtMaster::TWrapTxSign) 0x08001381   Thumb Code   128  ext_master.o(i._ZN10TExtMaster7tx_dataEPKhtNS_11TWrapTxSignE)
    TExtMaster::get_data()                   0x0800140b   Thumb Code    14  ext_master.o(i._ZN10TExtMaster8get_dataEv)
    TExtMaster::parse_pkt()                  0x08001419   Thumb Code   118  ext_master.o(i._ZN10TExtMaster9parse_pktEv)
    TExtMaster::TExtMaster(const TUsart_HW&) 0x08001491   Thumb Code    38  ext_master.o(i._ZN10TExtMasterC1ERK9TUsart_HW)
    TExtMaster::TExtMaster__sub_object(const TUsart_HW&) 0x08001491   Thumb Code     0  ext_master.o(i._ZN10TExtMasterC1ERK9TUsart_HW)
    TExtMaster::~TExtMaster()                0x080014bd   Thumb Code    16  ext_master.o(i._ZN10TExtMasterD1Ev)
    TExtMaster::~TExtMaster__sub_object()    0x080014bd   Thumb Code     0  ext_master.o(i._ZN10TExtMasterD1Ev)
    TExchngToPC::rx_set_freg(TExchngToPC::TParamHandle*) 0x080014cd   Thumb Code    16  lev_gauge_to_pc.o(i._ZN11TExchngToPC11rx_set_fregEPNS_12TParamHandleE)
    TExchngToPC::tx_set_freg(TExchngToPC::TParamHandle*) 0x080014dd   Thumb Code    20  lev_gauge_to_pc.o(i._ZN11TExchngToPC11tx_set_fregEPNS_12TParamHandleE)
    TExchngToPC::rx_start_adc(TExchngToPC::TParamHandle*) 0x080014f1   Thumb Code   488  lev_gauge_to_pc.o(i._ZN11TExchngToPC12rx_start_adcEPNS_12TParamHandleE)
    TExchngToPC::tmr_cmp_init()              0x080016e9   Thumb Code   170  lev_gauge_to_pc.o(i._ZN11TExchngToPC12tmr_cmp_initEv)
    TExchngToPC::set_diff_freq(unsigned short) 0x08001793   Thumb Code    20  lev_gauge_to_pc.o(i._ZN11TExchngToPC13set_diff_freqEt)
    TExchngToPC::tmr_diff_init()             0x080017a7   Thumb Code   176  lev_gauge_to_pc.o(i._ZN11TExchngToPC13tmr_diff_initEv)
    TExchngToPC::tmr_freg_init()             0x08001857   Thumb Code   286  lev_gauge_to_pc.o(i._ZN11TExchngToPC13tmr_freg_initEv)
    TExchngToPC::init_diff_exti(unsigned)    0x08001975   Thumb Code   216  lev_gauge_to_pc.o(i._ZN11TExchngToPC14init_diff_extiEj)
    TExchngToPC::rx_cmp_capture(TExchngToPC::TParamHandle*) 0x08001a51   Thumb Code   116  lev_gauge_to_pc.o(i._ZN11TExchngToPC14rx_cmp_captureEPNS_12TParamHandleE)
    TExchngToPC::tx_cmp_capture(TExchngToPC::TParamHandle*) 0x08001ad1   Thumb Code    56  lev_gauge_to_pc.o(i._ZN11TExchngToPC14tx_cmp_captureEPNS_12TParamHandleE)
    TExchngToPC::rx_diff_capture(TExchngToPC::TParamHandle*) 0x08001b09   Thumb Code   206  lev_gauge_to_pc.o(i._ZN11TExchngToPC15rx_diff_captureEPNS_12TParamHandleE)
    TExchngToPC::tx_diff_capture(TExchngToPC::TParamHandle*) 0x08001be5   Thumb Code    56  lev_gauge_to_pc.o(i._ZN11TExchngToPC15tx_diff_captureEPNS_12TParamHandleE)
    TExchngToPC::deinit_diff_exti()          0x08001c1d   Thumb Code    10  lev_gauge_to_pc.o(i._ZN11TExchngToPC16deinit_diff_extiEv)
    TExchngToPC::rx_set_pos_pot_1(TExchngToPC::TParamHandle*) 0x08001c29   Thumb Code    68  lev_gauge_to_pc.o(i._ZN11TExchngToPC16rx_set_pos_pot_1EPNS_12TParamHandleE)
    TExchngToPC::rx_set_pos_pot_2(TExchngToPC::TParamHandle*) 0x08001c71   Thumb Code    68  lev_gauge_to_pc.o(i._ZN11TExchngToPC16rx_set_pos_pot_2EPNS_12TParamHandleE)
    TExchngToPC::tx_set_pos_pot_1(TExchngToPC::TParamHandle*) 0x08001cb9   Thumb Code    20  lev_gauge_to_pc.o(i._ZN11TExchngToPC16tx_set_pos_pot_1EPNS_12TParamHandleE)
    TExchngToPC::tx_set_pos_pot_2(TExchngToPC::TParamHandle*) 0x08001ccd   Thumb Code    20  lev_gauge_to_pc.o(i._ZN11TExchngToPC16tx_set_pos_pot_2EPNS_12TParamHandleE)
    TExchngToPC::rx_set_duty_cycle(TExchngToPC::TParamHandle*) 0x08001ce1   Thumb Code    16  lev_gauge_to_pc.o(i._ZN11TExchngToPC17rx_set_duty_cycleEPNS_12TParamHandleE)
    TExchngToPC::tx_set_duty_cycle(TExchngToPC::TParamHandle*) 0x08001cf1   Thumb Code    20  lev_gauge_to_pc.o(i._ZN11TExchngToPC17tx_set_duty_cycleEPNS_12TParamHandleE)
    TExchngToPC::get_upd_demand_flag()       0x08001d05   Thumb Code    14  lev_gauge_to_pc.o(i._ZN11TExchngToPC19get_upd_demand_flagEv)
    TExchngToPC::set_upd_demand_flag(bool)   0x08001d13   Thumb Code    10  lev_gauge_to_pc.o(i._ZN11TExchngToPC19set_upd_demand_flagEb)
    TExchngToPC::iserr(float)                0x08001d1d   Thumb Code    22  lev_gauge_to_pc.o(i._ZN11TExchngToPC5iserrEf)
    TExchngToPC::en_adc()                    0x08001d35   Thumb Code    50  lev_gauge_to_pc.o(i._ZN11TExchngToPC6en_adcEv)
    TExchngToPC::tx_adc(TExchngToPC::TParamHandle*) 0x08001d6d   Thumb Code    56  lev_gauge_to_pc.o(i._ZN11TExchngToPC6tx_adcEPNS_12TParamHandleE)
    TExchngToPC::adc_cal()                   0x08001da5   Thumb Code   114  lev_gauge_to_pc.o(i._ZN11TExchngToPC7adc_calEv)
    TExchngToPC::cnt_pwm()                   0x08001e1d   Thumb Code   340  lev_gauge_to_pc.o(i._ZN11TExchngToPC7cnt_pwmEv)
    TExchngToPC::dis_adc()                   0x08001f79   Thumb Code   120  lev_gauge_to_pc.o(i._ZN11TExchngToPC7dis_adcEv)
    TExchngToPC::set_pwm(const TExchngToPC::TPwm&) 0x08001ff5   Thumb Code    38  lev_gauge_to_pc.o(i._ZN11TExchngToPC7set_pwmERKNS_4TPwmE)
    TExchngToPC::tx_test(TExchngToPC::TParamHandle*) 0x0800201b   Thumb Code    20  lev_gauge_to_pc.o(i._ZN11TExchngToPC7tx_testEPNS_12TParamHandleE)
    TExchngToPC::adc_init()                  0x08002031   Thumb Code   130  lev_gauge_to_pc.o(i._ZN11TExchngToPC8adc_initEv)
    TExchngToPC::ctrl_pwm(TExchngToPC::TParamHandle*) 0x080020c1   Thumb Code    68  lev_gauge_to_pc.o(i._ZN11TExchngToPC8ctrl_pwmEPNS_12TParamHandleE)
    TExchngToPC::chk_range(float, const TExchngToPC::TRange&) 0x08002109   Thumb Code    68  lev_gauge_to_pc.o(i._ZN11TExchngToPC9chk_rangeEfRKNS_6TRangeE)
    TExchngToPC::TExchngToPC(const TUsart_HW&, const TTmr_HW&, const TTmr_HW&, const TTmr_HW&, const TAdc_HW&) 0x0800214d   Thumb Code    82  lev_gauge_to_pc.o(i._ZN11TExchngToPCC1ERK9TUsart_HWRK7TTmr_HWS5_S5_RK7TAdc_HW)
    TExchngToPC::TExchngToPC__sub_object(const TUsart_HW&, const TTmr_HW&, const TTmr_HW&, const TTmr_HW&, const TAdc_HW&) 0x0800214d   Thumb Code     0  lev_gauge_to_pc.o(i._ZN11TExchngToPCC1ERK9TUsart_HWRK7TTmr_HWS5_S5_RK7TAdc_HW)
    TExchngToPC::~TExchngToPC()              0x080021a9   Thumb Code    16  lev_gauge_to_pc.o(i._ZN11TExchngToPCD1Ev)
    TExchngToPC::~TExchngToPC__sub_object()  0x080021a9   Thumb Code     0  lev_gauge_to_pc.o(i._ZN11TExchngToPCD1Ev)
    T_RS_485_phy::get_config()               0x080021b9   Thumb Code     6  rs-485_phy.o(i._ZN12T_RS_485_phy10get_configEv)
    T_RS_485_phy::T_RS_485_phy()             0x080021bf   Thumb Code     8  rs-485_phy.o(i._ZN12T_RS_485_phyC1Ev)
    T_RS_485_phy::T_RS_485_phy__sub_object() 0x080021bf   Thumb Code     0  rs-485_phy.o(i._ZN12T_RS_485_phyC1Ev)
    T_RS_485_phy::~T_RS_485_phy()            0x080021c7   Thumb Code     2  rs-485_phy.o(i._ZN12T_RS_485_phyD1Ev)
    T_RS_485_phy::~T_RS_485_phy__sub_object() 0x080021c7   Thumb Code     0  rs-485_phy.o(i._ZN12T_RS_485_phyD1Ev)
    TLed::on()                               0x08002e61   Thumb Code    10  led.o(i._ZN4TLed2onEv)
    TLed::off()                              0x08002e6b   Thumb Code    14  led.o(i._ZN4TLed3offEv)
    TLed::init()                             0x08002e79   Thumb Code    56  led.o(i._ZN4TLed4initEv)
    TLed::TLed(const TPin&, void**)          0x08002eb1   Thumb Code    14  led.o(i._ZN4TLedC1ERK4TPinPPv)
    TLed::TLed__sub_object(const TPin&, void**) 0x08002eb1   Thumb Code     0  led.o(i._ZN4TLedC1ERK4TPinPPv)
    TLed::~TLed()                            0x08002ebf   Thumb Code     2  led.o(i._ZN4TLedD1Ev)
    TLed::~TLed__sub_object()                0x08002ebf   Thumb Code     0  led.o(i._ZN4TLedD1Ev)
    TFlash::write_sets(const unsigned char*, unsigned short) 0x08002ec1   Thumb Code    54  flash_driver.o(i._ZN6TFlash10write_setsEPKht)
    TFlash::get_sets(unsigned char*, unsigned short) 0x08002efd   Thumb Code    40  flash_driver.o(i._ZN6TFlash8get_setsEPht)
    TFlash::init_tmr()                       0x08002f29   Thumb Code   334  flash_driver.o(i._ZN6TFlash8init_tmrEv)
    TFlash::TFlash()                         0x0800308d   Thumb Code    22  flash_driver.o(i._ZN6TFlashC1Ev)
    TFlash::TFlash__sub_object()             0x0800308d   Thumb Code     0  flash_driver.o(i._ZN6TFlashC1Ev)
    TFlash::~TFlash()                        0x080030a9   Thumb Code     2  flash_driver.o(i._ZN6TFlashD1Ev)
    TFlash::~TFlash__sub_object()            0x080030a9   Thumb Code     0  flash_driver.o(i._ZN6TFlashD1Ev)
    TModel::set_access(TSettings::TAccess)   0x080030ab   Thumb Code    50  model.o(i._ZN6TModel10set_accessEN9TSettings7TAccessE)
    TModel::get_psw_admin()                  0x080030dd   Thumb Code    22  model.o(i._ZN6TModel13get_psw_adminEv)
    TModel::get_psw_super()                  0x080030f3   Thumb Code    22  model.o(i._ZN6TModel13get_psw_superEv)
    TModel::handler_calib(short, bool*)      0x08003109   Thumb Code    16  model.o(i._ZN6TModel13handler_calibEsPb)
    TModel::handler_access(short, bool*)     0x08003119   Thumb Code   174  model.o(i._ZN6TModel14handler_accessEsPb)
    TModel::get_calib_process()              0x080031c7   Thumb Code    52  model.o(i._ZN6TModel17get_calib_processEv)
    TModel::set_calib_process(TSettings::TCalibProcess) 0x080031fb   Thumb Code    50  model.o(i._ZN6TModel17set_calib_processEN9TSettings13TCalibProcessE)
    TModel::set_authorize_item_ptr(const TModel::TAuthorize*) 0x0800322d   Thumb Code     6  model.o(i._ZN6TModel22set_authorize_item_ptrEPKNS_10TAuthorizeE)
    TModel::TModel(void*&)                   0x08003235   Thumb Code   182  model.o(i._ZN6TModelC1ERPv)
    TModel::TModel__sub_object(void*&)       0x08003235   Thumb Code     0  model.o(i._ZN6TModelC1ERPv)
    TModel::~TModel()                        0x080032fd   Thumb Code    16  model.o(i._ZN6TModelD1Ev)
    TModel::~TModel__sub_object()            0x080032fd   Thumb Code     0  model.o(i._ZN6TModelD1Ev)
    TUsart::disable_rx()                     0x0800330d   Thumb Code    18  usart_driver_.o(i._ZN6TUsart10disable_rxEv)
    TUsart::set_485_hd(unsigned, unsigned)   0x0800331f   Thumb Code    94  usart_driver_.o(i._ZN6TUsart10set_485_hdEjj)
    TUsart::write_burst(const unsigned char*, unsigned short) 0x0800337d   Thumb Code   108  usart_driver_.o(i._ZN6TUsart11write_burstEPKht)
    TUsart::pin_clk_config()                 0x080033e9   Thumb Code   150  usart_driver_.o(i._ZN6TUsart14pin_clk_configEv)
    TUsart::clr_error_flags()                0x08003485   Thumb Code    42  usart_driver_.o(i._ZN6TUsart15clr_error_flagsEv)
    TUsart::hw_init(unsigned char)           0x080034b1   Thumb Code   288  usart_driver_.o(i._ZN6TUsart7hw_initEh)
    TUsart::set_232(unsigned, unsigned)      0x080035e5   Thumb Code    24  usart_driver_.o(i._ZN6TUsart7set_232Ejj)
    TUsart::enable_rx()                      0x080035fd   Thumb Code    18  usart_driver_.o(i._ZN6TUsart9enable_rxEv)
    TUsart::read_byte()                      0x0800360f   Thumb Code    34  usart_driver_.o(i._ZN6TUsart9read_byteEv)
    TUsart::TUsart(const TUsart_HW&, const TUsart::TSets&, TUsart::TMode) 0x08003631   Thumb Code    40  usart_driver_.o(i._ZN6TUsartC1ERK9TUsart_HWRKNS_5TSetsENS_5TModeE)
    TUsart::TUsart__sub_object(const TUsart_HW&, const TUsart::TSets&, TUsart::TMode) 0x08003631   Thumb Code     0  usart_driver_.o(i._ZN6TUsartC1ERK9TUsart_HWRKNS_5TSetsENS_5TModeE)
    TUsart::~TUsart()                        0x08003659   Thumb Code    16  usart_driver_.o(i._ZN6TUsartD1Ev)
    TUsart::~TUsart__sub_object()            0x08003659   Thumb Code     0  usart_driver_.o(i._ZN6TUsartD1Ev)
    TButton::TButton(const TPin&)            0x08003669   Thumb Code     4  button.o(i._ZN7TButtonC1ERK4TPin)
    TButton::TButton__sub_object(const TPin&) 0x08003669   Thumb Code     0  button.o(i._ZN7TButtonC1ERK4TPin)
    TButton::~TButton()                      0x0800366d   Thumb Code     2  button.o(i._ZN7TButtonD1Ev)
    TButton::~TButton__sub_object()          0x0800366d   Thumb Code     0  button.o(i._ZN7TButtonD1Ev)
    T_AD8402::reverse_bits(unsigned char)    0x0800366f   Thumb Code    42  ad8402.o(i._ZN8T_AD840212reverse_bitsEh)
    T_AD8402::data_bit_ctrl(unsigned char*)  0x08003699   Thumb Code   126  ad8402.o(i._ZN8T_AD840213data_bit_ctrlEPh)
    T_AD8402::init()                         0x08003723   Thumb Code   174  ad8402.o(i._ZN8T_AD84024initEv)
    T_AD8402::rs_set()                       0x080037d1   Thumb Code    14  ad8402.o(i._ZN8T_AD84026rs_setEv)
    T_AD8402::clk_clr()                      0x080037df   Thumb Code    14  ad8402.o(i._ZN8T_AD84027clk_clrEv)
    T_AD8402::clk_set()                      0x080037ed   Thumb Code    14  ad8402.o(i._ZN8T_AD84027clk_setEv)
    T_AD8402::sdi_clr()                      0x080037fb   Thumb Code    14  ad8402.o(i._ZN8T_AD84027sdi_clrEv)
    T_AD8402::sdi_set()                      0x08003809   Thumb Code    14  ad8402.o(i._ZN8T_AD84027sdi_setEv)
    T_AD8402::set_code(unsigned char, T_AD8402::TChannel) 0x08003819   Thumb Code   176  ad8402.o(i._ZN8T_AD84028set_codeEhNS_8TChannelE)
    T_AD8402::shdn_clr()                     0x080038d9   Thumb Code    14  ad8402.o(i._ZN8T_AD84028shdn_clrEv)
    T_AD8402::shdn_set()                     0x080038e7   Thumb Code    14  ad8402.o(i._ZN8T_AD84028shdn_setEv)
    T_AD8402::latch_clr()                    0x080038f5   Thumb Code    14  ad8402.o(i._ZN8T_AD84029latch_clrEv)
    T_AD8402::latch_set()                    0x08003903   Thumb Code    14  ad8402.o(i._ZN8T_AD84029latch_setEv)
    T_AD8402::T_AD8402(const TPot_HW&)       0x08003911   Thumb Code    28  ad8402.o(i._ZN8T_AD8402C1ERK7TPot_HW)
    T_AD8402::T_AD8402__sub_object(const TPot_HW&) 0x08003911   Thumb Code     0  ad8402.o(i._ZN8T_AD8402C1ERK7TPot_HW)
    T_AD8402::~T_AD8402()                    0x08003931   Thumb Code     2  ad8402.o(i._ZN8T_AD8402D1Ev)
    T_AD8402::~T_AD8402__sub_object()        0x08003931   Thumb Code     0  ad8402.o(i._ZN8T_AD8402D1Ev)
    TSettings::TSettings()                   0x08003935   Thumb Code    88  settings.o(i._ZN9TSettingsC1Ev)
    TSettings::TSettings__sub_object()       0x08003935   Thumb Code     0  settings.o(i._ZN9TSettingsC1Ev)
    TSettings::~TSettings()                  0x080039b9   Thumb Code     2  settings.o(i._ZN9TSettingsD1Ev)
    TSettings::~TSettings__sub_object()      0x080039b9   Thumb Code     0  settings.o(i._ZN9TSettingsD1Ev)
    TFlash::erase_page(unsigned) const       0x080039bd   Thumb Code    86  flash_driver.o(i._ZNK6TFlash10erase_pageEj)
    TFlash::write_page(const unsigned char*, unsigned short, unsigned) const 0x08003a19   Thumb Code    50  flash_driver.o(i._ZNK6TFlash10write_pageEPKhtj)
    TFlash::clear_all_error() const          0x08003a4d   Thumb Code    16  flash_driver.o(i._ZNK6TFlash15clear_all_errorEv)
    TFlash::prog(const unsigned*, unsigned, unsigned) const 0x08003a61   Thumb Code   160  flash_driver.o(i._ZNK6TFlash4progEPKjjj)
    TFlash::stop_tmr() const                 0x08003b09   Thumb Code    26  flash_driver.o(i._ZNK6TFlash8stop_tmrEv)
    TFlash::start_tmr() const                0x08003b23   Thumb Code    26  flash_driver.o(i._ZNK6TFlash9start_tmrEv)
    TSettings::chk_access(short) const       0x08003b3d   Thumb Code    20  settings.o(i._ZNK9TSettings10chk_accessEs)
    TSettings::chk_calib(short) const        0x08003b51   Thumb Code    20  settings.o(i._ZNK9TSettings9chk_calibEs)
    __scatterload_copy                       0x08003b65   Thumb Code    14  handlers.o(i.__scatterload_copy)
    __scatterload_null                       0x08003b73   Thumb Code     2  handlers.o(i.__scatterload_null)
    __scatterload_zeroinit                   0x08003b75   Thumb Code    14  handlers.o(i.__scatterload_zeroinit)
    free                                     0x08003cd9   Thumb Code    76  malloc.o(i.free)
    main                                     0x08003d29   Thumb Code    76  main.o(i.main)
    malloc                                   0x08003d79   Thumb Code    92  malloc.o(i.malloc)
    pvPortMalloc                             0x080046c1   Thumb Code   166  heap_2.o(i.pvPortMalloc)
    pvTaskIncrementMutexHeldCount            0x08004779   Thumb Code    26  tasks.o(i.pvTaskIncrementMutexHeldCount)
    pxPortInitialiseStack                    0x08004799   Thumb Code    38  port.o(i.pxPortInitialiseStack)
    uxListRemove                             0x080047c5   Thumb Code    40  list.o(i.uxListRemove)
    vApplicationIdleHook                     0x080047ed   Thumb Code     2  main.o(i.vApplicationIdleHook)
    vApplicationStackOverflowHook            0x080047f1   Thumb Code    12  main.o(i.vApplicationStackOverflowHook)
    vListInitialise                          0x08004801   Thumb Code    26  list.o(i.vListInitialise)
    vListInitialiseItem                      0x0800481b   Thumb Code     6  list.o(i.vListInitialiseItem)
    vListInsert                              0x08004821   Thumb Code    52  list.o(i.vListInsert)
    vListInsertEnd                           0x08004855   Thumb Code    24  list.o(i.vListInsertEnd)
    vPortEnterCritical                       0x0800486d   Thumb Code    76  port.o(i.vPortEnterCritical)
    vPortExitCritical                        0x080048c1   Thumb Code    56  port.o(i.vPortExitCritical)
    vPortFree                                0x080048fd   Thumb Code    56  heap_2.o(i.vPortFree)
    vPortSetupTimerInterrupt                 0x0800493d   Thumb Code    22  port.o(i.vPortSetupTimerInterrupt)
    vPortValidateInterruptPriority           0x08004955   Thumb Code   106  port.o(i.vPortValidateInterruptPriority)
    vQueueAddToRegistry                      0x080049cd   Thumb Code    38  queue.o(i.vQueueAddToRegistry)
    vQueueWaitForMessageRestricted           0x080049f9   Thumb Code    74  queue.o(i.vQueueWaitForMessageRestricted)
    vTaskDelay                               0x08004a45   Thumb Code    82  tasks.o(i.vTaskDelay)
    vTaskMissedYield                         0x08004aa1   Thumb Code     8  tasks.o(i.vTaskMissedYield)
    vTaskPlaceOnEventList                    0x08004aad   Thumb Code    52  tasks.o(i.vTaskPlaceOnEventList)
    vTaskPlaceOnEventListRestricted          0x08004ae5   Thumb Code    60  tasks.o(i.vTaskPlaceOnEventListRestricted)
    vTaskPriorityInherit                     0x08004b25   Thumb Code   164  tasks.o(i.vTaskPriorityInherit)
    vTaskSetTimeOutState                     0x08004bd5   Thumb Code    38  tasks.o(i.vTaskSetTimeOutState)
    vTaskStartScheduler                      0x08004c05   Thumb Code   118  tasks.o(i.vTaskStartScheduler)
    vTaskSuspendAll                          0x08004c99   Thumb Code    12  tasks.o(i.vTaskSuspendAll)
    vTaskSwitchContext                       0x08004ca9   Thumb Code   148  tasks.o(i.vTaskSwitchContext)
    xPortGetFreeHeapSize                     0x08004d51   Thumb Code     6  heap_2.o(i.xPortGetFreeHeapSize)
    xPortStartScheduler                      0x08004d5d   Thumb Code   330  port.o(i.xPortStartScheduler)
    xQueueCreateMutex                        0x08004ec5   Thumb Code    34  queue.o(i.xQueueCreateMutex)
    xQueueGenericCreate                      0x08004ee7   Thumb Code    88  queue.o(i.xQueueGenericCreate)
    xQueueGenericReceive                     0x08004f41   Thumb Code   446  queue.o(i.xQueueGenericReceive)
    xQueueGenericReset                       0x08005105   Thumb Code   146  queue.o(i.xQueueGenericReset)
    xQueueGenericSend                        0x0800519d   Thumb Code   420  queue.o(i.xQueueGenericSend)
    xQueueGenericSendFromISR                 0x08005345   Thumb Code   248  queue.o(i.xQueueGenericSendFromISR)
    xQueueGiveFromISR                        0x08005443   Thumb Code   224  queue.o(i.xQueueGiveFromISR)
    xTaskCheckForTimeOut                     0x08005525   Thumb Code   132  tasks.o(i.xTaskCheckForTimeOut)
    xTaskCreate                              0x080055b1   Thumb Code    96  tasks.o(i.xTaskCreate)
    xTaskGetSchedulerState                   0x08005619   Thumb Code    24  tasks.o(i.xTaskGetSchedulerState)
    xTaskGetTickCount                        0x08005639   Thumb Code     6  tasks.o(i.xTaskGetTickCount)
    xTaskIncrementTick                       0x08005645   Thumb Code   282  tasks.o(i.xTaskIncrementTick)
    xTaskPriorityDisinherit                  0x0800578d   Thumb Code   188  tasks.o(i.xTaskPriorityDisinherit)
    xTaskRemoveFromEventList                 0x08005855   Thumb Code   128  tasks.o(i.xTaskRemoveFromEventList)
    xTaskResumeAll                           0x080058ed   Thumb Code   224  tasks.o(i.xTaskResumeAll)
    xTimerCreateTimerTask                    0x080059f1   Thumb Code    64  timers.o(i.xTimerCreateTimerTask)
    xTimerGenericCommand                     0x08005a45   Thumb Code   126  timers.o(i.xTimerGenericCommand)
    _ZN6TModel11access_protIfU8__packedfEEvRT_RKT0_ 0x08005acf   Thumb Code    46  model.o(t._ZN6TModel11access_protIfU8__packedfEEvRT_RKT0_)
    bool TSettings::chk_param<short>(const TSettings::TRange&, T1) const 0x08005afd   Thumb Code    26  settings.o(t._ZNK9TSettings9chk_paramIsEEbRKNS_6TRangeET_)
    DefDSt                                   0x08005b94   Data          22  model.o(.constdata)
    TUsart::DEF_SETS                         0x08005c30   Data          12  usart_driver_.o(.constdata)
    AHBPrescTable                            0x08005dbc   Data          16  system_stm32l4xx.o(.constdata)
    APBPrescTable                            0x08005dcc   Data           8  system_stm32l4xx.o(.constdata)
    MSIRangeTable                            0x08005dd4   Data          48  system_stm32l4xx.o(.constdata)
    Region$$Table$$Base                      0x08005e04   Number         0  anon$$obj.o(Region$$Table)
    Region$$Table$$Limit                     0x08005e44   Number         0  anon$$obj.o(Region$$Table)
    SHT$$INIT_ARRAY$$Base                    0x08005e44   Number         0  button.o(.init_array)
    SHT$$INIT_ARRAY$$Limit                   0x08005e64   Number         0  cpp_init.o(.init_array)
    Image$$SETS_ROM$$Base                    0x0803f800   Number         0  anon$$obj.o ABSOLUTE
    Load$$LR$$LR_IROM4$$Base                 0x0803f800   Number         0  anon$$obj.o ABSOLUTE
    __heap_base                              0x10003000   Data           0  startup_stm32l431xx.o(HEAP)
    __initial_sp                             0x10003000   Data           0  startup_stm32l431xx.o(STACK)
    __heap_limit                             0x10003200   Data           0  startup_stm32l431xx.o(HEAP)
    T_AD8402::Resist                         0x20000000   Data          16  ad8402.o(.data)
    RtosHeapSize                             0x20000010   Data           4  main.o(.data)
    I2C_RxSem                                0x20000014   Data           4  main.o(.data)
    I2C_TxSem                                0x20000018   Data           4  main.o(.data)
    CodeSwTmr_TrigSem                        0x2000001c   Data           4  main.o(.data)
    DoUncalibTmr_TrigSem                     0x20000020   Data           4  main.o(.data)
    RawDataMems_RdySem                       0x20000024   Data           4  main.o(.data)
    SlaveRtoTrigSem                          0x20000028   Data           4  main.o(.data)
    SlaveCommErrSem                          0x2000002c   Data           4  main.o(.data)
    MasterRtoTrigSem                         0x20000030   Data           4  main.o(.data)
    MasterCommErrSem                         0x20000034   Data           4  main.o(.data)
    PdSem                                    0x20000038   Data           4  main.o(.data)
    WrFlash                                  0x2000003c   Data           4  main.o(.data)
    BtnTimer_TrigSem                         0x20000040   Data           4  main.o(.data)
    LedTimer_TrigSem                         0x20000044   Data           4  main.o(.data)
    Tmr_TrigSem                              0x20000048   Data           4  main.o(.data)
    DiffExti_TrigSem                         0x2000004c   Data           4  main.o(.data)
    MainMut                                  0x20000050   Data           4  main.o(.data)
    SENSMut                                  0x20000054   Data           4  main.o(.data)
    CodeSwTmr                                0x20000058   Data           4  main.o(.data)
    DoUncalibTmr                             0x2000005c   Data           4  main.o(.data)
    PdTmr                                    0x20000060   Data           4  main.o(.data)
    BtnTimer                                 0x20000064   Data           4  main.o(.data)
    Pot_HW                                   0x20000070   Data         100  hard_config.o(.data)
    UsartExt_HW                              0x200000d4   Data          84  hard_config.o(.data)
    TmrFreg_HW                               0x20000128   Data          52  hard_config.o(.data)
    TmrCmp_HW                                0x2000015c   Data          52  hard_config.o(.data)
    TmrDiff_HW                               0x20000190   Data          52  hard_config.o(.data)
    Adc_HW                                   0x200001c4   Data         112  hard_config.o(.data)
    Spi_HW                                   0x20000234   Data         104  hard_config.o(.data)
    DevDetect_HW                             0x2000029c   Data          20  hard_config.o(.data)
    UCG1_HW                                  0x200002b0   Data          20  hard_config.o(.data)
    DevAddr_HW                               0x200002c4   Data          96  hard_config.o(.data)
    DO_HW                                    0x20000324   Data          20  hard_config.o(.data)
    Led_HW                                   0x20000338   Data          20  hard_config.o(.data)
    Button_HW                                0x2000034c   Data          20  hard_config.o(.data)
    FlashErrCtr                              0x20000360   Data           1  flash_driver.o(.data)
    Flash                                    0x20000364   Data           8  flash_driver.o(.data)
    I2C::TI2C::SlaveAddrFlag                 0x2000038a   Data           1  i2c_driver.o(.data)
    pxCurrentTCB                             0x200003b0   Data           4  tasks.o(.data)
    TmpParam                                 0x20000408   Data           4  lev_gauge_to_pc.o(.data)
    UIF                                      0x2000040c   Data           1  lev_gauge_to_pc.o(.data)
    nCapDiff                                 0x2000040e   Data           2  lev_gauge_to_pc.o(.data)
    ParamHandle                              0x20000410   Data         192  lev_gauge_to_pc.o(.data)
    SystemCoreClock                          0x200004d0   Data           4  system_stm32l4xx.o(.data)
    __microlib_freelist                      0x200004d8   Data           4  mvars.o(.data)
    __microlib_freelist_initialised          0x200004dc   Data           4  mvars.o(.data)
    Btn                                      0x200004e0   Data          16  button.o(.bss)
    Led                                      0x200004f0   Data          16  led.o(.bss)
    UCG1                                     0x20000500   Data          16  led.o(.bss)
    AD8402                                   0x20000510   Data         104  ad8402.o(.bss)
    Model                                    0x20000578   Data         184  model.o(.bss)
    xQueueRegistry                           0x20001630   Data          64  queue.o(.bss)
    Settings                                 0x20001788   Data          46  settings.o(.bss)
    Data                                     0x200017b8   Data       30000  lev_gauge_to_pc.o(.bss)
    ExchngToPC                               0x20008ce8   Data          88  lev_gauge_to_pc.o(.bss)



==============================================================================

Memory Map of the image

  Image Entry point : 0x0800018d

  Load Region LR_IROM1 (Base: 0x08000000, Size: 0x00006344, Max: 0x0001ec00, ABSOLUTE, COMPRESSED[0x00005fbc])

    Execution Region APP_ROM (Exec base: 0x08000000, Load base: 0x08000000, Size: 0x00005e64, Max: 0x0001ec00, ABSOLUTE)

    Exec Addr    Load Addr    Size         Type   Attr      Idx    E Section Name        Object

    0x08000000   0x08000000   0x0000018c   Data   RO         4465    RESET               startup_stm32l431xx.o
    0x0800018c   0x0800018c   0x00000000   Code   RO         5403  * .ARM.Collect$$$$00000000  mc_w.l(entry.o)
    0x0800018c   0x0800018c   0x00000004   Code   RO         5419    .ARM.Collect$$$$00000001  mc_w.l(entry2.o)
    0x08000190   0x08000190   0x00000004   Code   RO         5422    .ARM.Collect$$$$00000004  mc_w.l(entry5.o)
    0x08000194   0x08000194   0x00000000   Code   RO         5424    .ARM.Collect$$$$00000008  mc_w.l(entry7b.o)
    0x08000194   0x08000194   0x00000004   Code   RO         5425    .ARM.Collect$$$$00000009  mc_w.l(entry8a.o)
    0x08000198   0x08000198   0x00000000   Code   RO         5426    .ARM.Collect$$$$0000000A  mc_w.l(entry8b.o)
    0x08000198   0x08000198   0x00000008   Code   RO         5427    .ARM.Collect$$$$0000000B  mc_w.l(entry9a.o)
    0x080001a0   0x080001a0   0x00000000   Code   RO         5429    .ARM.Collect$$$$0000000D  mc_w.l(entry10a.o)
    0x080001a0   0x080001a0   0x00000004   Code   RO         5430    .ARM.Collect$$$$0000000E  mc_w.l(entry10b.o)
    0x080001a4   0x080001a4   0x00000000   Code   RO         5431    .ARM.Collect$$$$0000000F  mc_w.l(entry11a.o)
    0x080001a4   0x080001a4   0x00000004   Code   RO         5420    .ARM.Collect$$$$00002712  mc_w.l(entry2.o)
    0x080001a8   0x080001a8   0x000000de   Code   RO         2814    .emb_text           port.o
    0x08000286   0x08000286   0x00000002   PAD
    0x08000288   0x08000288   0x00000024   Code   RO         4466    .text               startup_stm32l431xx.o
    0x080002ac   0x080002ac   0x00000024   Code   RO         5406    .text               mc_w.l(memcpya.o)
    0x080002d0   0x080002d0   0x00000024   Code   RO         5408    .text               mc_w.l(memseta.o)
    0x080002f4   0x080002f4   0x00000020   Code   RO         5415    .text               mc_w.l(cpp_init.o)
    0x08000314   0x08000314   0x0000002e   Code   RO         5417    .text               mc_w.l(aeabi_atexit.o)
    0x08000342   0x08000342   0x00000002   PAD
    0x08000344   0x08000344   0x00000008   Code   RO         5461    .text               mc_w.l(cpp_dtor.o)
    0x0800034c   0x0800034c   0x00000042   Code   RO         5464    .text               mc_w.l(cxa_finalize.o)
    0x0800038e   0x0800038e   0x00000002   PAD
    0x08000390   0x08000390   0x00000024   Code   RO         5466    .text               mc_w.l(init.o)
    0x080003b4   0x080003b4   0x00000002   Code   RO         5470    .text               mc_w.l(cpp_final.o)
    0x080003b6   0x080003b6   0x00000056   Code   RO         5480    .text               mc_w.l(__dczerorl2.o)
    0x0800040c   0x0800040c   0x00000068   Code   RO         3905    i.EXTI15_10_IRQHandler  lev_gauge_to_pc.o
    0x08000474   0x08000474   0x00000010   Code   RO         1936    i.FLASH_IRQHandler  flash_driver.o
    0x08000484   0x08000484   0x00000002   Code   RO         2115    i.I2C1_ER_IRQHandler  i2c_driver.o
    0x08000486   0x08000486   0x00000002   PAD
    0x08000488   0x08000488   0x00000058   Code   RO         2116    i.I2C1_EV_IRQHandler  i2c_driver.o
    0x080004e0   0x080004e0   0x00000002   Code   RO         2117    i.I2C2_ER_IRQHandler  i2c_driver.o
    0x080004e2   0x080004e2   0x00000002   Code   RO         2118    i.I2C2_EV_IRQHandler  i2c_driver.o
    0x080004e4   0x080004e4   0x0000004c   Code   RO         4532    i.LL_EXTI_DeInit    Lib.lib(stm32l4xx_ll_exti.o)
    0x08000530   0x08000530   0x00000010   Code   RO         4533    i.LL_EXTI_DisableEvent_0_31  Lib.lib(stm32l4xx_ll_exti.o)
    0x08000540   0x08000540   0x00000010   Code   RO         4534    i.LL_EXTI_DisableEvent_32_63  Lib.lib(stm32l4xx_ll_exti.o)
    0x08000550   0x08000550   0x00000010   Code   RO         4535    i.LL_EXTI_DisableIT_0_31  Lib.lib(stm32l4xx_ll_exti.o)
    0x08000560   0x08000560   0x00000010   Code   RO         4536    i.LL_EXTI_DisableIT_32_63  Lib.lib(stm32l4xx_ll_exti.o)
    0x08000570   0x08000570   0x00000010   Code   RO         4537    i.LL_EXTI_EnableEvent_0_31  Lib.lib(stm32l4xx_ll_exti.o)
    0x08000580   0x08000580   0x00000010   Code   RO         4538    i.LL_EXTI_EnableEvent_32_63  Lib.lib(stm32l4xx_ll_exti.o)
    0x08000590   0x08000590   0x00000010   Code   RO         4539    i.LL_EXTI_EnableFallingTrig_0_31  Lib.lib(stm32l4xx_ll_exti.o)
    0x080005a0   0x080005a0   0x00000010   Code   RO         4540    i.LL_EXTI_EnableFallingTrig_32_63  Lib.lib(stm32l4xx_ll_exti.o)
    0x080005b0   0x080005b0   0x00000010   Code   RO         4541    i.LL_EXTI_EnableIT_0_31  Lib.lib(stm32l4xx_ll_exti.o)
    0x080005c0   0x080005c0   0x00000010   Code   RO         4542    i.LL_EXTI_EnableIT_32_63  Lib.lib(stm32l4xx_ll_exti.o)
    0x080005d0   0x080005d0   0x00000010   Code   RO         4543    i.LL_EXTI_EnableRisingTrig_0_31  Lib.lib(stm32l4xx_ll_exti.o)
    0x080005e0   0x080005e0   0x00000010   Code   RO         4544    i.LL_EXTI_EnableRisingTrig_32_63  Lib.lib(stm32l4xx_ll_exti.o)
    0x080005f0   0x080005f0   0x0000016c   Code   RO         4545    i.LL_EXTI_Init      Lib.lib(stm32l4xx_ll_exti.o)
    0x0800075c   0x0800075c   0x00000144   Code   RO         4660    i.LL_GPIO_Init      Lib.lib(stm32l4xx_ll_gpio.o)
    0x080008a0   0x080008a0   0x0000001c   Code   RO         5290    i.LL_Init1msTick    Lib.lib(stm32l4xx_ll_utils.o)
    0x080008bc   0x080008bc   0x00000024   Code   RO         4772    i.LL_RCC_GetSystemClocksFreq  Lib.lib(stm32l4xx_ll_rcc.o)
    0x080008e0   0x080008e0   0x0000011c   Code   RO         4773    i.LL_RCC_GetUSARTClockFreq  Lib.lib(stm32l4xx_ll_rcc.o)
    0x080009fc   0x080009fc   0x00000014   Code   RO         4774    i.LL_RCC_GetUSARTClockSource  Lib.lib(stm32l4xx_ll_rcc.o)
    0x08000a10   0x08000a10   0x00000010   Code   RO         4776    i.LL_RCC_HSI_IsReady  Lib.lib(stm32l4xx_ll_rcc.o)
    0x08000a20   0x08000a20   0x00000010   Code   RO         4777    i.LL_RCC_LSE_IsReady  Lib.lib(stm32l4xx_ll_rcc.o)
    0x08000a30   0x08000a30   0x00000010   Code   RO         4779    i.LL_RCC_MSI_GetRange  Lib.lib(stm32l4xx_ll_rcc.o)
    0x08000a40   0x08000a40   0x00000010   Code   RO         4780    i.LL_RCC_MSI_GetRangeAfterStandby  Lib.lib(stm32l4xx_ll_rcc.o)
    0x08000a50   0x08000a50   0x00000010   Code   RO         4781    i.LL_RCC_MSI_IsEnabledRangeSelect  Lib.lib(stm32l4xx_ll_rcc.o)
    0x08000a60   0x08000a60   0x00000010   Code   RO         4785    i.LL_RCC_PLL_GetDivider  Lib.lib(stm32l4xx_ll_rcc.o)
    0x08000a70   0x08000a70   0x00000010   Code   RO         4786    i.LL_RCC_PLL_GetMainSource  Lib.lib(stm32l4xx_ll_rcc.o)
    0x08000a80   0x08000a80   0x00000010   Code   RO         4787    i.LL_RCC_PLL_GetN   Lib.lib(stm32l4xx_ll_rcc.o)
    0x08000a90   0x08000a90   0x0000000c   Code   RO         5300    i.LL_SetSystemCoreClock  Lib.lib(stm32l4xx_ll_utils.o)
    0x08000a9c   0x08000a9c   0x00000084   Code   RO         5062    i.LL_TIM_Init       Lib.lib(stm32l4xx_ll_tim.o)
    0x08000b20   0x08000b20   0x000000e0   Code   RO         5226    i.LL_USART_Init     Lib.lib(stm32l4xx_ll_usart.o)
    0x08000c00   0x08000c00   0x0000000a   Code   RO         5227    i.LL_USART_IsEnabled  Lib.lib(stm32l4xx_ll_usart.o)
    0x08000c0a   0x08000c0a   0x00000002   PAD
    0x08000c0c   0x08000c0c   0x00000020   Code   RO         4789    i.RCC_GetHCLKClockFreq  Lib.lib(stm32l4xx_ll_rcc.o)
    0x08000c2c   0x08000c2c   0x00000024   Code   RO         4790    i.RCC_GetPCLK1ClockFreq  Lib.lib(stm32l4xx_ll_rcc.o)
    0x08000c50   0x08000c50   0x00000024   Code   RO         4791    i.RCC_GetPCLK2ClockFreq  Lib.lib(stm32l4xx_ll_rcc.o)
    0x08000c74   0x08000c74   0x000000bc   Code   RO         4792    i.RCC_GetSystemClockFreq  Lib.lib(stm32l4xx_ll_rcc.o)
    0x08000d30   0x08000d30   0x000000d8   Code   RO         4798    i.RCC_PLL_GetFreqDomain_SYS  Lib.lib(stm32l4xx_ll_rcc.o)
    0x08000e08   0x08000e08   0x00000034   Code   RO         2815    i.SysTick_Handler   port.o
    0x08000e3c   0x08000e3c   0x00000050   Code   RO         4474    i.SystemInit        system_stm32l4xx.o
    0x08000e8c   0x08000e8c   0x00000078   Code   RO         3906    i.TIM1_BRK_TIM15_IRQHandler  lev_gauge_to_pc.o
    0x08000f04   0x08000f04   0x00000038   Code   RO         1937    i.TIM6_DAC_IRQHandler  flash_driver.o
    0x08000f3c   0x08000f3c   0x00000014   Code   RO         2350    i._Z10FLASH_Lockv   old_flash_lib.o
    0x08000f50   0x08000f50   0x00000254   Code   RO          613    i._Z11cfg_sys_clkv  main.o
    0x080011a4   0x080011a4   0x00000024   Code   RO         2351    i._Z12FLASH_Unlockv  old_flash_lib.o
    0x080011c8   0x080011c8   0x00000038   Code   RO         2352    i._Z15FLASH_GetStatusv  old_flash_lib.o
    0x08001200   0x08001200   0x00000108   Code   RO         3907    i._Z15lev_gauge_to_pcPv  lev_gauge_to_pc.o
    0x08001308   0x08001308   0x00000038   Code   RO         3590    i._ZN10TExtMaster10all_pkt_txEPKht  ext_master.o
    0x08001340   0x08001340   0x00000006   Code   RO         3591    i._ZN10TExtMaster10no_wrap_txEPKht  ext_master.o
    0x08001346   0x08001346   0x0000002e   Code   RO         3592    i._ZN10TExtMaster13start_wrap_txEPKht  ext_master.o
    0x08001374   0x08001374   0x0000000c   Code   RO         3593    i._ZN10TExtMaster14finish_wrap_txEPKht  ext_master.o
    0x08001380   0x08001380   0x0000008a   Code   RO         3594    i._ZN10TExtMaster7tx_dataEPKhtNS_11TWrapTxSignE  ext_master.o
    0x0800140a   0x0800140a   0x0000000e   Code   RO         3595    i._ZN10TExtMaster8get_dataEv  ext_master.o
    0x08001418   0x08001418   0x00000076   Code   RO         3596    i._ZN10TExtMaster9parse_pktEv  ext_master.o
    0x0800148e   0x0800148e   0x00000002   PAD
    0x08001490   0x08001490   0x0000002c   Code   RO         3597    i._ZN10TExtMasterC1ERK9TUsart_HW  ext_master.o
    0x080014bc   0x080014bc   0x00000010   Code   RO         3598    i._ZN10TExtMasterD1Ev  ext_master.o
    0x080014cc   0x080014cc   0x00000010   Code   RO         3908    i._ZN11TExchngToPC11rx_set_fregEPNS_12TParamHandleE  lev_gauge_to_pc.o
    0x080014dc   0x080014dc   0x00000014   Code   RO         3909    i._ZN11TExchngToPC11tx_set_fregEPNS_12TParamHandleE  lev_gauge_to_pc.o
    0x080014f0   0x080014f0   0x000001f8   Code   RO         3910    i._ZN11TExchngToPC12rx_start_adcEPNS_12TParamHandleE  lev_gauge_to_pc.o
    0x080016e8   0x080016e8   0x000000aa   Code   RO         3911    i._ZN11TExchngToPC12tmr_cmp_initEv  lev_gauge_to_pc.o
    0x08001792   0x08001792   0x00000014   Code   RO         3912    i._ZN11TExchngToPC13set_diff_freqEt  lev_gauge_to_pc.o
    0x080017a6   0x080017a6   0x000000b0   Code   RO         3913    i._ZN11TExchngToPC13tmr_diff_initEv  lev_gauge_to_pc.o
    0x08001856   0x08001856   0x0000011e   Code   RO         3914    i._ZN11TExchngToPC13tmr_freg_initEv  lev_gauge_to_pc.o
    0x08001974   0x08001974   0x000000dc   Code   RO         3915    i._ZN11TExchngToPC14init_diff_extiEj  lev_gauge_to_pc.o
    0x08001a50   0x08001a50   0x00000080   Code   RO         3916    i._ZN11TExchngToPC14rx_cmp_captureEPNS_12TParamHandleE  lev_gauge_to_pc.o
    0x08001ad0   0x08001ad0   0x00000038   Code   RO         3917    i._ZN11TExchngToPC14tx_cmp_captureEPNS_12TParamHandleE  lev_gauge_to_pc.o
    0x08001b08   0x08001b08   0x000000dc   Code   RO         3918    i._ZN11TExchngToPC15rx_diff_captureEPNS_12TParamHandleE  lev_gauge_to_pc.o
    0x08001be4   0x08001be4   0x00000038   Code   RO         3919    i._ZN11TExchngToPC15tx_diff_captureEPNS_12TParamHandleE  lev_gauge_to_pc.o
    0x08001c1c   0x08001c1c   0x0000000a   Code   RO         3920    i._ZN11TExchngToPC16deinit_diff_extiEv  lev_gauge_to_pc.o
    0x08001c26   0x08001c26   0x00000002   PAD
    0x08001c28   0x08001c28   0x00000048   Code   RO         3921    i._ZN11TExchngToPC16rx_set_pos_pot_1EPNS_12TParamHandleE  lev_gauge_to_pc.o
    0x08001c70   0x08001c70   0x00000048   Code   RO         3922    i._ZN11TExchngToPC16rx_set_pos_pot_2EPNS_12TParamHandleE  lev_gauge_to_pc.o
    0x08001cb8   0x08001cb8   0x00000014   Code   RO         3923    i._ZN11TExchngToPC16tx_set_pos_pot_1EPNS_12TParamHandleE  lev_gauge_to_pc.o
    0x08001ccc   0x08001ccc   0x00000014   Code   RO         3924    i._ZN11TExchngToPC16tx_set_pos_pot_2EPNS_12TParamHandleE  lev_gauge_to_pc.o
    0x08001ce0   0x08001ce0   0x00000010   Code   RO         3925    i._ZN11TExchngToPC17rx_set_duty_cycleEPNS_12TParamHandleE  lev_gauge_to_pc.o
    0x08001cf0   0x08001cf0   0x00000014   Code   RO         3926    i._ZN11TExchngToPC17tx_set_duty_cycleEPNS_12TParamHandleE  lev_gauge_to_pc.o
    0x08001d04   0x08001d04   0x0000000e   Code   RO         3927    i._ZN11TExchngToPC19get_upd_demand_flagEv  lev_gauge_to_pc.o
    0x08001d12   0x08001d12   0x0000000a   Code   RO         3928    i._ZN11TExchngToPC19set_upd_demand_flagEb  lev_gauge_to_pc.o
    0x08001d1c   0x08001d1c   0x00000016   Code   RO         3929    i._ZN11TExchngToPC5iserrEf  lev_gauge_to_pc.o
    0x08001d32   0x08001d32   0x00000002   PAD
    0x08001d34   0x08001d34   0x00000038   Code   RO         3930    i._ZN11TExchngToPC6en_adcEv  lev_gauge_to_pc.o
    0x08001d6c   0x08001d6c   0x00000038   Code   RO         3931    i._ZN11TExchngToPC6tx_adcEPNS_12TParamHandleE  lev_gauge_to_pc.o
    0x08001da4   0x08001da4   0x00000078   Code   RO         3932    i._ZN11TExchngToPC7adc_calEv  lev_gauge_to_pc.o
    0x08001e1c   0x08001e1c   0x0000015c   Code   RO         3933    i._ZN11TExchngToPC7cnt_pwmEv  lev_gauge_to_pc.o
    0x08001f78   0x08001f78   0x0000007c   Code   RO         3934    i._ZN11TExchngToPC7dis_adcEv  lev_gauge_to_pc.o
    0x08001ff4   0x08001ff4   0x00000026   Code   RO         3935    i._ZN11TExchngToPC7set_pwmERKNS_4TPwmE  lev_gauge_to_pc.o
    0x0800201a   0x0800201a   0x00000014   Code   RO         3936    i._ZN11TExchngToPC7tx_testEPNS_12TParamHandleE  lev_gauge_to_pc.o
    0x0800202e   0x0800202e   0x00000002   PAD
    0x08002030   0x08002030   0x00000090   Code   RO         3937    i._ZN11TExchngToPC8adc_initEv  lev_gauge_to_pc.o
    0x080020c0   0x080020c0   0x00000048   Code   RO         3938    i._ZN11TExchngToPC8ctrl_pwmEPNS_12TParamHandleE  lev_gauge_to_pc.o
    0x08002108   0x08002108   0x00000044   Code   RO         3939    i._ZN11TExchngToPC9chk_rangeEfRKNS_6TRangeE  lev_gauge_to_pc.o
    0x0800214c   0x0800214c   0x0000005c   Code   RO         3940    i._ZN11TExchngToPCC1ERK9TUsart_HWRK7TTmr_HWS5_S5_RK7TAdc_HW  lev_gauge_to_pc.o
    0x080021a8   0x080021a8   0x00000010   Code   RO         3941    i._ZN11TExchngToPCD1Ev  lev_gauge_to_pc.o
    0x080021b8   0x080021b8   0x00000006   Code   RO          165    i._ZN12T_RS_485_phy10get_configEv  rs-485_phy.o
    0x080021be   0x080021be   0x00000008   Code   RO          167    i._ZN12T_RS_485_phyC1Ev  rs-485_phy.o
    0x080021c6   0x080021c6   0x00000002   Code   RO          168    i._ZN12T_RS_485_phyD1Ev  rs-485_phy.o
    0x080021c8   0x080021c8   0x00000004   Code   RO          324    i._ZN23_INTERNAL_7_Led_cpp_Led22LL_GPIO_ResetOutputPinEP12GPIO_TypeDefj  led.o
    0x080021cc   0x080021cc   0x00000044   Code   RO          616    i._ZN29_INTERNAL_8_main_cpp_6396510212create_tasksEv  main.o
    0x08002210   0x08002210   0x00000054   Code   RO          617    i._ZN29_INTERNAL_8_main_cpp_6396510212init_mx_gpioEv  main.o
    0x08002264   0x08002264   0x00000002   Code   RO          618    i._ZN29_INTERNAL_8_main_cpp_6396510213create_timersEv  main.o
    0x08002266   0x08002266   0x00000002   PAD
    0x08002268   0x08002268   0x00000030   Code   RO          619    i._ZN29_INTERNAL_8_main_cpp_6396510214create_mutexesEv  main.o
    0x08002298   0x08002298   0x0000016c   Code   RO          620    i._ZN29_INTERNAL_8_main_cpp_6396510214create_semphrsEv  main.o
    0x08002404   0x08002404   0x00000028   Code   RO          621    i._ZN29_INTERNAL_8_main_cpp_6396510216NVIC_SetPriorityE9IRQn_Typej  main.o
    0x0800242c   0x0800242c   0x00000002   Code   RO          622    i._ZN29_INTERNAL_8_main_cpp_6396510217check_create_taskEl  main.o
    0x0800242e   0x0800242e   0x00000002   PAD
    0x08002430   0x08002430   0x00000010   Code   RO          623    i._ZN29_INTERNAL_8_main_cpp_6396510218LL_RCC_MSI_IsReadyEv  main.o
    0x08002440   0x08002440   0x00000002   Code   RO          624    i._ZN29_INTERNAL_8_main_cpp_6396510218check_create_mutexEPv  main.o
    0x08002442   0x08002442   0x00000040   Code   RO          626    i._ZN29_INTERNAL_8_main_cpp_6396510219NVIC_EncodePriorityEjjj  main.o
    0x08002482   0x08002482   0x00000002   Code   RO          627    i._ZN29_INTERNAL_8_main_cpp_6396510219check_create_semphrEPv  main.o
    0x08002484   0x08002484   0x00000010   Code   RO          628    i._ZN29_INTERNAL_8_main_cpp_6396510224NVIC_GetPriorityGroupingEv  main.o
    0x08002494   0x08002494   0x000000fc   Code   RO          629    i._ZN29_INTERNAL_8_main_cpp_639651027init_llEv  main.o
    0x08002590   0x08002590   0x00000004   Code   RO          458    i._ZN30_INTERNAL_10_AD8402_cpp_AD840220LL_GPIO_SetOutputPinEP12GPIO_TypeDefj  ad8402.o
    0x08002594   0x08002594   0x00000004   Code   RO          459    i._ZN30_INTERNAL_10_AD8402_cpp_AD840222LL_GPIO_ResetOutputPinEP12GPIO_TypeDefj  ad8402.o
    0x08002598   0x08002598   0x0000001c   Code   RO          964    i._ZN35_INTERNAL_15_hard_config_cpp_Pot_HW24LL_AHB2_GRP1_EnableClockEj  hard_config.o
    0x080025b4   0x080025b4   0x0000001c   Code   RO          965    i._ZN35_INTERNAL_15_hard_config_cpp_Pot_HW24LL_APB1_GRP1_EnableClockEj  hard_config.o
    0x080025d0   0x080025d0   0x0000001c   Code   RO          966    i._ZN35_INTERNAL_15_hard_config_cpp_Pot_HW24LL_APB2_GRP1_EnableClockEj  hard_config.o
    0x080025ec   0x080025ec   0x00000018   Code   RO          967    i._ZN35_INTERNAL_15_hard_config_cpp_Pot_HW24LL_RCC_SetADCClockSourceEj  hard_config.o
    0x08002604   0x08002604   0x000000c8   Code   RO         2120    i._ZN36_INTERNAL_14_I2C_driver_cpp_0101a1c113dks_tc_activeEv  i2c_driver.o
    0x080026cc   0x080026cc   0x00000070   Code   RO         2122    i._ZN36_INTERNAL_14_I2C_driver_cpp_0101a1c115dks_rxne_activeEv  i2c_driver.o
    0x0800273c   0x0800273c   0x00000070   Code   RO         2123    i._ZN36_INTERNAL_14_I2C_driver_cpp_0101a1c115dks_stop_activeEv  i2c_driver.o
    0x080027ac   0x080027ac   0x00000080   Code   RO         2124    i._ZN36_INTERNAL_14_I2C_driver_cpp_0101a1c115dks_txis_activeEv  i2c_driver.o
    0x0800282c   0x0800282c   0x0000000a   Code   RO         2125    i._ZN36_INTERNAL_14_I2C_driver_cpp_0101a1c119LL_I2C_DisableIT_TCEP11I2C_TypeDef  i2c_driver.o
    0x08002836   0x08002836   0x0000000a   Code   RO         2126    i._ZN36_INTERNAL_14_I2C_driver_cpp_0101a1c119LL_I2C_DisableIT_TXEP11I2C_TypeDef  i2c_driver.o
    0x08002840   0x08002840   0x0000000c   Code   RO         2127    i._ZN36_INTERNAL_14_I2C_driver_cpp_0101a1c119LL_I2C_SetSlaveAddrEP11I2C_TypeDefj  i2c_driver.o
    0x0800284c   0x0800284c   0x00000004   Code   RO         2128    i._ZN36_INTERNAL_14_I2C_driver_cpp_0101a1c120LL_I2C_TransmitData8EP11I2C_TypeDefh  i2c_driver.o
    0x08002850   0x08002850   0x0000000a   Code   RO         2130    i._ZN36_INTERNAL_14_I2C_driver_cpp_0101a1c121LL_I2C_ClearFlag_STOPEP11I2C_TypeDef  i2c_driver.o
    0x0800285a   0x0800285a   0x0000000e   Code   RO         2131    i._ZN36_INTERNAL_14_I2C_driver_cpp_0101a1c122LL_I2C_SetTransferSizeEP11I2C_TypeDefj  i2c_driver.o
    0x08002868   0x08002868   0x0000000c   Code   RO         2132    i._ZN36_INTERNAL_14_I2C_driver_cpp_0101a1c125LL_I2C_SetTransferRequestEP11I2C_TypeDefj  i2c_driver.o
    0x08002874   0x08002874   0x0000000a   Code   RO         2133    i._ZN36_INTERNAL_14_I2C_driver_cpp_0101a1c129LL_I2C_GenerateStartConditionEP11I2C_TypeDef  i2c_driver.o
    0x0800287e   0x0800287e   0x00000002   PAD
    0x08002880   0x08002880   0x00000010   Code   RO         3942    i._ZN36_INTERNAL_19_lev_gauge_to_pc_cpp_UIF14LL_ADC_DisableEP11ADC_TypeDef  lev_gauge_to_pc.o
    0x08002890   0x08002890   0x00000016   Code   RO         3943    i._ZN36_INTERNAL_19_lev_gauge_to_pc_cpp_UIF14NVIC_EnableIRQE9IRQn_Type  lev_gauge_to_pc.o
    0x080028a6   0x080028a6   0x0000000a   Code   RO         3944    i._ZN36_INTERNAL_19_lev_gauge_to_pc_cpp_UIF16LL_ADC_IsEnabledEP11ADC_TypeDef  lev_gauge_to_pc.o
    0x080028b0   0x080028b0   0x00000028   Code   RO         3945    i._ZN36_INTERNAL_19_lev_gauge_to_pc_cpp_UIF16NVIC_SetPriorityE9IRQn_Typej  lev_gauge_to_pc.o
    0x080028d8   0x080028d8   0x00000084   Code   RO         3946    i._ZN36_INTERNAL_19_lev_gauge_to_pc_cpp_UIF17LL_TIM_OC_SetModeEP11TIM_TypeDefjj  lev_gauge_to_pc.o
    0x0800295c   0x0800295c   0x00000004   Code   RO         3947    i._ZN36_INTERNAL_19_lev_gauge_to_pc_cpp_UIF17LL_TIM_SetCounterEP11TIM_TypeDefj  lev_gauge_to_pc.o
    0x08002960   0x08002960   0x00000028   Code   RO         3948    i._ZN36_INTERNAL_19_lev_gauge_to_pc_cpp_UIF18LL_GPIO_SetPinModeEP12GPIO_TypeDefjj  lev_gauge_to_pc.o
    0x08002988   0x08002988   0x00000028   Code   RO         3949    i._ZN36_INTERNAL_19_lev_gauge_to_pc_cpp_UIF18LL_GPIO_SetPinPullEP12GPIO_TypeDefjj  lev_gauge_to_pc.o
    0x080029b0   0x080029b0   0x00000028   Code   RO         3950    i._ZN36_INTERNAL_19_lev_gauge_to_pc_cpp_UIF19LL_GPIO_SetPinSpeedEP12GPIO_TypeDefjj  lev_gauge_to_pc.o
    0x080029d8   0x080029d8   0x00000080   Code   RO         3951    i._ZN36_INTERNAL_19_lev_gauge_to_pc_cpp_UIF19LL_TIM_IC_SetFilterEP11TIM_TypeDefjj  lev_gauge_to_pc.o
    0x08002a58   0x08002a58   0x00000004   Code   RO         3952    i._ZN36_INTERNAL_19_lev_gauge_to_pc_cpp_UIF19LL_TIM_SetPrescalerEP11TIM_TypeDefj  lev_gauge_to_pc.o
    0x08002a5c   0x08002a5c   0x00000010   Code   RO         3953    i._ZN36_INTERNAL_19_lev_gauge_to_pc_cpp_UIF19LL_TIM_SetSlaveModeEP11TIM_TypeDefj  lev_gauge_to_pc.o
    0x08002a6c   0x08002a6c   0x00000040   Code   RO         3954    i._ZN36_INTERNAL_19_lev_gauge_to_pc_cpp_UIF19NVIC_EncodePriorityEjjj  lev_gauge_to_pc.o
    0x08002aac   0x08002aac   0x00000028   Code   RO         3955    i._ZN36_INTERNAL_19_lev_gauge_to_pc_cpp_UIF20LL_GPIO_SetAFPin_0_7EP12GPIO_TypeDefjj  lev_gauge_to_pc.o
    0x08002ad4   0x08002ad4   0x0000000a   Code   RO         3956    i._ZN36_INTERNAL_19_lev_gauge_to_pc_cpp_UIF20LL_TIM_EnableCounterEP11TIM_TypeDef  lev_gauge_to_pc.o
    0x08002ade   0x08002ade   0x00000004   Code   RO         3957    i._ZN36_INTERNAL_19_lev_gauge_to_pc_cpp_UIF20LL_TIM_SetAutoReloadEP11TIM_TypeDefj  lev_gauge_to_pc.o
    0x08002ae2   0x08002ae2   0x0000000a   Code   RO         3958    i._ZN36_INTERNAL_19_lev_gauge_to_pc_cpp_UIF21LL_TIM_DisableCounterEP11TIM_TypeDef  lev_gauge_to_pc.o
    0x08002aec   0x08002aec   0x0000006c   Code   RO         3959    i._ZN36_INTERNAL_19_lev_gauge_to_pc_cpp_UIF21LL_TIM_IC_SetPolarityEP11TIM_TypeDefjj  lev_gauge_to_pc.o
    0x08002b58   0x08002b58   0x00000006   Code   RO         3960    i._ZN36_INTERNAL_19_lev_gauge_to_pc_cpp_UIF22LL_ADC_ClearFlag_ADRDYEP11ADC_TypeDef  lev_gauge_to_pc.o
    0x08002b5e   0x08002b5e   0x00000002   PAD
    0x08002b60   0x08002b60   0x00000080   Code   RO         3961    i._ZN36_INTERNAL_19_lev_gauge_to_pc_cpp_UIF22LL_TIM_IC_SetPrescalerEP11TIM_TypeDefjj  lev_gauge_to_pc.o
    0x08002be0   0x08002be0   0x000000b0   Code   RO         3962    i._ZN36_INTERNAL_19_lev_gauge_to_pc_cpp_UIF22LL_TIM_OC_ConfigOutputEP11TIM_TypeDefjj  lev_gauge_to_pc.o
    0x08002c90   0x08002c90   0x0000000a   Code   RO         3963    i._ZN36_INTERNAL_19_lev_gauge_to_pc_cpp_UIF23LL_ADC_IsDisableOngoingEP11ADC_TypeDef  lev_gauge_to_pc.o
    0x08002c9a   0x08002c9a   0x00000008   Code   RO         3964    i._ZN36_INTERNAL_19_lev_gauge_to_pc_cpp_UIF23LL_TIM_CC_EnableChannelEP11TIM_TypeDefj  lev_gauge_to_pc.o
    0x08002ca2   0x08002ca2   0x00000008   Code   RO         3965    i._ZN36_INTERNAL_19_lev_gauge_to_pc_cpp_UIF23LL_TIM_ClearFlag_UPDATEEP11TIM_TypeDef  lev_gauge_to_pc.o
    0x08002caa   0x08002caa   0x0000000a   Code   RO         3966    i._ZN36_INTERNAL_19_lev_gauge_to_pc_cpp_UIF23LL_TIM_EnableARRPreloadEP11TIM_TypeDef  lev_gauge_to_pc.o
    0x08002cb4   0x08002cb4   0x0000000a   Code   RO         3967    i._ZN36_INTERNAL_19_lev_gauge_to_pc_cpp_UIF23LL_TIM_EnableAllOutputsEP11TIM_TypeDef  lev_gauge_to_pc.o
    0x08002cbe   0x08002cbe   0x00000002   PAD
    0x08002cc0   0x08002cc0   0x00000074   Code   RO         3968    i._ZN36_INTERNAL_19_lev_gauge_to_pc_cpp_UIF23LL_TIM_OC_EnablePreloadEP11TIM_TypeDefj  lev_gauge_to_pc.o
    0x08002d34   0x08002d34   0x00000004   Code   RO         3969    i._ZN36_INTERNAL_19_lev_gauge_to_pc_cpp_UIF23LL_TIM_OC_SetCompareCH1EP11TIM_TypeDefj  lev_gauge_to_pc.o
    0x08002d38   0x08002d38   0x00000080   Code   RO         3970    i._ZN36_INTERNAL_19_lev_gauge_to_pc_cpp_UIF24LL_TIM_IC_SetActiveInputEP11TIM_TypeDefjj  lev_gauge_to_pc.o
    0x08002db8   0x08002db8   0x00000010   Code   RO         3971    i._ZN36_INTERNAL_19_lev_gauge_to_pc_cpp_UIF24NVIC_GetPriorityGroupingEv  lev_gauge_to_pc.o
    0x08002dc8   0x08002dc8   0x00000014   Code   RO         3972    i._ZN36_INTERNAL_19_lev_gauge_to_pc_cpp_UIF25LL_ADC_REG_StopConversionEP11ADC_TypeDef  lev_gauge_to_pc.o
    0x08002ddc   0x08002ddc   0x0000000a   Code   RO         3973    i._ZN36_INTERNAL_19_lev_gauge_to_pc_cpp_UIF26LL_TIM_IsActiveFlag_UPDATEEP11TIM_TypeDef  lev_gauge_to_pc.o
    0x08002de6   0x08002de6   0x0000000a   Code   RO         3974    i._ZN36_INTERNAL_19_lev_gauge_to_pc_cpp_UIF27LL_TIM_GenerateEvent_UPDATEEP11TIM_TypeDef  lev_gauge_to_pc.o
    0x08002df0   0x08002df0   0x0000000a   Code   RO         3975    i._ZN36_INTERNAL_19_lev_gauge_to_pc_cpp_UIF30LL_ADC_INJ_IsConversionOngoingEP11ADC_TypeDef  lev_gauge_to_pc.o
    0x08002dfa   0x08002dfa   0x0000000a   Code   RO         3976    i._ZN36_INTERNAL_19_lev_gauge_to_pc_cpp_UIF30LL_ADC_REG_IsConversionOngoingEP11ADC_TypeDef  lev_gauge_to_pc.o
    0x08002e04   0x08002e04   0x0000000a   Code   RO         3977    i._ZN36_INTERNAL_19_lev_gauge_to_pc_cpp_UIF34LL_ADC_REG_IsStopConversionOngoingEP11ADC_TypeDef  lev_gauge_to_pc.o
    0x08002e0e   0x08002e0e   0x00000008   Code   RO         1938    i._ZN38_INTERNAL_16_Flash_driver_cpp_d50a58b423LL_TIM_ClearFlag_UPDATEEP11TIM_TypeDef  flash_driver.o
    0x08002e16   0x08002e16   0x00000038   Code   RO         2523    i._ZN39_INTERNAL_17_usart_driver__cpp_b612a17520LL_USART_SetBaudRateEP13USART_TypeDefjjj  usart_driver_.o
    0x08002e4e   0x08002e4e   0x00000008   Code   RO         2524    i._ZN39_INTERNAL_17_usart_driver__cpp_b612a17521LL_USART_ReceiveData8EP13USART_TypeDef  usart_driver_.o
    0x08002e56   0x08002e56   0x0000000a   Code   RO         2526    i._ZN39_INTERNAL_17_usart_driver__cpp_b612a17526LL_USART_IsActiveFlag_RXNEEP13USART_TypeDef  usart_driver_.o
    0x08002e60   0x08002e60   0x0000000a   Code   RO          326    i._ZN4TLed2onEv     led.o
    0x08002e6a   0x08002e6a   0x0000000e   Code   RO          327    i._ZN4TLed3offEv    led.o
    0x08002e78   0x08002e78   0x00000038   Code   RO          328    i._ZN4TLed4initEv   led.o
    0x08002eb0   0x08002eb0   0x0000000e   Code   RO          330    i._ZN4TLedC1ERK4TPinPPv  led.o
    0x08002ebe   0x08002ebe   0x00000002   Code   RO          331    i._ZN4TLedD1Ev      led.o
    0x08002ec0   0x08002ec0   0x0000003c   Code   RO         1940    i._ZN6TFlash10write_setsEPKht  flash_driver.o
    0x08002efc   0x08002efc   0x0000002c   Code   RO         1941    i._ZN6TFlash8get_setsEPht  flash_driver.o
    0x08002f28   0x08002f28   0x00000162   Code   RO         1942    i._ZN6TFlash8init_tmrEv  flash_driver.o
    0x0800308a   0x0800308a   0x00000002   PAD
    0x0800308c   0x0800308c   0x0000001c   Code   RO         1943    i._ZN6TFlashC1Ev    flash_driver.o
    0x080030a8   0x080030a8   0x00000002   Code   RO         1944    i._ZN6TFlashD1Ev    flash_driver.o
    0x080030aa   0x080030aa   0x00000032   Code   RO         1023    i._ZN6TModel10set_accessEN9TSettings7TAccessE  model.o
    0x080030dc   0x080030dc   0x00000016   Code   RO         1053    i._ZN6TModel13get_psw_adminEv  model.o
    0x080030f2   0x080030f2   0x00000016   Code   RO         1054    i._ZN6TModel13get_psw_superEv  model.o
    0x08003108   0x08003108   0x00000010   Code   RO         1057    i._ZN6TModel13handler_calibEsPb  model.o
    0x08003118   0x08003118   0x000000ae   Code   RO         1071    i._ZN6TModel14handler_accessEsPb  model.o
    0x080031c6   0x080031c6   0x00000034   Code   RO         1089    i._ZN6TModel17get_calib_processEv  model.o
    0x080031fa   0x080031fa   0x00000032   Code   RO         1091    i._ZN6TModel17set_calib_processEN9TSettings13TCalibProcessE  model.o
    0x0800322c   0x0800322c   0x00000006   Code   RO         1118    i._ZN6TModel22set_authorize_item_ptrEPKNS_10TAuthorizeE  model.o
    0x08003232   0x08003232   0x00000002   PAD
    0x08003234   0x08003234   0x000000c8   Code   RO         1139    i._ZN6TModelC1ERPv  model.o
    0x080032fc   0x080032fc   0x00000010   Code   RO         1140    i._ZN6TModelD1Ev    model.o
    0x0800330c   0x0800330c   0x00000012   Code   RO         2527    i._ZN6TUsart10disable_rxEv  usart_driver_.o
    0x0800331e   0x0800331e   0x0000005e   Code   RO         2529    i._ZN6TUsart10set_485_hdEjj  usart_driver_.o
    0x0800337c   0x0800337c   0x0000006c   Code   RO         2530    i._ZN6TUsart11write_burstEPKht  usart_driver_.o
    0x080033e8   0x080033e8   0x0000009c   Code   RO         2534    i._ZN6TUsart14pin_clk_configEv  usart_driver_.o
    0x08003484   0x08003484   0x0000002a   Code   RO         2535    i._ZN6TUsart15clr_error_flagsEv  usart_driver_.o
    0x080034ae   0x080034ae   0x00000002   PAD
    0x080034b0   0x080034b0   0x00000134   Code   RO         2537    i._ZN6TUsart7hw_initEh  usart_driver_.o
    0x080035e4   0x080035e4   0x00000018   Code   RO         2538    i._ZN6TUsart7set_232Ejj  usart_driver_.o
    0x080035fc   0x080035fc   0x00000012   Code   RO         2541    i._ZN6TUsart9enable_rxEv  usart_driver_.o
    0x0800360e   0x0800360e   0x00000022   Code   RO         2542    i._ZN6TUsart9read_byteEv  usart_driver_.o
    0x08003630   0x08003630   0x00000028   Code   RO         2543    i._ZN6TUsartC1ERK9TUsart_HWRKNS_5TSetsENS_5TModeE  usart_driver_.o
    0x08003658   0x08003658   0x00000010   Code   RO         2544    i._ZN6TUsartD1Ev    usart_driver_.o
    0x08003668   0x08003668   0x00000004   Code   RO          208    i._ZN7TButtonC1ERK4TPin  button.o
    0x0800366c   0x0800366c   0x00000002   Code   RO          209    i._ZN7TButtonD1Ev   button.o
    0x0800366e   0x0800366e   0x0000002a   Code   RO          461    i._ZN8T_AD840212reverse_bitsEh  ad8402.o
    0x08003698   0x08003698   0x0000008a   Code   RO          462    i._ZN8T_AD840213data_bit_ctrlEPh  ad8402.o
    0x08003722   0x08003722   0x000000ae   Code   RO          463    i._ZN8T_AD84024initEv  ad8402.o
    0x080037d0   0x080037d0   0x0000000e   Code   RO          465    i._ZN8T_AD84026rs_setEv  ad8402.o
    0x080037de   0x080037de   0x0000000e   Code   RO          466    i._ZN8T_AD84027clk_clrEv  ad8402.o
    0x080037ec   0x080037ec   0x0000000e   Code   RO          467    i._ZN8T_AD84027clk_setEv  ad8402.o
    0x080037fa   0x080037fa   0x0000000e   Code   RO          468    i._ZN8T_AD84027sdi_clrEv  ad8402.o
    0x08003808   0x08003808   0x0000000e   Code   RO          469    i._ZN8T_AD84027sdi_setEv  ad8402.o
    0x08003816   0x08003816   0x00000002   PAD
    0x08003818   0x08003818   0x000000c0   Code   RO          470    i._ZN8T_AD84028set_codeEhNS_8TChannelE  ad8402.o
    0x080038d8   0x080038d8   0x0000000e   Code   RO          471    i._ZN8T_AD84028shdn_clrEv  ad8402.o
    0x080038e6   0x080038e6   0x0000000e   Code   RO          472    i._ZN8T_AD84028shdn_setEv  ad8402.o
    0x080038f4   0x080038f4   0x0000000e   Code   RO          473    i._ZN8T_AD84029latch_clrEv  ad8402.o
    0x08003902   0x08003902   0x0000000e   Code   RO          474    i._ZN8T_AD84029latch_setEv  ad8402.o
    0x08003910   0x08003910   0x00000020   Code   RO          475    i._ZN8T_AD8402C1ERK7TPot_HW  ad8402.o
    0x08003930   0x08003930   0x00000002   Code   RO          476    i._ZN8T_AD8402D1Ev  ad8402.o
    0x08003932   0x08003932   0x00000002   PAD
    0x08003934   0x08003934   0x00000084   Code   RO         3673    i._ZN9TSettingsC1Ev  settings.o
    0x080039b8   0x080039b8   0x00000002   Code   RO         3674    i._ZN9TSettingsD1Ev  settings.o
    0x080039ba   0x080039ba   0x00000002   PAD
    0x080039bc   0x080039bc   0x0000005c   Code   RO         1945    i._ZNK6TFlash10erase_pageEj  flash_driver.o
    0x08003a18   0x08003a18   0x00000032   Code   RO         1946    i._ZNK6TFlash10write_pageEPKhtj  flash_driver.o
    0x08003a4a   0x08003a4a   0x00000002   PAD
    0x08003a4c   0x08003a4c   0x00000014   Code   RO         1947    i._ZNK6TFlash15clear_all_errorEv  flash_driver.o
    0x08003a60   0x08003a60   0x000000a8   Code   RO         1948    i._ZNK6TFlash4progEPKjjj  flash_driver.o
    0x08003b08   0x08003b08   0x0000001a   Code   RO         1950    i._ZNK6TFlash8stop_tmrEv  flash_driver.o
    0x08003b22   0x08003b22   0x0000001a   Code   RO         1951    i._ZNK6TFlash9start_tmrEv  flash_driver.o
    0x08003b3c   0x08003b3c   0x00000014   Code   RO         3675    i._ZNK9TSettings10chk_accessEs  settings.o
    0x08003b50   0x08003b50   0x00000014   Code   RO         3684    i._ZNK9TSettings9chk_calibEs  settings.o
    0x08003b64   0x08003b64   0x0000000e   Code   RO         5474    i.__scatterload_copy  mc_w.l(handlers.o)
    0x08003b72   0x08003b72   0x00000002   Code   RO         5475    i.__scatterload_null  mc_w.l(handlers.o)
    0x08003b74   0x08003b74   0x0000000e   Code   RO         5476    i.__scatterload_zeroinit  mc_w.l(handlers.o)
    0x08003b82   0x08003b82   0x00000002   PAD
    0x08003b84   0x08003b84   0x00000028   Code   RO          477    i.__sti___10_AD8402_cpp_AD8402  ad8402.o
    0x08003bac   0x08003bac   0x00000028   Code   RO          211    i.__sti___10_Button_cpp_Btn  button.o
    0x08003bd4   0x08003bd4   0x00000020   Code   RO         3686    i.__sti___12_settings_cpp_Settings  settings.o
    0x08003bf4   0x08003bf4   0x00000020   Code   RO         1952    i.__sti___16_Flash_driver_cpp_d50a58b4  flash_driver.o
    0x08003c14   0x08003c14   0x00000044   Code   RO         3978    i.__sti___19_lev_gauge_to_pc_cpp_UIF  lev_gauge_to_pc.o
    0x08003c58   0x08003c58   0x00000048   Code   RO          332    i.__sti___7_Led_cpp_Led  led.o
    0x08003ca0   0x08003ca0   0x00000010   Code   RO          630    i.__sti___8_main_cpp_63965102  main.o
    0x08003cb0   0x08003cb0   0x00000028   Code   RO         1141    i.__sti___9_model_cpp_Model  model.o
    0x08003cd8   0x08003cd8   0x00000050   Code   RO         5433    i.free              mc_w.l(malloc.o)
    0x08003d28   0x08003d28   0x00000050   Code   RO          631    i.main              main.o
    0x08003d78   0x08003d78   0x0000006c   Code   RO         5434    i.malloc            mc_w.l(malloc.o)
    0x08003de4   0x08003de4   0x00000098   Code   RO         3117    i.prvAddCurrentTaskToDelayedList  tasks.o
    0x08003e7c   0x08003e7c   0x000000b8   Code   RO         3118    i.prvAddNewTaskToReadyList  tasks.o
    0x08003f34   0x08003f34   0x00000064   Code   RO         3457    i.prvCheckForValidListAndQueue  timers.o
    0x08003f98   0x08003f98   0x00000064   Code   RO         3119    i.prvCheckTasksWaitingTermination  tasks.o
    0x08003ffc   0x08003ffc   0x0000002a   Code   RO         2898    i.prvCopyDataFromQueue  queue.o
    0x08004026   0x08004026   0x0000007c   Code   RO         2899    i.prvCopyDataToQueue  queue.o
    0x080040a2   0x080040a2   0x00000012   Code   RO         3120    i.prvDeleteTCB      tasks.o
    0x080040b4   0x080040b4   0x00000028   Code   RO         3458    i.prvGetNextExpireTime  timers.o
    0x080040dc   0x080040dc   0x00000038   Code   RO         2703    i.prvHeapInit       heap_2.o
    0x08004114   0x08004114   0x0000000c   Code   RO         3121    i.prvIdleTask       tasks.o
    0x08004120   0x08004120   0x0000001c   Code   RO         2900    i.prvInitialiseMutex  queue.o
    0x0800413c   0x0800413c   0x0000002a   Code   RO         2901    i.prvInitialiseNewQueue  queue.o
    0x08004166   0x08004166   0x000000ba   Code   RO         3122    i.prvInitialiseNewTask  tasks.o
    0x08004220   0x08004220   0x00000068   Code   RO         3123    i.prvInitialiseTaskLists  tasks.o
    0x08004288   0x08004288   0x00000058   Code   RO         3460    i.prvInsertTimerInActiveList  timers.o
    0x080042e0   0x080042e0   0x0000001a   Code   RO         2902    i.prvIsQueueEmpty   queue.o
    0x080042fa   0x080042fa   0x0000001e   Code   RO         2903    i.prvIsQueueFull    queue.o
    0x08004318   0x08004318   0x00000064   Code   RO         3461    i.prvProcessExpiredTimer  timers.o
    0x0800437c   0x0800437c   0x000000f8   Code   RO         3462    i.prvProcessReceivedCommands  timers.o
    0x08004474   0x08004474   0x00000074   Code   RO         3463    i.prvProcessTimerOrBlockTask  timers.o
    0x080044e8   0x080044e8   0x00000034   Code   RO         3125    i.prvResetNextTaskUnblockTime  tasks.o
    0x0800451c   0x0800451c   0x0000002c   Code   RO         3464    i.prvSampleTimeNow  timers.o
    0x08004548   0x08004548   0x000000a0   Code   RO         3465    i.prvSwitchTimerLists  timers.o
    0x080045e8   0x080045e8   0x00000040   Code   RO         2816    i.prvTaskExitError  port.o
    0x08004628   0x08004628   0x0000001a   Code   RO         3466    i.prvTimerTask      timers.o
    0x08004642   0x08004642   0x0000007e   Code   RO         2904    i.prvUnlockQueue    queue.o
    0x080046c0   0x080046c0   0x000000b8   Code   RO         2704    i.pvPortMalloc      heap_2.o
    0x08004778   0x08004778   0x00000020   Code   RO         3128    i.pvTaskIncrementMutexHeldCount  tasks.o
    0x08004798   0x08004798   0x0000002c   Code   RO         2817    i.pxPortInitialiseStack  port.o
    0x080047c4   0x080047c4   0x00000028   Code   RO         2778    i.uxListRemove      list.o
    0x080047ec   0x080047ec   0x00000002   Code   RO          632    i.vApplicationIdleHook  main.o
    0x080047ee   0x080047ee   0x00000002   PAD
    0x080047f0   0x080047f0   0x00000010   Code   RO          633    i.vApplicationStackOverflowHook  main.o
    0x08004800   0x08004800   0x0000001a   Code   RO         2779    i.vListInitialise   list.o
    0x0800481a   0x0800481a   0x00000006   Code   RO         2780    i.vListInitialiseItem  list.o
    0x08004820   0x08004820   0x00000034   Code   RO         2781    i.vListInsert       list.o
    0x08004854   0x08004854   0x00000018   Code   RO         2782    i.vListInsertEnd    list.o
    0x0800486c   0x0800486c   0x00000054   Code   RO         2819    i.vPortEnterCritical  port.o
    0x080048c0   0x080048c0   0x0000003c   Code   RO         2820    i.vPortExitCritical  port.o
    0x080048fc   0x080048fc   0x00000040   Code   RO         2705    i.vPortFree         heap_2.o
    0x0800493c   0x0800493c   0x00000016   Code   RO         2821    i.vPortSetupTimerInterrupt  port.o
    0x08004952   0x08004952   0x00000002   PAD
    0x08004954   0x08004954   0x00000078   Code   RO         2822    i.vPortValidateInterruptPriority  port.o
    0x080049cc   0x080049cc   0x0000002c   Code   RO         2910    i.vQueueAddToRegistry  queue.o
    0x080049f8   0x080049f8   0x0000004a   Code   RO         2914    i.vQueueWaitForMessageRestricted  queue.o
    0x08004a42   0x08004a42   0x00000002   PAD
    0x08004a44   0x08004a44   0x0000005c   Code   RO         3136    i.vTaskDelay        tasks.o
    0x08004aa0   0x08004aa0   0x0000000c   Code   RO         3141    i.vTaskMissedYield  tasks.o
    0x08004aac   0x08004aac   0x00000038   Code   RO         3143    i.vTaskPlaceOnEventList  tasks.o
    0x08004ae4   0x08004ae4   0x00000040   Code   RO         3144    i.vTaskPlaceOnEventListRestricted  tasks.o
    0x08004b24   0x08004b24   0x000000b0   Code   RO         3146    i.vTaskPriorityInherit  tasks.o
    0x08004bd4   0x08004bd4   0x00000030   Code   RO         3150    i.vTaskSetTimeOutState  tasks.o
    0x08004c04   0x08004c04   0x00000094   Code   RO         3151    i.vTaskStartScheduler  tasks.o
    0x08004c98   0x08004c98   0x00000010   Code   RO         3153    i.vTaskSuspendAll   tasks.o
    0x08004ca8   0x08004ca8   0x000000a8   Code   RO         3154    i.vTaskSwitchContext  tasks.o
    0x08004d50   0x08004d50   0x0000000c   Code   RO         2707    i.xPortGetFreeHeapSize  heap_2.o
    0x08004d5c   0x08004d5c   0x00000168   Code   RO         2823    i.xPortStartScheduler  port.o
    0x08004ec4   0x08004ec4   0x00000022   Code   RO         2916    i.xQueueCreateMutex  queue.o
    0x08004ee6   0x08004ee6   0x00000058   Code   RO         2917    i.xQueueGenericCreate  queue.o
    0x08004f3e   0x08004f3e   0x00000002   PAD
    0x08004f40   0x08004f40   0x000001c4   Code   RO         2918    i.xQueueGenericReceive  queue.o
    0x08005104   0x08005104   0x00000098   Code   RO         2919    i.xQueueGenericReset  queue.o
    0x0800519c   0x0800519c   0x000001a8   Code   RO         2920    i.xQueueGenericSend  queue.o
    0x08005344   0x08005344   0x000000fe   Code   RO         2921    i.xQueueGenericSendFromISR  queue.o
    0x08005442   0x08005442   0x000000e0   Code   RO         2923    i.xQueueGiveFromISR  queue.o
    0x08005522   0x08005522   0x00000002   PAD
    0x08005524   0x08005524   0x0000008c   Code   RO         3155    i.xTaskCheckForTimeOut  tasks.o
    0x080055b0   0x080055b0   0x00000066   Code   RO         3156    i.xTaskCreate       tasks.o
    0x08005616   0x08005616   0x00000002   PAD
    0x08005618   0x08005618   0x00000020   Code   RO         3160    i.xTaskGetSchedulerState  tasks.o
    0x08005638   0x08005638   0x0000000c   Code   RO         3161    i.xTaskGetTickCount  tasks.o
    0x08005644   0x08005644   0x00000148   Code   RO         3163    i.xTaskIncrementTick  tasks.o
    0x0800578c   0x0800578c   0x000000c8   Code   RO         3166    i.xTaskPriorityDisinherit  tasks.o
    0x08005854   0x08005854   0x00000098   Code   RO         3167    i.xTaskRemoveFromEventList  tasks.o
    0x080058ec   0x080058ec   0x00000104   Code   RO         3169    i.xTaskResumeAll    tasks.o
    0x080059f0   0x080059f0   0x00000054   Code   RO         3470    i.xTimerCreateTimerTask  timers.o
    0x08005a44   0x08005a44   0x0000008a   Code   RO         3471    i.xTimerGenericCommand  timers.o
    0x08005ace   0x08005ace   0x0000002e   Code   RO         1768    t._ZN6TModel11access_protIfU8__packedfEEvRT_RKT0_  model.o
    0x08005afc   0x08005afc   0x0000001a   Code   RO         3776    t._ZNK9TSettings9chk_paramIsEEbRKNS_6TRangeET_  settings.o
    0x08005b16   0x08005b16   0x00000002   PAD
    0x08005b18   0x08005b18   0x0000001c   Data   RO          499    .constdata          ad8402.o
    0x08005b34   0x08005b34   0x00000060   Data   RO          655    .constdata          main.o
    0x08005b94   0x08005b94   0x0000009c   Data   RO         1263    .constdata          model.o
    0x08005c30   0x08005c30   0x00000054   Data   RO         2569    .constdata          usart_driver_.o
    0x08005c84   0x08005c84   0x0000003c   Data   RO         3608    .constdata          ext_master.o
    0x08005cc0   0x08005cc0   0x0000002c   Data   RO         3703    .constdata          settings.o
    0x08005cec   0x08005cec   0x000000d0   Data   RO         4054    .constdata          lev_gauge_to_pc.o
    0x08005dbc   0x08005dbc   0x00000048   Data   RO         4475    .constdata          system_stm32l4xx.o
    0x08005e04   0x08005e04   0x00000040   Data   RO         5472    Region$$Table       anon$$obj.o
    0x08005e44   0x08005e44   0x00000004   Data   RO          218    .init_array         button.o
    0x08005e48   0x08005e44   0x00000004   Data   RO          344    .init_array         led.o
    0x08005e4c   0x08005e44   0x00000004   Data   RO          501    .init_array         ad8402.o
    0x08005e50   0x08005e44   0x00000004   Data   RO          657    .init_array         main.o
    0x08005e54   0x08005e44   0x00000004   Data   RO         1264    .init_array         model.o
    0x08005e58   0x08005e44   0x00000004   Data   RO         1971    .init_array         flash_driver.o
    0x08005e5c   0x08005e44   0x00000004   Data   RO         3704    .init_array         settings.o
    0x08005e60   0x08005e44   0x00000004   Data   RO         4056    .init_array         lev_gauge_to_pc.o
    0x08005e64   0x08005e44   0x00000000   Data   RO         5413    .init_array         mc_w.l(cpp_init.o)


    Execution Region REGION_STACK (Exec base: 0x10000000, Load base: 0x08005e64, Size: 0x00003000, Max: 0xffffffff, ABSOLUTE)

    Exec Addr    Load Addr    Size         Type   Attr      Idx    E Section Name        Object

    0x10000000        -       0x00003000   Zero   RW         4463    STACK               startup_stm32l431xx.o


    Execution Region REGION_HEAP (Exec base: 0x10003000, Load base: 0x08005e64, Size: 0x00000200, Max: 0xffffffff, ABSOLUTE)

    Exec Addr    Load Addr    Size         Type   Attr      Idx    E Section Name        Object

    0x10003000        -       0x00000200   Zero   RW         4464    HEAP                startup_stm32l431xx.o


    Execution Region APP_RAM (Exec base: 0x20000000, Load base: 0x08005e64, Size: 0x00008d40, Max: 0x0000c000, ABSOLUTE, COMPRESSED[0x00000158])

    Exec Addr    Load Addr    Size         Type   Attr      Idx    E Section Name        Object

    0x20000000   COMPRESSED   0x00000010   Data   RW          500    .data               ad8402.o
    0x20000010   COMPRESSED   0x0000005d   Data   RW          656    .data               main.o
    0x2000006d   COMPRESSED   0x00000003   PAD
    0x20000070   COMPRESSED   0x000002f0   Data   RW          972    .data               hard_config.o
    0x20000360   COMPRESSED   0x0000000d   Data   RW         1970    .data               flash_driver.o
    0x2000036d   COMPRESSED   0x00000003   PAD
    0x20000370   COMPRESSED   0x0000001b   Data   RW         2177    .data               i2c_driver.o
    0x2000038b   COMPRESSED   0x00000001   PAD
    0x2000038c   COMPRESSED   0x00000018   Data   RW         2709    .data               heap_2.o
    0x200003a4   COMPRESSED   0x0000000c   Data   RW         2824    .data               port.o
    0x200003b0   COMPRESSED   0x0000003c   Data   RW         3172    .data               tasks.o
    0x200003ec   COMPRESSED   0x00000014   Data   RW         3477    .data               timers.o
    0x20000400   COMPRESSED   0x000000d0   Data   RW         4055    .data               lev_gauge_to_pc.o
    0x200004d0   COMPRESSED   0x00000004   Data   RW         4476    .data               system_stm32l4xx.o
    0x200004d4   COMPRESSED   0x00000004   Data   RW         5462    .data               mc_w.l(cpp_dtor.o)
    0x200004d8   COMPRESSED   0x00000004   Data   RW         5468    .data               mc_w.l(mvars.o)
    0x200004dc   COMPRESSED   0x00000004   Data   RW         5469    .data               mc_w.l(mvars.o)
    0x200004e0        -       0x00000010   Zero   RW          217    .bss                button.o
    0x200004f0        -       0x00000020   Zero   RW          343    .bss                led.o
    0x20000510        -       0x00000068   Zero   RW          498    .bss                ad8402.o
    0x20000578        -       0x000000b8   Zero   RW         1262    .bss                model.o
    0x20000630        -       0x00001000   Zero   RW         2708    .bss                heap_2.o
    0x20001630        -       0x00000040   Zero   RW         2930    .bss                queue.o
    0x20001670        -       0x000000f0   Zero   RW         3171    .bss                tasks.o
    0x20001760        -       0x00000028   Zero   RW         3476    .bss                timers.o
    0x20001788        -       0x0000002e   Zero   RW         3702    .bss                settings.o
    0x200017b6   COMPRESSED   0x00000002   PAD
    0x200017b8        -       0x00007588   Zero   RW         4053    .bss                lev_gauge_to_pc.o



  Load Region LR_IROM4 (Base: 0x0803f800, Size: 0x00000000, Max: 0x00000400, ABSOLUTE)

    Execution Region SETS_ROM (Exec base: 0x0803f800, Load base: 0x0803f800, Size: 0x00000000, Max: 0x00000400, ABSOLUTE)

    **** No section assigned to this execution region ****


==============================================================================

Image component sizes


      Code (inc. data)   RO Data    RW Data    ZI Data      Debug   Object Name

       754         44         32         16        104      16829   ad8402.o
        46         18          4          0         16     552434   button.o
       450         10         60          0          0       8691   ext_master.o
       982         76          4         13          0      79146   flash_driver.o
       108         16          0        752          0      13431   hard_config.o
       316         46          0         24       4096      16906   heap_2.o
       728        104          0         27          0      23364   i2c_driver.o
       172         28          4          0         32      17510   led.o
      5276        300        212        208      30088     175967   lev_gauge_to_pc.o
       148          0          0          0          0       3022   list.o
      1670        168        100         93          0     626587   main.o
       694         36        160          0        184      22970   model.o
       112         24          0          0          0       1458   old_flash_lib.o
      1028         88          0         12          0      10629   port.o
      2164         22          0          0         64      25505   queue.o
         0          0          0          0          0     552636   relay.o
        16          0          0          0          0       1988   rs-485_phy.o
       232         56         48          0         46       9134   settings.o
        36          8        396          0      12800        812   startup_stm32l431xx.o
        80         12         72          4          0       1177   system_stm32l4xx.o
      2846        358          0         60        240      23533   tasks.o
      1144        116          0         20         40      16583   timers.o
       932         26         84          0          0      58932   usart_driver_.o

    ----------------------------------------------------------------------
     19984       1556       1240       1236      47712    2259244   Object Totals
         0          0         64          0          0          0   (incl. Generated)
        50          0          0          7          2          0   (incl. Padding)

    ----------------------------------------------------------------------

      Code (inc. data)   RO Data    RW Data    ZI Data      Debug   Library Member Name

       632         62          0          0          0     532876   stm32l4xx_ll_exti.o
       324          0          0          0          0       7371   stm32l4xx_ll_gpio.o
       976        122          0          0          0      38384   stm32l4xx_ll_rcc.o
       132         14          0          0          0      40414   stm32l4xx_ll_tim.o
       234         16          0          0          0      21860   stm32l4xx_ll_usart.o
        40          6          0          0          0       3033   stm32l4xx_ll_utils.o
        86          0          0          0          0          0   __dczerorl2.o
        46          0          0          0          0         84   aeabi_atexit.o
         8          4          0          4          0         68   cpp_dtor.o
         2          0          0          0          0         68   cpp_final.o
        32         10          0          0          0         80   cpp_init.o
        66          0          0          0          0         84   cxa_finalize.o
         0          0          0          0          0          0   entry.o
         0          0          0          0          0          0   entry10a.o
         4          0          0          0          0          0   entry10b.o
         0          0          0          0          0          0   entry11a.o
         8          4          0          0          0          0   entry2.o
         4          0          0          0          0          0   entry5.o
         0          0          0          0          0          0   entry7b.o
         4          0          0          0          0          0   entry8a.o
         0          0          0          0          0          0   entry8b.o
         8          4          0          0          0          0   entry9a.o
        30          0          0          0          0          0   handlers.o
        36          8          0          0          0         68   init.o
       188         20          0          0          0        160   malloc.o
        36          0          0          0          0         68   memcpya.o
        36          0          0          0          0        108   memseta.o
         0          0          0          8          0          0   mvars.o

    ----------------------------------------------------------------------
      2940        270          0         12          0     644726   Library Totals
         8          0          0          0          0          0   (incl. Padding)

    ----------------------------------------------------------------------

      Code (inc. data)   RO Data    RW Data    ZI Data      Debug   Library Name

      2338        220          0          0          0     643938   Lib.lib
       594         50          0         12          0        788   mc_w.l

    ----------------------------------------------------------------------
      2940        270          0         12          0     644726   Library Totals

    ----------------------------------------------------------------------

==============================================================================


      Code (inc. data)   RO Data    RW Data    ZI Data      Debug   

     22924       1826       1240       1248      47712    2873694   Grand Totals
     22924       1826       1240        344      47712    2873694   ELF Image Totals (compressed)
     22924       1826       1240        344          0          0   ROM Totals

==============================================================================

    Total RO  Size (Code + RO Data)                24164 (  23.60kB)
    Total RW  Size (RW Data + ZI Data)             48960 (  47.81kB)
    Total ROM Size (Code + RO Data + RW Data)      24508 (  23.93kB)

==============================================================================

