Component: ARM Compiler 5.06 update 4 (build 422) Tool: armlink [4d35d2]

==============================================================================

Section Cross References

    mpu-9250_acc_gyro_mag_driver_hl.o(i.EXTI15_10_IRQHandler) refers to queue.o(i.xQueueGiveFromISR) for xQueueGiveFromISR
    mpu-9250_acc_gyro_mag_driver_hl.o(i.EXTI15_10_IRQHandler) refers to hard_config.o(.data) for I2C_HW
    mpu-9250_acc_gyro_mag_driver_hl.o(i.EXTI15_10_IRQHandler) refers to mpu-9250_acc_gyro_mag_driver_hl.o(.data) for Int1HigherPriorityTaskWoken
    mpu-9250_acc_gyro_mag_driver_hl.o(i.EXTI15_10_IRQHandler) refers to main.o(.data) for RawDataMems_RdySem
    mpu-9250_acc_gyro_mag_driver_hl.o(i._ZN8MPU_925020TAccGyroMagDriver_HL10config_accEv) refers to mpu-9250_acc_gyro_mag_driver_ll.o(i._ZNK8MPU_925020TAccGyroMagDriver_LL17get_acc_gyro_addrENS_14TLogicLevelAD0E) for MPU_9250::TAccGyroMagDriver_LL::get_acc_gyro_addr(MPU_9250::TLogicLevelAD0) const
    mpu-9250_acc_gyro_mag_driver_hl.o(i._ZN8MPU_925020TAccGyroMagDriver_HL10config_accEv) refers to mpu-9250_acc_gyro_mag_driver_ll.o(i._ZN8MPU_925020TAccGyroMagDriver_LL23accel_full_scale_selectEPhNS_21VAccelFullScaleSelectE) for MPU_9250::TAccGyroMagDriver_LL::accel_full_scale_select(unsigned char*, MPU_9250::VAccelFullScaleSelect)
    mpu-9250_acc_gyro_mag_driver_hl.o(i._ZN8MPU_925020TAccGyroMagDriver_HL10config_accEv) refers to i2c_driver.o(i._ZN3I2C4TI2C16read_single_byteEPhhh) for I2C::TI2C::read_single_byte(unsigned char*, unsigned char, unsigned char)
    mpu-9250_acc_gyro_mag_driver_hl.o(i._ZN8MPU_925020TAccGyroMagDriver_HL10config_accEv) refers to i2c_driver.o(i._ZN3I2C4TI2C17write_single_byteEPhhh) for I2C::TI2C::write_single_byte(unsigned char*, unsigned char, unsigned char)
    mpu-9250_acc_gyro_mag_driver_hl.o(i._ZN8MPU_925020TAccGyroMagDriver_HL10config_accEv) refers to mpu-9250_acc_gyro_mag_driver_ll.o(i._ZN8MPU_925020TAccGyroMagDriver_LL19accel_filter_choiseEPhNS_18VAccelFilterChoiseE) for MPU_9250::TAccGyroMagDriver_LL::accel_filter_choise(unsigned char*, MPU_9250::VAccelFilterChoise)
    mpu-9250_acc_gyro_mag_driver_hl.o(i._ZN8MPU_925020TAccGyroMagDriver_HL10config_accEv) refers to mpu-9250_acc_gyro_mag_driver_ll.o(i._ZN8MPU_925020TAccGyroMagDriver_LL16set_accel_filterEPhNS_15VSetAccelFilterE) for MPU_9250::TAccGyroMagDriver_LL::set_accel_filter(unsigned char*, MPU_9250::VSetAccelFilter)
    mpu-9250_acc_gyro_mag_driver_hl.o(i._ZN8MPU_925020TAccGyroMagDriver_HL10config_accEv) refers to mpu-9250_acc_gyro_mag_driver_ll.o(i._ZN8MPU_925020TAccGyroMagDriver_LL17accel_filter_readEhPNS_15VSetAccelFilterE) for MPU_9250::TAccGyroMagDriver_LL::accel_filter_read(unsigned char, MPU_9250::VSetAccelFilter*)
    mpu-9250_acc_gyro_mag_driver_hl.o(i._ZN8MPU_925020TAccGyroMagDriver_HL10config_magEv) refers to mpu-9250_acc_gyro_mag_driver_ll.o(i._ZNK8MPU_925020TAccGyroMagDriver_LL17get_acc_gyro_addrENS_14TLogicLevelAD0E) for MPU_9250::TAccGyroMagDriver_LL::get_acc_gyro_addr(MPU_9250::TLogicLevelAD0) const
    mpu-9250_acc_gyro_mag_driver_hl.o(i._ZN8MPU_925020TAccGyroMagDriver_HL10config_magEv) refers to mpu-9250_acc_gyro_mag_driver_ll.o(i._ZN8MPU_925020TAccGyroMagDriver_LL20i2c_master_pins_ctrlEPhNS_6VEnDisE) for MPU_9250::TAccGyroMagDriver_LL::i2c_master_pins_ctrl(unsigned char*, MPU_9250::VEnDis)
    mpu-9250_acc_gyro_mag_driver_hl.o(i._ZN8MPU_925020TAccGyroMagDriver_HL10config_magEv) refers to i2c_driver.o(i._ZN3I2C4TI2C16read_single_byteEPhhh) for I2C::TI2C::read_single_byte(unsigned char*, unsigned char, unsigned char)
    mpu-9250_acc_gyro_mag_driver_hl.o(i._ZN8MPU_925020TAccGyroMagDriver_HL10config_magEv) refers to mpu-9250_acc_gyro_mag_driver_ll.o(i._ZN8MPU_925020TAccGyroMagDriver_LL20i2c_master_pins_readEhPNS_6VEnDisE) for MPU_9250::TAccGyroMagDriver_LL::i2c_master_pins_read(unsigned char, MPU_9250::VEnDis*)
    mpu-9250_acc_gyro_mag_driver_hl.o(i._ZN8MPU_925020TAccGyroMagDriver_HL10config_magEv) refers to i2c_driver.o(i._ZN3I2C4TI2C17write_single_byteEPhhh) for I2C::TI2C::write_single_byte(unsigned char*, unsigned char, unsigned char)
    mpu-9250_acc_gyro_mag_driver_hl.o(i._ZN8MPU_925020TAccGyroMagDriver_HL10config_magEv) refers to mpu-9250_acc_gyro_mag_driver_hl.o(i._ZN8MPU_925020TAccGyroMagDriver_HL12check_id_magEv) for MPU_9250::TAccGyroMagDriver_HL::check_id_mag()
    mpu-9250_acc_gyro_mag_driver_hl.o(i._ZN8MPU_925020TAccGyroMagDriver_HL10config_magEv) refers to mpu-9250_acc_gyro_mag_driver_ll.o(i._ZNK8MPU_925020TAccGyroMagDriver_LL12get_mag_addrEv) for MPU_9250::TAccGyroMagDriver_LL::get_mag_addr() const
    mpu-9250_acc_gyro_mag_driver_hl.o(i._ZN8MPU_925020TAccGyroMagDriver_HL10config_magEv) refers to mpu-9250_acc_gyro_mag_driver_ll.o(i._ZN8MPU_925020TAccGyroMagDriver_LL18mag_output_bit_setEPhNS_16VMagOutputBitSetE) for MPU_9250::TAccGyroMagDriver_LL::mag_output_bit_set(unsigned char*, MPU_9250::VMagOutputBitSet)
[...]
    0x08002198   0x00000000   Code   RO         9137    .ARM.Collect$$$$0000000A  mc_w.l(entry8b.o)
    0x08002198   0x00000008   Code   RO         9138    .ARM.Collect$$$$0000000B  mc_w.l(entry9a.o)
    0x080021a0   0x00000000   Code   RO         9140    .ARM.Collect$$$$0000000D  mc_w.l(entry10a.o)
    0x080021a0   0x00000004   Code   RO         9141    .ARM.Collect$$$$0000000E  mc_w.l(entry10b.o)
    0x080021a4   0x00000000   Code   RO         9142    .ARM.Collect$$$$0000000F  mc_w.l(entry11a.o)
    0x080021a4   0x00000004   Code   RO         9131    .ARM.Collect$$$$00002712  mc_w.l(entry2.o)
    0x080021a8   0x000000de   Code   RO         4258    .emb_text           port.o
    0x08002286   0x00000002   PAD
    0x08002288   0x00000024   Code   RO         7956    .text               startup_stm32l431xx.o
    0x080022ac   0x00000024   Code   RO         9064    .text               mc_w.l(memcpya.o)
    0x080022d0   0x00000024   Code   RO         9066    .text               mc_w.l(memseta.o)
    0x080022f4   0x0000000e   Code   RO         9068    .text               mc_w.l(strlen.o)
    0x08002302   0x00000002   PAD
    0x08002304   0x00000020   Code   RO         9075    .text               mc_w.l(cpp_init.o)
    0x08002324   0x0000002e   Code   RO         9077    .text               mc_w.l(aeabi_atexit.o)
    0x08002352   0x000000de   Code   RO         9083    .text               mf_w.l(ddiv.o)
    0x08002430   0x00000026   Code   RO         9085    .text               mf_w.l(f2d.o)
    0x08002456   0x00000038   Code   RO         9087    .text               mf_w.l(d2f.o)
    0x0800248e   0x0000001e   Code   RO         9144    .text               mc_w.l(llshl.o)
    0x080024ac   0x00000000   Code   RO         9183    .text               mc_w.l(iusefp.o)
    0x080024ac   0x00000008   Code   RO         9184    .text               mc_w.l(cpp_dtor.o)
    0x080024b4   0x00000042   Code   RO         9187    .text               mc_w.l(cxa_finalize.o)
    0x080024f6   0x0000006e   Code   RO         9189    .text               mf_w.l(fepilogue.o)
    0x08002564   0x0000003c   Code   RO         9191    .text               mf_w.l(frnd.o)
    0x080025a0   0x000000ba   Code   RO         9193    .text               mf_w.l(depilogue.o)
    0x0800265a   0x00000004   Code   RO         9201    .text               mf_w.l(fpstat.o)
    0x0800265e   0x00000002   PAD
    0x08002660   0x00000024   Code   RO         9203    .text               mc_w.l(init.o)
    0x08002684   0x00000020   Code   RO         9205    .text               mc_w.l(llushr.o)
    0x080026a4   0x00000002   Code   RO         9209    .text               mc_w.l(cpp_final.o)
    0x080026a6   0x0000005e   Code   RO         9220    .text               mc_w.l(__dclz77c.o)
    0x08002704   0x00000048   Code   RO         8942    .text.MotionTL_GetLibVersion  MotionTL_CM4F_wc16_ot.a(motion_tl.o)
    0x0800274c   0x00000068   Code   RO         8938    .text.MotionTL_Initialize  MotionTL_CM4F_wc16_ot.a(motion_tl.o)
    0x080027b4   0x00000118   Code   RO         8939    .text.MotionTL_SetOrientation_Acc  MotionTL_CM4F_wc16_ot.a(motion_tl.o)
    0x080028cc   0x00000026   Code   RO         7625    i.AddTime           sensline.o
    0x080028f2   0x00000002   PAD
    0x080028f4   0x00000034   Code   RO         5306    i.DMA1_Channel4_IRQHandler  modbus_link.o
    0x08002928   0x00000034   Code   RO         5307    i.DMA1_Channel7_IRQHandler  modbus_link.o
    0x0800295c   0x00000034   Code   RO         5308    i.DMA2_Channel6_IRQHandler  modbus_link.o
    0x08002990   0x0000000a   Code   RO         7630    i.DisableINT        sensline.o
    0x0800299a   0x00000002   PAD
    0x0800299c   0x00000064   Code   RO            4    i.EXTI15_10_IRQHandler  mpu-9250_acc_gyro_mag_driver_hl.o
    0x08002a00   0x000000c0   Code   RO         7632    i.EXTI9_5_IRQHandler  sensline.o
    0x08002ac0   0x00000018   Code   RO         7309    i.EXTI_ClearFlag    line_wrapper_spl_to_ll.o
    0x08002ad8   0x0000001c   Code   RO         7310    i.EXTI_GetFlagStatus  line_wrapper_spl_to_ll.o
    0x08002af4   0x00000010   Code   RO         7633    i.EnableINT         sensline.o
    0x08002b04   0x00000010   Code   RO         3572    i.FLASH_IRQHandler  flash_driver.o
    0x08002b14   0x00000002   Code   RO         3734    i.I2C1_ER_IRQHandler  i2c_driver.o
    0x08002b16   0x00000002   PAD
    0x08002b18   0x00000058   Code   RO         3735    i.I2C1_EV_IRQHandler  i2c_driver.o
    0x08002b70   0x00000002   Code   RO         3736    i.I2C2_ER_IRQHandler  i2c_driver.o
    0x08002b72   0x00000002   Code   RO         3737    i.I2C2_EV_IRQHandler  i2c_driver.o
    0x08002b74   0x00000084   Code   RO         8003    i.LL_DMA_Init       Lib.lib(stm32l4xx_ll_dma.o)
    0x08002bf8   0x0000002c   Code   RO         8004    i.LL_DMA_SetPeriphRequest  Lib.lib(stm32l4xx_ll_dma.o)
    0x08002c24   0x00000010   Code   RO         8086    i.LL_EXTI_DisableEvent_0_31  Lib.lib(stm32l4xx_ll_exti.o)
    0x08002c34   0x00000010   Code   RO         8087    i.LL_EXTI_DisableEvent_32_63  Lib.lib(stm32l4xx_ll_exti.o)
    0x08002c44   0x00000010   Code   RO         8088    i.LL_EXTI_DisableIT_0_31  Lib.lib(stm32l4xx_ll_exti.o)
    0x08002c54   0x00000010   Code   RO         8089    i.LL_EXTI_DisableIT_32_63  Lib.lib(stm32l4xx_ll_exti.o)
    0x08002c64   0x00000010   Code   RO         8090    i.LL_EXTI_EnableEvent_0_31  Lib.lib(stm32l4xx_ll_exti.o)
    0x08002c74   0x00000010   Code   RO         8091    i.LL_EXTI_EnableEvent_32_63  Lib.lib(stm32l4xx_ll_exti.o)
    0x08002c84   0x00000010   Code   RO         8092    i.LL_EXTI_EnableFallingTrig_0_31  Lib.lib(stm32l4xx_ll_exti.o)
    0x08002c94   0x00000010   Code   RO         8093    i.LL_EXTI_EnableFallingTrig_32_63  Lib.lib(stm32l4xx_ll_exti.o)
    0x08002ca4   0x00000010   Code   RO         8094    i.LL_EXTI_EnableIT_0_31  Lib.lib(stm32l4xx_ll_exti.o)
    0x08002cb4   0x00000010   Code   RO         8095    i.LL_EXTI_EnableIT_32_63  Lib.lib(stm32l4xx_ll_exti.o)
    0x08002cc4   0x00000010   Code   RO         8096    i.LL_EXTI_EnableRisingTrig_0_31  Lib.lib(stm32l4xx_ll_exti.o)
    0x08002cd4   0x00000010   Code   RO         8097    i.LL_EXTI_EnableRisingTrig_32_63  Lib.lib(stm32l4xx_ll_exti.o)
    0x08002ce4   0x0000016c   Code   RO         8098    i.LL_EXTI_Init      Lib.lib(stm32l4xx_ll_exti.o)
    0x08002e50   0x00000144   Code   RO         8187    i.LL_GPIO_Init      Lib.lib(stm32l4xx_ll_gpio.o)
    0x08002f94   0x00000088   Code   RO         8239    i.LL_I2C_Init       Lib.lib(stm32l4xx_ll_i2c.o)
    0x0800301c   0x0000001c   Code   RO         8817    i.LL_Init1msTick    Lib.lib(stm32l4xx_ll_utils.o)
    0x08003038   0x00000024   Code   RO         8299    i.LL_RCC_GetSystemClocksFreq  Lib.lib(stm32l4xx_ll_rcc.o)
    0x0800305c   0x0000011c   Code   RO         8300    i.LL_RCC_GetUSARTClockFreq  Lib.lib(stm32l4xx_ll_rcc.o)
    0x08003178   0x00000014   Code   RO         8301    i.LL_RCC_GetUSARTClockSource  Lib.lib(stm32l4xx_ll_rcc.o)
    0x0800318c   0x00000010   Code   RO         8303    i.LL_RCC_HSI_IsReady  Lib.lib(stm32l4xx_ll_rcc.o)
    0x0800319c   0x00000010   Code   RO         8304    i.LL_RCC_LSE_IsReady  Lib.lib(stm32l4xx_ll_rcc.o)
    0x080031ac   0x00000010   Code   RO         8306    i.LL_RCC_MSI_GetRange  Lib.lib(stm32l4xx_ll_rcc.o)
    0x080031bc   0x00000010   Code   RO         8307    i.LL_RCC_MSI_GetRangeAfterStandby  Lib.lib(stm32l4xx_ll_rcc.o)
    0x080031cc   0x00000010   Code   RO         8308    i.LL_RCC_MSI_IsEnabledRangeSelect  Lib.lib(stm32l4xx_ll_rcc.o)
    0x080031dc   0x00000010   Code   RO         8312    i.LL_RCC_PLL_GetDivider  Lib.lib(stm32l4xx_ll_rcc.o)
    0x080031ec   0x00000010   Code   RO         8313    i.LL_RCC_PLL_GetMainSource  Lib.lib(stm32l4xx_ll_rcc.o)
    0x080031fc   0x00000010   Code   RO         8314    i.LL_RCC_PLL_GetN   Lib.lib(stm32l4xx_ll_rcc.o)
    0x0800320c   0x0000000c   Code   RO         8827    i.LL_SetSystemCoreClock  Lib.lib(stm32l4xx_ll_utils.o)
    0x08003218   0x00000084   Code   RO         8589    i.LL_TIM_Init       Lib.lib(stm32l4xx_ll_tim.o)
    0x0800329c   0x000000e0   Code   RO         8753    i.LL_USART_Init     Lib.lib(stm32l4xx_ll_usart.o)
    0x0800337c   0x0000000a   Code   RO         8754    i.LL_USART_IsEnabled  Lib.lib(stm32l4xx_ll_usart.o)
    0x08003386   0x00000002   PAD
    0x08003388   0x00000018   Code   RO         7639    i.NVIC_DisableIRQ   sensline.o
    0x080033a0   0x00000016   Code   RO         7640    i.NVIC_EnableIRQ    sensline.o
    0x080033b6   0x00000026   Code   RO         7641    i.NewTime           sensline.o
    0x080033dc   0x00000020   Code   RO         8316    i.RCC_GetHCLKClockFreq  Lib.lib(stm32l4xx_ll_rcc.o)
    0x080033fc   0x00000024   Code   RO         8317    i.RCC_GetPCLK1ClockFreq  Lib.lib(stm32l4xx_ll_rcc.o)
    0x08003420   0x00000024   Code   RO         8318    i.RCC_GetPCLK2ClockFreq  Lib.lib(stm32l4xx_ll_rcc.o)
    0x08003444   0x000000bc   Code   RO         8319    i.RCC_GetSystemClockFreq  Lib.lib(stm32l4xx_ll_rcc.o)
    0x08003500   0x000000d8   Code   RO         8325    i.RCC_PLL_GetFreqDomain_SYS  Lib.lib(stm32l4xx_ll_rcc.o)
    0x080035d8   0x000000e4   Code   RO         7644    i.SelectND          sensline.o
    0x080036bc   0x00000014   Code   RO         2241    i.SetProgNum        sensdev.o
    0x080036d0   0x00000094   Code   RO         7649    i.SetWritePkg       sensline.o
    0x08003764   0x00000034   Code   RO         4259    i.SysTick_Handler   port.o
    0x08003798   0x00000048   Code   RO         7964    i.SystemInit        system_stm32l4xx.o
    0x080037e0   0x00000038   Code   RO         3573    i.TIM6_DAC_IRQHandler  flash_driver.o
    0x08003818   0x00000028   Code   RO         2459    i.TIM7_IRQHandler   dev_determ.o
    0x08003840   0x00000048   Code   RO         7318    i.TIM_ClearFlag     line_wrapper_spl_to_ll.o
    0x08003888   0x00000050   Code   RO         7323    i.TIM_ITConfig      line_wrapper_spl_to_ll.o
    0x080038d8   0x0000001c   Code   RO         5309    i.USART1_IRQHandler  modbus_link.o
    0x080038f4   0x0000001c   Code   RO         5310    i.USART2_IRQHandler  modbus_link.o
    0x08003910   0x00000014   Code   RO         3966    i._Z10FLASH_Lockv   old_flash_lib.o
    0x08003924   0x00000064   Code   RO         6649    i._Z10base_to_pcPv  base_to_pc.o
    0x08003988   0x00000254   Code   RO         1945    i._Z11cfg_sys_clkv  main.o
    0x08003bdc   0x00000018   Code   RO         6014    i._Z11code_sw_tmrPv  coding_switch.o
    0x08003bf4   0x000000a0   Code   RO         6938    i._Z11logger_ctrlPv  logger_ctrl.o
    0x08003c94   0x000000d0   Code   RO         7155    i._Z11vPushButtonPv  button_poll.o
    0x08003d64   0x00000024   Code   RO         3967    i._Z12FLASH_Unlockv  old_flash_lib.o
    0x08003d88   0x000000d8   Code   RO         6701    i._Z12base_to_sensPv  base_to_sens.o
    0x08003e60   0x0000000c   Code   RO         6126    i._Z12discrete_outPv  discrete_out.o
    0x08003e6c   0x0000009c   Code   RO         6015    i._Z13coding_switchPv  coding_switch.o
    0x08003f08   0x00000018   Code   RO         6127    i._Z14do_uncalib_tmrPv  discrete_out.o
    0x08003f20   0x0000005c   Code   RO         6895    i._Z14sens_to_masterPv  sens_to_master.o
    0x08003f7c   0x0000002c   Code   RO         7156    i._Z14vTimerCallbackPv  button_poll.o
    0x08003fa8   0x00000038   Code   RO         3968    i._Z15FLASH_GetStatusv  old_flash_lib.o
    0x08003fe0   0x0000006c   Code   RO         6224    i._Z4memsPv         mems.o
    0x0800404c   0x00000002   Code   RO         6702    i._Z6pd_tmrPv       base_to_sens.o
    0x0800404e   0x00000002   PAD
    0x08004050   0x00000024   Code   RO         5311    i._Z7get_eofhN11TModbusLink9TProcTypeE  modbus_link.o
    0x08004074   0x0000002c   Code   RO         6787    i._Z8dev_ctrlPv     dev_ctrl.o
    0x080040a0   0x00000080   Code   RO         7105    i._Z8vLedCtrlPv     led_ctrl.o
    0x08004120   0x000000f8   Code   RO         2460    i._ZN10TDevDeterm6is_devEv  dev_determ.o
    0x08004218   0x00000172   Code   RO         2461    i._ZN10TDevDeterm8init_tmrEv  dev_determ.o
    0x0800438a   0x0000003a   Code   RO         2462    i._ZN10TDevDetermC1ERK4TPinP11TIM_TypeDef  dev_determ.o
    0x080043c4   0x00000002   Code   RO         2463    i._ZN10TDevDetermD1Ev  dev_determ.o
    0x080043c6   0x0000008a   Code   RO         5034    i._ZN10TModbusApp11chk_new_valEtNS_7TMbFnctE  modbus_app.o
    0x08004450   0x00000016   Code   RO         5036    i._ZN10TModbusApp12s_read_coilsEPht  modbus_app.o
    0x08004466   0x00000002   PAD
    0x08004468   0x00000136   Code   RO         5037    i._ZN10TModbusApp12write_singleEPhtNS_7TMbFnctE  modbus_app.o
    0x0800459e   0x00000088   Code   RO         5038    i._ZN10TModbusApp14chk_legal_itemEPKN12TDevHandlers4TPDUES3_tNS_7TMbFnctEMS0_FbPvEPS3_  modbus_app.o
    0x08004626   0x00000002   PAD
    0x08004628   0x0000009a   Code   RO         5040    i._ZN10TModbusApp18m_processing_replyEPht  modbus_app.o
    0x080046c2   0x00000002   PAD
    0x080046c4   0x00000186   Code   RO         5041    i._ZN10TModbusApp18s_checking_requestEv  modbus_app.o
    0x0800484a   0x00000076   Code   RO         5042    i._ZN10TModbusApp18s_report_server_idEPht  modbus_app.o
    0x080048c0   0x000000ba   Code   RO         5044    i._ZN10TModbusApp19m_write_single_coilEPht  modbus_app.o
    0x0800497a   0x00000016   Code   RO         5045    i._ZN10TModbusApp19s_write_single_coilEPht  modbus_app.o
    0x08004990   0x00000002   Code   RO         5046    i._ZN10TModbusApp22m_read_discrete_inputsEPht  modbus_app.o
    0x08004992   0x00000152   Code   RO         5047    i._ZN10TModbusApp22m_read_input_registersEPht  modbus_app.o
    0x08004ae4   0x00000016   Code   RO         5048    i._ZN10TModbusApp22s_read_discrete_inputsEPht  modbus_app.o
    0x08004afa   0x00000016   Code   RO         5049    i._ZN10TModbusApp22s_read_input_registersEPht  modbus_app.o
    0x08004b10   0x000000b4   Code   RO         5050    i._ZN10TModbusApp23m_write_single_registerEPht  modbus_app.o
    0x08004bc4   0x00000016   Code   RO         5051    i._ZN10TModbusApp23s_write_single_registerEPht  modbus_app.o
    0x08004bda   0x0000014a   Code   RO         5052    i._ZN10TModbusApp24m_read_holding_registersEPht  modbus_app.o
    0x08004d24   0x00000050   Code   RO         5053    i._ZN10TModbusApp24s_formatting_error_replyEPh  modbus_app.o
    0x08004d74   0x00000016   Code   RO         5054    i._ZN10TModbusApp24s_read_holding_registersEPht  modbus_app.o
    0x08004d8a   0x00000002   Code   RO         5055    i._ZN10TModbusApp25s_formatting_normal_replyEv  modbus_app.o
    0x08004d8c   0x00000016   Code   RO         5056    i._ZN10TModbusApp25s_write_multiple_registerEPht  modbus_app.o
    0x08004da2   0x00000002   PAD
    0x08004da4   0x000000ae   Code   RO         5058    i._ZN10TModbusApp28s_processing_required_actionEPht  modbus_app.o
    0x08004e52   0x00000002   PAD
    0x08004e54   0x00000058   Code   RO         5059    i._ZN10TModbusApp3fsmEv  modbus_app.o
    0x08004eac   0x00000068   Code   RO         5060    i._ZN10TModbusApp4idleEv  modbus_app.o
    0x08004f14   0x0000020a   Code   RO         5062    i._ZN10TModbusApp9read_bitsEPhtNS_7TMbFnctE  modbus_app.o
    0x0800511e   0x00000002   PAD
    0x08005120   0x000001ca   Code   RO         5063    i._ZN10TModbusApp9read_regsEPhtNS_7TMbFnctE  modbus_app.o
    0x080052ea   0x00000002   PAD
    0x080052ec   0x000001ce   Code   RO         5064    i._ZN10TModbusApp9write_mulEPhtNS_7TMbFnctE  modbus_app.o
    0x080054ba   0x00000002   PAD
    0x080054bc   0x00000050   Code   RO         5065    i._ZN10TModbusAppC1ERK9TUsart_HWN11TModbusLink9TProcTypeEPN12TDevHandlers11TPduHandlerEPPvS9_  modbus_app.o
    0x0800550c   0x0000001c   Code   RO         5066    i._ZN10TModbusAppD1Ev  modbus_app.o
    0x08005528   0x00000074   Code   RO         5312    i._ZN11TModbusLink12handle_frameEPKht  modbus_link.o
    0x0800559c   0x00000040   Code   RO         5313    i._ZN11TModbusLink12start_handleEv  modbus_link.o
    0x080055dc   0x00000050   Code   RO         5314    i._ZN11TModbusLink12stop_receiveEv  modbus_link.o
    0x0800562c   0x0000009c   Code   RO         5315    i._ZN11TModbusLink14start_transmitEh  modbus_link.o
    0x080056c8   0x00000048   Code   RO         5316    i._ZN11TModbusLink19get_rx_dma_data_qtyEv  modbus_link.o
    0x08005710   0x00000038   Code   RO         5317    i._ZN11TModbusLink5CRC16EPKht  modbus_link.o
    0x08005748   0x00000008   Code   RO         5318    i._ZN11TModbusLink8get_addrEv  modbus_link.o
    0x08005750   0x000002a0   Code   RO         5319    i._ZN11TModbusLink8init_dmaEv  modbus_link.o
    0x080059f0   0x00000006   Code   RO         5320    i._ZN11TModbusLink8set_addrEh  modbus_link.o
    0x080059f6   0x0000003c   Code   RO         5321    i._ZN11TModbusLink9_2_ch_cntEv  modbus_link.o
    0x08005a32   0x0000003a   Code   RO         5322    i._ZN11TModbusLink9chk_frameEPKht  modbus_link.o
    0x08005a6c   0x00000050   Code   RO         5323    i._ZN11TModbusLinkC1ERK9TUsart_HWNS_9TProcTypeEPPvS5_  modbus_link.o
    0x08005abc   0x00000010   Code   RO         5324    i._ZN11TModbusLinkD1Ev  modbus_link.o
    0x08005acc   0x00000028   Code   RO         5514    i._ZN12TDevHandlers10chk_accessEPv  dev_handlers.o
    0x08005af4   0x00000018   Code   RO         5515    i._ZN12TDevHandlers10read_calibEj  dev_handlers.o
    0x08005b0c   0x0000003c   Code   RO         5516    i._ZN12TDevHandlers10read_stateEj  dev_handlers.o
    0x08005b48   0x00000018   Code   RO         5517    i._ZN12TDevHandlers10read_u_parEj  dev_handlers.o
    0x08005b60   0x00000018   Code   RO         5518    i._ZN12TDevHandlers10write_biasEj  dev_handlers.o
    0x08005b78   0x00000018   Code   RO         5519    i._ZN12TDevHandlers10write_hystEj  dev_handlers.o
    0x08005b90   0x0000000c   Code   RO         5520    i._ZN12TDevHandlers11rdi_placeboEj  dev_handlers.o
    0x08005b9c   0x00000018   Code   RO         5521    i._ZN12TDevHandlers11write_u_parEj  dev_handlers.o
    0x08005bb4   0x00000018   Code   RO         5522    i._ZN12TDevHandlers12read_code_swEj  dev_handlers.o
    0x08005bcc   0x00000018   Code   RO         5523    i._ZN12TDevHandlers12read_connectEj  dev_handlers.o
    0x08005be4   0x00000018   Code   RO         5524    i._ZN12TDevHandlers12read_hc_memsEj  dev_handlers.o
    0x08005bfc   0x00000018   Code   RO         5525    i._ZN12TDevHandlers12read_mb_addrEj  dev_handlers.o
    0x08005c14   0x00000018   Code   RO         5526    i._ZN12TDevHandlers13read_my_angleEj  dev_handlers.o
    0x08005c2c   0x0000000e   Code   RO         5527    i._ZN12TDevHandlers13read_prog_nbrEj  dev_handlers.o
    0x08005c3a   0x00000002   PAD
    0x08005c3c   0x00000018   Code   RO         5528    i._ZN12TDevHandlers13write_mb_addrEj  dev_handlers.o
    0x08005c54   0x00000018   Code   RO         5529    i._ZN12TDevHandlers14read_base_memsEj  dev_handlers.o
    0x08005c6c   0x00000018   Code   RO         5530    i._ZN12TDevHandlers14read_interconnEj  dev_handlers.o
    0x08005c84   0x00000018   Code   RO         5531    i._ZN12TDevHandlers15read_hc_pos_errEj  dev_handlers.o
    0x08005c9c   0x00000034   Code   RO         5532    i._ZN12TDevHandlers15read_open_angleEj  dev_handlers.o
    0x08005cd0   0x00000018   Code   RO         5533    i._ZN12TDevHandlers15read_sens_angleEj  dev_handlers.o
    0x08005ce8   0x00000018   Code   RO         5534    i._ZN12TDevHandlers15read_sens_calibEj  dev_handlers.o
    0x08005d00   0x00000024   Code   RO         5535    i._ZN12TDevHandlers15write_interconnEj  dev_handlers.o
    0x08005d24   0x00000020   Code   RO         5536    i._ZN12TDevHandlers16read_adm_pswd_hiEj  dev_handlers.o
    0x08005d44   0x00000020   Code   RO         5537    i._ZN12TDevHandlers16read_adm_pswd_loEj  dev_handlers.o
    0x08005d64   0x00000018   Code   RO         5538    i._ZN12TDevHandlers16read_axis_rotateEj  dev_handlers.o
    0x08005d7c   0x00000018   Code   RO         5539    i._ZN12TDevHandlers16read_u_baud_rateEj  dev_handlers.o
    0x08005d94   0x00000018   Code   RO         5540    i._ZN12TDevHandlers17read_base_pos_errEj  dev_handlers.o
    0x08005dac   0x00000020   Code   RO         5541    i._ZN12TDevHandlers17read_parameter_hiEj  dev_handlers.o
    0x08005dcc   0x00000020   Code   RO         5542    i._ZN12TDevHandlers17read_parameter_loEj  dev_handlers.o
    0x08005dec   0x00000018   Code   RO         5543    i._ZN12TDevHandlers17read_sens_code_swEj  dev_handlers.o
    0x08005e04   0x00000020   Code   RO         5544    i._ZN12TDevHandlers17write_adm_pswd_hiEj  dev_handlers.o
    0x08005e24   0x0000000a   Code   RO         5545    i._ZN12TDevHandlers17write_adm_pswd_loEj  dev_handlers.o
    0x08005e2e   0x00000002   PAD
    0x08005e30   0x00000018   Code   RO         5546    i._ZN12TDevHandlers17write_axis_rotateEj  dev_handlers.o
    0x08005e48   0x00000018   Code   RO         5547    i._ZN12TDevHandlers17write_u_baud_rateEj  dev_handlers.o
    0x08005e60   0x0000001c   Code   RO         5548    i._ZN12TDevHandlers18my_read_sens_angleEj  dev_handlers.o
    0x08005e7c   0x0000001c   Code   RO         5549    i._ZN12TDevHandlers18my_read_sens_calibEj  dev_handlers.o
    0x08005e98   0x00000018   Code   RO         5550    i._ZN12TDevHandlers18read_calib_processEj  dev_handlers.o
    0x08005eb0   0x00000018   Code   RO         5551    i._ZN12TDevHandlers18read_sens_prog_nbrEj  dev_handlers.o
    0x08005ec8   0x00000020   Code   RO         5552    i._ZN12TDevHandlers18read_super_pswd_hiEj  dev_handlers.o
    0x08005ee8   0x00000020   Code   RO         5553    i._ZN12TDevHandlers18read_super_pswd_loEj  dev_handlers.o
    0x08005f08   0x00000090   Code   RO         5554    i._ZN12TDevHandlers18write_parameter_hiEj  dev_handlers.o
    0x08005f98   0x0000000a   Code   RO         5555    i._ZN12TDevHandlers18write_parameter_loEj  dev_handlers.o
    0x08005fa2   0x00000002   PAD
    0x08005fa4   0x00000020   Code   RO         5556    i._ZN12TDevHandlers19read_pd_pressure_hiEj  dev_handlers.o
    0x08005fc4   0x00000020   Code   RO         5557    i._ZN12TDevHandlers19read_pd_pressure_loEj  dev_handlers.o
    0x08005fe4   0x00000018   Code   RO         5558    i._ZN12TDevHandlers19write_calib_processEj  dev_handlers.o
    0x08005ffc   0x00000020   Code   RO         5559    i._ZN12TDevHandlers19write_super_pswd_hiEj  dev_handlers.o
    0x0800601c   0x0000000a   Code   RO         5560    i._ZN12TDevHandlers19write_super_pswd_loEj  dev_handlers.o
    0x08006026   0x00000002   PAD
    0x08006028   0x00000018   Code   RO         5561    i._ZN12TDevHandlers20my_read_sens_code_swEj  dev_handlers.o
    0x08006040   0x00000034   Code   RO         5564    i._ZN12TDevHandlers20read_roll_bias_angleEj  dev_handlers.o
    0x08006074   0x00000020   Code   RO         5565    i._ZN12TDevHandlers20write_pd_pressure_hiEj  dev_handlers.o
    0x08006094   0x0000000a   Code   RO         5566    i._ZN12TDevHandlers20write_pd_pressure_loEj  dev_handlers.o
    0x0800609e   0x00000002   PAD
    0x080060a0   0x00000028   Code   RO         5567    i._ZN12TDevHandlers20write_start_meas_cmdEj  dev_handlers.o
    0x080060c8   0x0000001c   Code   RO         5568    i._ZN12TDevHandlers21my_read_sens_prog_nbrEj  dev_handlers.o
    0x080060e4   0x00000034   Code   RO         5569    i._ZN12TDevHandlers21read_pitch_bias_angleEj  dev_handlers.o
    0x08006118   0x00000018   Code   RO         5570    i._ZN12TDevHandlers21read_sens_axis_rotateEj  dev_handlers.o
    0x08006130   0x00000018   Code   RO         5571    i._ZN12TDevHandlers22read_sample_valid_signEj  dev_handlers.o
    0x08006148   0x00000070   Code   RO         5572    i._ZN12TDevHandlers22write_sens_axis_rotateEj  dev_handlers.o
    0x080061b8   0x00000048   Code   RO         5573    i._ZN12TDevHandlers23my_write_start_meas_cmdEj  dev_handlers.o
    0x08006200   0x00000018   Code   RO         5574    i._ZN12TDevHandlers24my_read_sens_axis_rotateEj  dev_handlers.o
    0x08006218   0x0000001c   Code   RO         5575    i._ZN12TDevHandlers25my_read_sample_valid_signEj  dev_handlers.o
    0x08006234   0x00000048   Code   RO         5576    i._ZN12TDevHandlers25my_write_sens_axis_rotateEj  dev_handlers.o
    0x0800627c   0x00000018   Code   RO         5577    i._ZN12TDevHandlers25read_sens_roll_bias_angleEj  dev_handlers.o
    0x08006294   0x00000018   Code   RO         5578    i._ZN12TDevHandlers26read_sens_pitch_bias_angleEj  dev_handlers.o
    0x080062ac   0x00000018   Code   RO         5579    i._ZN12TDevHandlers27read_sens_sample_valid_signEj  dev_handlers.o
    0x080062c4   0x0000001c   Code   RO         5580    i._ZN12TDevHandlers28my_read_sens_roll_bias_angleEj  dev_handlers.o
    0x080062e0   0x0000001c   Code   RO         5581    i._ZN12TDevHandlers29my_read_sens_pitch_bias_angleEj  dev_handlers.o
    0x080062fc   0x00000018   Code   RO         5582    i._ZN12TDevHandlers31m_read_input_registers_completeEv  dev_handlers.o
    0x08006314   0x00000018   Code   RO         5583    i._ZN12TDevHandlers7read_doEj  dev_handlers.o
    0x0800632c   0x00000018   Code   RO         5584    i._ZN12TDevHandlers7read_hcEj  dev_handlers.o
    0x08006344   0x00000018   Code   RO         5585    i._ZN12TDevHandlers8read_thrEj  dev_handlers.o
    0x0800635c   0x00000024   Code   RO         5586    i._ZN12TDevHandlers8write_doEj  dev_handlers.o
    0x08006380   0x0000001c   Code   RO         5587    i._ZN12TDevHandlers9get_id_17Ev  dev_handlers.o
    0x0800639c   0x00000018   Code   RO         5588    i._ZN12TDevHandlers9read_biasEj  dev_handlers.o
    0x080063b4   0x00000018   Code   RO         5589    i._ZN12TDevHandlers9read_hystEj  dev_handlers.o
    0x080063cc   0x00000018   Code   RO         5590    i._ZN12TDevHandlers9write_thrEj  dev_handlers.o
    0x080063e4   0x00000020   Code   RO         5591    i._ZN12TDevHandlersC1EPNS_11TPduHandlerE  dev_handlers.o
    0x08006404   0x00000002   Code   RO         5592    i._ZN12TDevHandlersD1Ev  dev_handlers.o
    0x08006406   0x00000002   PAD
    0x08006408   0x0000005c   Code   RO         6129    i._ZN12TDiscreteOut4initEv  discrete_out.o
    0x08006464   0x0000000a   Code   RO         6130    i._ZN12TDiscreteOut4openEv  discrete_out.o
    0x0800646e   0x0000000e   Code   RO         6131    i._ZN12TDiscreteOut6closedEv  discrete_out.o
    0x0800647c   0x00000004   Code   RO         6133    i._ZN12TDiscreteOutC1ERK4TPin  discrete_out.o
    0x08006480   0x00000002   Code   RO         6134    i._ZN12TDiscreteOutD1Ev  discrete_out.o
    0x08006482   0x00000006   Code   RO         1385    i._ZN12T_RS_485_phy10get_configEv  rs-485_phy.o
    0x08006488   0x00000008   Code   RO         1387    i._ZN12T_RS_485_phyC1Ev  rs-485_phy.o
    0x08006490   0x00000002   Code   RO         1388    i._ZN12T_RS_485_phyD1Ev  rs-485_phy.o
    0x08006492   0x00000002   PAD
    0x08006494   0x000000a8   Code   RO         6016    i._ZN13TCodingSwitch11sample_ctrlERPv  coding_switch.o
    0x0800653c   0x0000004c   Code   RO         6017    i._ZN13TCodingSwitch4initEv  coding_switch.o
    0x08006588   0x00000068   Code   RO         6018    i._ZN13TCodingSwitch7rd_addrEv  coding_switch.o
    0x080065f0   0x00000056   Code   RO         6019    i._ZN13TCodingSwitch8dly_ctrlERPv  coding_switch.o
    0x08006646   0x00000002   PAD
    0x08006648   0x0000001c   Code   RO         6020    i._ZN13TCodingSwitchC1ERA4_K11TDevAddr_HW  coding_switch.o
    0x08006664   0x00000002   Code   RO         6021    i._ZN13TCodingSwitchD1Ev  coding_switch.o
    0x08006666   0x000000fa   Code   RO         3407    i._ZN13TMedianFilter7processEs  median_filter.o
    0x08006760   0x00000018   Code   RO         3408    i._ZN13TMedianFilterC1Es  median_filter.o
    0x08006778   0x00000002   Code   RO         3409    i._ZN13TMedianFilterD1Ev  median_filter.o
    0x0800677a   0x00000008   Code   RO         1594    i._ZN23_INTERNAL_7_Led_cpp_Led17LL_GPIO_TogglePinEP12GPIO_TypeDefj  led.o
    0x08006782   0x00000004   Code   RO         1595    i._ZN23_INTERNAL_7_Led_cpp_Led22LL_GPIO_ResetOutputPinEP12GPIO_TypeDefj  led.o
    0x08006786   0x00000002   PAD
    0x08006788   0x00000238   Code   RO         6225    i._ZN25_INTERNAL_8_mems_cpp_Mems12mems_processEv  mems.o
    0x080069c0   0x0000026a   Code   RO         1948    i._ZN29_INTERNAL_8_main_cpp_6396510212create_tasksEv  main.o
    0x08006c2a   0x00000002   PAD
    0x08006c2c   0x00000054   Code   RO         1949    i._ZN29_INTERNAL_8_main_cpp_6396510212init_mx_gpioEv  main.o
    0x08006c80   0x000000c0   Code   RO         1950    i._ZN29_INTERNAL_8_main_cpp_6396510213create_timersEv  main.o
    0x08006d40   0x00000030   Code   RO         1951    i._ZN29_INTERNAL_8_main_cpp_6396510214create_mutexesEv  main.o
    0x08006d70   0x000002d4   Code   RO         1952    i._ZN29_INTERNAL_8_main_cpp_6396510214create_semphrsEv  main.o
    0x08007044   0x00000028   Code   RO         1953    i._ZN29_INTERNAL_8_main_cpp_6396510216NVIC_SetPriorityE9IRQn_Typej  main.o
    0x0800706c   0x00000002   Code   RO         1954    i._ZN29_INTERNAL_8_main_cpp_6396510217check_create_taskEl  main.o
    0x0800706e   0x00000002   PAD
    0x08007070   0x00000010   Code   RO         1955    i._ZN29_INTERNAL_8_main_cpp_6396510218LL_RCC_MSI_IsReadyEv  main.o
    0x08007080   0x00000002   Code   RO         1956    i._ZN29_INTERNAL_8_main_cpp_6396510218check_create_mutexEPv  main.o
    0x08007082   0x00000002   Code   RO         1957    i._ZN29_INTERNAL_8_main_cpp_6396510218check_create_timerEPv  main.o
    0x08007084   0x00000040   Code   RO         1958    i._ZN29_INTERNAL_8_main_cpp_6396510219NVIC_EncodePriorityEjjj  main.o
    0x080070c4   0x00000002   Code   RO         1959    i._ZN29_INTERNAL_8_main_cpp_6396510219check_create_semphrEPv  main.o
    0x080070c6   0x00000002   PAD
    0x080070c8   0x00000010   Code   RO         1960    i._ZN29_INTERNAL_8_main_cpp_6396510224NVIC_GetPriorityGroupingEv  main.o
    0x080070d8   0x000000fc   Code   RO         1961    i._ZN29_INTERNAL_8_main_cpp_639651027init_llEv  main.o
    0x080071d4   0x00000004   Code   RO         1299    i._ZN30_INTERNAL_9_Relay_cpp_6c3d9d8e22LL_GPIO_ResetOutputPinEP12GPIO_TypeDefj  relay.o
    0x080071d8   0x000000e4   Code   RO         5325    i._ZN32_INTERNAL_15_modbus_link_cpp_Eof17usart_int_handlerEP9TUsartInt  modbus_link.o
    0x080072bc   0x00000008   Code   RO         5326    i._ZN32_INTERNAL_15_modbus_link_cpp_Eof20LL_DMA_ClearFlag_TC4EP11DMA_TypeDef  modbus_link.o
    0x080072c4   0x00000008   Code   RO         5327    i._ZN32_INTERNAL_15_modbus_link_cpp_Eof20LL_DMA_ClearFlag_TC6EP11DMA_TypeDef  modbus_link.o
    0x080072cc   0x00000008   Code   RO         5328    i._ZN32_INTERNAL_15_modbus_link_cpp_Eof20LL_DMA_ClearFlag_TC7EP11DMA_TypeDef  modbus_link.o
    0x080072d4   0x0000001c   Code   RO         5329    i._ZN32_INTERNAL_15_modbus_link_cpp_Eof20LL_DMA_EnableChannelEP11DMA_TypeDefj  modbus_link.o
    0x080072f0   0x0000001c   Code   RO         5330    i._ZN32_INTERNAL_15_modbus_link_cpp_Eof21LL_DMA_DisableChannelEP11DMA_TypeDefj  modbus_link.o
    0x0800730c   0x0000001c   Code   RO         5331    i._ZN32_INTERNAL_15_modbus_link_cpp_Eof24LL_AHB1_GRP1_EnableClockEj  modbus_link.o
    0x08007328   0x00000050   Code   RO         5332    i._ZN32_INTERNAL_15_modbus_link_cpp_Eof7set_eofEP11DMA_TypeDefjb  modbus_link.o
    0x08007378   0x00000020   Code   RO         5333    i._ZN32_INTERNAL_15_modbus_link_cpp_Eof7set_eofEhN11TModbusLink9TProcTypeEb  modbus_link.o
    0x08007398   0x00000004   Code   RO         6135    i._ZN32_INTERNAL_16_discrete_out_cpp_Do20LL_GPIO_SetOutputPinEP12GPIO_TypeDefj  discrete_out.o
    0x0800739c   0x000000b8   Code   RO         6788    i._ZN33_INTERNAL_12_dev_ctrl_cpp_DevCtrl10user_calibEs  dev_ctrl.o
    0x08007454   0x00000054   Code   RO         6789    i._ZN33_INTERNAL_12_dev_ctrl_cpp_DevCtrl11cnt_averageEPsS0_h  dev_ctrl.o
    0x080074a8   0x0000003c   Code   RO         6790    i._ZN33_INTERNAL_12_dev_ctrl_cpp_DevCtrl13factory_calibEN9TSettings8TDevTypeE  dev_ctrl.o
    0x080074e4   0x00000060   Code   RO         6791    i._ZN33_INTERNAL_12_dev_ctrl_cpp_DevCtrl14sens_dev_stageEPKPvj  dev_ctrl.o
    0x08007544   0x00000116   Code   RO         6792    i._ZN33_INTERNAL_12_dev_ctrl_cpp_DevCtrl15open_angle_ctrlEPh  dev_ctrl.o
    0x0800765a   0x00000002   PAD
    0x0800765c   0x00000126   Code   RO         6793    i._ZN33_INTERNAL_12_dev_ctrl_cpp_DevCtrl21process_factory_calibEN9TSettings8TDevTypeE  dev_ctrl.o
    0x08007782   0x00000002   PAD
    0x08007784   0x00000176   Code   RO         6794    i._ZN33_INTERNAL_12_dev_ctrl_cpp_DevCtrl7hc_ctrlEv  dev_ctrl.o
    0x080078fa   0x00000002   PAD
    0x080078fc   0x000000e8   Code   RO         6795    i._ZN33_INTERNAL_12_dev_ctrl_cpp_DevCtrl9base_ctrlEv  dev_ctrl.o
    0x080079e4   0x0000000a   Code   RO         3738    i._ZN36_INTERNAL_14_I2C_driver_cpp_0101a1c113LL_I2C_EnableEP11I2C_TypeDef  i2c_driver.o
    0x080079ee   0x00000002   PAD
    0x080079f0   0x000000c8   Code   RO         3739    i._ZN36_INTERNAL_14_I2C_driver_cpp_0101a1c113dks_tc_activeEv  i2c_driver.o
    0x08007ab8   0x0000000a   Code   RO         3740    i._ZN36_INTERNAL_14_I2C_driver_cpp_0101a1c114LL_I2C_DisableEP11I2C_TypeDef  i2c_driver.o
    0x08007ac2   0x00000002   PAD
    0x08007ac4   0x00000070   Code   RO         3741    i._ZN36_INTERNAL_14_I2C_driver_cpp_0101a1c115dks_rxne_activeEv  i2c_driver.o
    0x08007b34   0x00000070   Code   RO         3742    i._ZN36_INTERNAL_14_I2C_driver_cpp_0101a1c115dks_stop_activeEv  i2c_driver.o
    0x08007ba4   0x00000080   Code   RO         3743    i._ZN36_INTERNAL_14_I2C_driver_cpp_0101a1c115dks_txis_activeEv  i2c_driver.o
    0x08007c24   0x0000000a   Code   RO         3744    i._ZN36_INTERNAL_14_I2C_driver_cpp_0101a1c119LL_I2C_DisableIT_TCEP11I2C_TypeDef  i2c_driver.o
    0x08007c2e   0x0000000a   Code   RO         3745    i._ZN36_INTERNAL_14_I2C_driver_cpp_0101a1c119LL_I2C_DisableIT_TXEP11I2C_TypeDef  i2c_driver.o
    0x08007c38   0x0000000c   Code   RO         3746    i._ZN36_INTERNAL_14_I2C_driver_cpp_0101a1c119LL_I2C_SetSlaveAddrEP11I2C_TypeDefj  i2c_driver.o
    0x08007c44   0x00000004   Code   RO         3747    i._ZN36_INTERNAL_14_I2C_driver_cpp_0101a1c120LL_I2C_TransmitData8EP11I2C_TypeDefh  i2c_driver.o
    0x08007c48   0x0000000a   Code   RO         3748    i._ZN36_INTERNAL_14_I2C_driver_cpp_0101a1c121LL_I2C_ClearFlag_ARLOEP11I2C_TypeDef  i2c_driver.o
    0x08007c52   0x0000000a   Code   RO         3749    i._ZN36_INTERNAL_14_I2C_driver_cpp_0101a1c121LL_I2C_ClearFlag_STOPEP11I2C_TypeDef  i2c_driver.o
    0x08007c5c   0x0000000e   Code   RO         3750    i._ZN36_INTERNAL_14_I2C_driver_cpp_0101a1c122LL_I2C_SetTransferSizeEP11I2C_TypeDefj  i2c_driver.o
    0x08007c6a   0x0000000c   Code   RO         3751    i._ZN36_INTERNAL_14_I2C_driver_cpp_0101a1c125LL_I2C_SetTransferRequestEP11I2C_TypeDefj  i2c_driver.o
    0x08007c76   0x0000000a   Code   RO         3752    i._ZN36_INTERNAL_14_I2C_driver_cpp_0101a1c129LL_I2C_GenerateStartConditionEP11I2C_TypeDef  i2c_driver.o
    0x08007c80   0x0000000c   Code   RO         3753    i._ZN36_INTERNAL_14_I2C_driver_cpp_0101a1c130LL_I2C_SetMasterAddressingModeEP11I2C_TypeDefj  i2c_driver.o
    0x08007c8c   0x00000008   Code   RO         2464    i._ZN36_INTERNAL_14_dev_determ_cpp_339485bd23LL_TIM_ClearFlag_UPDATEEP11TIM_TypeDef  dev_determ.o
    0x08007c94   0x0000001c   Code   RO         2408    i._ZN37_INTERNAL_15_hard_config_cpp_1a7f66ee24LL_AHB2_GRP1_EnableClockEj  hard_config.o
    0x08007cb0   0x0000001c   Code   RO         2409    i._ZN37_INTERNAL_15_hard_config_cpp_1a7f66ee24LL_APB1_GRP1_EnableClockEj  hard_config.o
    0x08007ccc   0x0000001c   Code   RO         2410    i._ZN37_INTERNAL_15_hard_config_cpp_1a7f66ee24LL_APB2_GRP1_EnableClockEj  hard_config.o
    0x08007ce8   0x000000ae   Code   RO         6939    i._ZN37_INTERNAL_15_logger_ctrl_cpp_9246bc9111buf_processEPK4TRecPht  logger_ctrl.o
    0x08007d96   0x00000058   Code   RO         6940    i._ZN37_INTERNAL_15_logger_ctrl_cpp_9246bc918get_dataER4TRecR6TModel  logger_ctrl.o
    0x08007dee   0x00000008   Code   RO         3574    i._ZN38_INTERNAL_16_Flash_driver_cpp_d50a58b423LL_TIM_ClearFlag_UPDATEEP11TIM_TypeDef  flash_driver.o
    0x08007df6   0x00000002   PAD
    0x08007df8   0x000000de   Code   RO         6703    i._ZN38_INTERNAL_16_base_to_sens_cpp_e027ba6814wr_axis_rotateEv  base_to_sens.o
    0x08007ed6   0x00000002   PAD
    0x08007ed8   0x000000de   Code   RO         6704    i._ZN38_INTERNAL_16_base_to_sens_cpp_e027ba687acc_rdyEv  base_to_sens.o
    0x08007fb6   0x00000002   PAD
    0x08007fb8   0x000000e4   Code   RO         6705    i._ZN38_INTERNAL_16_base_to_sens_cpp_e027ba687pd_pollEv  base_to_sens.o
    0x0800809c   0x000000e8   Code   RO         6706    i._ZN38_INTERNAL_16_base_to_sens_cpp_e027ba689read_measEv  base_to_sens.o
    0x08008184   0x00000038   Code   RO         3440    i._ZN39_INTERNAL_17_usart_driver__cpp_b612a17520LL_USART_SetBaudRateEP13USART_TypeDefjjj  usart_driver_.o
    0x080081bc   0x00000008   Code   RO         3441    i._ZN39_INTERNAL_17_usart_driver__cpp_b612a17522LL_USART_ClearFlag_RTOEP13USART_TypeDef  usart_driver_.o
    0x080081c4   0x0000008c   Code   RO         3754    i._ZN3I2C4TI2C10read_burstEPhhhh  i2c_driver.o
    0x08008250   0x000000c8   Code   RO         3755    i._ZN3I2C4TI2C11i2c_hw_initEv  i2c_driver.o
    0x08008318   0x00000074   Code   RO         3757    i._ZN3I2C4TI2C14pin_clk_configEv  i2c_driver.o
    0x0800838c   0x0000004c   Code   RO         3758    i._ZN3I2C4TI2C14start_transferEh  i2c_driver.o
    0x080083d8   0x00000090   Code   RO         3759    i._ZN3I2C4TI2C16read_single_byteEPhhh  i2c_driver.o
    0x08008468   0x000000b4   Code   RO         3760    i._ZN3I2C4TI2C17i2c_set_interruptEv  i2c_driver.o
    0x0800851c   0x00000084   Code   RO         3761    i._ZN3I2C4TI2C17write_single_byteEPhhh  i2c_driver.o
    0x080085a0   0x00000036   Code   RO         3762    i._ZN3I2C4TI2CC1ERK7TI2C_HWNS_5TModeENS_5TRateENS_11TAddressingE  i2c_driver.o
    0x080085d6   0x00000002   Code   RO         3763    i._ZN3I2C4TI2CD1Ev  i2c_driver.o
    0x080085d8   0x00000078   Code   RO         6896    i._ZN40_INTERNAL_18_sens_to_master_cpp_2046794911addr_determEv  sens_to_master.o
    0x08008650   0x0000000a   Code   RO         7331    i._ZN48_INTERNAL_26_Line_wrapper_SPL_to_LL_cpp_34a2820719LL_TIM_EnableIT_CC1EP11TIM_TypeDef  line_wrapper_spl_to_ll.o
    0x0800865a   0x0000000a   Code   RO         7332    i._ZN48_INTERNAL_26_Line_wrapper_SPL_to_LL_cpp_34a2820719LL_TIM_EnableIT_CC2EP11TIM_TypeDef  line_wrapper_spl_to_ll.o
    0x08008664   0x0000000a   Code   RO         7333    i._ZN48_INTERNAL_26_Line_wrapper_SPL_to_LL_cpp_34a2820719LL_TIM_EnableIT_CC3EP11TIM_TypeDef  line_wrapper_spl_to_ll.o
    0x0800866e   0x00000008   Code   RO         7334    i._ZN48_INTERNAL_26_Line_wrapper_SPL_to_LL_cpp_34a2820720LL_TIM_ClearFlag_CC1EP11TIM_TypeDef  line_wrapper_spl_to_ll.o
    0x08008676   0x00000008   Code   RO         7335    i._ZN48_INTERNAL_26_Line_wrapper_SPL_to_LL_cpp_34a2820720LL_TIM_ClearFlag_CC2EP11TIM_TypeDef  line_wrapper_spl_to_ll.o
    0x0800867e   0x00000008   Code   RO         7336    i._ZN48_INTERNAL_26_Line_wrapper_SPL_to_LL_cpp_34a2820720LL_TIM_ClearFlag_CC3EP11TIM_TypeDef  line_wrapper_spl_to_ll.o
    0x08008686   0x0000000a   Code   RO         7337    i._ZN48_INTERNAL_26_Line_wrapper_SPL_to_LL_cpp_34a2820720LL_TIM_DisableIT_CC1EP11TIM_TypeDef  line_wrapper_spl_to_ll.o
    0x08008690   0x0000000a   Code   RO         7338    i._ZN48_INTERNAL_26_Line_wrapper_SPL_to_LL_cpp_34a2820720LL_TIM_DisableIT_CC2EP11TIM_TypeDef  line_wrapper_spl_to_ll.o
    0x0800869a   0x0000000a   Code   RO         7339    i._ZN48_INTERNAL_26_Line_wrapper_SPL_to_LL_cpp_34a2820720LL_TIM_DisableIT_CC3EP11TIM_TypeDef  line_wrapper_spl_to_ll.o
    0x080086a4   0x0000000a   Code   RO         1597    i._ZN4TLed2onEv     led.o
    0x080086ae   0x0000000e   Code   RO         1598    i._ZN4TLed3offEv    led.o
    0x080086bc   0x00000068   Code   RO         1599    i._ZN4TLed4initEv   led.o
    0x08008724   0x0000002a   Code   RO         1600    i._ZN4TLed6toggleEv  led.o
    0x0800874e   0x0000000e   Code   RO         1601    i._ZN4TLedC1ERK4TPinPPv  led.o
    0x0800875c   0x00000002   Code   RO         1602    i._ZN4TLedD1Ev      led.o
    0x0800875e   0x000000ae   Code   RO         6227    i._ZN5TMems11cnt_averageERA300_KN9TSettings10TAccelDataERS1_  mems.o
    0x0800880c   0x00000050   Code   RO         6228    i._ZN5TMems12acquire_dataERA300_N9TSettings10TAccelDataE  mems.o
    0x0800885c   0x000001c4   Code   RO         6229    i._ZN5TMems13is_valid_dataERA300_KN9TSettings10TAccelDataE  mems.o
    0x08008a20   0x00000004   Code   RO         6234    i._ZN5TMemsC1ERN8MPU_925020TAccGyroMagDriver_HLE  mems.o
    0x08008a24   0x00000002   Code   RO         6235    i._ZN5TMemsD1Ev     mems.o
    0x08008a26   0x00000002   PAD
    0x08008a28   0x00000078   Code   RO         1300    i._ZN5relay6TRelayC1EP12GPIO_TypeDefjjPc  relay.o
    0x08008aa0   0x00000002   Code   RO         1301    i._ZN5relay6TRelayD1Ev  relay.o
    0x08008aa2   0x00000002   PAD
    0x08008aa4   0x00000048   Code   RO         3575    i._ZN6TFlash10write_dataEPKh  flash_driver.o
    0x08008aec   0x0000003c   Code   RO         3576    i._ZN6TFlash10write_setsEPKht  flash_driver.o
    0x08008b28   0x0000002c   Code   RO         3577    i._ZN6TFlash8get_setsEPht  flash_driver.o
    0x08008b54   0x00000162   Code   RO         3578    i._ZN6TFlash8init_tmrEv  flash_driver.o
    0x08008cb6   0x00000002   PAD
    0x08008cb8   0x0000001c   Code   RO         3579    i._ZN6TFlashC1Ev    flash_driver.o
    0x08008cd4   0x00000002   Code   RO         3580    i._ZN6TFlashD1Ev    flash_driver.o
    0x08008cd6   0x00000034   Code   RO         2540    i._ZN6TModel10get_accessEv  model.o
    0x08008d0a   0x00000032   Code   RO         2541    i._ZN6TModel10set_accessEN9TSettings7TAccessE  model.o
    0x08008d3c   0x00000016   Code   RO         2542    i._ZN6TModel11get_accel_zEv  model.o
    0x08008d52   0x00000016   Code   RO         2543    i._ZN6TModel11get_code_swEv  model.o
    0x08008d68   0x0000001a   Code   RO         2544    i._ZN6TModel11get_connectEv  model.o
    0x08008d82   0x0000001a   Code   RO         2545    i._ZN6TModel11get_hc_memsEv  model.o
    0x08008d9c   0x00000016   Code   RO         2547    i._ZN6TModel11get_mb_addrEv  model.o
    0x08008db2   0x00000016   Code   RO         2548    i._ZN6TModel11set_accel_zEf  model.o
    0x08008dc8   0x00000022   Code   RO         2549    i._ZN6TModel11set_code_swEh  model.o
    0x08008dea   0x0000002a   Code   RO         2550    i._ZN6TModel11set_connectEN9TSettings8TConnectE  model.o
    0x08008e14   0x0000002a   Code   RO         2551    i._ZN6TModel11set_hc_memsEN9TSettings10TMainStateE  model.o
    0x08008e3e   0x00000058   Code   RO         2553    i._ZN6TModel11set_mb_addrEs  model.o
    0x08008e96   0x00000034   Code   RO         2554    i._ZN6TModel12get_btn_modeEv  model.o
    0x08008eca   0x0000001a   Code   RO         2555    i._ZN6TModel12get_d_o_setsEv  model.o
    0x08008ee4   0x0000003a   Code   RO         2556    i._ZN6TModel12get_dev_typeEv  model.o
    0x08008f1e   0x0000001a   Code   RO         2557    i._ZN6TModel12get_hc_stateEv  model.o
    0x08008f38   0x00000034   Code   RO         2558    i._ZN6TModel12get_led_modeEv  model.o
    0x08008f6c   0x00000016   Code   RO         2559    i._ZN6TModel12get_my_angleEv  model.o
    0x08008f82   0x00000016   Code   RO         2560    i._ZN6TModel12get_raw_rollEv  model.o
    0x08008f98   0x00000032   Code   RO         2561    i._ZN6TModel12set_btn_modeEN9TSettings6TPressE  model.o
    0x08008fca   0x0000003c   Code   RO         2562    i._ZN6TModel12set_d_o_setsE8TContact  model.o
    0x08009006   0x0000002a   Code   RO         2563    i._ZN6TModel12set_hc_stateEN9TSettings3THCE  model.o
    0x08009030   0x00000032   Code   RO         2564    i._ZN6TModel12set_led_modeEN9TSettings8TLedModeE  model.o
    0x08009062   0x00000012   Code   RO         2565    i._ZN6TModel12set_my_angleEs  model.o
    0x08009074   0x00000012   Code   RO         2566    i._ZN6TModel12set_raw_rollEa  model.o
    0x08009086   0x00000022   Code   RO         2567    i._ZN6TModel13get_acc_calibEv  model.o
    0x080090a8   0x00000018   Code   RO         2568    i._ZN6TModel13get_base_memsEv  model.o
    0x080090c0   0x00000016   Code   RO         2569    i._ZN6TModel13get_dev_stateEv  model.o
    0x080090d6   0x0000001a   Code   RO         2570    i._ZN6TModel13get_interconnEv  model.o
    0x080090f0   0x00000016   Code   RO         2571    i._ZN6TModel13get_psw_adminEv  model.o
    0x08009106   0x00000016   Code   RO         2572    i._ZN6TModel13get_psw_superEv  model.o
    0x0800911c   0x00000016   Code   RO         2573    i._ZN6TModel13get_raw_pitchEv  model.o
    0x08009132   0x0000004e   Code   RO         2575    i._ZN6TModel13handler_calibEsPb  model.o
    0x08009180   0x0000002a   Code   RO         2576    i._ZN6TModel13set_acc_calibEN9TSettings6TCalibE  model.o
    0x080091aa   0x0000002a   Code   RO         2577    i._ZN6TModel13set_base_memsEN9TSettings10TMainStateE  model.o
    0x080091d4   0x000000ba   Code   RO         2578    i._ZN6TModel13set_calib_cmdEt  model.o
    0x0800928e   0x0000003c   Code   RO         2579    i._ZN6TModel13set_interconnE10TInterconn  model.o
    0x080092ca   0x00000030   Code   RO         2580    i._ZN6TModel13set_psw_adminEf  model.o
    0x080092fa   0x00000030   Code   RO         2581    i._ZN6TModel13set_psw_superEf  model.o
    0x0800932a   0x00000012   Code   RO         2582    i._ZN6TModel13set_raw_pitchEa  model.o
    0x0800933c   0x00000016   Code   RO         2585    i._ZN6TModel14get_hc_code_swEv  model.o
    0x08009352   0x0000001a   Code   RO         2586    i._ZN6TModel14get_hc_pos_errEv  model.o
    0x0800936c   0x00000016   Code   RO         2587    i._ZN6TModel14get_open_angleEv  model.o
    0x08009382   0x00000016   Code   RO         2588    i._ZN6TModel14get_sens_angleEv  model.o
    0x08009398   0x000000ae   Code   RO         2589    i._ZN6TModel14handler_accessEsPb  model.o
    0x08009446   0x00000002   PAD
    0x08009448   0x00000024   Code   RO         2590    i._ZN6TModel14set_flash_dataEv  model.o
    0x0800946c   0x00000022   Code   RO         2591    i._ZN6TModel14set_hc_code_swEh  model.o
    0x0800948e   0x0000002a   Code   RO         2592    i._ZN6TModel14set_hc_pos_errEN9TSettings7TPosErrE  model.o
    0x080094b8   0x00000016   Code   RO         2593    i._ZN6TModel14set_open_angleEf  model.o
    0x080094ce   0x00000012   Code   RO         2594    i._ZN6TModel14set_sens_angleEs  model.o
    0x080094e0   0x00000016   Code   RO         2595    i._ZN6TModel15get_axis_rotateEv  model.o
    0x080094f6   0x00000034   Code   RO         2596    i._ZN6TModel15get_hc_prog_nbrEv  model.o
    0x0800952a   0x00000016   Code   RO         2597    i._ZN6TModel15get_pd_pressureEv  model.o
    0x08009540   0x00000016   Code   RO         2598    i._ZN6TModel15get_u_baud_rateEv  model.o
    0x08009556   0x00000038   Code   RO         2599    i._ZN6TModel15set_axis_rotateEh  model.o
    0x0800958e   0x00000032   Code   RO         2600    i._ZN6TModel15set_hc_prog_nbrEt  model.o
    0x080095c0   0x00000030   Code   RO         2601    i._ZN6TModel15set_pd_pressureEf  model.o
    0x080095f0   0x00000038   Code   RO         2602    i._ZN6TModel15set_u_baud_rateEh  model.o
    0x08009628   0x0000001a   Code   RO         2603    i._ZN6TModel16get_base_pos_errEv  model.o
    0x08009642   0x0000001a   Code   RO         2604    i._ZN6TModel16get_hc_acc_calibEv  model.o
    0x0800965c   0x0000002a   Code   RO         2605    i._ZN6TModel16set_base_pos_errEN9TSettings7TPosErrE  model.o
    0x08009686   0x0000002a   Code   RO         2606    i._ZN6TModel16set_hc_acc_calibEN9TSettings6TCalibE  model.o
    0x080096b0   0x00000034   Code   RO         2607    i._ZN6TModel17get_calib_processEv  model.o
    0x080096e4   0x00000032   Code   RO         2609    i._ZN6TModel17set_calib_processEN9TSettings13TCalibProcessE  model.o
    0x08009716   0x00000016   Code   RO         2611    i._ZN6TModel18get_start_meas_cmdEv  model.o
    0x0800972c   0x00000026   Code   RO         2612    i._ZN6TModel18set_start_meas_cmdEN9TSettings5TMeasE  model.o
    0x08009752   0x00000016   Code   RO         2613    i._ZN6TModel19get_calib_parameterEv  model.o
    0x08009768   0x00000016   Code   RO         2615    i._ZN6TModel19get_roll_bias_angleEv  model.o
    0x0800977e   0x00000016   Code   RO         2616    i._ZN6TModel19set_calib_parameterEf  model.o
    0x08009794   0x00000038   Code   RO         2618    i._ZN6TModel19set_roll_bias_angleEa  model.o
    0x080097cc   0x00000034   Code   RO         2620    i._ZN6TModel20get_accel_calib_signEv  model.o
    0x08009800   0x00000018   Code   RO         2621    i._ZN6TModel20get_communicate_byteEv  model.o
    0x08009818   0x00000016   Code   RO         2622    i._ZN6TModel20get_pitch_bias_angleEv  model.o
    0x0800982e   0x00000016   Code   RO         2623    i._ZN6TModel20get_sens_axis_rotateEv  model.o
    0x08009844   0x00000038   Code   RO         2625    i._ZN6TModel20set_accel_calib_signERKN9TSettings11TIsAccCalibE  model.o
    0x0800987c   0x00000038   Code   RO         2627    i._ZN6TModel20set_pitch_bias_angleEa  model.o
    0x080098b4   0x00000038   Code   RO         2628    i._ZN6TModel20set_sens_axis_rotateEh  model.o
    0x080098ec   0x00000016   Code   RO         2629    i._ZN6TModel21get_sample_valid_signEv  model.o
    0x08009902   0x00000026   Code   RO         2630    i._ZN6TModel21set_sample_valid_signEN9TSettings10TValidSignE  model.o
    0x08009928   0x00000008   Code   RO         2632    i._ZN6TModel22get_authorize_item_ptrEv  model.o
    0x08009930   0x00000006   Code   RO         2634    i._ZN6TModel22set_authorize_item_ptrEPKNS_10TAuthorizeE  model.o
    0x08009936   0x00000016   Code   RO         2636    i._ZN6TModel24get_sens_buf_axis_rotateEv  model.o
    0x0800994c   0x00000016   Code   RO         2637    i._ZN6TModel24get_sens_roll_bias_angleEv  model.o
    0x08009962   0x00000024   Code   RO         2638    i._ZN6TModel24set_sens_buf_axis_rotateEh  model.o
    0x08009986   0x00000012   Code   RO         2639    i._ZN6TModel24set_sens_roll_bias_angleEa  model.o
    0x08009998   0x00000016   Code   RO         2640    i._ZN6TModel25get_sens_pitch_bias_angleEv  model.o
    0x080099ae   0x00000012   Code   RO         2641    i._ZN6TModel25set_sens_pitch_bias_angleEa  model.o
    0x080099c0   0x00000034   Code   RO         2642    i._ZN6TModel26get_sens_sample_valid_signEv  model.o
    0x080099f4   0x00000030   Code   RO         2643    i._ZN6TModel26get_u_baud_rate_bit_to_secEv  model.o
    0x08009a24   0x00000032   Code   RO         2644    i._ZN6TModel26set_sens_sample_valid_signEN9TSettings10TValidSignE  model.o
    0x08009a56   0x00000016   Code   RO         2645    i._ZN6TModel7get_thrEv  model.o
    0x08009a6c   0x00000038   Code   RO         2646    i._ZN6TModel7set_thrEh  model.o
    0x08009aa4   0x00000016   Code   RO         2647    i._ZN6TModel8get_biasEv  model.o
    0x08009aba   0x00000016   Code   RO         2648    i._ZN6TModel8get_hystEv  model.o
    0x08009ad0   0x00000038   Code   RO         2650    i._ZN6TModel8set_biasEa  model.o
    0x08009b08   0x00000038   Code   RO         2651    i._ZN6TModel8set_hystEh  model.o
    0x08009b40   0x00000016   Code   RO         2653    i._ZN6TModel9get_u_parEv  model.o
    0x08009b56   0x00000038   Code   RO         2654    i._ZN6TModel9set_u_parEh  model.o
    0x08009b8e   0x00000002   PAD
    0x08009b90   0x000000c8   Code   RO         2655    i._ZN6TModelC1ERPv  model.o
    0x08009c58   0x00000010   Code   RO         2656    i._ZN6TModelD1Ev    model.o
    0x08009c68   0x0000005e   Code   RO         3442    i._ZN6TUsart10set_485_hdEjj  usart_driver_.o
    0x08009cc6   0x00000058   Code   RO         3443    i._ZN6TUsart13en_eob_detectEh  usart_driver_.o
    0x08009d1e   0x00000002   PAD
    0x08009d20   0x000000b8   Code   RO         3444    i._ZN6TUsart13set_interruptEv  usart_driver_.o
    0x08009dd8   0x00000046   Code   RO         3445    i._ZN6TUsart14dis_eob_detectEv  usart_driver_.o
    0x08009e1e   0x00000002   PAD
    0x08009e20   0x0000009c   Code   RO         3446    i._ZN6TUsart14pin_clk_configEv  usart_driver_.o
    0x08009ebc   0x00000012   Code   RO         3447    i._ZN6TUsart6dis_ifEv  usart_driver_.o
    0x08009ece   0x00000002   PAD
    0x08009ed0   0x0000013c   Code   RO         3448    i._ZN6TUsart7hw_initEh  usart_driver_.o
    0x0800a00c   0x00000018   Code   RO         3449    i._ZN6TUsart7set_232Ejj  usart_driver_.o
    0x0800a024   0x00000020   Code   RO         3450    i._ZN6TUsart8chk_setsERKNS_5TSetsE  usart_driver_.o
    0x0800a044   0x0000002a   Code   RO         3451    i._ZN6TUsart8set_setsERKNS_5TSetsE  usart_driver_.o
    0x0800a06e   0x00000028   Code   RO         3452    i._ZN6TUsartC1ERK9TUsart_HWRKNS_5TSetsENS_5TModeE  usart_driver_.o
    0x0800a096   0x00000010   Code   RO         3453    i._ZN6TUsartD1Ev    usart_driver_.o
    0x0800a0a6   0x00000002   PAD
    0x0800a0a8   0x00000020   Code   RO         1706    i._ZN7TAngles10get_z_signEv  angles_cnt.o
    0x0800a0c8   0x00000106   Code   RO         1707    i._ZN7TAngles10place_downEss  angles_cnt.o
    0x0800a1ce   0x00000006   Code   RO         1708    i._ZN7TAngles10q1_neg_cntEa  angles_cnt.o
    0x0800a1d4   0x00000008   Code   RO         1709    i._ZN7TAngles10q1_neg_cntEss  angles_cnt.o
    0x0800a1dc   0x00000006   Code   RO         1710    i._ZN7TAngles10q1_pos_cntEa  angles_cnt.o
    0x0800a1e2   0x00000008   Code   RO         1711    i._ZN7TAngles10q1_pos_cntEss  angles_cnt.o
    0x0800a1ea   0x00000008   Code   RO         1712    i._ZN7TAngles10q2_neg_cntEa  angles_cnt.o
    0x0800a1f2   0x00000008   Code   RO         1713    i._ZN7TAngles10q2_neg_cntEss  angles_cnt.o
    0x0800a1fa   0x00000008   Code   RO         1714    i._ZN7TAngles10q2_pos_cntEa  angles_cnt.o
    0x0800a202   0x00000008   Code   RO         1715    i._ZN7TAngles10q2_pos_cntEss  angles_cnt.o
    0x0800a20a   0x00000012   Code   RO         1716    i._ZN7TAngles10q3_neg_cntEa  angles_cnt.o
    0x0800a21c   0x00000008   Code   RO         1717    i._ZN7TAngles10q3_neg_cntEss  angles_cnt.o
    0x0800a224   0x00000012   Code   RO         1718    i._ZN7TAngles10q3_pos_cntEa  angles_cnt.o
    0x0800a236   0x00000008   Code   RO         1719    i._ZN7TAngles10q3_pos_cntEss  angles_cnt.o
    0x0800a23e   0x00000014   Code   RO         1720    i._ZN7TAngles10q4_neg_cntEa  angles_cnt.o
    0x0800a252   0x00000008   Code   RO         1721    i._ZN7TAngles10q4_neg_cntEss  angles_cnt.o
    0x0800a25a   0x00000012   Code   RO         1722    i._ZN7TAngles10q4_pos_cntEa  angles_cnt.o
    0x0800a26c   0x00000018   Code   RO         1723    i._ZN7TAngles10q4_pos_cntEss  angles_cnt.o
    0x0800a284   0x0000016a   Code   RO         1724    i._ZN7TAngles11cnt_processEN9TSettings11TAxisRotateEbN10TMemsMount1TE  angles_cnt.o
    0x0800a3ee   0x00000002   PAD
    0x0800a3f0   0x0000005e   Code   RO         1725    i._ZN7TAngles12cnt_my_angleEN9TSettings8TDevTypeENS0_11TAxisRotateEb  angles_cnt.o
    0x0800a44e   0x00000002   PAD
    0x0800a450   0x00000086   Code   RO         1726    i._ZN7TAngles14cnt_open_angleEv  angles_cnt.o
    0x0800a4d6   0x00000026   Code   RO         1727    i._ZN7TAngles15cast_open_angleEPs  angles_cnt.o
    0x0800a4fc   0x00000016   Code   RO         1728    i._ZN7TAngles4baseEN9TSettings11TAxisRotateEb  angles_cnt.o
    0x0800a512   0x00000016   Code   RO         1729    i._ZN7TAngles4sensEN9TSettings11TAxisRotateEb  angles_cnt.o
    0x0800a528   0x00000022   Code   RO         1730    i._ZN7TAngles8cnt_dampERfsf  angles_cnt.o
    0x0800a54a   0x00000002   PAD
    0x0800a54c   0x00000102   Code   RO         1731    i._ZN7TAngles8place_upEss  angles_cnt.o
    0x0800a64e   0x0000000a   Code   RO         1732    i._ZN7TAnglesC1Ev   angles_cnt.o
    0x0800a658   0x00000002   Code   RO         1733    i._ZN7TAnglesD1Ev   angles_cnt.o
    0x0800a65a   0x00000002   PAD
    0x0800a65c   0x0000005c   Code   RO         1481    i._ZN7TButton4initEv  button.o
    0x0800a6b8   0x00000004   Code   RO         1482    i._ZN7TButtonC1ERK4TPin  button.o
    0x0800a6bc   0x00000002   Code   RO         1483    i._ZN7TButtonD1Ev   button.o
    0x0800a6be   0x00000112   Code   RO            5    i._ZN8MPU_925020TAccGyroMagDriver_HL10config_accEv  mpu-9250_acc_gyro_mag_driver_hl.o
    0x0800a7d0   0x00000150   Code   RO            8    i._ZN8MPU_925020TAccGyroMagDriver_HL11config_gyroEv  mpu-9250_acc_gyro_mag_driver_hl.o
    0x0800a920   0x00000062   Code   RO            9    i._ZN8MPU_925020TAccGyroMagDriver_HL11count_accelEPKNS_12TRawAxesDataE  mpu-9250_acc_gyro_mag_driver_hl.o
    0x0800a982   0x00000012   Code   RO           10    i._ZN8MPU_925020TAccGyroMagDriver_HL11init_driverEv  mpu-9250_acc_gyro_mag_driver_hl.o
    0x0800a994   0x00000014   Code   RO          207    i._ZN8MPU_925020TAccGyroMagDriver_HL13rev_half_wordENS_11TSensorDataE  mpu-9250_acc_gyro_mag_driver_hl.o
    0x0800a9a8   0x00000034   Code   RO           14    i._ZN8MPU_925020TAccGyroMagDriver_HL16collect_acc_dataEv  mpu-9250_acc_gyro_mag_driver_hl.o
    0x0800a9dc   0x0000002e   Code   RO           17    i._ZN8MPU_925020TAccGyroMagDriver_HL16convert_acc_dataEPh  mpu-9250_acc_gyro_mag_driver_hl.o
    0x0800aa0a   0x00000036   Code   RO           20    i._ZN8MPU_925020TAccGyroMagDriver_HL17check_id_acc_gyroEv  mpu-9250_acc_gyro_mag_driver_hl.o
    0x0800aa40   0x00000168   Code   RO           23    i._ZN8MPU_925020TAccGyroMagDriver_HL8init_auxEv  mpu-9250_acc_gyro_mag_driver_hl.o
    0x0800aba8   0x000000e2   Code   RO           24    i._ZN8MPU_925020TAccGyroMagDriver_HL9init_chipEv  mpu-9250_acc_gyro_mag_driver_hl.o
    0x0800ac8a   0x00000002   PAD
    0x0800ac8c   0x0000005c   Code   RO           25    i._ZN8MPU_925020TAccGyroMagDriver_HLC1ERK7TI2C_HW  mpu-9250_acc_gyro_mag_driver_hl.o
    0x0800ace8   0x0000001c   Code   RO           26    i._ZN8MPU_925020TAccGyroMagDriver_HLD1Ev  mpu-9250_acc_gyro_mag_driver_hl.o
    0x0800ad04   0x00000018   Code   RO          450    i._ZN8MPU_925020TAccGyroMagDriver_LL14int_latch_ctrlEPhNS_9VLatchINTE  mpu-9250_acc_gyro_mag_driver_ll.o
    0x0800ad1c   0x00000018   Code   RO          451    i._ZN8MPU_925020TAccGyroMagDriver_LL14int_pin_configEPhNS_13VPinConfigINTE  mpu-9250_acc_gyro_mag_driver_ll.o
    0x0800ad34   0x00000018   Code   RO          453    i._ZN8MPU_925020TAccGyroMagDriver_LL15int_logic_levelEPhNS_14VLogicLevelINTE  mpu-9250_acc_gyro_mag_driver_ll.o
    0x0800ad4c   0x00000018   Code   RO          464    i._ZN8MPU_925020TAccGyroMagDriver_LL16set_accel_filterEPhNS_15VSetAccelFilterE  mpu-9250_acc_gyro_mag_driver_ll.o
    0x0800ad64   0x0000001a   Code   RO          466    i._ZN8MPU_925020TAccGyroMagDriver_LL17accel_filter_readEhPNS_15VSetAccelFilterE  mpu-9250_acc_gyro_mag_driver_ll.o
    0x0800ad7e   0x00000018   Code   RO          470    i._ZN8MPU_925020TAccGyroMagDriver_LL18gyro_filter_choiseEPhNS_17VGyroFilterChoiseE  mpu-9250_acc_gyro_mag_driver_ll.o
    0x0800ad96   0x00000018   Code   RO          474    i._ZN8MPU_925020TAccGyroMagDriver_LL19accel_filter_choiseEPhNS_18VAccelFilterChoiseE  mpu-9250_acc_gyro_mag_driver_ll.o
    0x0800adae   0x0000001a   Code   RO          502    i._ZN8MPU_925020TAccGyroMagDriver_LL21filter_gyro_temp_readEhPNS_21VFilterGyroTempConfigE  mpu-9250_acc_gyro_mag_driver_ll.o
    0x0800adc8   0x00000018   Code   RO          506    i._ZN8MPU_925020TAccGyroMagDriver_LL22gyro_full_scale_selectEPhNS_20VGyroFullScaleSelectE  mpu-9250_acc_gyro_mag_driver_ll.o
    0x0800ade0   0x00000018   Code   RO          513    i._ZN8MPU_925020TAccGyroMagDriver_LL23accel_full_scale_selectEPhNS_21VAccelFullScaleSelectE  mpu-9250_acc_gyro_mag_driver_ll.o
    0x0800adf8   0x00000018   Code   RO          517    i._ZN8MPU_925020TAccGyroMagDriver_LL23filter_gyro_temp_configEPhNS_21VFilterGyroTempConfigE  mpu-9250_acc_gyro_mag_driver_ll.o
    0x0800ae10   0x00000018   Code   RO          519    i._ZN8MPU_925020TAccGyroMagDriver_LL23raw_data_ready_int_ctrlEPhNS_6VEnDisE  mpu-9250_acc_gyro_mag_driver_ll.o
    0x0800ae28   0x00000018   Code   RO          528    i._ZN8MPU_925020TAccGyroMagDriver_LL25i2c_master_if_module_ctrlEPhNS_14VI2CMasterCtrlE  mpu-9250_acc_gyro_mag_driver_ll.o
    0x0800ae40   0x0000000a   Code   RO          535    i._ZN8MPU_925020TAccGyroMagDriver_LLC1Ev  mpu-9250_acc_gyro_mag_driver_ll.o
    0x0800ae4a   0x00000002   Code   RO          536    i._ZN8MPU_925020TAccGyroMagDriver_LLD1Ev  mpu-9250_acc_gyro_mag_driver_ll.o
    0x0800ae4c   0x0000000c   Code   RO         6796    i._ZN8TDevCtrlC1Ev  dev_ctrl.o
    0x0800ae58   0x00000002   Code   RO         6797    i._ZN8TDevCtrlD1Ev  dev_ctrl.o
    0x0800ae5a   0x00000002   PAD
    0x0800ae5c   0x00000084   Code   RO         6390    i._ZN9TSettingsC1Ev  settings.o
    0x0800aee0   0x00000002   Code   RO         6391    i._ZN9TSettingsD1Ev  settings.o
    0x0800aee2   0x00000002   PAD
    0x0800aee4   0x0000005c   Code   RO         3581    i._ZNK6TFlash10erase_pageEj  flash_driver.o
    0x0800af40   0x00000032   Code   RO         3582    i._ZNK6TFlash10write_pageEPKhtj  flash_driver.o
    0x0800af72   0x00000002   PAD
    0x0800af74   0x00000014   Code   RO         3583    i._ZNK6TFlash15clear_all_errorEv  flash_driver.o
    0x0800af88   0x000000a8   Code   RO         3584    i._ZNK6TFlash4progEPKjjj  flash_driver.o
    0x0800b030   0x0000001a   Code   RO         3586    i._ZNK6TFlash8stop_tmrEv  flash_driver.o
    0x0800b04a   0x0000001a   Code   RO         3587    i._ZNK6TFlash9start_tmrEv  flash_driver.o
    0x0800b064   0x0000001a   Code   RO         1484    i._ZNK7TButton4readEv  button.o
    0x0800b07e   0x00000008   Code   RO           27    i._ZNK8MPU_925020TAccGyroMagDriver_HL12get_acc_dataEv  mpu-9250_acc_gyro_mag_driver_hl.o
    0x0800b086   0x00000002   PAD
    0x0800b088   0x00000014   Code   RO          538    i._ZNK8MPU_925020TAccGyroMagDriver_LL17get_acc_gyro_addrENS_14TLogicLevelAD0E  mpu-9250_acc_gyro_mag_driver_ll.o
    0x0800b09c   0x00000014   Code   RO         6392    i._ZNK9TSettings10chk_accessEs  settings.o
    0x0800b0b0   0x00000014   Code   RO         6393    i._ZNK9TSettings11chk_mb_addrEs  settings.o
    0x0800b0c4   0x00000014   Code   RO         6394    i._ZNK9TSettings15chk_axis_rotateEs  settings.o
    0x0800b0d8   0x00000014   Code   RO         6395    i._ZNK9TSettings15chk_u_baud_rateEs  settings.o
    0x0800b0ec   0x00000014   Code   RO         6396    i._ZNK9TSettings19chk_roll_bias_angleEs  settings.o
    0x0800b100   0x00000014   Code   RO         6397    i._ZNK9TSettings20chk_pitch_bias_angleEs  settings.o
    0x0800b114   0x00000012   Code   RO         6398    i._ZNK9TSettings7chk_thrEs  settings.o
    0x0800b126   0x00000014   Code   RO         6399    i._ZNK9TSettings8chk_biasEs  settings.o
    0x0800b13a   0x00000012   Code   RO         6400    i._ZNK9TSettings8chk_hystEs  settings.o
    0x0800b14c   0x00000014   Code   RO         6401    i._ZNK9TSettings9chk_calibEs  settings.o
    0x0800b160   0x00000014   Code   RO         6402    i._ZNK9TSettings9chk_u_parEs  settings.o
    0x0800b174   0x00000022   Code   RO         6324    i._ZSt3powfi        mems.o
    0x0800b196   0x00000018   Code   RO         6330    i._ZSt4sqrtf        mems.o
    0x0800b1ae   0x00000026   Code   RO         9111    i.__ARM_fpclassifyf  m_wm.l(fpclassifyf.o)
    0x0800b1d4   0x00000010   Code   RO         8947    i.__cxa_guard_acquire  cpprt_w.l(cxa_guard_acquire.o)
    0x0800b1e4   0x00000250   Code   RO         9007    i.__hardfp_atan2f   m_wm.l(atan2f.o)
    0x0800b434   0x00000664   Code   RO         9019    i.__hardfp_powf     m_wm.l(powf.o)
    0x0800ba98   0x0000009a   Code   RO         9057    i.__hardfp_roundf   m_wm.l(roundf.o)
    0x0800bb32   0x0000003a   Code   RO         9045    i.__hardfp_sqrtf    m_wm.l(sqrtf.o)
    0x0800bb6c   0x00000014   Code   RO         9113    i.__mathlib_flt_divzero  m_wm.l(funder.o)
    0x0800bb80   0x00000006   Code   RO         9115    i.__mathlib_flt_infnan2  m_wm.l(funder.o)
    0x0800bb86   0x00000002   PAD
    0x0800bb88   0x00000010   Code   RO         9116    i.__mathlib_flt_invalid  m_wm.l(funder.o)
    0x0800bb98   0x00000010   Code   RO         9117    i.__mathlib_flt_overflow  m_wm.l(funder.o)
    0x0800bba8   0x00000010   Code   RO         9119    i.__mathlib_flt_underflow  m_wm.l(funder.o)
    0x0800bbb8   0x0000000e   Code   RO         9214    i.__scatterload_copy  mc_w.l(handlers.o)
    0x0800bbc6   0x00000002   Code   RO         9215    i.__scatterload_null  mc_w.l(handlers.o)
    0x0800bbc8   0x0000000e   Code   RO         9216    i.__scatterload_zeroinit  mc_w.l(handlers.o)
    0x0800bbd6   0x00000002   PAD
    0x0800bbd8   0x0000000c   Code   RO         9178    i.__set_errno       mc_w.l(errno.o)
    0x0800bbe4   0x00000028   Code   RO         1485    i.__sti___10_Button_cpp_Btn  button.o
    0x0800bc0c   0x00000020   Code   RO         6798    i.__sti___12_dev_ctrl_cpp_DevCtrl  dev_ctrl.o
    0x0800bc2c   0x00000020   Code   RO         6403    i.__sti___12_settings_cpp_Settings  settings.o
    0x0800bc4c   0x00000054   Code   RO         1734    i.__sti___14_angles_cnt_cpp_002624b5  angles_cnt.o
    0x0800bca0   0x00000040   Code   RO         6651    i.__sti___14_base_to_pc_cpp_BaseToPc  base_to_pc.o
    0x0800bce0   0x0000002c   Code   RO         2465    i.__sti___14_dev_determ_cpp_339485bd  dev_determ.o
    0x0800bd0c   0x00000020   Code   RO         3588    i.__sti___16_Flash_driver_cpp_d50a58b4  flash_driver.o
    0x0800bd2c   0x00000040   Code   RO         6707    i.__sti___16_base_to_sens_cpp_e027ba68  base_to_sens.o
    0x0800bd6c   0x00000028   Code   RO         6136    i.__sti___16_discrete_out_cpp_Do  discrete_out.o
    0x0800bd94   0x00000028   Code   RO         6022    i.__sti___17_coding_switch_cpp_CodeSw  coding_switch.o
    0x0800bdbc   0x00000040   Code   RO         6897    i.__sti___18_sens_to_master_cpp_20467949  sens_to_master.o
    0x0800bdfc   0x00000028   Code   RO           34    i.__sti___35_MPU_9250_acc_gyro_mag_driver_hl_cpp_f9f9292c  mpu-9250_acc_gyro_mag_driver_hl.o
    0x0800be24   0x0000002c   Code   RO         1603    i.__sti___7_Led_cpp_Led  led.o
    0x0800be50   0x000000a0   Code   RO         1962    i.__sti___8_main_cpp_63965102  main.o
    0x0800bef0   0x00000028   Code   RO         6236    i.__sti___8_mems_cpp_Mems  mems.o
    0x0800bf18   0x00000028   Code   RO         2657    i.__sti___9_model_cpp_Model  model.o
    0x0800bf40   0x00000050   Code   RO         9148    i.free              mc_w.l(malloc.o)
    0x0800bf90   0x00000074   Code   RO         1963    i.main              main.o
    0x0800c004   0x0000006c   Code   RO         9149    i.malloc            mc_w.l(malloc.o)
    0x0800c070   0x00000098   Code   RO         4561    i.prvAddCurrentTaskToDelayedList  tasks.o
    0x0800c108   0x000000b8   Code   RO         4562    i.prvAddNewTaskToReadyList  tasks.o
    0x0800c1c0   0x00000064   Code   RO         4901    i.prvCheckForValidListAndQueue  timers.o
    0x0800c224   0x00000064   Code   RO         4563    i.prvCheckTasksWaitingTermination  tasks.o
    0x0800c288   0x0000002a   Code   RO         4342    i.prvCopyDataFromQueue  queue.o
    0x0800c2b2   0x0000007c   Code   RO         4343    i.prvCopyDataToQueue  queue.o
    0x0800c32e   0x00000012   Code   RO         4564    i.prvDeleteTCB      tasks.o
    0x0800c340   0x00000028   Code   RO         4902    i.prvGetNextExpireTime  timers.o
    0x0800c368   0x00000038   Code   RO         4147    i.prvHeapInit       heap_2.o
    0x0800c3a0   0x0000000c   Code   RO         4565    i.prvIdleTask       tasks.o
    0x0800c3ac   0x0000001c   Code   RO         4344    i.prvInitialiseMutex  queue.o
    0x0800c3c8   0x0000002a   Code   RO         4345    i.prvInitialiseNewQueue  queue.o
    0x0800c3f2   0x000000ba   Code   RO         4566    i.prvInitialiseNewTask  tasks.o
    0x0800c4ac   0x0000004e   Code   RO         4903    i.prvInitialiseNewTimer  timers.o
    0x0800c4fa   0x00000002   PAD
    0x0800c4fc   0x00000068   Code   RO         4567    i.prvInitialiseTaskLists  tasks.o
    0x0800c564   0x00000058   Code   RO         4904    i.prvInsertTimerInActiveList  timers.o
    0x0800c5bc   0x0000001a   Code   RO         4346    i.prvIsQueueEmpty   queue.o
    0x0800c5d6   0x0000001e   Code   RO         4347    i.prvIsQueueFull    queue.o
    0x0800c5f4   0x00000064   Code   RO         4905    i.prvProcessExpiredTimer  timers.o
    0x0800c658   0x000000f8   Code   RO         4906    i.prvProcessReceivedCommands  timers.o
    0x0800c750   0x00000074   Code   RO         4907    i.prvProcessTimerOrBlockTask  timers.o
    0x0800c7c4   0x00000034   Code   RO         4569    i.prvResetNextTaskUnblockTime  tasks.o
    0x0800c7f8   0x0000002c   Code   RO         4908    i.prvSampleTimeNow  timers.o
    0x0800c824   0x000000a0   Code   RO         4909    i.prvSwitchTimerLists  timers.o
    0x0800c8c4   0x00000040   Code   RO         4260    i.prvTaskExitError  port.o
    0x0800c904   0x0000001a   Code   RO         4910    i.prvTimerTask      timers.o
    0x0800c91e   0x0000007e   Code   RO         4348    i.prvUnlockQueue    queue.o
    0x0800c99c   0x000000b8   Code   RO         4148    i.pvPortMalloc      heap_2.o
    0x0800ca54   0x00000020   Code   RO         4572    i.pvTaskIncrementMutexHeldCount  tasks.o
    0x0800ca74   0x0000002c   Code   RO         4261    i.pxPortInitialiseStack  port.o
    0x0800caa0   0x00000028   Code   RO         4222    i.uxListRemove      list.o
    0x0800cac8   0x00000002   Code   RO         1964    i.vApplicationIdleHook  main.o
    0x0800caca   0x00000002   PAD
    0x0800cacc   0x00000010   Code   RO         1965    i.vApplicationStackOverflowHook  main.o
    0x0800cadc   0x0000001a   Code   RO         4223    i.vListInitialise   list.o
    0x0800caf6   0x00000006   Code   RO         4224    i.vListInitialiseItem  list.o
    0x0800cafc   0x00000034   Code   RO         4225    i.vListInsert       list.o
    0x0800cb30   0x00000018   Code   RO         4226    i.vListInsertEnd    list.o
    0x0800cb48   0x00000054   Code   RO         4263    i.vPortEnterCritical  port.o
    0x0800cb9c   0x0000003c   Code   RO         4264    i.vPortExitCritical  port.o
    0x0800cbd8   0x00000040   Code   RO         4149    i.vPortFree         heap_2.o
    0x0800cc18   0x00000016   Code   RO         4265    i.vPortSetupTimerInterrupt  port.o
    0x0800cc2e   0x00000002   PAD
    0x0800cc30   0x00000078   Code   RO         4266    i.vPortValidateInterruptPriority  port.o
    0x0800cca8   0x0000002c   Code   RO         4354    i.vQueueAddToRegistry  queue.o
    0x0800ccd4   0x0000004a   Code   RO         4358    i.vQueueWaitForMessageRestricted  queue.o
    0x0800cd1e   0x00000002   PAD
    0x0800cd20   0x0000005c   Code   RO         4580    i.vTaskDelay        tasks.o
    0x0800cd7c   0x0000000c   Code   RO         4585    i.vTaskMissedYield  tasks.o
    0x0800cd88   0x00000038   Code   RO         4587    i.vTaskPlaceOnEventList  tasks.o
    0x0800cdc0   0x00000040   Code   RO         4588    i.vTaskPlaceOnEventListRestricted  tasks.o
    0x0800ce00   0x000000b0   Code   RO         4590    i.vTaskPriorityInherit  tasks.o
    0x0800ceb0   0x00000030   Code   RO         4594    i.vTaskSetTimeOutState  tasks.o
    0x0800cee0   0x00000094   Code   RO         4595    i.vTaskStartScheduler  tasks.o
    0x0800cf74   0x00000010   Code   RO         4597    i.vTaskSuspendAll   tasks.o
    0x0800cf84   0x000000a8   Code   RO         4598    i.vTaskSwitchContext  tasks.o
    0x0800d02c   0x0000000c   Code   RO         4151    i.xPortGetFreeHeapSize  heap_2.o
    0x0800d038   0x00000168   Code   RO         4267    i.xPortStartScheduler  port.o
    0x0800d1a0   0x00000022   Code   RO         4360    i.xQueueCreateMutex  queue.o
    0x0800d1c2   0x00000058   Code   RO         4361    i.xQueueGenericCreate  queue.o
    0x0800d21a   0x00000002   PAD
    0x0800d21c   0x000001c4   Code   RO         4362    i.xQueueGenericReceive  queue.o
    0x0800d3e0   0x00000098   Code   RO         4363    i.xQueueGenericReset  queue.o
    0x0800d478   0x000001a8   Code   RO         4364    i.xQueueGenericSend  queue.o
    0x0800d620   0x000000fe   Code   RO         4365    i.xQueueGenericSendFromISR  queue.o
    0x0800d71e   0x000000e0   Code   RO         4367    i.xQueueGiveFromISR  queue.o
    0x0800d7fe   0x00000002   PAD
    0x0800d800   0x0000008c   Code   RO         4599    i.xTaskCheckForTimeOut  tasks.o
    0x0800d88c   0x00000066   Code   RO         4600    i.xTaskCreate       tasks.o
    0x0800d8f2   0x00000002   PAD
    0x0800d8f4   0x00000020   Code   RO         4604    i.xTaskGetSchedulerState  tasks.o
    0x0800d914   0x0000000c   Code   RO         4605    i.xTaskGetTickCount  tasks.o
    0x0800d920   0x00000148   Code   RO         4607    i.xTaskIncrementTick  tasks.o
    0x0800da68   0x000000c8   Code   RO         4610    i.xTaskPriorityDisinherit  tasks.o
    0x0800db30   0x00000098   Code   RO         4611    i.xTaskRemoveFromEventList  tasks.o
    0x0800dbc8   0x00000104   Code   RO         4613    i.xTaskResumeAll    tasks.o
    0x0800dccc   0x00000036   Code   RO         4913    i.xTimerCreate      timers.o
    0x0800dd02   0x00000002   PAD
    0x0800dd04   0x00000054   Code   RO         4914    i.xTimerCreateTimerTask  timers.o
    0x0800dd58   0x0000008a   Code   RO         4915    i.xTimerGenericCommand  timers.o
    0x0800dde2   0x00000038   Code   RO         4919    i.xTimerIsTimerActive  timers.o
    0x0800de1a   0x0000002e   Code   RO         3334    t._ZN6TModel11access_protI5TBitsS1_EEvRT_RKT0_  model.o
    0x0800de48   0x00000034   Code   RO         3304    t._ZN6TModel11access_protIN9TSettings10TFlashDataES2_EEvRT_RKT0_  model.o
    0x0800de7c   0x0000002e   Code   RO         3328    t._ZN6TModel11access_protIN9TSettings12TCommunicateES2_EEvRT_RKT0_  model.o
    0x0800deaa   0x0000002e   Code   RO         3286    t._ZN6TModel11access_protIN9TSettings6TStateES2_EEvRT_RKT0_  model.o
    0x0800ded8   0x0000002e   Code   RO         3316    t._ZN6TModel11access_protIU8__packedaaEEvRT_RKT0_  model.o
    0x0800df06   0x0000002e   Code   RO         3280    t._ZN6TModel11access_protIU8__packedffEEvRT_RKT0_  model.o
    0x0800df34   0x0000002e   Code   RO         3268    t._ZN6TModel11access_protIU8__packedhhEEvRT_RKT0_  model.o
    0x0800df62   0x0000002e   Code   RO         3298    t._ZN6TModel11access_protIU8__packedssEEvRT_RKT0_  model.o
    0x0800df90   0x0000002e   Code   RO         3310    t._ZN6TModel11access_protIaU8__packedaEEvRT_RKT0_  model.o
    0x0800dfbe   0x0000002e   Code   RO         3274    t._ZN6TModel11access_protIfU8__packedfEEvRT_RKT0_  model.o
    0x0800dfec   0x0000002e   Code   RO         3262    t._ZN6TModel11access_protIhU8__packedhEEvRT_RKT0_  model.o
    0x0800e01a   0x0000002e   Code   RO         3292    t._ZN6TModel11access_protIsU8__packedsEEvRT_RKT0_  model.o
    0x0800e048   0x0000001a   Code   RO         6499    t._ZNK9TSettings9chk_paramIsEEbRKNS_6TRangeET_  settings.o
    0x0800e062   0x00000014   Code   RO         6973    t._ZSt4copyIPKhPhET0_T_S4_S3_  logger_ctrl.o
    0x0800e076   0x00000014   Code   RO         5248    t._ZSt4copyIPhS0_ET0_T_S2_S1_  modbus_app.o
    0x0800e08a   0x00000016   Code   RO         6318    t._ZSt4fillIPfjEvT_S1_RKT0_  mems.o
    0x0800e0a0   0x00000044   Code   RO         6084    t._ZSt5equalIPhS0_EbT_S1_T0_  coding_switch.o
    0x0800e0e4   0x000002d0   Data   RO         1765    .constdata          angles_cnt.o
    0x0800e3b4   0x00000060   Data   RO         1988    .constdata          main.o
    0x0800e414   0x00000007   Data   RO         2474    .constdata          dev_determ.o
    0x0800e41b   0x00000001   PAD
    0x0800e41c   0x000000c4   Data   RO         2777    .constdata          model.o
    0x0800e4e0   0x00000054   Data   RO         3470    .constdata          usart_driver_.o
    0x0800e534   0x0000011c   Data   RO         5100    .constdata          modbus_app.o
    0x0800e650   0x000000dc   Data   RO         5362    .constdata          modbus_link.o
    0x0800e72c   0x00000003   Data   RO         5672    .constdata          dev_handlers.o
    0x0800e72f   0x00000001   PAD
    0x0800e730   0x00000018   Data   RO         6033    .constdata          coding_switch.o
    0x0800e748   0x0000002c   Data   RO         6420    .constdata          settings.o
    0x0800e774   0x0000002c   Data   RO         6716    .constdata          base_to_sens.o
    0x0800e7a0   0x0000004a   Data   RO         6812    .constdata          dev_ctrl.o
    0x0800e7ea   0x00000002   PAD
    0x0800e7ec   0x00000018   Data   RO         6902    .constdata          sens_to_master.o
    0x0800e804   0x00000018   Data   RO         7107    .constdata          led_ctrl.o
    0x0800e81c   0x00000004   Data   RO         7159    .constdata          button_poll.o
    0x0800e820   0x000000fc   Data   RO         7385    .constdata          line_wrapper_spl_to_ll.o
    0x0800e91c   0x0000004a   Data   RO         7595    .constdata          sens_types.o
    0x0800e966   0x00000002   PAD
    0x0800e968   0x00000048   Data   RO         7965    .constdata          system_stm32l4xx.o
    0x0800e9b0   0x00000007   Data   RO         8006    .constdata          Lib.lib(stm32l4xx_ll_dma.o)
    0x0800e9b7   0x00000001   PAD
    0x0800e9b8   0x00000140   Data   RO         9022    .constdata          m_wm.l(powf.o)
    0x0800eaf8   0x0000000d   Data   RO         5673    .conststring        dev_handlers.o
    0x0800eb05   0x00000003   PAD
    0x0800eb08   0x00000043   Data   RO         8946    .rodata             MotionTL_CM4F_wc16_ot.a(motion_tl.o)
    0x0800eb4b   0x00000001   PAD
    0x0800eb4c   0x00000020   Data   RO         9212    Region$$Table       anon$$obj.o
    0x0800eb6c   0x00000004   Data   RO           69    .init_array         mpu-9250_acc_gyro_mag_driver_hl.o
    0x0800eb70   0x00000004   Data   RO         1492    .init_array         button.o
    0x0800eb74   0x00000004   Data   RO         1615    .init_array         led.o
    0x0800eb78   0x00000004   Data   RO         1767    .init_array         angles_cnt.o
    0x0800eb7c   0x00000004   Data   RO         1990    .init_array         main.o
    0x0800eb80   0x00000004   Data   RO         2476    .init_array         dev_determ.o
    0x0800eb84   0x00000004   Data   RO         2778    .init_array         model.o
    0x0800eb88   0x00000004   Data   RO         3607    .init_array         flash_driver.o
    0x0800eb8c   0x00000004   Data   RO         6034    .init_array         coding_switch.o
    0x0800eb90   0x00000004   Data   RO         6151    .init_array         discrete_out.o
    0x0800eb94   0x00000004   Data   RO         6253    .init_array         mems.o
    0x0800eb98   0x00000004   Data   RO         6421    .init_array         settings.o
    0x0800eb9c   0x00000004   Data   RO         6656    .init_array         base_to_pc.o
    0x0800eba0   0x00000004   Data   RO         6717    .init_array         base_to_sens.o
    0x0800eba4   0x00000004   Data   RO         6814    .init_array         dev_ctrl.o
    0x0800eba8   0x00000004   Data   RO         6903    .init_array         sens_to_master.o
    0x0800ebac   0x00000000   Data   RO         9073    .init_array         mc_w.l(cpp_init.o)


    Execution Region APP_RAM (Base: 0x20000a00, Size: 0x000091e0, Max: 0x0000b600, ABSOLUTE, COMPRESSED[0x000004dc])

    Base Addr    Size         Type   Attr      Idx    E Section Name        Object

    0x20000a00   0x00000004   Data   RW           68    .data               mpu-9250_acc_gyro_mag_driver_hl.o
    0x20000a04   0x00000004   Data   RW         1766    .data               angles_cnt.o
    0x20000a08   0x000000a1   Data   RW         1989    .data               main.o
    0x20000aa9   0x00000003   PAD
    0x20000aac   0x00000014   Data   RW         2260    .data               sensdev.o
    0x20000ac0   0x000001d8   Data   RW         2414    .data               hard_config.o
    0x20000c98   0x00000001   Data   RW         2475    .data               dev_determ.o
    0x20000c99   0x00000003   PAD
    0x20000c9c   0x0000000d   Data   RW         3606    .data               flash_driver.o
    0x20000ca9   0x00000003   PAD
    0x20000cac   0x0000001b   Data   RW         3796    .data               i2c_driver.o
    0x20000cc7   0x00000001   PAD
    0x20000cc8   0x00000018   Data   RW         4153    .data               heap_2.o
    0x20000ce0   0x0000000c   Data   RW         4268    .data               port.o
    0x20000cec   0x0000003c   Data   RW         4616    .data               tasks.o
    0x20000d28   0x00000014   Data   RW         4921    .data               timers.o
    0x20000d3c   0x00000007   Data   RW         5101    .data               modbus_app.o
    0x20000d43   0x00000001   PAD
    0x20000d44   0x00000240   Data   RW         5363    .data               modbus_link.o
    0x20000f84   0x00000988   Data   RW         5674    .data               dev_handlers.o
    0x2000190c   0x00000005   Data   RW         6150    .data               discrete_out.o
    0x20001911   0x00000003   PAD
    0x20001914   0x00000010   Data   RW         6252    .data               mems.o
    0x20001924   0x00000009   Data   RW         6813    .data               dev_ctrl.o
    0x2000192d   0x00000001   PAD
    0x2000192e   0x00000004   Data   RW         6945    .data               logger_ctrl.o
    0x20001932   0x00000002   PAD
    0x20001934   0x00000038   Data   RW         7658    .data               sensline.o
    0x2000196c   0x00000004   Data   RW         7966    .data               system_stm32l4xx.o
    0x20001970   0x00000004   Data   RW         9179    .data               mc_w.l(errno.o)
    0x20001974   0x00000004   Data   RW         9185    .data               mc_w.l(cpp_dtor.o)
    0x20001978   0x00000004   Data   RW         9207    .data               mc_w.l(mvars.o)
    0x2000197c   0x00000004   Data   RW         9208    .data               mc_w.l(mvars.o)
    0x20001980   0x000000d0   Zero   RW           66    .bss                mpu-9250_acc_gyro_mag_driver_hl.o
    0x20001a50   0x00000010   Zero   RW         1491    .bss                button.o
    0x20001a60   0x00000010   Zero   RW         1614    .bss                led.o
    0x20001a70   0x000000a0   Zero   RW         1764    .bss                angles_cnt.o
    0x20001b10   0x00000064   Zero   RW         1987    .bss                main.o
    0x20001b74   0x0000000c   Zero   RW         2473    .bss                dev_determ.o
    0x20001b80   0x000000f8   Zero   RW         2776    .bss                model.o
    0x20001c78   0x00004c00   Zero   RW         4152    .bss                heap_2.o
    0x20006878   0x00000040   Zero   RW         4374    .bss                queue.o
    0x200068b8   0x000000f0   Zero   RW         4615    .bss                tasks.o
    0x200069a8   0x00000028   Zero   RW         4920    .bss                timers.o
    0x200069d0   0x00000024   Zero   RW         6032    .bss                coding_switch.o
    0x200069f4   0x00000e28   Zero   RW         6250    .bss                mems.o
    0x2000781c   0x0000002e   Zero   RW         6419    .bss                settings.o
    0x2000784a   0x00000002   PAD
    0x2000784c   0x00000254   Zero   RW         6655    .bss                base_to_pc.o
    0x20007aa0   0x00000254   Zero   RW         6715    .bss                base_to_sens.o
    0x20007cf4   0x00000050   Zero   RW         6811    .bss                dev_ctrl.o
    0x20007d44   0x00000254   Zero   RW         6901    .bss                sens_to_master.o
    0x20007f98   0x0000080b   Zero   RW         6944    .bss                logger_ctrl.o
    0x200087a3   0x00000200   Zero   RW         7656    .bss                sensline.o
    0x200089a3   0x00000001   PAD
    0x200089a4   0x0000003b   Zero   RW         8932    .bss                MotionTL_CM4F_wc16_ot.a(motion_tl.o)
    0x200089df   0x00000001   PAD
    0x200089e0   0x00000200   Zero   RW         7954    HEAP                startup_stm32l431xx.o
    0x20008be0   0x00001000   Zero   RW         7953    STACK               startup_stm32l431xx.o



  Load Region LR_IROM4 (Base: 0x0803f800, Size: 0x00000000, Max: 0x00000800, ABSOLUTE)

    Execution Region SETS_ROM (Base: 0x0803f800, Size: 0x00000000, Max: 0x00000800, ABSOLUTE)

    **** No section assigned to this execution region ****


==============================================================================

Image component sizes


      Code (inc. data)   RO Data    RW Data    ZI Data      Debug   Object Name

      1536         94        724          4        160      32109   angles_cnt.o
       164         42          4          0        596       2483   base_to_pc.o
      1186         90         48          0        596      10282   base_to_sens.o
       164         24          4          0         16     534820   button.o
       252         30          4          0          0       3669   button_poll.o
       752         52         28          0         36      11462   coding_switch.o
      1692        182         78          9         80      10393   dev_ctrl.o
       770         56         11          1         12      50421   dev_determ.o
      2352        340         16       2440          0      51738   dev_handlers.o
       202         26          4          5          0       5996   discrete_out.o
         0          0          0          0          0     565484   errproc.o
      1054         80          4         13          0      15163   flash_driver.o
        84         12          0        472          0       8283   hard_config.o
       316         46          0         24      19456      17082   heap_2.o
      1814        212          0         27          0      59148   i2c_driver.o
       242         26          4          0         16      12208   led.o
       128         18         24          0          0       7237   led_ctrl.o
       288         32        252          0          0      44973   line_wrapper_spl_to_ll.o
       148          0          0          0          0       3138   list.o
       442         28          0          4       2059      17546   logger_ctrl.o
      2952        534        100        161        100      99621   main.o
       276          0          0          0          0       3776   median_filter.o
      1508        112          4         16       3624      15522   mems.o
      4454         78        284          7          0      43889   modbus_app.o
      2140        120        220        576          0      57989   modbus_link.o
      4580         58        200          0        248      75827   model.o
      1752         94          4          4        208     661649   mpu-9250_acc_gyro_mag_driver_hl.o
       348          4          0          0          0      46892   mpu-9250_acc_gyro_mag_driver_ll.o
       112         24          0          0          0       2514   old_flash_lib.o
      1028         88          0         12          0      10849   port.o
      2164         22          0          0         64      25925   queue.o
       126          6          0          0          0      27408   relay.o
        16          0          0          0          0       2056   rs-485_phy.o
       276         66         28          0        596       2175   sens_to_master.o
         0          0         74          0          0       2298   sens_types.o
        20          4          0         20          0     524871   sensdev.o
       716         74          0         56        512      33506   sensline.o
       408         56         48          0         46      14678   settings.o
        36          8        396          0       4608        828   startup_stm32l431xx.o
        72         12         72          4          0       1229   system_stm32l4xx.o
      2846        358          0         60        240      24077   tasks.o
      1332        116          0         20         40      19360   timers.o
      1144         34         84          0          0      57904   usart_driver_.o

    ----------------------------------------------------------------------
     42010       3258       2760       3952      33316    3218478   Object Totals
         0          0         32          0          0          0   (incl. Generated)
       118          0          9         17          3          0   (incl. Padding)

    ----------------------------------------------------------------------

      Code (inc. data)   RO Data    RW Data    ZI Data      Debug   Library Member Name

       176          4          7          0          0     538038   stm32l4xx_ll_dma.o
       556         54          0          0          0      11919   stm32l4xx_ll_exti.o
       324          0          0          0          0       7379   stm32l4xx_ll_gpio.o
       136          0          0          0          0      14694   stm32l4xx_ll_i2c.o
       976        122          0          0          0      38420   stm32l4xx_ll_rcc.o
       132         14          0          0          0      40422   stm32l4xx_ll_tim.o
       234         16          0          0          0      21872   stm32l4xx_ll_usart.o
        40          6          0          0          0       3041   stm32l4xx_ll_utils.o
       456        104         67          0         59          0   motion_tl.o
        16          0          0          0          0         68   cxa_guard_acquire.o
       592         90          0          0          0        184   atan2f.o
        38          0          0          0          0        116   fpclassifyf.o
        74         24          0          0          0        580   funder.o
      1636        110        320          0          0        372   powf.o
       154          0          0          0          0        140   roundf.o
        58          0          0          0          0        136   sqrtf.o
        94          0          0          0          0          0   __dclz77c.o
        46          0          0          0          0         84   aeabi_atexit.o
         8          4          0          4          0         68   cpp_dtor.o
         2          0          0          0          0         68   cpp_final.o
        32         10          0          0          0         80   cpp_init.o
        66          0          0          0          0         84   cxa_finalize.o
         0          0          0          0          0          0   entry.o
         0          0          0          0          0          0   entry10a.o
         4          0          0          0          0          0   entry10b.o
         0          0          0          0          0          0   entry11a.o
         8          4          0          0          0          0   entry2.o
         4          0          0          0          0          0   entry5.o
         0          0          0          0          0          0   entry7b.o
         4          0          0          0          0          0   entry8a.o
         0          0          0          0          0          0   entry8b.o
         8          4          0          0          0          0   entry9a.o
        12          6          0          4          0         68   errno.o
        30          0          0          0          0          0   handlers.o
        36          8          0          0          0         68   init.o
         0          0          0          0          0          0   iusefp.o
        30          0          0          0          0         68   llshl.o
        32          0          0          0          0         68   llushr.o
       188         20          0          0          0        160   malloc.o
        36          0          0          0          0         68   memcpya.o
        36          0          0          0          0        108   memseta.o
         0          0          0          8          0          0   mvars.o
        14          0          0          0          0         68   strlen.o
        56          0          0          0          0         88   d2f.o
       222          0          0          0          0        100   ddiv.o
       186          0          0          0          0        176   depilogue.o
        38          0          0          0          0         68   f2d.o
       110          0          0          0          0        168   fepilogue.o
         4          0          0          0          0         68   fpstat.o
        60          0          0          0          0         76   frnd.o

    ----------------------------------------------------------------------
      6974        600        396         16         60     679185   Library Totals
        10          0          2          0          1          0   (incl. Padding)

    ----------------------------------------------------------------------

      Code (inc. data)   RO Data    RW Data    ZI Data      Debug   Library Name

      2574        216          7          0          0     675785   Lib.lib
       456        104         67          0         59          0   MotionTL_CM4F_wc16_ot.a
        16          0          0          0          0         68   cpprt_w.l
      2552        224        320          0          0       1528   m_wm.l
       690         56          0         16          0       1060   mc_w.l
       676          0          0          0          0        744   mf_w.l

    ----------------------------------------------------------------------
      6974        600        396         16         60     679185   Library Totals

    ----------------------------------------------------------------------

==============================================================================


      Code (inc. data)   RO Data    RW Data    ZI Data      Debug   

     48984       3858       3156       3968      33376    3833663   Grand Totals
     48984       3858       3156       1244      33376    3833663   ELF Image Totals (compressed)
     48984       3858       3156       1244          0          0   ROM Totals

==============================================================================

    Total RO  Size (Code + RO Data)                52140 (  50.92kB)
    Total RW  Size (RW Data + ZI Data)             37344 (  36.47kB)
    Total ROM Size (Code + RO Data + RW Data)      53384 (  52.13kB)

==============================================================================

